Loaded DQN from model/lc_dqn_vs_random_dense_default_dd5/final.pt
PPO agent params: 2,312,805
Epoch 1/50  loss=3.0530  actor=2.5581  critic=0.9899  acc=0.185  (124800 transitions, dqn_score=38.0)
Epoch 2/50  loss=2.3702  actor=2.2100  critic=0.3204  acc=0.305  (124800 transitions, dqn_score=38.2)
Epoch 3/50  loss=2.0770  actor=1.9529  critic=0.2482  acc=0.388  (124928 transitions, dqn_score=37.4)
Epoch 4/50  loss=1.8690  actor=1.7693  critic=0.1996  acc=0.438  (124800 transitions, dqn_score=37.3)
Epoch 5/50  loss=1.7487  actor=1.6545  critic=0.1885  acc=0.463  (124800 transitions, dqn_score=37.2)
Epoch 6/50  loss=1.6691  actor=1.5876  critic=0.1630  acc=0.483  (124928 transitions, dqn_score=38.3)
Epoch 7/50  loss=1.5907  actor=1.5183  critic=0.1449  acc=0.503  (124800 transitions, dqn_score=37.8)
Epoch 8/50  loss=1.5392  actor=1.4681  critic=0.1422  acc=0.513  (124800 transitions, dqn_score=38.0)
Epoch 9/50  loss=1.5115  actor=1.4342  critic=0.1545  acc=0.521  (124800 transitions, dqn_score=38.2)
Epoch 10/50  loss=1.4727  actor=1.4085  critic=0.1284  acc=0.528  (124800 transitions, dqn_score=37.6)
  vs_random: 190W/9L/2D  score=0.5  total_points=0.5  num_investment=2.5  num_played=11.2  open_lanes=3.0  cards_in_hand=8.0  discard_draws=2.4
  self_play: 93W/105L/3D  score=5.2  total_points=5.2  num_investment=2.5  num_played=11.6  open_lanes=3.1  cards_in_hand=8.0  discard_draws=2.5
Epoch 11/50  loss=1.4485  actor=1.3877  critic=0.1215  acc=0.535  (124928 transitions, dqn_score=37.5)
Epoch 12/50  loss=1.4142  actor=1.3563  critic=0.1159  acc=0.544  (124928 transitions, dqn_score=38.0)
Epoch 13/50  loss=1.3872  actor=1.3306  critic=0.1131  acc=0.551  (124928 transitions, dqn_score=37.4)
Epoch 14/50  loss=1.3725  actor=1.3180  critic=0.1090  acc=0.554  (124800 transitions, dqn_score=37.5)
Epoch 15/50  loss=1.3522  actor=1.2997  critic=0.1050  acc=0.557  (124800 transitions, dqn_score=37.6)
Epoch 16/50  loss=1.3369  actor=1.2840  critic=0.1057  acc=0.562  (124800 transitions, dqn_score=37.8)
Epoch 17/50  loss=1.3149  actor=1.2656  critic=0.0987  acc=0.569  (124928 transitions, dqn_score=37.4)
Epoch 18/50  loss=1.3030  actor=1.2534  critic=0.0992  acc=0.571  (124800 transitions, dqn_score=37.4)
Epoch 19/50  loss=1.2926  actor=1.2433  critic=0.0986  acc=0.572  (124800 transitions, dqn_score=37.6)
Epoch 20/50  loss=1.2717  actor=1.2256  critic=0.0922  acc=0.581  (125056 transitions, dqn_score=37.0)
  vs_random: 200W/1L/0D  score=17.3  total_points=17.3  num_investment=2.4  num_played=12.0  open_lanes=2.8  cards_in_hand=8.0  discard_draws=2.4
  self_play: 90W/111L/0D  score=19.4  total_points=19.4  num_investment=2.5  num_played=12.6  open_lanes=3.0  cards_in_hand=8.0  discard_draws=2.7
Epoch 21/50  loss=1.2756  actor=1.2288  critic=0.0936  acc=0.578  (124800 transitions, dqn_score=37.8)
Epoch 22/50  loss=1.2596  actor=1.2145  critic=0.0902  acc=0.582  (124800 transitions, dqn_score=37.7)
Epoch 23/50  loss=1.2476  actor=1.2020  critic=0.0912  acc=0.586  (124928 transitions, dqn_score=37.6)
Epoch 24/50  loss=1.2352  actor=1.1918  critic=0.0867  acc=0.589  (124800 transitions, dqn_score=36.5)
Epoch 25/50  loss=1.2369  actor=1.1931  critic=0.0875  acc=0.588  (124800 transitions, dqn_score=37.6)
Epoch 26/50  loss=1.2272  actor=1.1856  critic=0.0832  acc=0.590  (124800 transitions, dqn_score=38.3)
Epoch 27/50  loss=1.2165  actor=1.1752  critic=0.0826  acc=0.593  (124672 transitions, dqn_score=38.1)
Epoch 28/50  loss=1.1995  actor=1.1606  critic=0.0778  acc=0.598  (124800 transitions, dqn_score=37.3)
Epoch 29/50  loss=1.1989  actor=1.1577  critic=0.0824  acc=0.598  (124800 transitions, dqn_score=37.2)
Epoch 30/50  loss=1.1937  actor=1.1554  critic=0.0767  acc=0.600  (124800 transitions, dqn_score=37.3)
  vs_random: 200W/1L/0D  score=21.6  total_points=21.6  num_investment=2.5  num_played=12.4  open_lanes=2.8  cards_in_hand=8.0  discard_draws=2.4
  self_play: 101W/100L/0D  score=24.1  total_points=24.1  num_investment=2.5  num_played=12.7  open_lanes=2.9  cards_in_hand=8.0  discard_draws=2.5
Epoch 31/50  loss=1.1940  actor=1.1546  critic=0.0789  acc=0.600  (124800 transitions, dqn_score=37.5)
Epoch 32/50  loss=1.1846  actor=1.1459  critic=0.0774  acc=0.602  (124928 transitions, dqn_score=37.5)
Epoch 33/50  loss=1.1801  actor=1.1408  critic=0.0787  acc=0.603  (124800 transitions, dqn_score=37.6)
Epoch 34/50  loss=1.1643  actor=1.1271  critic=0.0744  acc=0.607  (124928 transitions, dqn_score=38.2)
Epoch 35/50  loss=1.1800  actor=1.1423  critic=0.0755  acc=0.603  (124800 transitions, dqn_score=37.7)
Epoch 36/50  loss=1.1611  actor=1.1253  critic=0.0715  acc=0.607  (124800 transitions, dqn_score=36.8)
Epoch 37/50  loss=1.1600  actor=1.1227  critic=0.0746  acc=0.609  (124672 transitions, dqn_score=37.7)
Epoch 38/50  loss=1.1515  actor=1.1147  critic=0.0738  acc=0.611  (124800 transitions, dqn_score=38.1)
Epoch 39/50  loss=1.1526  actor=1.1166  critic=0.0720  acc=0.611  (124800 transitions, dqn_score=37.4)
Epoch 40/50  loss=1.1451  actor=1.1097  critic=0.0709  acc=0.614  (124800 transitions, dqn_score=38.1)
  vs_random: 199W/2L/0D  score=24.3  total_points=24.3  num_investment=2.6  num_played=12.5  open_lanes=2.8  cards_in_hand=8.0  discard_draws=2.5
  self_play: 86W/115L/0D  score=28.3  total_points=28.3  num_investment=2.5  num_played=12.6  open_lanes=2.8  cards_in_hand=8.0  discard_draws=2.5
Epoch 41/50  loss=1.1483  actor=1.1134  critic=0.0697  acc=0.612  (124800 transitions, dqn_score=37.0)
Epoch 42/50  loss=1.1342  actor=1.0999  critic=0.0686  acc=0.616  (124800 transitions, dqn_score=38.2)
Epoch 43/50  loss=1.1339  actor=1.0995  critic=0.0688  acc=0.615  (124800 transitions, dqn_score=38.1)
Epoch 44/50  loss=1.1315  actor=1.0975  critic=0.0679  acc=0.617  (124928 transitions, dqn_score=38.4)
Epoch 45/50  loss=1.1209  actor=1.0881  critic=0.0655  acc=0.620  (124672 transitions, dqn_score=37.6)
Epoch 46/50  loss=1.1246  actor=1.0906  critic=0.0679  acc=0.618  (124928 transitions, dqn_score=38.4)
Epoch 47/50  loss=1.1216  actor=1.0884  critic=0.0664  acc=0.619  (124800 transitions, dqn_score=37.7)
Epoch 48/50  loss=1.1164  actor=1.0836  critic=0.0657  acc=0.621  (124672 transitions, dqn_score=37.7)
Epoch 49/50  loss=1.1129  actor=1.0811  critic=0.0636  acc=0.620  (124672 transitions, dqn_score=37.6)
Epoch 50/50  loss=1.1196  actor=1.0854  critic=0.0685  acc=0.618  (124928 transitions, dqn_score=37.1)
  vs_random: 199W/2L/0D  score=25.3  total_points=25.3  num_investment=2.7  num_played=12.8  open_lanes=2.8  cards_in_hand=8.0  discard_draws=2.4
  self_play: 95W/101L/5D  score=27.8  total_points=27.8  num_investment=2.6  num_played=13.1  open_lanes=2.9  cards_in_hand=8.0  discard_draws=2.6

Final benchmark:
  vs_random: 200W/1L/0D  score=28.1  total_points=28.1  num_investment=2.7  num_played=12.9  open_lanes=2.8  cards_in_hand=8.0  discard_draws=2.4
  self_play: 90W/111L/0D  score=27.3  total_points=27.3  num_investment=2.6  num_played=13.0  open_lanes=2.9  cards_in_hand=8.0  discard_draws=2.6

Saved pretrained PPO to model/lc_ppo_from_dense_default_dd5_ff/pretrained.pkt
