Loaded DQN from model/lc_dqn_vs_random_dense_default_dd5/final.pt
PPO agent params: 2,243,161
Epoch 1/50  loss=3.1201  actor=2.5363  critic=1.1677  acc=0.197  (124800 transitions, dqn_score=37.8)
Epoch 2/50  loss=2.3036  actor=2.1523  critic=0.3026  acc=0.329  (124672 transitions, dqn_score=37.2)
Epoch 3/50  loss=1.9900  actor=1.8725  critic=0.2348  acc=0.415  (124800 transitions, dqn_score=37.5)
Epoch 4/50  loss=1.8057  actor=1.7127  critic=0.1860  acc=0.455  (124928 transitions, dqn_score=37.4)
Epoch 5/50  loss=1.6789  actor=1.5993  critic=0.1591  acc=0.482  (124800 transitions, dqn_score=37.8)
Epoch 6/50  loss=1.5999  actor=1.5293  critic=0.1412  acc=0.499  (124800 transitions, dqn_score=37.8)
Epoch 7/50  loss=1.5452  actor=1.4772  critic=0.1360  acc=0.510  (124672 transitions, dqn_score=37.2)
Epoch 8/50  loss=1.4821  actor=1.4196  critic=0.1249  acc=0.527  (124800 transitions, dqn_score=37.7)
Epoch 9/50  loss=1.4553  actor=1.3950  critic=0.1207  acc=0.533  (124800 transitions, dqn_score=37.3)
Epoch 10/50  loss=1.4215  actor=1.3638  critic=0.1153  acc=0.541  (124800 transitions, dqn_score=37.9)
  vs_random: 196W/5L/0D  score=3.0  total_points=3.0  num_investment=2.4  num_played=11.1  open_lanes=3.0  cards_in_hand=8.0  discard_draws=2.5
  self_play: 107W/94L/0D  score=10.8  total_points=10.8  num_investment=2.5  num_played=11.9  open_lanes=3.0  cards_in_hand=8.0  discard_draws=2.5
Epoch 11/50  loss=1.3799  actor=1.3250  critic=0.1098  acc=0.552  (124928 transitions, dqn_score=38.5)
Epoch 12/50  loss=1.3763  actor=1.3234  critic=0.1057  acc=0.550  (124928 transitions, dqn_score=37.6)
Epoch 13/50  loss=1.3461  actor=1.2938  critic=0.1044  acc=0.560  (124928 transitions, dqn_score=37.6)
Epoch 14/50  loss=1.3302  actor=1.2799  critic=0.1005  acc=0.565  (124800 transitions, dqn_score=37.7)
Epoch 15/50  loss=1.3201  actor=1.2715  critic=0.0973  acc=0.567  (124928 transitions, dqn_score=37.4)
Epoch 16/50  loss=1.2974  actor=1.2499  critic=0.0950  acc=0.574  (124800 transitions, dqn_score=36.9)
Epoch 17/50  loss=1.2947  actor=1.2487  critic=0.0920  acc=0.574  (124800 transitions, dqn_score=38.1)
Epoch 18/50  loss=1.2709  actor=1.2261  critic=0.0895  acc=0.578  (124800 transitions, dqn_score=37.9)
Epoch 19/50  loss=1.2702  actor=1.2263  critic=0.0876  acc=0.580  (124672 transitions, dqn_score=37.2)
Epoch 20/50  loss=1.2531  actor=1.2113  critic=0.0835  acc=0.582  (124928 transitions, dqn_score=37.8)
  vs_random: 196W/5L/0D  score=15.6  total_points=15.6  num_investment=2.5  num_played=11.8  open_lanes=2.8  cards_in_hand=8.0  discard_draws=2.5
  self_play: 92W/107L/2D  score=19.7  total_points=19.7  num_investment=2.5  num_played=12.0  open_lanes=2.8  cards_in_hand=8.0  discard_draws=2.6
Epoch 21/50  loss=1.2419  actor=1.2004  critic=0.0831  acc=0.586  (124800 transitions, dqn_score=37.3)
Epoch 22/50  loss=1.2304  actor=1.1888  critic=0.0832  acc=0.590  (124672 transitions, dqn_score=37.8)
Epoch 23/50  loss=1.2271  actor=1.1868  critic=0.0806  acc=0.590  (124928 transitions, dqn_score=38.0)
Epoch 24/50  loss=1.2105  actor=1.1724  critic=0.0763  acc=0.595  (124800 transitions, dqn_score=37.2)
Epoch 25/50  loss=1.2125  actor=1.1737  critic=0.0777  acc=0.592  (124672 transitions, dqn_score=37.4)
Epoch 26/50  loss=1.2006  actor=1.1611  critic=0.0791  acc=0.598  (124800 transitions, dqn_score=37.7)
Epoch 27/50  loss=1.1960  actor=1.1576  critic=0.0767  acc=0.598  (124800 transitions, dqn_score=37.5)
Epoch 28/50  loss=1.1888  actor=1.1512  critic=0.0751  acc=0.600  (124800 transitions, dqn_score=37.5)
Epoch 29/50  loss=1.1801  actor=1.1444  critic=0.0715  acc=0.602  (124800 transitions, dqn_score=37.2)
Epoch 30/50  loss=1.1656  actor=1.1301  critic=0.0710  acc=0.605  (124800 transitions, dqn_score=38.6)
  vs_random: 198W/3L/0D  score=21.0  total_points=21.0  num_investment=2.4  num_played=12.2  open_lanes=2.8  cards_in_hand=8.0  discard_draws=2.4
  self_play: 105W/92L/4D  score=25.3  total_points=25.3  num_investment=2.5  num_played=12.6  open_lanes=2.8  cards_in_hand=8.0  discard_draws=2.6
Epoch 31/50  loss=1.1677  actor=1.1325  critic=0.0703  acc=0.605  (124800 transitions, dqn_score=36.9)
Epoch 32/50  loss=1.1668  actor=1.1321  critic=0.0695  acc=0.606  (124672 transitions, dqn_score=37.1)
Epoch 33/50  loss=1.1644  actor=1.1302  critic=0.0683  acc=0.606  (124928 transitions, dqn_score=37.3)
Epoch 34/50  loss=1.1491  actor=1.1155  critic=0.0672  acc=0.612  (124928 transitions, dqn_score=38.3)
Epoch 35/50  loss=1.1562  actor=1.1231  critic=0.0661  acc=0.607  (124672 transitions, dqn_score=37.7)
Epoch 36/50  loss=1.1427  actor=1.1098  critic=0.0657  acc=0.611  (124928 transitions, dqn_score=37.8)
Epoch 37/50  loss=1.1393  actor=1.1063  critic=0.0660  acc=0.612  (124800 transitions, dqn_score=37.8)
Epoch 38/50  loss=1.1388  actor=1.1059  critic=0.0658  acc=0.614  (124800 transitions, dqn_score=37.3)
Epoch 39/50  loss=1.1334  actor=1.1017  critic=0.0635  acc=0.615  (124928 transitions, dqn_score=37.1)
Epoch 40/50  loss=1.1282  actor=1.0964  critic=0.0636  acc=0.617  (124800 transitions, dqn_score=37.8)
  vs_random: 198W/3L/0D  score=22.8  total_points=22.8  num_investment=2.5  num_played=12.2  open_lanes=2.7  cards_in_hand=8.0  discard_draws=2.3
  self_play: 84W/114L/3D  score=22.8  total_points=22.8  num_investment=2.5  num_played=12.2  open_lanes=2.7  cards_in_hand=8.0  discard_draws=2.6
Epoch 41/50  loss=1.1156  actor=1.0846  critic=0.0620  acc=0.620  (124800 transitions, dqn_score=38.0)
Epoch 42/50  loss=1.1228  actor=1.0902  critic=0.0652  acc=0.616  (124672 transitions, dqn_score=37.2)
Epoch 43/50  loss=1.1157  actor=1.0839  critic=0.0636  acc=0.619  (124800 transitions, dqn_score=38.1)
Epoch 44/50  loss=1.1207  actor=1.0903  critic=0.0608  acc=0.617  (124800 transitions, dqn_score=36.8)
Epoch 45/50  loss=1.1162  actor=1.0852  critic=0.0619  acc=0.619  (124800 transitions, dqn_score=37.6)
Epoch 46/50  loss=1.1090  actor=1.0784  critic=0.0613  acc=0.622  (124800 transitions, dqn_score=37.4)
Epoch 47/50  loss=1.1030  actor=1.0736  critic=0.0588  acc=0.623  (124928 transitions, dqn_score=37.4)
Epoch 48/50  loss=1.1024  actor=1.0728  critic=0.0592  acc=0.623  (124928 transitions, dqn_score=37.2)
Epoch 49/50  loss=1.1095  actor=1.0793  critic=0.0603  acc=0.621  (124800 transitions, dqn_score=36.8)
Epoch 50/50  loss=1.0990  actor=1.0698  critic=0.0582  acc=0.623  (124928 transitions, dqn_score=37.3)
  vs_random: 198W/2L/1D  score=26.3  total_points=26.3  num_investment=2.5  num_played=12.6  open_lanes=2.8  cards_in_hand=8.0  discard_draws=2.5
  self_play: 99W/101L/1D  score=26.2  total_points=26.2  num_investment=2.5  num_played=12.5  open_lanes=2.8  cards_in_hand=8.0  discard_draws=2.6

Final benchmark:
  vs_random: 200W/1L/0D  score=27.0  total_points=27.0  num_investment=2.4  num_played=12.4  open_lanes=2.7  cards_in_hand=8.0  discard_draws=2.5
  self_play: 89W/108L/4D  score=25.9  total_points=25.9  num_investment=2.5  num_played=12.4  open_lanes=2.7  cards_in_hand=8.0  discard_draws=2.6

Saved pretrained PPO to model/lc_ppo_from_dense_default_dd5/pretrained.pkt
