wandb: [wandb.login()] Loaded credentials for https://api.wandb.ai from /home/zzhang18/.netrc.
wandb: Currently logged in as: nchen3 (ningcong-chen) to https://api.wandb.ai. Use `wandb login --relogin` to force relogin
wandb: setting up run t2z1841l
wandb: Tracking run with wandb version 0.25.1
wandb: Run data is saved locally in /home/zzhang18/nchen3/eco/wandb/run-20260606_162949-t2z1841l
wandb: Run `wandb offline` to turn off syncing.
wandb: Syncing run lc__lc_dqn_vsheur_flat__1__1780777789
wandb: ⭐️ View project at https://wandb.ai/ningcong-chen/ppo-eco
wandb: 🚀 View run at https://wandb.ai/ningcong-chen/ppo-eco/runs/t2z1841l
Q-network params: 1,255,512
Heuristic (rule-based) opponent
Step: 81920  SPS: 3938  ε=0.099  ret=-2.454  score=-73.6  buf=8%  updates=562
  vs Heur:   0W/101L/0D | score=-77.3±25.5 inv=1.9 played=9.7 lanes=4.9 ddraw=27.1 pts=-77
  vs Random: 56W/71L/1D | score=-45.7±18.6 inv=1.2 played=10.5 lanes=5.0 ddraw=26.6 pts=-46
  Self-play: 69W/56L/3D | score=-51.4±25.4 inv=1.2 played=10.3 lanes=5.0 ddraw=25.1 pts=-51
Step: 163840  SPS: 3544  ε=0.098  ret=-2.461  score=-73.8  buf=16%  updates=1202
  vs Heur:   0W/100L/0D | score=-81.1±26.8 inv=2.0 played=9.5 lanes=5.0 ddraw=32.5 pts=-81
  vs Random: 68W/59L/1D | score=-41.4±19.9 inv=0.6 played=9.9 lanes=5.0 ddraw=28.5 pts=-41
  Self-play: 70W/58L/0D | score=-53.9±21.9 inv=0.8 played=8.9 lanes=4.9 ddraw=25.1 pts=-54
Step: 245760  SPS: 3446  ε=0.098  ret=-2.550  score=-76.5  buf=25%  updates=1842
  vs Heur:   0W/100L/0D | score=-81.0±32.1 inv=1.9 played=9.6 lanes=5.0 ddraw=29.7 pts=-81
  vs Random: 48W/78L/2D | score=-48.6±17.9 inv=0.9 played=9.8 lanes=5.0 ddraw=27.9 pts=-49
  Self-play: 64W/62L/2D | score=-53.1±20.5 inv=0.8 played=9.0 lanes=4.9 ddraw=25.1 pts=-53
Step: 327680  SPS: 3398  ε=0.097  ret=-2.545  score=-76.3  buf=33%  updates=2482
  vs Heur:   0W/101L/0D | score=-87.8±32.8 inv=2.4 played=9.6 lanes=4.9 ddraw=33.9 pts=-88
  vs Random: 55W/70L/3D | score=-48.5±20.3 inv=1.0 played=9.5 lanes=4.9 ddraw=28.9 pts=-48
  Self-play: 57W/67L/4D | score=-56.5±22.7 inv=1.0 played=8.4 lanes=4.8 ddraw=25.0 pts=-56
Step: 409600  SPS: 3337  ε=0.096  ret=-2.696  score=-80.9  buf=41%  updates=3122
  vs Heur:   0W/100L/0D | score=-82.1±31.5 inv=2.4 played=9.7 lanes=4.9 ddraw=28.3 pts=-82
  vs Random: 46W/81L/1D | score=-51.1±22.4 inv=1.5 played=10.5 lanes=5.0 ddraw=26.8 pts=-51
  Self-play: 61W/65L/2D | score=-54.0±20.2 inv=1.1 played=9.3 lanes=4.9 ddraw=24.8 pts=-54
Step: 491520  SPS: 3272  ε=0.095  ret=-2.468  score=-74.0  buf=49%  updates=3762
  vs Heur:   0W/100L/0D | score=-66.8±27.4 inv=1.1 played=7.6 lanes=4.7 ddraw=32.6 pts=-67
  vs Random: 44W/80L/4D | score=-49.5±17.1 inv=0.4 played=8.1 lanes=4.9 ddraw=28.2 pts=-49
  Self-play: 66W/59L/3D | score=-47.9±19.8 inv=0.3 played=6.6 lanes=4.4 ddraw=25.0 pts=-48
Step: 573440  SPS: 3235  ε=0.094  ret=-2.569  score=-77.1  buf=57%  updates=4402
  vs Heur:   0W/102L/0D | score=-68.3±27.9 inv=1.0 played=8.0 lanes=4.7 ddraw=32.3 pts=-68
  vs Random: 60W/66L/2D | score=-48.9±14.8 inv=0.5 played=9.2 lanes=4.9 ddraw=28.0 pts=-49
  Self-play: 66W/61L/1D | score=-55.7±18.9 inv=0.7 played=8.4 lanes=4.7 ddraw=25.0 pts=-56
Step: 655360  SPS: 3210  ε=0.093  ret=-2.105  score=-63.1  buf=66%  updates=5042
  vs Heur:   0W/100L/0D | score=-88.6±32.8 inv=3.1 played=10.7 lanes=4.8 ddraw=31.0 pts=-89
  vs Random: 27W/101L/0D | score=-64.9±26.1 inv=2.2 played=10.5 lanes=4.9 ddraw=28.1 pts=-65
  Self-play: 69W/56L/3D | score=-68.0±26.4 inv=1.7 played=9.0 lanes=4.8 ddraw=25.0 pts=-68
Step: 737280  SPS: 3182  ε=0.093  ret=-2.255  score=-67.6  buf=74%  updates=5682
  vs Heur:   0W/100L/0D | score=-66.0±24.5 inv=1.5 played=9.1 lanes=4.8 ddraw=29.4 pts=-66
  vs Random: 64W/62L/2D | score=-43.9±20.1 inv=0.9 played=10.2 lanes=5.0 ddraw=27.1 pts=-44
  Self-play: 72W/55L/1D | score=-51.0±19.4 inv=0.9 played=9.2 lanes=4.8 ddraw=25.2 pts=-51
Step: 819200  SPS: 3167  ε=0.092  ret=-2.552  score=-76.6  buf=82%  updates=6322
  vs Heur:   1W/99L/0D | score=-71.1±30.9 inv=2.1 played=9.9 lanes=4.9 ddraw=27.2 pts=-71
  vs Random: 57W/67L/4D | score=-47.4±19.3 inv=1.7 played=11.1 lanes=5.0 ddraw=26.2 pts=-47
  Self-play: 71W/55L/2D | score=-52.0±21.1 inv=1.3 played=10.1 lanes=5.0 ddraw=24.9 pts=-52
Step: 901120  SPS: 3157  ε=0.091  ret=-2.238  score=-67.1  buf=90%  updates=6962
  vs Heur:   0W/100L/0D | score=-76.6±34.3 inv=2.8 played=10.4 lanes=4.9 ddraw=28.9 pts=-77
  vs Random: 65W/62L/1D | score=-43.6±20.7 inv=1.9 played=11.5 lanes=5.0 ddraw=27.9 pts=-44
  Self-play: 60W/67L/1D | score=-48.4±23.7 inv=1.7 played=10.9 lanes=5.0 ddraw=24.8 pts=-48
Step: 983040  SPS: 3146  ε=0.090  ret=-2.114  score=-63.4  buf=98%  updates=7602
  vs Heur:   0W/101L/0D | score=-61.1±24.8 inv=1.2 played=8.8 lanes=4.7 ddraw=31.7 pts=-61
  vs Random: 75W/50L/3D | score=-44.0±17.8 inv=0.8 played=9.8 lanes=4.9 ddraw=28.1 pts=-44
  Self-play: 65W/63L/0D | score=-53.4±20.0 inv=0.6 played=7.8 lanes=4.6 ddraw=25.1 pts=-53
Step: 1064960  SPS: 3140  ε=0.089  ret=-2.225  score=-66.7  buf=100%  updates=8242
  vs Heur:   1W/99L/0D | score=-53.0±25.4 inv=0.9 played=8.8 lanes=4.7 ddraw=30.7 pts=-53
  vs Random: 59W/67L/2D | score=-41.9±15.9 inv=0.6 played=9.9 lanes=5.0 ddraw=28.1 pts=-42
  Self-play: 68W/59L/1D | score=-47.2±18.7 inv=0.6 played=8.9 lanes=4.9 ddraw=25.0 pts=-47
Step: 1146880  SPS: 3119  ε=0.089  ret=-1.898  score=-56.9  buf=100%  updates=8882
  vs Heur:   1W/101L/0D | score=-62.7±26.4 inv=1.6 played=9.0 lanes=4.6 ddraw=31.5 pts=-63
  vs Random: 58W/65L/5D | score=-45.9±16.4 inv=1.1 played=10.0 lanes=5.0 ddraw=29.0 pts=-46
  Self-play: 64W/62L/2D | score=-54.4±20.4 inv=1.2 played=9.1 lanes=4.8 ddraw=24.9 pts=-54
Step: 1228800  SPS: 3100  ε=0.088  ret=-1.948  score=-58.5  buf=100%  updates=9522
  vs Heur:   1W/99L/0D | score=-50.7±24.8 inv=1.0 played=8.3 lanes=4.4 ddraw=31.8 pts=-51
  vs Random: 46W/81L/1D | score=-50.5±16.6 inv=0.7 played=8.7 lanes=4.8 ddraw=28.5 pts=-51
  Self-play: 62W/65L/1D | score=-47.1±16.6 inv=0.5 played=7.0 lanes=4.4 ddraw=25.2 pts=-47
Step: 1310720  SPS: 3092  ε=0.087  ret=-1.915  score=-57.5  buf=100%  updates=10162
  vs Heur:   0W/100L/0D | score=-53.9±24.6 inv=1.0 played=9.0 lanes=4.7 ddraw=28.6 pts=-54
  vs Random: 73W/53L/2D | score=-38.7±15.6 inv=0.8 played=10.4 lanes=5.0 ddraw=28.7 pts=-39
  Self-play: 68W/58L/2D | score=-39.9±15.0 inv=0.5 played=9.1 lanes=4.8 ddraw=24.9 pts=-40
Step: 1392640  SPS: 3087  ε=0.086  ret=-1.943  score=-58.3  buf=100%  updates=10802
  vs Heur:   1W/100L/0D | score=-56.7±32.9 inv=1.6 played=9.7 lanes=4.7 ddraw=30.2 pts=-57
  vs Random: 53W/72L/3D | score=-44.4±15.5 inv=1.1 played=10.5 lanes=4.9 ddraw=29.1 pts=-44
  Self-play: 61W/65L/2D | score=-52.5±18.6 inv=1.0 played=8.9 lanes=4.8 ddraw=25.1 pts=-52
Step: 1474560  SPS: 3083  ε=0.085  ret=-1.564  score=-46.9  buf=100%  updates=11442
  vs Heur:   1W/99L/1D | score=-38.2±23.8 inv=0.4 played=7.4 lanes=4.3 ddraw=30.3 pts=-38
  vs Random: 83W/42L/3D | score=-36.7±14.4 inv=0.3 played=9.2 lanes=4.9 ddraw=29.0 pts=-37
  Self-play: 68W/57L/3D | score=-38.7±16.3 inv=0.3 played=7.4 lanes=4.4 ddraw=25.1 pts=-39
Step: 1556480  SPS: 3076  ε=0.084  ret=-1.824  score=-54.7  buf=100%  updates=12082
  vs Heur:   0W/101L/0D | score=-54.5±30.7 inv=1.9 played=10.2 lanes=4.8 ddraw=30.0 pts=-55
  vs Random: 72W/55L/1D | score=-41.0±17.6 inv=1.4 played=11.0 lanes=5.0 ddraw=28.9 pts=-41
  Self-play: 62W/65L/1D | score=-47.9±20.0 inv=1.3 played=9.7 lanes=4.8 ddraw=24.8 pts=-48
Step: 1638400  SPS: 3075  ε=0.084  ret=-1.719  score=-51.6  buf=100%  updates=12722
  vs Heur:   3W/97L/0D | score=-57.3±35.1 inv=2.4 played=10.7 lanes=4.7 ddraw=29.4 pts=-57
  vs Random: 44W/84L/0D | score=-51.5±20.4 inv=1.6 played=10.2 lanes=4.9 ddraw=28.0 pts=-51
  Self-play: 71W/54L/3D | score=-56.6±20.0 inv=1.4 played=9.0 lanes=4.7 ddraw=25.2 pts=-57
Step: 1720320  SPS: 3077  ε=0.083  ret=-1.730  score=-51.9  buf=100%  updates=13362
  vs Heur:   1W/100L/0D | score=-60.6±32.3 inv=2.4 played=10.2 lanes=4.6 ddraw=30.8 pts=-61
  vs Random: 40W/87L/1D | score=-52.6±22.1 inv=1.6 played=9.7 lanes=4.7 ddraw=29.1 pts=-53
  Self-play: 58W/66L/4D | score=-52.1±26.4 inv=1.6 played=8.7 lanes=4.4 ddraw=24.9 pts=-52
Step: 1802240  SPS: 3069  ε=0.082  ret=-1.829  score=-54.9  buf=100%  updates=14002
  vs Heur:   1W/101L/0D | score=-43.2±26.4 inv=0.9 played=8.3 lanes=4.4 ddraw=23.6 pts=-43
  vs Random: 76W/50L/2D | score=-41.9±18.2 inv=0.8 played=9.5 lanes=4.8 ddraw=24.7 pts=-42
  Self-play: 58W/67L/3D | score=-47.1±16.5 inv=0.7 played=8.6 lanes=4.8 ddraw=25.2 pts=-47
Step: 1884160  SPS: 3067  ε=0.081  ret=-1.590  score=-47.7  buf=100%  updates=14642
  vs Heur:   3W/97L/0D | score=-51.3±34.1 inv=1.6 played=9.3 lanes=4.4 ddraw=30.8 pts=-51
  vs Random: 62W/64L/2D | score=-45.0±14.9 inv=0.6 played=8.9 lanes=4.8 ddraw=28.2 pts=-45
  Self-play: 61W/66L/1D | score=-47.9±18.5 inv=0.6 played=7.7 lanes=4.4 ddraw=25.1 pts=-48
Step: 1966080  SPS: 3068  ε=0.080  ret=-1.469  score=-44.1  buf=100%  updates=15282
  vs Heur:   2W/100L/0D | score=-45.0±29.7 inv=1.4 played=8.6 lanes=4.3 ddraw=28.9 pts=-45
  vs Random: 66W/61L/1D | score=-45.1±18.9 inv=1.2 played=9.2 lanes=4.8 ddraw=27.9 pts=-45
  Self-play: 61W/65L/2D | score=-47.4±17.8 inv=0.9 played=8.2 lanes=4.6 ddraw=25.2 pts=-47
Step: 2048000  SPS: 3067  ε=0.080  ret=-1.729  score=-51.9  buf=100%  updates=15922
  vs Heur:   1W/99L/0D | score=-39.5±29.3 inv=1.2 played=8.9 lanes=4.2 ddraw=27.4 pts=-40
  vs Random: 71W/56L/1D | score=-41.5±16.0 inv=0.6 played=8.8 lanes=4.8 ddraw=26.7 pts=-42
  Self-play: 69W/56L/3D | score=-42.3±15.6 inv=0.6 played=8.2 lanes=4.6 ddraw=24.8 pts=-42
Step: 2129920  SPS: 3069  ε=0.079  ret=-1.274  score=-38.2  buf=100%  updates=16562
  vs Heur:   3W/99L/0D | score=-33.7±22.7 inv=0.6 played=8.9 lanes=4.4 ddraw=29.1 pts=-34
  vs Random: 80W/46L/2D | score=-34.2±15.3 inv=0.3 played=9.4 lanes=4.8 ddraw=27.3 pts=-34
  Self-play: 65W/59L/4D | score=-37.1±17.2 inv=0.5 played=9.0 lanes=4.7 ddraw=25.0 pts=-37
Step: 2211840  SPS: 3070  ε=0.078  ret=-1.443  score=-43.3  buf=100%  updates=17202
  vs Heur:   4W/99L/0D | score=-43.6±31.7 inv=1.8 played=9.8 lanes=4.3 ddraw=31.0 pts=-44
  vs Random: 66W/61L/1D | score=-45.4±17.1 inv=1.0 played=9.1 lanes=4.8 ddraw=28.5 pts=-45
  Self-play: 71W/56L/1D | score=-47.9±17.9 inv=1.1 played=8.8 lanes=4.6 ddraw=25.0 pts=-48
Step: 2293760  SPS: 3074  ε=0.077  ret=-1.510  score=-45.3  buf=100%  updates=17842
  vs Heur:   1W/99L/0D | score=-31.5±19.2 inv=0.5 played=8.5 lanes=4.3 ddraw=28.4 pts=-32
  vs Random: 83W/40L/5D | score=-35.1±14.8 inv=0.2 played=8.9 lanes=4.7 ddraw=26.2 pts=-35
  Self-play: 60W/66L/2D | score=-34.5±12.9 inv=0.3 played=9.3 lanes=4.7 ddraw=25.0 pts=-35
Step: 2375680  SPS: 3084  ε=0.076  ret=-1.569  score=-47.1  buf=100%  updates=18482
  vs Heur:   4W/96L/0D | score=-26.5±25.1 inv=0.7 played=8.1 lanes=3.8 ddraw=27.7 pts=-27
  vs Random: 80W/48L/0D | score=-37.1±13.4 inv=0.3 played=8.5 lanes=4.6 ddraw=26.4 pts=-37
  Self-play: 67W/60L/1D | score=-34.2±18.2 inv=0.3 played=8.2 lanes=4.4 ddraw=25.1 pts=-34
Step: 2457600  SPS: 3085  ε=0.075  ret=-1.321  score=-39.6  buf=100%  updates=19122
  vs Heur:   3W/98L/0D | score=-36.1±34.8 inv=1.7 played=8.8 lanes=3.8 ddraw=31.0 pts=-36
  vs Random: 69W/55L/4D | score=-38.2±14.0 inv=0.3 played=6.9 lanes=4.2 ddraw=27.9 pts=-38
  Self-play: 66W/60L/2D | score=-44.9±21.7 inv=1.3 played=8.6 lanes=4.4 ddraw=24.9 pts=-45
Step: 2539520  SPS: 3086  ε=0.075  ret=-1.519  score=-45.6  buf=100%  updates=19762
  vs Heur:   3W/97L/0D | score=-26.3±19.1 inv=0.5 played=8.6 lanes=4.0 ddraw=30.6 pts=-26
  vs Random: 73W/53L/2D | score=-36.5±15.1 inv=0.2 played=8.6 lanes=4.6 ddraw=27.9 pts=-37
  Self-play: 72W/54L/2D | score=-37.0±13.9 inv=0.2 played=8.0 lanes=4.4 ddraw=24.9 pts=-37
Step: 2621440  SPS: 3085  ε=0.074  ret=-1.163  score=-34.9  buf=100%  updates=20402
  vs Heur:   5W/95L/1D | score=-25.3±22.7 inv=0.8 played=9.4 lanes=4.0 ddraw=28.9 pts=-25
  vs Random: 78W/50L/0D | score=-38.3±15.9 inv=0.4 played=8.9 lanes=4.6 ddraw=27.9 pts=-38
  Self-play: 65W/62L/1D | score=-37.8±17.3 inv=0.5 played=8.7 lanes=4.5 ddraw=24.9 pts=-38
Step: 2703360  SPS: 3088  ε=0.073  ret=-1.363  score=-40.9  buf=100%  updates=21042
  vs Heur:   4W/95L/1D | score=-45.0±40.7 inv=2.7 played=11.3 lanes=4.3 ddraw=29.5 pts=-45
  vs Random: 50W/78L/0D | score=-48.3±24.0 inv=2.1 played=10.4 lanes=4.7 ddraw=28.0 pts=-48
  Self-play: 57W/67L/4D | score=-49.1±23.4 inv=2.0 played=9.7 lanes=4.4 ddraw=24.9 pts=-49
Step: 2785280  SPS: 3095  ε=0.072  ret=-1.377  score=-41.3  buf=100%  updates=21682
  vs Heur:   1W/99L/0D | score=-35.4±28.1 inv=1.8 played=10.8 lanes=4.2 ddraw=30.4 pts=-35
  vs Random: 49W/79L/0D | score=-47.1±21.4 inv=1.2 played=9.1 lanes=4.3 ddraw=27.8 pts=-47
  Self-play: 61W/65L/2D | score=-47.0±23.2 inv=1.5 played=9.8 lanes=4.6 ddraw=25.1 pts=-47
Step: 2867200  SPS: 3095  ε=0.071  ret=-1.293  score=-38.8  buf=100%  updates=22322
  vs Heur:   5W/96L/0D | score=-24.2±21.8 inv=0.5 played=7.8 lanes=3.6 ddraw=32.1 pts=-24
  vs Random: 92W/34L/2D | score=-35.5±17.2 inv=0.3 played=7.4 lanes=4.1 ddraw=28.3 pts=-35
  Self-play: 61W/65L/2D | score=-42.7±22.4 inv=0.6 played=7.7 lanes=4.3 ddraw=25.4 pts=-43
Step: 2949120  SPS: 3097  ε=0.071  ret=-1.065  score=-31.9  buf=100%  updates=22962
  vs Heur:   4W/97L/0D | score=-33.1±30.2 inv=1.6 played=9.6 lanes=3.9 ddraw=27.6 pts=-33
  vs Random: 67W/60L/1D | score=-38.9±22.4 inv=1.0 played=7.9 lanes=4.0 ddraw=26.8 pts=-39
  Self-play: 67W/60L/1D | score=-40.0±22.9 inv=1.6 played=9.3 lanes=4.2 ddraw=25.1 pts=-40
Step: 3031040  SPS: 3099  ε=0.070  ret=-1.177  score=-35.3  buf=100%  updates=23602
  vs Heur:   5W/95L/0D | score=-23.8±27.0 inv=0.9 played=9.2 lanes=3.7 ddraw=29.5 pts=-24
  vs Random: 88W/40L/0D | score=-34.5±21.9 inv=0.4 played=8.7 lanes=4.2 ddraw=28.1 pts=-34
  Self-play: 58W/67L/3D | score=-37.9±18.2 inv=0.6 played=8.6 lanes=4.3 ddraw=25.2 pts=-38
Step: 3112960  SPS: 3098  ε=0.069  ret=-1.030  score=-30.9  buf=100%  updates=24242
  vs Heur:   7W/93L/0D | score=-23.9±29.7 inv=1.0 played=9.4 lanes=3.8 ddraw=29.4 pts=-24
  vs Random: 69W/57L/2D | score=-35.8±15.9 inv=0.2 played=7.4 lanes=4.0 ddraw=27.5 pts=-36
  Self-play: 58W/70L/0D | score=-40.8±20.6 inv=0.8 played=8.9 lanes=4.3 ddraw=24.9 pts=-41
Step: 3194880  SPS: 3100  ε=0.068  ret=-1.029  score=-30.9  buf=100%  updates=24882
  vs Heur:   8W/92L/0D | score=-28.6±34.1 inv=1.6 played=10.6 lanes=4.0 ddraw=28.5 pts=-29
  vs Random: 68W/58L/2D | score=-38.5±23.1 inv=1.2 played=9.2 lanes=4.2 ddraw=26.5 pts=-39
  Self-play: 68W/59L/1D | score=-37.5±26.2 inv=1.5 played=10.4 lanes=4.4 ddraw=25.0 pts=-37
Step: 3276800  SPS: 3102  ε=0.067  ret=-0.957  score=-28.7  buf=100%  updates=25522
  vs Heur:   6W/95L/1D | score=-18.1±24.5 inv=0.5 played=8.6 lanes=3.6 ddraw=30.3 pts=-18
  vs Random: 85W/43L/0D | score=-31.7±15.8 inv=0.1 played=6.1 lanes=3.5 ddraw=27.4 pts=-32
  Self-play: 58W/70L/0D | score=-34.5±18.0 inv=0.4 played=7.6 lanes=4.0 ddraw=25.0 pts=-34
Step: 3358720  SPS: 3108  ε=0.066  ret=-1.065  score=-31.9  buf=100%  updates=26162
  vs Heur:   5W/97L/0D | score=-30.9±26.6 inv=1.4 played=8.5 lanes=3.5 ddraw=30.1 pts=-31
  vs Random: 86W/42L/0D | score=-32.6±19.5 inv=0.6 played=6.0 lanes=3.4 ddraw=27.9 pts=-33
  Self-play: 68W/59L/1D | score=-38.9±21.5 inv=1.2 played=8.2 lanes=4.1 ddraw=25.3 pts=-39
Step: 3440640  SPS: 3108  ε=0.066  ret=-0.939  score=-28.2  buf=100%  updates=26802
  vs Heur:   7W/93L/0D | score=-28.1±29.7 inv=1.6 played=10.6 lanes=4.0 ddraw=30.8 pts=-28
  vs Random: 60W/65L/3D | score=-43.1±23.4 inv=1.1 played=8.4 lanes=4.0 ddraw=28.2 pts=-43
  Self-play: 68W/58L/2D | score=-40.9±21.3 inv=1.1 played=8.7 lanes=4.1 ddraw=25.0 pts=-41
Step: 3522560  SPS: 3108  ε=0.065  ret=-0.538  score=-16.1  buf=100%  updates=27442
  vs Heur:   12W/89L/0D | score=-13.8±27.7 inv=1.0 played=9.4 lanes=3.6 ddraw=28.6 pts=-14
  vs Random: 66W/59L/3D | score=-39.0±19.8 inv=0.7 played=7.3 lanes=3.9 ddraw=28.0 pts=-39
  Self-play: 68W/60L/0D | score=-37.6±21.9 inv=0.9 played=7.8 lanes=4.0 ddraw=25.0 pts=-38
Step: 3604480  SPS: 3107  ε=0.064  ret=-0.691  score=-20.7  buf=100%  updates=28082
  vs Heur:   9W/91L/0D | score=-14.5±25.0 inv=0.7 played=8.3 lanes=3.3 ddraw=30.3 pts=-15
  vs Random: 87W/40L/1D | score=-27.9±18.0 inv=0.3 played=5.6 lanes=3.1 ddraw=28.3 pts=-28
  Self-play: 60W/67L/1D | score=-31.1±17.7 inv=0.4 played=7.5 lanes=3.8 ddraw=25.0 pts=-31
Step: 3686400  SPS: 3110  ε=0.063  ret=-0.742  score=-22.3  buf=100%  updates=28722
  vs Heur:   10W/89L/1D | score=-17.4±31.2 inv=0.9 played=9.6 lanes=3.7 ddraw=28.9 pts=-17
  vs Random: 90W/35L/3D | score=-26.9±22.1 inv=0.6 played=6.2 lanes=3.1 ddraw=27.6 pts=-27
  Self-play: 63W/64L/1D | score=-31.0±21.4 inv=0.7 played=7.9 lanes=3.8 ddraw=24.9 pts=-31
Step: 3768320  SPS: 3113  ε=0.062  ret=-0.736  score=-22.1  buf=100%  updates=29362
  vs Heur:   11W/87L/2D | score=-17.5±30.0 inv=1.1 played=9.7 lanes=3.6 ddraw=30.0 pts=-17
  vs Random: 83W/43L/2D | score=-30.1±17.3 inv=0.6 played=6.3 lanes=3.3 ddraw=28.1 pts=-30
  Self-play: 56W/69L/3D | score=-33.8±24.9 inv=0.9 played=8.0 lanes=3.8 ddraw=25.2 pts=-34
Step: 3850240  SPS: 3116  ε=0.061  ret=-0.467  score=-14.0  buf=100%  updates=30002
  vs Heur:   14W/86L/0D | score=-14.2±22.8 inv=1.0 played=9.7 lanes=3.5 ddraw=28.6 pts=-14
  vs Random: 87W/41L/0D | score=-27.8±21.1 inv=1.0 played=7.3 lanes=3.3 ddraw=28.0 pts=-28
  Self-play: 66W/62L/0D | score=-31.7±19.5 inv=1.0 played=8.4 lanes=3.8 ddraw=25.0 pts=-32
Step: 3932160  SPS: 3117  ε=0.061  ret=-0.652  score=-19.6  buf=100%  updates=30642
  vs Heur:   13W/87L/4D | score=-6.7±19.8 inv=0.4 played=7.7 lanes=3.0 ddraw=30.6 pts=-7
  vs Random: 95W/33L/0D | score=-21.9±16.3 inv=0.2 played=4.6 lanes=2.6 ddraw=28.4 pts=-22
  Self-play: 70W/57L/1D | score=-24.6±17.8 inv=0.4 played=6.9 lanes=3.5 ddraw=25.2 pts=-25
Step: 4014080  SPS: 3118  ε=0.060  ret=-0.339  score=-10.2  buf=100%  updates=31282
  vs Heur:   21W/79L/0D | score=-4.5±30.2 inv=1.6 played=10.4 lanes=3.2 ddraw=28.9 pts=-4
  vs Random: 91W/33L/4D | score=-21.9±21.2 inv=1.0 played=7.2 lanes=3.0 ddraw=28.1 pts=-22
  Self-play: 75W/53L/0D | score=-29.9±26.0 inv=1.2 played=8.1 lanes=3.5 ddraw=24.8 pts=-30
Step: 4096000  SPS: 3119  ε=0.059  ret=-0.598  score=-17.9  buf=100%  updates=31922
  vs Heur:   16W/83L/3D | score=-2.9±22.0 inv=0.6 played=8.0 lanes=2.8 ddraw=30.0 pts=-3
  vs Random: 111W/17L/0D | score=-16.4±16.6 inv=0.2 played=5.2 lanes=2.5 ddraw=28.0 pts=-16
  Self-play: 55W/72L/1D | score=-29.0±20.1 inv=0.6 played=7.6 lanes=3.6 ddraw=25.2 pts=-29
Step: 4177920  SPS: 3118  ε=0.058  ret=-0.368  score=-11.1  buf=100%  updates=32562
  vs Heur:   13W/87L/0D | score=-7.0±27.5 inv=1.5 played=9.0 lanes=3.0 ddraw=28.4 pts=-7
  vs Random: 102W/24L/2D | score=-19.8±20.6 inv=1.0 played=7.2 lanes=3.0 ddraw=28.1 pts=-20
  Self-play: 66W/62L/0D | score=-33.7±24.7 inv=1.0 played=7.0 lanes=3.4 ddraw=24.9 pts=-34
Step: 4259840  SPS: 3119  ε=0.057  ret=-0.380  score=-11.4  buf=100%  updates=33202
  vs Heur:   25W/74L/1D | score=3.0±23.7 inv=1.0 played=9.3 lanes=2.8 ddraw=31.0 pts=3
  vs Random: 113W/13L/2D | score=-11.0±15.8 inv=0.5 played=4.6 lanes=2.0 ddraw=28.4 pts=-11
  Self-play: 64W/63L/1D | score=-30.6±26.8 inv=0.9 played=7.4 lanes=3.3 ddraw=24.9 pts=-31
Step: 4341760  SPS: 3118  ε=0.057  ret=-0.123  score=-3.7  buf=100%  updates=33842
  vs Heur:   25W/75L/0D | score=0.8±27.1 inv=1.2 played=9.6 lanes=3.0 ddraw=29.0 pts=1
  vs Random: 112W/14L/2D | score=-13.5±18.9 inv=0.6 played=5.8 lanes=2.3 ddraw=28.1 pts=-13
  Self-play: 59W/67L/2D | score=-36.1±32.6 inv=1.4 played=8.1 lanes=3.4 ddraw=24.9 pts=-36
Step: 4423680  SPS: 3116  ε=0.056  ret=0.082  score=2.5  buf=100%  updates=34482
  vs Heur:   37W/63L/0D | score=8.4±30.8 inv=1.4 played=9.7 lanes=2.7 ddraw=28.3 pts=8
  vs Random: 116W/11L/1D | score=-7.4±17.9 inv=0.7 played=5.2 lanes=1.9 ddraw=27.0 pts=-7
  Self-play: 57W/69L/2D | score=-27.4±27.5 inv=1.1 played=7.2 lanes=3.0 ddraw=25.0 pts=-27
Step: 4505600  SPS: 3113  ε=0.055  ret=-0.034  score=-1.0  buf=100%  updates=35122
  vs Heur:   36W/63L/1D | score=14.3±26.9 inv=1.2 played=9.1 lanes=2.5 ddraw=29.7 pts=14
  vs Random: 118W/9L/1D | score=-9.9±17.1 inv=0.5 played=4.6 lanes=1.9 ddraw=27.6 pts=-10
  Self-play: 58W/66L/4D | score=-28.6±25.8 inv=0.9 played=7.5 lanes=3.3 ddraw=25.0 pts=-29
Step: 4587520  SPS: 3113  ε=0.054  ret=-0.004  score=-0.1  buf=100%  updates=35762
  vs Heur:   44W/55L/1D | score=10.4±32.8 inv=1.7 played=10.2 lanes=2.9 ddraw=27.1 pts=10
  vs Random: 118W/10L/0D | score=-4.2±19.4 inv=0.6 played=5.8 lanes=2.1 ddraw=26.4 pts=-4
  Self-play: 60W/68L/0D | score=-24.5±29.6 inv=1.2 played=8.2 lanes=3.3 ddraw=25.0 pts=-24
Step: 4669440  SPS: 3109  ε=0.053  ret=-0.037  score=-1.1  buf=100%  updates=36402
  vs Heur:   26W/72L/2D | score=5.3±35.4 inv=1.4 played=9.4 lanes=2.7 ddraw=29.0 pts=5
  vs Random: 118W/10L/0D | score=-8.5±22.4 inv=0.7 played=6.3 lanes=2.4 ddraw=26.3 pts=-8
  Self-play: 55W/72L/1D | score=-28.3±24.5 inv=0.9 played=7.2 lanes=3.1 ddraw=25.0 pts=-28
Step: 4751360  SPS: 3104  ε=0.052  ret=0.259  score=7.8  buf=100%  updates=37042
  vs Heur:   38W/62L/0D | score=12.1±35.6 inv=2.0 played=10.7 lanes=2.8 ddraw=27.9 pts=12
  vs Random: 121W/6L/1D | score=-2.9±18.5 inv=1.0 played=7.5 lanes=2.4 ddraw=26.1 pts=-3
  Self-play: 51W/76L/1D | score=-32.3±38.0 inv=1.9 played=9.1 lanes=3.4 ddraw=25.1 pts=-32
Step: 4833280  SPS: 3099  ε=0.052  ret=0.115  score=3.5  buf=100%  updates=37682
  vs Heur:   44W/55L/1D | score=16.6±32.8 inv=2.1 played=11.5 lanes=3.0 ddraw=26.8 pts=17
  vs Random: 123W/5L/0D | score=4.4±22.8 inv=1.2 played=8.0 lanes=2.3 ddraw=25.2 pts=4
  Self-play: 57W/70L/1D | score=-36.0±33.1 inv=1.7 played=8.6 lanes=3.4 ddraw=25.2 pts=-36
Step: 4915200  SPS: 3095  ε=0.051  ret=0.397  score=11.9  buf=100%  updates=38322
  vs Heur:   49W/48L/3D | score=19.1±36.5 inv=2.0 played=11.3 lanes=2.8 ddraw=27.5 pts=19
  vs Random: 123W/4L/1D | score=1.4±19.1 inv=1.1 played=6.9 lanes=2.1 ddraw=25.4 pts=1
  Self-play: 50W/76L/2D | score=-30.3±31.6 inv=1.4 played=7.5 lanes=3.1 ddraw=25.0 pts=-30
Step: 4997120  SPS: 3093  ε=0.050  ret=0.378  score=11.3  buf=100%  updates=38962
  vs Heur:   44W/55L/1D | score=17.9±36.0 inv=1.9 played=10.7 lanes=2.8 ddraw=27.5 pts=18
  vs Random: 124W/3L/1D | score=-1.0±20.8 inv=1.0 played=7.8 lanes=2.6 ddraw=25.6 pts=-1
  Self-play: 58W/70L/0D | score=-29.9±31.8 inv=1.5 played=8.6 lanes=3.4 ddraw=25.1 pts=-30
Step: 5079040  SPS: 3090  ε=0.050  ret=0.437  score=13.1  buf=100%  updates=39602
  vs Heur:   44W/57L/0D | score=19.0±40.7 inv=2.7 played=12.0 lanes=2.9 ddraw=25.6 pts=19
  vs Random: 124W/4L/0D | score=7.0±18.3 inv=1.6 played=8.2 lanes=2.2 ddraw=24.4 pts=7
  Self-play: 58W/69L/1D | score=-18.6±34.1 inv=2.1 played=9.1 lanes=3.1 ddraw=25.2 pts=-19
Step: 5160960  SPS: 3088  ε=0.050  ret=0.237  score=7.1  buf=100%  updates=40242
  vs Heur:   50W/48L/2D | score=24.9±37.8 inv=2.6 played=12.1 lanes=2.8 ddraw=27.6 pts=25
  vs Random: 122W/6L/0D | score=7.0±23.7 inv=1.5 played=9.2 lanes=2.5 ddraw=25.5 pts=7
  Self-play: 57W/69L/2D | score=-26.0±39.2 inv=1.9 played=9.2 lanes=3.2 ddraw=24.8 pts=-26
Step: 5242880  SPS: 3086  ε=0.050  ret=0.315  score=9.5  buf=100%  updates=40882
  vs Heur:   39W/61L/1D | score=16.4±39.6 inv=2.3 played=11.6 lanes=3.0 ddraw=25.1 pts=16
  vs Random: 124W/4L/0D | score=4.1±19.3 inv=1.2 played=8.5 lanes=2.5 ddraw=24.8 pts=4
  Self-play: 51W/76L/1D | score=-20.7±36.4 inv=1.6 played=8.8 lanes=3.2 ddraw=25.0 pts=-21
Step: 5324800  SPS: 3083  ε=0.050  ret=0.359  score=10.8  buf=100%  updates=41522
  vs Heur:   50W/49L/1D | score=20.2±39.3 inv=3.0 played=13.0 lanes=3.0 ddraw=26.8 pts=20
  vs Random: 117W/11L/0D | score=5.7±25.4 inv=1.5 played=8.3 lanes=2.4 ddraw=23.8 pts=6
  Self-play: 59W/68L/1D | score=-5.7±36.0 inv=2.2 played=10.3 lanes=3.0 ddraw=25.0 pts=-6
Step: 5406720  SPS: 3080  ε=0.050  ret=0.243  score=7.3  buf=100%  updates=42162
  vs Heur:   39W/60L/2D | score=12.6±43.6 inv=3.2 played=13.1 lanes=3.1 ddraw=25.2 pts=13
  vs Random: 117W/8L/3D | score=5.0±25.2 inv=2.1 played=9.9 lanes=2.8 ddraw=24.0 pts=5
  Self-play: 57W/71L/0D | score=-15.6±49.9 inv=2.5 played=10.5 lanes=3.2 ddraw=24.7 pts=-16
Step: 5488640  SPS: 3079  ε=0.050  ret=0.424  score=12.7  buf=100%  updates=42802
