wandb: [wandb.login()] Loaded credentials for https://api.wandb.ai from /home/zzhang18/.netrc.
wandb: Currently logged in as: nchen3 (ningcong-chen) to https://api.wandb.ai. Use `wandb login --relogin` to force relogin
wandb: Tracking run with wandb version 0.25.1
wandb: Run data is saved locally in /home/zzhang18/nchen3/eco/wandb/run-20260606_163617-tmwlcmne
wandb: Run `wandb offline` to turn off syncing.
wandb: Syncing run lc__lc_dqn_vsheur_n3tb__1__1780778176
wandb: ⭐️ View project at https://wandb.ai/ningcong-chen/ppo-eco
wandb: 🚀 View run at https://wandb.ai/ningcong-chen/ppo-eco/runs/tmwlcmne
Q-network params: 1,255,512
Heuristic (rule-based) opponent
Step: 81920  SPS: 3617  ε=0.099  ret=-2.577  score=-77.3  buf=8%  updates=562
  vs Heur:   1W/99L/0D | score=-81.7±34.0 inv=2.3 played=10.2 lanes=5.0 ddraw=27.9 pts=-82
  vs Random: 62W/63L/3D | score=-41.4±18.6 inv=1.0 played=10.6 lanes=5.0 ddraw=26.6 pts=-41
  Self-play: 53W/74L/1D | score=-47.8±20.7 inv=1.1 played=10.1 lanes=5.0 ddraw=25.1 pts=-48
Step: 163840  SPS: 3363  ε=0.098  ret=-2.519  score=-75.6  buf=16%  updates=1202
  vs Heur:   0W/100L/0D | score=-73.6±30.4 inv=1.6 played=9.5 lanes=5.0 ddraw=30.0 pts=-74
  vs Random: 70W/56L/2D | score=-42.4±19.0 inv=0.8 played=10.3 lanes=5.0 ddraw=28.2 pts=-42
  Self-play: 67W/61L/0D | score=-44.2±19.0 inv=0.8 played=10.2 lanes=4.9 ddraw=25.1 pts=-44
Step: 245760  SPS: 3270  ε=0.098  ret=-2.605  score=-78.2  buf=25%  updates=1842
  vs Heur:   0W/100L/0D | score=-80.0±25.7 inv=2.5 played=10.3 lanes=5.0 ddraw=29.8 pts=-80
  vs Random: 62W/65L/1D | score=-46.4±21.8 inv=1.4 played=10.4 lanes=5.0 ddraw=28.6 pts=-46
  Self-play: 64W/64L/0D | score=-56.4±21.4 inv=1.5 played=10.0 lanes=4.9 ddraw=25.1 pts=-56
Step: 327680  SPS: 3183  ε=0.097  ret=-2.568  score=-77.0  buf=33%  updates=2482
  vs Heur:   0W/102L/0D | score=-80.6±25.2 inv=1.7 played=9.3 lanes=5.0 ddraw=34.4 pts=-81
  vs Random: 66W/60L/2D | score=-45.1±20.0 inv=0.6 played=9.6 lanes=5.0 ddraw=28.8 pts=-45
  Self-play: 63W/58L/7D | score=-50.4±18.9 inv=0.5 played=8.1 lanes=4.7 ddraw=25.0 pts=-50
Step: 409600  SPS: 3094  ε=0.096  ret=-2.551  score=-76.5  buf=41%  updates=3122
  vs Heur:   0W/100L/0D | score=-79.8±30.8 inv=2.0 played=9.6 lanes=4.9 ddraw=35.1 pts=-80
  vs Random: 74W/50L/4D | score=-42.0±19.5 inv=0.9 played=9.6 lanes=4.9 ddraw=30.3 pts=-42
  Self-play: 57W/69L/2D | score=-52.6±18.6 inv=0.9 played=8.6 lanes=4.9 ddraw=25.0 pts=-53
Step: 491520  SPS: 3068  ε=0.095  ret=-2.377  score=-71.3  buf=49%  updates=3762
  vs Heur:   0W/101L/0D | score=-75.6±29.8 inv=2.0 played=9.6 lanes=4.8 ddraw=28.7 pts=-76
  vs Random: 57W/70L/1D | score=-47.3±19.8 inv=0.9 played=9.8 lanes=4.9 ddraw=26.4 pts=-47
  Self-play: 62W/65L/1D | score=-58.6±23.5 inv=1.1 played=8.4 lanes=4.7 ddraw=25.3 pts=-59
Step: 573440  SPS: 3015  ε=0.094  ret=-2.583  score=-77.5  buf=57%  updates=4402
  vs Heur:   0W/100L/0D | score=-80.2±30.6 inv=2.2 played=9.5 lanes=4.9 ddraw=31.6 pts=-80
  vs Random: 70W/58L/0D | score=-48.8±18.1 inv=0.9 played=9.2 lanes=4.9 ddraw=27.5 pts=-49
  Self-play: 60W/66L/2D | score=-54.1±21.7 inv=0.8 played=8.0 lanes=4.7 ddraw=25.1 pts=-54
Step: 655360  SPS: 2955  ε=0.093  ret=-2.259  score=-67.8  buf=66%  updates=5042
  vs Heur:   0W/100L/0D | score=-66.5±29.5 inv=1.3 played=8.7 lanes=4.8 ddraw=35.9 pts=-67
  vs Random: 61W/66L/1D | score=-44.4±17.1 inv=0.8 played=9.7 lanes=5.0 ddraw=29.9 pts=-44
  Self-play: 65W/62L/1D | score=-53.7±20.4 inv=1.0 played=8.9 lanes=4.9 ddraw=25.1 pts=-54
Step: 737280  SPS: 2922  ε=0.093  ret=-2.106  score=-63.2  buf=74%  updates=5682
  vs Heur:   0W/100L/0D | score=-78.3±30.2 inv=2.3 played=9.6 lanes=4.8 ddraw=33.1 pts=-78
  vs Random: 57W/69L/2D | score=-50.5±19.8 inv=1.3 played=9.7 lanes=4.9 ddraw=29.0 pts=-51
  Self-play: 65W/63L/0D | score=-53.5±21.8 inv=1.4 played=9.3 lanes=4.8 ddraw=24.9 pts=-54
Step: 819200  SPS: 2896  ε=0.092  ret=-2.348  score=-70.4  buf=82%  updates=6322
  vs Heur:   0W/100L/0D | score=-86.8±30.8 inv=2.7 played=9.8 lanes=4.8 ddraw=32.6 pts=-87
  vs Random: 36W/90L/2D | score=-59.7±23.9 inv=1.8 played=10.0 lanes=4.9 ddraw=27.8 pts=-60
  Self-play: 69W/57L/2D | score=-60.5±24.1 inv=1.5 played=9.0 lanes=4.8 ddraw=24.9 pts=-60
Step: 901120  SPS: 2873  ε=0.091  ret=-2.275  score=-68.2  buf=90%  updates=6962
  vs Heur:   0W/100L/0D | score=-68.2±29.3 inv=1.6 played=8.9 lanes=4.8 ddraw=32.0 pts=-68
  vs Random: 64W/64L/0D | score=-40.1±16.5 inv=0.8 played=10.1 lanes=4.9 ddraw=27.9 pts=-40
  Self-play: 69W/59L/0D | score=-44.1±20.8 inv=0.7 played=9.2 lanes=4.8 ddraw=24.9 pts=-44
Step: 983040  SPS: 2864  ε=0.090  ret=-2.339  score=-70.2  buf=98%  updates=7602
  vs Heur:   1W/99L/0D | score=-50.6±25.9 inv=0.5 played=7.5 lanes=4.5 ddraw=29.2 pts=-51
  vs Random: 65W/62L/1D | score=-41.1±16.0 inv=0.4 played=9.3 lanes=4.9 ddraw=26.7 pts=-41
  Self-play: 67W/59L/2D | score=-43.6±14.7 inv=0.3 played=8.2 lanes=4.8 ddraw=24.9 pts=-44
Step: 1064960  SPS: 2833  ε=0.089  ret=-2.260  score=-67.8  buf=100%  updates=8242
  vs Heur:   0W/100L/0D | score=-73.7±30.8 inv=1.9 played=9.0 lanes=4.8 ddraw=33.3 pts=-74
  vs Random: 64W/64L/0D | score=-42.7±19.2 inv=1.0 played=9.9 lanes=4.9 ddraw=29.2 pts=-43
  Self-play: 60W/65L/3D | score=-46.6±17.1 inv=0.8 played=8.8 lanes=4.9 ddraw=25.2 pts=-47
Step: 1146880  SPS: 2807  ε=0.089  ret=-2.282  score=-68.5  buf=100%  updates=8882
  vs Heur:   0W/102L/0D | score=-62.5±33.7 inv=1.3 played=8.9 lanes=4.7 ddraw=35.4 pts=-63
  vs Random: 59W/67L/2D | score=-41.3±18.5 inv=1.0 played=10.4 lanes=4.9 ddraw=30.1 pts=-41
  Self-play: 66W/61L/1D | score=-45.4±19.7 inv=1.1 played=9.4 lanes=4.8 ddraw=24.8 pts=-45
Step: 1228800  SPS: 2797  ε=0.088  ret=-2.083  score=-62.5  buf=100%  updates=9522
  vs Heur:   1W/99L/0D | score=-49.7±23.6 inv=0.8 played=8.6 lanes=4.4 ddraw=34.7 pts=-50
  vs Random: 74W/52L/2D | score=-39.4±14.0 inv=0.4 played=9.4 lanes=4.9 ddraw=29.4 pts=-39
  Self-play: 58W/69L/1D | score=-42.6±14.4 inv=0.3 played=8.5 lanes=4.7 ddraw=24.9 pts=-43
Step: 1310720  SPS: 2786  ε=0.087  ret=-2.122  score=-63.7  buf=100%  updates=10162
  vs Heur:   2W/99L/0D | score=-59.7±31.7 inv=2.0 played=10.4 lanes=4.6 ddraw=33.5 pts=-60
  vs Random: 58W/70L/0D | score=-44.8±17.2 inv=1.2 played=11.0 lanes=5.0 ddraw=29.0 pts=-45
  Self-play: 63W/63L/2D | score=-45.8±18.1 inv=1.1 played=10.3 lanes=4.8 ddraw=25.3 pts=-46
Step: 1392640  SPS: 2786  ε=0.086  ret=-2.092  score=-62.8  buf=100%  updates=10802
  vs Heur:   0W/103L/0D | score=-69.9±31.5 inv=2.2 played=9.9 lanes=4.8 ddraw=30.0 pts=-70
  vs Random: 63W/64L/1D | score=-47.2±17.1 inv=1.4 played=10.2 lanes=5.0 ddraw=27.8 pts=-47
  Self-play: 64W/64L/0D | score=-49.0±17.2 inv=1.3 played=9.7 lanes=4.9 ddraw=25.1 pts=-49
Step: 1474560  SPS: 2792  ε=0.085  ret=-2.155  score=-64.7  buf=100%  updates=11442
  vs Heur:   0W/101L/0D | score=-58.0±25.7 inv=1.3 played=9.3 lanes=4.7 ddraw=32.0 pts=-58
  vs Random: 73W/53L/2D | score=-38.1±16.8 inv=0.8 played=10.9 lanes=4.9 ddraw=28.7 pts=-38
  Self-play: 65W/58L/5D | score=-44.0±16.7 inv=0.7 played=9.7 lanes=4.9 ddraw=25.0 pts=-44
Step: 1556480  SPS: 2784  ε=0.084  ret=-1.951  score=-58.5  buf=100%  updates=12082
  vs Heur:   0W/100L/0D | score=-57.0±27.5 inv=1.4 played=8.8 lanes=4.5 ddraw=32.2 pts=-57
  vs Random: 67W/61L/0D | score=-41.3±14.1 inv=0.9 played=10.0 lanes=4.9 ddraw=27.6 pts=-41
  Self-play: 64W/62L/2D | score=-46.9±18.9 inv=0.9 played=9.2 lanes=4.8 ddraw=24.8 pts=-47
Step: 1638400  SPS: 2781  ε=0.084  ret=-1.975  score=-59.3  buf=100%  updates=12722
  vs Heur:   0W/100L/0D | score=-49.0±25.7 inv=1.1 played=9.2 lanes=4.6 ddraw=31.8 pts=-49
  vs Random: 78W/49L/1D | score=-38.1±13.7 inv=0.6 played=9.5 lanes=4.9 ddraw=28.9 pts=-38
  Self-play: 59W/65L/4D | score=-39.9±15.9 inv=0.5 played=8.8 lanes=4.8 ddraw=24.8 pts=-40
Step: 1720320  SPS: 2770  ε=0.083  ret=-1.768  score=-53.0  buf=100%  updates=13362
  vs Heur:   1W/99L/0D | score=-45.5±24.0 inv=0.6 played=8.4 lanes=4.5 ddraw=33.2 pts=-46
  vs Random: 81W/44L/3D | score=-32.4±16.2 inv=0.3 played=9.9 lanes=4.9 ddraw=29.2 pts=-32
  Self-play: 61W/64L/3D | score=-34.7±14.5 inv=0.2 played=9.0 lanes=4.8 ddraw=25.0 pts=-35
Step: 1802240  SPS: 2766  ε=0.082  ret=-1.876  score=-56.3  buf=100%  updates=14002
  vs Heur:   1W/99L/0D | score=-46.6±24.2 inv=1.2 played=9.3 lanes=4.5 ddraw=28.4 pts=-47
  vs Random: 60W/67L/1D | score=-39.6±14.3 inv=1.0 played=10.4 lanes=5.0 ddraw=27.2 pts=-40
  Self-play: 58W/69L/1D | score=-44.8±18.3 inv=1.1 played=10.0 lanes=4.9 ddraw=25.0 pts=-45
Step: 1884160  SPS: 2763  ε=0.081  ret=-1.801  score=-54.0  buf=100%  updates=14642
  vs Heur:   1W/101L/0D | score=-57.2±34.5 inv=2.3 played=10.3 lanes=4.7 ddraw=32.0 pts=-57
  vs Random: 61W/66L/1D | score=-43.8±19.7 inv=1.8 played=11.0 lanes=4.9 ddraw=29.9 pts=-44
  Self-play: 71W/57L/0D | score=-43.3±22.2 inv=1.6 played=10.6 lanes=4.9 ddraw=24.9 pts=-43
Step: 1966080  SPS: 2752  ε=0.080  ret=-1.666  score=-50.0  buf=100%  updates=15282
  vs Heur:   1W/100L/0D | score=-40.0±23.2 inv=1.0 played=9.7 lanes=4.5 ddraw=29.0 pts=-40
  vs Random: 73W/51L/4D | score=-35.5±15.3 inv=0.6 played=10.2 lanes=4.9 ddraw=28.6 pts=-35
  Self-play: 66W/58L/4D | score=-37.4±14.8 inv=0.5 played=9.6 lanes=4.8 ddraw=25.0 pts=-37
Step: 2048000  SPS: 2742  ε=0.080  ret=-1.937  score=-58.1  buf=100%  updates=15922
  vs Heur:   1W/98L/1D | score=-39.9±21.7 inv=0.7 played=8.2 lanes=4.2 ddraw=30.2 pts=-40
  vs Random: 83W/44L/1D | score=-36.7±14.8 inv=0.3 played=9.2 lanes=4.8 ddraw=27.9 pts=-37
  Self-play: 67W/60L/1D | score=-40.9±14.7 inv=0.3 played=8.5 lanes=4.7 ddraw=24.9 pts=-41
Step: 2129920  SPS: 2737  ε=0.079  ret=-1.647  score=-49.4  buf=100%  updates=16562
  vs Heur:   2W/98L/0D | score=-38.3±23.6 inv=0.5 played=8.6 lanes=4.3 ddraw=32.0 pts=-38
  vs Random: 67W/58L/3D | score=-38.0±14.1 inv=0.3 played=9.3 lanes=4.8 ddraw=29.3 pts=-38
  Self-play: 56W/69L/3D | score=-39.7±14.8 inv=0.3 played=8.8 lanes=4.8 ddraw=25.4 pts=-40
Step: 2211840  SPS: 2726  ε=0.078  ret=-1.469  score=-44.1  buf=100%  updates=17202
  vs Heur:   1W/98L/1D | score=-43.5±29.6 inv=1.3 played=9.3 lanes=4.3 ddraw=34.9 pts=-44
  vs Random: 74W/54L/0D | score=-39.8±16.4 inv=0.8 played=10.0 lanes=4.8 ddraw=30.0 pts=-40
  Self-play: 54W/74L/0D | score=-42.9±17.5 inv=0.9 played=9.1 lanes=4.6 ddraw=25.1 pts=-43
Step: 2293760  SPS: 2720  ε=0.077  ret=-1.498  score=-44.9  buf=100%  updates=17842
  vs Heur:   1W/99L/0D | score=-39.1±22.6 inv=0.6 played=7.8 lanes=4.2 ddraw=31.3 pts=-39
  vs Random: 75W/53L/0D | score=-35.7±15.8 inv=0.3 played=8.8 lanes=4.7 ddraw=28.8 pts=-36
  Self-play: 53W/74L/1D | score=-42.4±15.3 inv=0.5 played=8.2 lanes=4.7 ddraw=25.2 pts=-42
Step: 2375680  SPS: 2723  ε=0.076  ret=-1.742  score=-52.3  buf=100%  updates=18482
  vs Heur:   0W/103L/0D | score=-36.9±24.9 inv=0.7 played=7.9 lanes=4.0 ddraw=28.8 pts=-37
  vs Random: 70W/56L/2D | score=-35.4±18.1 inv=0.6 played=8.8 lanes=4.5 ddraw=27.4 pts=-35
  Self-play: 66W/61L/1D | score=-37.9±18.4 inv=0.5 played=8.4 lanes=4.5 ddraw=25.3 pts=-38
Step: 2457600  SPS: 2717  ε=0.075  ret=-1.496  score=-44.9  buf=100%  updates=19122
  vs Heur:   0W/101L/0D | score=-40.1±25.7 inv=1.0 played=7.9 lanes=4.0 ddraw=31.4 pts=-40
  vs Random: 66W/61L/1D | score=-41.5±21.3 inv=1.0 played=9.4 lanes=4.7 ddraw=29.1 pts=-42
  Self-play: 62W/63L/3D | score=-39.6±18.4 inv=0.8 played=9.1 lanes=4.7 ddraw=24.8 pts=-40
Step: 2539520  SPS: 2717  ε=0.075  ret=-1.640  score=-49.2  buf=100%  updates=19762
  vs Heur:   4W/96L/0D | score=-36.0±24.7 inv=0.7 played=8.7 lanes=4.2 ddraw=33.5 pts=-36
  vs Random: 82W/45L/1D | score=-33.8±16.2 inv=0.4 played=9.2 lanes=4.6 ddraw=30.0 pts=-34
  Self-play: 63W/64L/1D | score=-36.5±16.9 inv=0.7 played=9.3 lanes=4.7 ddraw=25.0 pts=-37
Step: 2621440  SPS: 2708  ε=0.074  ret=-1.507  score=-45.2  buf=100%  updates=20402
  vs Heur:   1W/99L/1D | score=-35.5±24.5 inv=0.7 played=8.8 lanes=4.2 ddraw=33.6 pts=-35
  vs Random: 73W/54L/1D | score=-39.4±14.7 inv=0.5 played=9.2 lanes=4.7 ddraw=28.9 pts=-39
  Self-play: 59W/66L/3D | score=-42.2±15.8 inv=0.5 played=8.3 lanes=4.6 ddraw=25.1 pts=-42
Step: 2703360  SPS: 2708  ε=0.073  ret=-1.420  score=-42.6  buf=100%  updates=21042
  vs Heur:   3W/98L/0D | score=-36.0±29.2 inv=1.1 played=8.0 lanes=3.7 ddraw=29.8 pts=-36
  vs Random: 76W/49L/3D | score=-36.2±17.9 inv=0.7 played=7.7 lanes=4.1 ddraw=27.3 pts=-36
  Self-play: 62W/66L/0D | score=-35.4±20.0 inv=0.9 played=8.7 lanes=4.3 ddraw=25.0 pts=-35
Step: 2785280  SPS: 2701  ε=0.072  ret=-1.603  score=-48.1  buf=100%  updates=21682
  vs Heur:   0W/100L/1D | score=-35.1±24.7 inv=1.0 played=8.7 lanes=4.0 ddraw=32.4 pts=-35
  vs Random: 65W/59L/4D | score=-35.8±15.8 inv=0.5 played=8.5 lanes=4.3 ddraw=29.0 pts=-36
  Self-play: 67W/58L/3D | score=-31.2±16.0 inv=0.6 played=9.5 lanes=4.5 ddraw=25.0 pts=-31
Step: 2867200  SPS: 2693  ε=0.071  ret=-1.398  score=-41.9  buf=100%  updates=22322
  vs Heur:   2W/101L/0D | score=-37.6±25.6 inv=1.1 played=9.0 lanes=4.2 ddraw=31.0 pts=-38
  vs Random: 72W/54L/2D | score=-35.1±15.6 inv=0.5 played=8.5 lanes=4.3 ddraw=28.8 pts=-35
  Self-play: 55W/72L/1D | score=-37.1±17.4 inv=0.8 played=9.0 lanes=4.4 ddraw=24.8 pts=-37
Step: 2949120  SPS: 2695  ε=0.071  ret=-1.423  score=-42.7  buf=100%  updates=22962
  vs Heur:   5W/96L/0D | score=-44.0±36.1 inv=2.1 played=10.5 lanes=4.2 ddraw=31.9 pts=-44
  vs Random: 67W/59L/2D | score=-38.9±26.1 inv=1.9 played=10.2 lanes=4.3 ddraw=28.9 pts=-39
  Self-play: 62W/64L/2D | score=-35.4±20.8 inv=1.6 played=10.1 lanes=4.4 ddraw=25.1 pts=-35
Step: 3031040  SPS: 2699  ε=0.070  ret=-1.265  score=-38.0  buf=100%  updates=23602
  vs Heur:   2W/99L/0D | score=-36.9±30.8 inv=1.6 played=9.2 lanes=3.9 ddraw=32.8 pts=-37
  vs Random: 65W/61L/2D | score=-37.5±25.6 inv=1.4 played=8.5 lanes=3.9 ddraw=28.8 pts=-37
  Self-play: 67W/57L/4D | score=-35.4±24.5 inv=1.3 played=8.0 lanes=3.8 ddraw=24.9 pts=-35
Step: 3112960  SPS: 2709  ε=0.069  ret=-1.424  score=-42.7  buf=100%  updates=24242
  vs Heur:   3W/100L/0D | score=-26.5±25.1 inv=1.0 played=8.2 lanes=3.5 ddraw=32.7 pts=-27
  vs Random: 67W/57L/4D | score=-35.4±22.6 inv=0.8 played=7.9 lanes=3.9 ddraw=28.3 pts=-35
  Self-play: 67W/60L/1D | score=-32.6±18.7 inv=0.9 played=8.8 lanes=4.1 ddraw=25.0 pts=-33
Step: 3194880  SPS: 2718  ε=0.068  ret=-1.478  score=-44.3  buf=100%  updates=24882
  vs Heur:   2W/98L/0D | score=-42.7±35.3 inv=2.0 played=10.2 lanes=4.1 ddraw=33.2 pts=-43
  vs Random: 61W/65L/2D | score=-38.3±25.5 inv=1.5 played=9.1 lanes=4.0 ddraw=29.1 pts=-38
  Self-play: 47W/79L/2D | score=-39.2±24.3 inv=1.6 played=9.6 lanes=4.2 ddraw=24.8 pts=-39
Step: 3276800  SPS: 2723  ε=0.067  ret=-1.325  score=-39.8  buf=100%  updates=25522
  vs Heur:   2W/99L/0D | score=-31.4±22.5 inv=0.9 played=7.1 lanes=3.4 ddraw=33.1 pts=-31
  vs Random: 75W/50L/3D | score=-27.9±18.8 inv=0.6 played=4.9 lanes=2.8 ddraw=28.8 pts=-28
  Self-play: 69W/59L/0D | score=-37.1±21.3 inv=0.8 played=6.5 lanes=3.6 ddraw=24.7 pts=-37
Step: 3358720  SPS: 2727  ε=0.066  ret=-1.245  score=-37.4  buf=100%  updates=26162
  vs Heur:   1W/99L/1D | score=-31.4±26.9 inv=1.5 played=8.2 lanes=3.3 ddraw=32.6 pts=-31
  vs Random: 59W/67L/2D | score=-35.9±22.3 inv=1.2 played=6.8 lanes=3.1 ddraw=29.4 pts=-36
  Self-play: 57W/71L/0D | score=-35.0±26.0 inv=1.4 played=8.0 lanes=3.6 ddraw=24.9 pts=-35
Step: 3440640  SPS: 2729  ε=0.066  ret=-1.167  score=-35.0  buf=100%  updates=26802
  vs Heur:   4W/96L/0D | score=-26.3±26.1 inv=0.8 played=8.6 lanes=3.7 ddraw=33.4 pts=-26
  vs Random: 77W/48L/3D | score=-31.8±20.1 inv=0.5 played=7.4 lanes=3.8 ddraw=29.4 pts=-32
  Self-play: 64W/64L/0D | score=-31.4±20.9 inv=0.9 played=8.5 lanes=3.9 ddraw=24.8 pts=-31
Step: 3522560  SPS: 2734  ε=0.065  ret=-1.010  score=-30.3  buf=100%  updates=27442
  vs Heur:   4W/96L/0D | score=-30.2±25.8 inv=1.1 played=7.6 lanes=3.4 ddraw=33.0 pts=-30
  vs Random: 78W/47L/3D | score=-27.2±22.7 inv=1.0 played=5.6 lanes=2.7 ddraw=28.8 pts=-27
  Self-play: 66W/61L/1D | score=-27.2±20.7 inv=0.9 played=6.6 lanes=3.1 ddraw=25.1 pts=-27
Step: 3604480  SPS: 2739  ε=0.064  ret=-1.038  score=-31.1  buf=100%  updates=28082
  vs Heur:   4W/96L/0D | score=-28.9±24.3 inv=1.0 played=7.7 lanes=3.4 ddraw=31.8 pts=-29
  vs Random: 92W/36L/0D | score=-24.1±20.9 inv=0.7 played=5.7 lanes=2.7 ddraw=28.8 pts=-24
  Self-play: 62W/64L/2D | score=-26.7±19.2 inv=0.8 played=7.0 lanes=3.3 ddraw=25.1 pts=-27
Step: 3686400  SPS: 2745  ε=0.063  ret=-0.952  score=-28.6  buf=100%  updates=28722
  vs Heur:   6W/94L/0D | score=-25.1±26.4 inv=0.7 played=6.7 lanes=2.9 ddraw=35.2 pts=-25
  vs Random: 93W/32L/3D | score=-22.2±19.5 inv=0.5 played=4.9 lanes=2.4 ddraw=29.2 pts=-22
  Self-play: 58W/70L/0D | score=-28.5±22.6 inv=0.7 played=6.6 lanes=3.1 ddraw=24.8 pts=-29
Step: 3768320  SPS: 2749  ε=0.062  ret=-1.047  score=-31.4  buf=100%  updates=29362
  vs Heur:   1W/99L/0D | score=-24.3±24.5 inv=0.8 played=7.2 lanes=3.2 ddraw=31.9 pts=-24
  vs Random: 101W/27L/0D | score=-22.8±17.8 inv=0.4 played=4.5 lanes=2.5 ddraw=28.7 pts=-23
  Self-play: 62W/66L/0D | score=-28.7±20.3 inv=0.8 played=6.7 lanes=3.2 ddraw=25.0 pts=-29
Step: 3850240  SPS: 2745  ε=0.061  ret=-1.147  score=-34.4  buf=100%  updates=30002
  vs Heur:   2W/100L/0D | score=-24.8±22.5 inv=0.9 played=7.2 lanes=3.1 ddraw=30.8 pts=-25
  vs Random: 96W/31L/1D | score=-19.0±20.2 inv=0.8 played=5.2 lanes=2.2 ddraw=28.6 pts=-19
  Self-play: 60W/67L/1D | score=-21.0±20.7 inv=0.7 played=6.6 lanes=2.9 ddraw=25.0 pts=-21
