wandb: [wandb.login()] Loaded credentials for https://api.wandb.ai from /home/zzhang18/.netrc.
wandb: Currently logged in as: nchen3 (ningcong-chen) to https://api.wandb.ai. Use `wandb login --relogin` to force relogin
wandb: setting up run gam0bcl2
wandb: Tracking run with wandb version 0.25.1
wandb: Run data is saved locally in /home/zzhang18/nchen3/eco/wandb/run-20260411_145332-gam0bcl2
wandb: Run `wandb offline` to turn off syncing.
wandb: Syncing run lc__lc_p18_1b_8k__1__1775933612
wandb: ⭐️ View project at https://wandb.ai/ningcong-chen/ppo-eco
wandb: 🚀 View run at https://wandb.ai/ningcong-chen/ppo-eco/runs/gam0bcl2
Agent params: 827,481
/home/zzhang18/nchen3/eco/game/lc/batch_stepper.py:144: NumbaTypeSafetyWarning: [1m[1m[1munsafe cast from uint64 to int64. Precision may be lost.[0m[0m[0m
  s = states[i]
Step: 524288 SPS: 47886  ev=-0.904  ent=3.443  grad=0.30/0.30  h=2.0 c=4.5  kl=0.0096  vl=0.0428
Step: 1048576 SPS: 58200  ev=-0.085  ent=3.419  grad=0.06/0.06  h=2.3 c=5.2  kl=0.0087  vl=0.0320
Step: 1572864 SPS: 62642  ev=0.182  ent=3.377  grad=0.07/0.07  h=2.8 c=6.5  kl=0.0086  vl=0.0275
Step: 2097152 SPS: 65381  ev=0.350  ent=3.331  grad=0.16/0.16  h=3.1 c=7.4  kl=0.0089  vl=0.0213
Step: 2621440 SPS: 67635  ev=0.571  ent=3.291  grad=0.19/0.19  h=3.4 c=8.3  kl=0.0075  vl=0.0128
Step: 3145728 SPS: 68994  ev=0.696  ent=3.228  grad=0.25/0.25  h=3.7 c=9.3  kl=0.0081  vl=0.0114
Step: 3670016 SPS: 70031  ev=0.794  ent=3.242  grad=0.08/0.08  h=3.9 c=10.0  kl=0.0081  vl=0.0097
Step: 4194304 SPS: 70966  ev=0.844  ent=3.227  grad=0.19/0.19  h=4.0 c=9.8  kl=0.0083  vl=0.0094
Step: 4718592 SPS: 71647  ev=0.870  ent=3.198  grad=0.19/0.19  h=4.1 c=10.1  kl=0.0087  vl=0.0099
Step: 5242880 SPS: 72035  ev=0.892  ent=3.196  grad=0.33/0.33  h=4.1 c=10.0  kl=0.0088  vl=0.0096
Step: 5767168 SPS: 72384  ev=0.906  ent=3.162  grad=0.28/0.28  h=4.1 c=9.9  kl=0.0084  vl=0.0093
Step: 6291456 SPS: 72646  ev=0.920  ent=3.138  grad=0.17/0.17  h=4.1 c=9.8  kl=0.0088  vl=0.0090
Step: 6815744 SPS: 72822  ev=0.923  ent=3.097  grad=0.26/0.26  h=4.1 c=9.7  kl=0.0087  vl=0.0102
Step: 7340032 SPS: 72916  ev=0.925  ent=3.056  grad=0.42/0.42  h=4.1 c=9.7  kl=0.0087  vl=0.0119
Step: 7864320 SPS: 72903  ev=0.921  ent=3.011  grad=0.13/0.13  h=4.1 c=9.5  kl=0.0092  vl=0.0148
Step: 8388608 SPS: 72773  ev=0.911  ent=2.960  grad=0.39/0.39  h=4.1 c=9.5  kl=0.0077  vl=0.0162
Step: 8912896 SPS: 72670  ev=0.903  ent=2.892  grad=0.32/0.32  h=4.2 c=9.5  kl=0.0087  vl=0.0209
Step: 9437184 SPS: 72478  ev=0.893  ent=2.834  grad=0.32/0.32  h=4.2 c=9.6  kl=0.0071  vl=0.0249
Step: 9961472 SPS: 72264  ev=0.884  ent=2.779  grad=0.55/0.50  h=4.2 c=9.5  kl=0.0068  vl=0.0289
  vs Random: 95W/4L/1D | score=-7.6±13.7 inv=0.0 played=11.5 lanes=5.0 ddraw=10.9 pts=-8
  Self-play: 46W/54L/0D | score=-22.9±18.8 inv=0.0 played=10.1 lanes=5.0 ddraw=15.8 pts=-23
Step: 10485760 SPS: 72020  ev=0.875  ent=2.714  grad=0.67/0.50  h=4.2 c=9.5  kl=0.0067  vl=0.0345
Step: 11010048 SPS: 71733  ev=0.871  ent=2.638  grad=0.57/0.50  h=4.3 c=9.5  kl=0.0091  vl=0.0365
Step: 11534336 SPS: 71428  ev=0.856  ent=2.562  grad=0.36/0.36  h=4.3 c=9.5  kl=0.0071  vl=0.0430
Step: 12058624 SPS: 71068  ev=0.846  ent=2.468  grad=0.14/0.14  h=4.3 c=9.5  kl=0.0076  vl=0.0445
Step: 12582912 SPS: 70684  ev=0.833  ent=2.387  grad=0.32/0.32  h=4.3 c=9.4  kl=0.0079  vl=0.0489
Step: 13107200 SPS: 70371  ev=0.820  ent=2.309  grad=0.36/0.36  h=4.3 c=9.4  kl=0.0068  vl=0.0508
Step: 13631488 SPS: 69978  ev=0.811  ent=2.226  grad=0.22/0.22  h=4.3 c=9.4  kl=0.0068  vl=0.0526
Step: 14155776 SPS: 69596  ev=0.803  ent=2.148  grad=0.16/0.16  h=4.3 c=9.3  kl=0.0061  vl=0.0540
Step: 14680064 SPS: 69223  ev=0.791  ent=2.053  grad=0.28/0.28  h=4.3 c=9.3  kl=0.0058  vl=0.0560
Step: 15204352 SPS: 68893  ev=0.783  ent=2.000  grad=0.26/0.26  h=4.3 c=9.4  kl=0.0057  vl=0.0578
Step: 15728640 SPS: 68543  ev=0.777  ent=1.910  grad=0.40/0.40  h=4.3 c=9.3  kl=0.0057  vl=0.0577
Step: 16252928 SPS: 68106  ev=0.765  ent=1.846  grad=0.72/0.50  h=4.3 c=9.3  kl=0.0052  vl=0.0600
Step: 16777216 SPS: 67738  ev=0.763  ent=1.783  grad=0.28/0.28  h=4.4 c=9.3  kl=0.0048  vl=0.0609
Step: 17301504 SPS: 67399  ev=0.760  ent=1.725  grad=0.19/0.19  h=4.4 c=9.3  kl=0.0041  vl=0.0617
Step: 17825792 SPS: 67105  ev=0.752  ent=1.699  grad=0.22/0.22  h=4.4 c=9.4  kl=0.0045  vl=0.0627
Step: 18350080 SPS: 66785  ev=0.752  ent=1.650  grad=0.81/0.50  h=4.4 c=9.5  kl=0.0050  vl=0.0651
Step: 18874368 SPS: 67137  ev=0.740  ent=1.567  grad=1.37/0.50  h=4.4 c=9.8  kl=0.0227  vl=0.0689
Step: 19398656 SPS: 66854  ev=0.755  ent=1.592  grad=0.20/0.20  h=4.4 c=9.8  kl=0.0050  vl=0.0588
Step: 19922944 SPS: 66585  ev=0.755  ent=1.589  grad=0.25/0.25  h=4.4 c=9.8  kl=0.0054  vl=0.0622
Step: 20447232 SPS: 66338  ev=0.757  ent=1.560  grad=0.52/0.50  h=4.4 c=9.9  kl=0.0068  vl=0.0618
  vs Random: 100W/0L/0D | score=8.6±11.3 inv=0.0 played=14.5 lanes=5.0 ddraw=4.4 pts=9
  Self-play: 48W/51L/4D | score=-7.8±12.4 inv=0.0 played=12.6 lanes=5.0 ddraw=1.2 pts=-8
Step: 20971520 SPS: 66070  ev=0.748  ent=1.534  grad=0.56/0.50  h=4.4 c=10.1  kl=0.0043  vl=0.0632
Step: 21495808 SPS: 65834  ev=0.755  ent=1.542  grad=1.77/0.50  h=4.4 c=10.2  kl=0.0082  vl=0.0765
Step: 22020096 SPS: 65643  ev=0.750  ent=1.615  grad=0.89/0.50  h=4.4 c=10.1  kl=0.0083  vl=0.0681
Step: 22544384 SPS: 65458  ev=0.760  ent=1.636  grad=0.36/0.36  h=4.4 c=10.3  kl=0.0063  vl=0.0641
Step: 23068672 SPS: 65362  ev=0.771  ent=1.629  grad=0.38/0.38  h=4.4 c=10.6  kl=0.0053  vl=0.0623
Step: 23592960 SPS: 65256  ev=0.774  ent=1.613  grad=1.03/0.50  h=4.4 c=10.5  kl=0.0061  vl=0.0642
Step: 24117248 SPS: 65266  ev=0.780  ent=1.679  grad=0.47/0.47  h=4.4 c=10.6  kl=0.0103  vl=0.0587
Step: 24641536 SPS: 65123  ev=0.772  ent=1.564  grad=0.23/0.23  h=4.4 c=10.8  kl=0.0054  vl=0.0607
Step: 25165824 SPS: 64982  ev=0.771  ent=1.612  grad=0.34/0.34  h=4.4 c=10.9  kl=0.0072  vl=0.0611
Step: 25690112 SPS: 64851  ev=0.780  ent=1.639  grad=0.34/0.34  h=4.4 c=11.0  kl=0.0066  vl=0.0584
Step: 26214400 SPS: 64751  ev=0.794  ent=1.694  grad=0.30/0.30  h=4.4 c=10.8  kl=0.0070  vl=0.0546
Step: 26738688 SPS: 65108  ev=0.808  ent=1.773  grad=0.46/0.46  h=4.4 c=10.9  kl=0.0102  vl=0.0544
Step: 27262976 SPS: 65076  ev=0.822  ent=1.797  grad=0.19/0.19  h=4.4 c=11.0  kl=0.0064  vl=0.0512
Step: 27787264 SPS: 64991  ev=0.813  ent=1.722  grad=0.19/0.19  h=4.4 c=10.9  kl=0.0065  vl=0.0558
Step: 28311552 SPS: 64905  ev=0.803  ent=1.692  grad=0.52/0.50  h=4.3 c=10.8  kl=0.0072  vl=0.0585
Step: 28835840 SPS: 64827  ev=0.805  ent=1.648  grad=0.13/0.13  h=4.4 c=10.9  kl=0.0059  vl=0.0573
Step: 29360128 SPS: 64773  ev=0.802  ent=1.658  grad=0.28/0.28  h=4.4 c=11.2  kl=0.0062  vl=0.0539
Step: 29884416 SPS: 64689  ev=0.798  ent=1.681  grad=0.17/0.17  h=4.3 c=10.9  kl=0.0073  vl=0.0538
Step: 30408704 SPS: 64640  ev=0.796  ent=1.629  grad=0.15/0.15  h=4.4 c=11.2  kl=0.0068  vl=0.0542
Step: 30932992 SPS: 64544  ev=0.799  ent=1.662  grad=0.16/0.16  h=4.4 c=11.5  kl=0.0079  vl=0.0555
  vs Random: 101W/0L/0D | score=14.3±12.8 inv=0.0 played=15.9 lanes=5.0 ddraw=24.0 pts=14
  Self-play: 56W/42L/2D | score=-1.9±11.9 inv=0.0 played=13.9 lanes=5.0 ddraw=3.7 pts=-2
Step: 31457280 SPS: 64462  ev=0.795  ent=1.641  grad=0.38/0.38  h=4.4 c=11.5  kl=0.0074  vl=0.0565
Step: 31981568 SPS: 64398  ev=0.787  ent=1.580  grad=0.16/0.16  h=4.3 c=11.7  kl=0.0075  vl=0.0565
Step: 32505856 SPS: 64350  ev=0.788  ent=1.598  grad=0.20/0.20  h=4.3 c=11.7  kl=0.0074  vl=0.0575
Step: 33030144 SPS: 64311  ev=0.799  ent=1.656  grad=0.19/0.19  h=4.3 c=11.6  kl=0.0077  vl=0.0539
Step: 33554432 SPS: 64261  ev=0.805  ent=1.660  grad=0.30/0.30  h=4.3 c=11.7  kl=0.0082  vl=0.0537
Step: 34078720 SPS: 64196  ev=0.802  ent=1.729  grad=0.41/0.41  h=4.3 c=11.6  kl=0.0084  vl=0.0507
Step: 34603008 SPS: 64125  ev=0.799  ent=1.584  grad=0.82/0.50  h=4.3 c=11.5  kl=0.0154  vl=0.0559
Step: 35127296 SPS: 64089  ev=0.806  ent=1.705  grad=0.27/0.27  h=4.3 c=11.6  kl=0.0083  vl=0.0542
Step: 35651584 SPS: 64059  ev=0.808  ent=1.714  grad=0.22/0.22  h=4.3 c=11.5  kl=0.0091  vl=0.0573
Step: 36175872 SPS: 64228  ev=0.814  ent=1.750  grad=0.46/0.46  h=4.3 c=11.7  kl=0.0101  vl=0.0533
Step: 36700160 SPS: 64190  ev=0.810  ent=1.675  grad=0.19/0.19  h=4.3 c=11.9  kl=0.0077  vl=0.0555
Step: 37224448 SPS: 64140  ev=0.810  ent=1.692  grad=0.25/0.25  h=4.3 c=11.9  kl=0.0093  vl=0.0528
Step: 37748736 SPS: 64087  ev=0.807  ent=1.630  grad=0.35/0.35  h=4.3 c=11.8  kl=0.0102  vl=0.0524
Step: 38273024 SPS: 64025  ev=0.795  ent=1.595  grad=0.21/0.21  h=4.3 c=11.8  kl=0.0091  vl=0.0560
Step: 38797312 SPS: 63954  ev=0.784  ent=1.492  grad=0.40/0.40  h=4.2 c=12.0  kl=0.0096  vl=0.0585
Step: 39321600 SPS: 63926  ev=0.784  ent=1.505  grad=0.35/0.35  h=4.3 c=11.8  kl=0.0088  vl=0.0592
Step: 39845888 SPS: 63878  ev=0.790  ent=1.554  grad=0.18/0.18  h=4.2 c=11.8  kl=0.0085  vl=0.0570
Step: 40370176 SPS: 63836  ev=0.796  ent=1.568  grad=0.40/0.40  h=4.3 c=11.8  kl=0.0088  vl=0.0576
Step: 40894464 SPS: 63771  ev=0.797  ent=1.589  grad=0.18/0.18  h=4.2 c=11.9  kl=0.0088  vl=0.0529
Step: 41418752 SPS: 63721  ev=0.786  ent=1.505  grad=0.58/0.50  h=4.2 c=12.0  kl=0.0098  vl=0.0575
  vs Random: 100W/0L/0D | score=13.9±15.3 inv=0.0 played=16.2 lanes=5.0 ddraw=22.4 pts=14
  Self-play: 57W/42L/1D | score=0.5±14.2 inv=0.0 played=14.5 lanes=5.0 ddraw=4.3 pts=1
Step: 41943040 SPS: 63685  ev=0.779  ent=1.449  grad=0.31/0.31  h=4.2 c=12.0  kl=0.0090  vl=0.0582
Step: 42467328 SPS: 63653  ev=0.788  ent=1.516  grad=0.30/0.30  h=4.2 c=11.9  kl=0.0085  vl=0.0561
Step: 42991616 SPS: 63610  ev=0.793  ent=1.541  grad=0.24/0.24  h=4.2 c=12.1  kl=0.0097  vl=0.0562
Step: 43515904 SPS: 63663  ev=0.801  ent=1.551  grad=0.33/0.33  h=4.3 c=12.2  kl=0.0105  vl=0.0552
Step: 44040192 SPS: 63619  ev=0.791  ent=1.510  grad=0.26/0.26  h=4.2 c=12.2  kl=0.0097  vl=0.0539
Step: 44564480 SPS: 63578  ev=0.793  ent=1.509  grad=0.27/0.27  h=4.2 c=12.2  kl=0.0090  vl=0.0544
Step: 45088768 SPS: 63540  ev=0.796  ent=1.537  grad=0.24/0.24  h=4.2 c=12.3  kl=0.0097  vl=0.0554
Step: 45613056 SPS: 63506  ev=0.798  ent=1.553  grad=0.32/0.32  h=4.2 c=12.5  kl=0.0113  vl=0.0550
Step: 46137344 SPS: 63546  ev=0.797  ent=1.515  grad=0.39/0.39  h=4.3 c=12.4  kl=0.0100  vl=0.0564
Step: 46661632 SPS: 63541  ev=0.795  ent=1.536  grad=0.26/0.26  h=4.3 c=12.6  kl=0.0096  vl=0.0541
Step: 47185920 SPS: 63511  ev=0.789  ent=1.487  grad=0.20/0.20  h=4.3 c=12.8  kl=0.0099  vl=0.0555
Step: 47710208 SPS: 63470  ev=0.790  ent=1.482  grad=0.23/0.23  h=4.3 c=12.9  kl=0.0098  vl=0.0544
Step: 48234496 SPS: 63428  ev=0.782  ent=1.436  grad=0.41/0.41  h=4.2 c=13.0  kl=0.0093  vl=0.0560
Step: 48758784 SPS: 63406  ev=0.786  ent=1.446  grad=0.25/0.25  h=4.2 c=13.0  kl=0.0095  vl=0.0558
Step: 49283072 SPS: 63445  ev=0.776  ent=1.421  grad=0.23/0.23  h=4.2 c=13.1  kl=0.0100  vl=0.0596
Step: 49807360 SPS: 63548  ev=0.780  ent=1.424  grad=0.61/0.50  h=4.2 c=13.3  kl=0.0106  vl=0.0589
Step: 50331648 SPS: 63505  ev=0.788  ent=1.482  grad=0.23/0.23  h=4.2 c=13.5  kl=0.0092  vl=0.0545
Step: 50855936 SPS: 63471  ev=0.789  ent=1.486  grad=0.27/0.27  h=4.3 c=13.8  kl=0.0098  vl=0.0568
Step: 51380224 SPS: 63432  ev=0.791  ent=1.431  grad=0.25/0.25  h=4.3 c=13.8  kl=0.0102  vl=0.0579
Step: 51904512 SPS: 63396  ev=0.791  ent=1.420  grad=0.25/0.25  h=4.3 c=14.1  kl=0.0105  vl=0.0582
  vs Random: 101W/0L/0D | score=19.1±13.0 inv=0.0 played=17.1 lanes=5.0 ddraw=25.3 pts=19
  Self-play: 48W/48L/4D | score=0.0±11.2 inv=0.0 played=14.7 lanes=5.0 ddraw=3.3 pts=0
Step: 52428800 SPS: 63361  ev=0.790  ent=1.381  grad=0.22/0.22  h=4.3 c=14.2  kl=0.0098  vl=0.0573
Step: 52953088 SPS: 63319  ev=0.781  ent=1.346  grad=0.28/0.28  h=4.3 c=14.5  kl=0.0095  vl=0.0596
Step: 53477376 SPS: 63283  ev=0.781  ent=1.389  grad=0.36/0.36  h=4.3 c=14.6  kl=0.0106  vl=0.0595
Step: 54001664 SPS: 63245  ev=0.786  ent=1.439  grad=0.20/0.20  h=4.3 c=14.8  kl=0.0106  vl=0.0548
Step: 54525952 SPS: 63217  ev=0.796  ent=1.415  grad=0.28/0.28  h=4.3 c=14.9  kl=0.0108  vl=0.0560
Step: 55050240 SPS: 63319  ev=0.793  ent=1.450  grad=0.28/0.28  h=4.4 c=15.0  kl=0.0114  vl=0.0573
Step: 55574528 SPS: 63294  ev=0.796  ent=1.476  grad=0.24/0.24  h=4.3 c=15.2  kl=0.0101  vl=0.0535
Step: 56098816 SPS: 63285  ev=0.810  ent=1.566  grad=0.36/0.36  h=4.4 c=15.6  kl=0.0099  vl=0.0513
Step: 56623104 SPS: 63343  ev=0.817  ent=1.610  grad=0.37/0.37  h=4.4 c=15.6  kl=0.0107  vl=0.0519
Step: 57147392 SPS: 63523  ev=0.823  ent=1.565  grad=0.58/0.50  h=4.5 c=16.0  kl=0.0115  vl=0.0530
Step: 57671680 SPS: 63506  ev=0.824  ent=1.581  grad=0.23/0.23  h=4.5 c=16.0  kl=0.0096  vl=0.0498
Step: 58195968 SPS: 63560  ev=0.833  ent=1.648  grad=0.34/0.34  h=4.5 c=16.6  kl=0.0105  vl=0.0496
Step: 58720256 SPS: 63557  ev=0.834  ent=1.658  grad=0.27/0.27  h=4.5 c=16.7  kl=0.0094  vl=0.0491
Step: 59244544 SPS: 63557  ev=0.834  ent=1.648  grad=0.26/0.26  h=4.6 c=17.4  kl=0.0108  vl=0.0492
Step: 59768832 SPS: 63622  ev=0.848  ent=1.686  grad=0.19/0.19  h=4.6 c=18.2  kl=0.0102  vl=0.0467
Step: 60293120 SPS: 63744  ev=0.853  ent=1.729  grad=0.25/0.25  h=4.7 c=18.4  kl=0.0104  vl=0.0442
Step: 60817408 SPS: 63927  ev=0.856  ent=1.724  grad=0.49/0.49  h=4.7 c=19.0  kl=0.0102  vl=0.0472
Step: 61341696 SPS: 63922  ev=0.863  ent=1.816  grad=0.25/0.25  h=4.7 c=19.4  kl=0.0100  vl=0.0412
Step: 61865984 SPS: 63924  ev=0.856  ent=1.787  grad=0.28/0.28  h=4.7 c=19.2  kl=0.0096  vl=0.0426
Step: 62390272 SPS: 63923  ev=0.858  ent=1.774  grad=0.39/0.39  h=4.8 c=19.8  kl=0.0118  vl=0.0468
  vs Random: 100W/0L/0D | score=19.9±12.5 inv=0.2 played=17.3 lanes=5.0 ddraw=30.7 pts=20
  Self-play: 45W/53L/2D | score=3.9±14.3 inv=0.1 played=15.4 lanes=5.0 ddraw=8.6 pts=4
Step: 62914560 SPS: 63960  ev=0.857  ent=1.747  grad=0.25/0.25  h=4.8 c=19.6  kl=0.0106  vl=0.0466
Step: 63438848 SPS: 64082  ev=0.857  ent=1.724  grad=0.38/0.38  h=4.8 c=19.1  kl=0.0106  vl=0.0484
Step: 63963136 SPS: 64071  ev=0.842  ent=1.624  grad=0.18/0.18  h=4.7 c=18.1  kl=0.0103  vl=0.0475
Step: 64487424 SPS: 64055  ev=0.832  ent=1.603  grad=0.37/0.37  h=4.7 c=17.5  kl=0.0103  vl=0.0497
Step: 65011712 SPS: 64034  ev=0.825  ent=1.529  grad=0.35/0.35  h=4.6 c=17.5  kl=0.0103  vl=0.0520
Step: 65536000 SPS: 64062  ev=0.811  ent=1.442  grad=0.24/0.24  h=4.6 c=17.2  kl=0.0104  vl=0.0538
Step: 66060288 SPS: 64024  ev=0.811  ent=1.432  grad=0.28/0.28  h=4.6 c=17.3  kl=0.0101  vl=0.0555
Step: 66584576 SPS: 64103  ev=0.797  ent=1.381  grad=0.42/0.42  h=4.6 c=16.8  kl=0.0118  vl=0.0575
Step: 67108864 SPS: 64079  ev=0.794  ent=1.325  grad=0.31/0.31  h=4.5 c=16.6  kl=0.0102  vl=0.0584
Step: 67633152 SPS: 64127  ev=0.798  ent=1.370  grad=0.22/0.22  h=4.6 c=16.9  kl=0.0104  vl=0.0546
Step: 68157440 SPS: 64144  ev=0.792  ent=1.408  grad=0.27/0.27  h=4.6 c=17.1  kl=0.0112  vl=0.0559
Step: 68681728 SPS: 64111  ev=0.793  ent=1.385  grad=0.29/0.29  h=4.6 c=17.1  kl=0.0113  vl=0.0541
Step: 69206016 SPS: 64076  ev=0.787  ent=1.332  grad=0.30/0.30  h=4.5 c=17.1  kl=0.0130  vl=0.0594
Step: 69730304 SPS: 64042  ev=0.793  ent=1.369  grad=0.22/0.22  h=4.6 c=17.4  kl=0.0105  vl=0.0553
Step: 70254592 SPS: 64167  ev=0.795  ent=1.400  grad=0.33/0.33  h=4.6 c=17.4  kl=0.0104  vl=0.0568
Step: 70778880 SPS: 64134  ev=0.792  ent=1.348  grad=0.29/0.29  h=4.6 c=17.4  kl=0.0113  vl=0.0566
Step: 71303168 SPS: 64156  ev=0.796  ent=1.399  grad=0.21/0.21  h=4.6 c=17.7  kl=0.0101  vl=0.0542
Step: 71827456 SPS: 64186  ev=0.798  ent=1.443  grad=0.30/0.30  h=4.6 c=18.0  kl=0.0108  vl=0.0511
Step: 72351744 SPS: 64189  ev=0.806  ent=1.431  grad=0.21/0.21  h=4.6 c=18.5  kl=0.0103  vl=0.0528
Step: 72876032 SPS: 64265  ev=0.800  ent=1.417  grad=0.32/0.32  h=4.6 c=18.4  kl=0.0104  vl=0.0547
  vs Random: 100W/0L/0D | score=22.6±16.5 inv=0.5 played=18.2 lanes=5.0 ddraw=23.1 pts=23
  Self-play: 42W/55L/5D | score=1.9±17.5 inv=0.5 played=15.7 lanes=5.0 ddraw=5.7 pts=2
Step: 73400320 SPS: 64231  ev=0.798  ent=1.433  grad=0.17/0.17  h=4.6 c=18.0  kl=0.0105  vl=0.0517
Step: 73924608 SPS: 64365  ev=0.804  ent=1.403  grad=0.42/0.42  h=4.6 c=18.5  kl=0.0114  vl=0.0566
Step: 74448896 SPS: 64389  ev=0.804  ent=1.367  grad=0.23/0.23  h=4.6 c=18.3  kl=0.0109  vl=0.0541
Step: 74973184 SPS: 64350  ev=0.793  ent=1.356  grad=0.20/0.20  h=4.5 c=18.0  kl=0.0101  vl=0.0539
Step: 75497472 SPS: 64371  ev=0.788  ent=1.323  grad=0.33/0.33  h=4.6 c=18.3  kl=0.0109  vl=0.0575
Step: 76021760 SPS: 64387  ev=0.798  ent=1.360  grad=0.46/0.46  h=4.6 c=18.6  kl=0.0103  vl=0.0574
Step: 76546048 SPS: 64357  ev=0.798  ent=1.395  grad=0.20/0.20  h=4.6 c=18.3  kl=0.0103  vl=0.0514
Step: 77070336 SPS: 64343  ev=0.798  ent=1.402  grad=0.29/0.29  h=4.6 c=18.4  kl=0.0112  vl=0.0548
Step: 77594624 SPS: 64418  ev=0.794  ent=1.349  grad=0.27/0.27  h=4.6 c=18.3  kl=0.0104  vl=0.0576
Step: 78118912 SPS: 64435  ev=0.799  ent=1.382  grad=0.35/0.35  h=4.6 c=18.6  kl=0.0102  vl=0.0549
Step: 78643200 SPS: 64452  ev=0.797  ent=1.375  grad=0.27/0.27  h=4.6 c=18.8  kl=0.0107  vl=0.0542
Step: 79167488 SPS: 64423  ev=0.790  ent=1.290  grad=0.43/0.43  h=4.5 c=18.6  kl=0.0110  vl=0.0541
Step: 79691776 SPS: 64438  ev=0.790  ent=1.310  grad=0.34/0.34  h=4.6 c=18.8  kl=0.0105  vl=0.0564
Step: 80216064 SPS: 64455  ev=0.796  ent=1.345  grad=0.25/0.25  h=4.6 c=19.2  kl=0.0102  vl=0.0551
Step: 80740352 SPS: 64475  ev=0.797  ent=1.378  grad=0.24/0.24  h=4.6 c=19.1  kl=0.0111  vl=0.0534
Step: 81264640 SPS: 64447  ev=0.796  ent=1.353  grad=0.17/0.17  h=4.6 c=19.1  kl=0.0101  vl=0.0541
Step: 81788928 SPS: 64457  ev=0.791  ent=1.336  grad=0.24/0.24  h=4.6 c=19.1  kl=0.0104  vl=0.0553
Step: 82313216 SPS: 64431  ev=0.798  ent=1.362  grad=0.20/0.20  h=4.6 c=19.2  kl=0.0107  vl=0.0553
Step: 82837504 SPS: 64410  ev=0.805  ent=1.407  grad=0.18/0.18  h=4.7 c=19.9  kl=0.0108  vl=0.0544
Step: 83361792 SPS: 64477  ev=0.813  ent=1.442  grad=0.37/0.37  h=4.8 c=20.3  kl=0.0115  vl=0.0546
  vs Random: 100W/0L/0D | score=25.9±14.2 inv=0.6 played=18.7 lanes=5.0 ddraw=27.2 pts=26
  Self-play: 43W/54L/3D | score=5.7±16.6 inv=0.7 played=16.5 lanes=5.0 ddraw=5.8 pts=6
Step: 83886080 SPS: 64548  ev=0.818  ent=1.474  grad=0.21/0.21  h=4.8 c=20.5  kl=0.0103  vl=0.0526
Step: 84410368 SPS: 64658  ev=0.825  ent=1.536  grad=0.38/0.38  h=4.8 c=20.5  kl=0.0108  vl=0.0558
Step: 84934656 SPS: 64685  ev=0.825  ent=1.524  grad=0.20/0.20  h=4.8 c=20.2  kl=0.0102  vl=0.0530
Step: 85458944 SPS: 64748  ev=0.820  ent=1.490  grad=0.33/0.33  h=4.8 c=20.0  kl=0.0103  vl=0.0529
Step: 85983232 SPS: 64769  ev=0.816  ent=1.467  grad=0.28/0.28  h=4.7 c=19.9  kl=0.0108  vl=0.0516
Step: 86507520 SPS: 64745  ev=0.807  ent=1.403  grad=0.36/0.36  h=4.7 c=19.6  kl=0.0106  vl=0.0548
Step: 87031808 SPS: 64815  ev=0.800  ent=1.416  grad=0.40/0.40  h=4.7 c=19.5  kl=0.0131  vl=0.0544
Step: 87556096 SPS: 64830  ev=0.801  ent=1.401  grad=0.24/0.24  h=4.7 c=19.2  kl=0.0101  vl=0.0530
Step: 88080384 SPS: 64842  ev=0.795  ent=1.335  grad=0.24/0.24  h=4.7 c=19.1  kl=0.0106  vl=0.0553
Step: 88604672 SPS: 64850  ev=0.796  ent=1.348  grad=0.31/0.31  h=4.7 c=19.2  kl=0.0103  vl=0.0548
Step: 89128960 SPS: 64827  ev=0.799  ent=1.360  grad=0.19/0.19  h=4.7 c=19.6  kl=0.0101  vl=0.0561
Step: 89653248 SPS: 64799  ev=0.800  ent=1.372  grad=0.19/0.19  h=4.7 c=19.6  kl=0.0104  vl=0.0540
Step: 90177536 SPS: 64858  ev=0.802  ent=1.375  grad=0.33/0.33  h=4.7 c=20.0  kl=0.0102  vl=0.0555
Step: 90701824 SPS: 64958  ev=0.805  ent=1.425  grad=0.41/0.41  h=4.7 c=20.0  kl=0.0100  vl=0.0546
Step: 91226112 SPS: 64970  ev=0.797  ent=1.317  grad=0.26/0.26  h=4.7 c=19.6  kl=0.0102  vl=0.0562
Step: 91750400 SPS: 64983  ev=0.797  ent=1.346  grad=0.22/0.22  h=4.7 c=20.0  kl=0.0103  vl=0.0560
Step: 92274688 SPS: 64996  ev=0.800  ent=1.340  grad=0.30/0.30  h=4.7 c=20.4  kl=0.0102  vl=0.0540
Step: 92798976 SPS: 64972  ev=0.798  ent=1.355  grad=0.21/0.21  h=4.7 c=20.3  kl=0.0110  vl=0.0560
Step: 93323264 SPS: 64987  ev=0.804  ent=1.370  grad=0.27/0.27  h=4.7 c=20.4  kl=0.0107  vl=0.0518
Step: 93847552 SPS: 65040  ev=0.792  ent=1.357  grad=0.35/0.35  h=4.7 c=20.3  kl=0.0106  vl=0.0562
  vs Random: 100W/0L/0D | score=29.4±18.6 inv=1.1 played=19.4 lanes=5.0 ddraw=22.8 pts=29
  Self-play: 58W/43L/0D | score=8.1±18.5 inv=0.9 played=17.0 lanes=5.0 ddraw=4.6 pts=8
Step: 94371840 SPS: 65015  ev=0.795  ent=1.332  grad=0.39/0.39  h=4.7 c=20.1  kl=0.0106  vl=0.0552
Step: 94896128 SPS: 65038  ev=0.791  ent=1.334  grad=0.20/0.20  h=4.7 c=20.3  kl=0.0103  vl=0.0542
Step: 95420416 SPS: 65054  ev=0.803  ent=1.344  grad=0.28/0.28  h=4.7 c=20.8  kl=0.0102  vl=0.0542
Step: 95944704 SPS: 65104  ev=0.801  ent=1.374  grad=0.30/0.30  h=4.7 c=21.0  kl=0.0102  vl=0.0534
Step: 96468992 SPS: 65157  ev=0.802  ent=1.346  grad=0.29/0.29  h=4.8 c=21.4  kl=0.0110  vl=0.0549
Step: 96993280 SPS: 65185  ev=0.807  ent=1.414  grad=0.19/0.19  h=4.8 c=21.5  kl=0.0109  vl=0.0516
Step: 97517568 SPS: 65234  ev=0.804  ent=1.390  grad=0.23/0.23  h=4.8 c=21.3  kl=0.0103  vl=0.0531
Step: 98041856 SPS: 65250  ev=0.799  ent=1.355  grad=0.45/0.45  h=4.7 c=20.7  kl=0.0107  vl=0.0557
Step: 98566144 SPS: 65258  ev=0.792  ent=1.298  grad=0.22/0.22  h=4.7 c=20.1  kl=0.0100  vl=0.0592
Step: 99090432 SPS: 65260  ev=0.793  ent=1.319  grad=0.19/0.19  h=4.7 c=20.1  kl=0.0100  vl=0.0550
Step: 99614720 SPS: 65302  ev=0.779  ent=1.251  grad=0.28/0.28  h=4.6 c=19.6  kl=0.0100  vl=0.0570
Step: 100139008 SPS: 65299  ev=0.774  ent=1.224  grad=0.23/0.23  h=4.6 c=19.5  kl=0.0107  vl=0.0584
Step: 100663296 SPS: 65271  ev=0.774  ent=1.247  grad=0.31/0.31  h=4.6 c=19.6  kl=0.0115  vl=0.0600
Step: 101187584 SPS: 65237  ev=0.770  ent=1.212  grad=0.27/0.27  h=4.6 c=19.3  kl=0.0104  vl=0.0573
Step: 101711872 SPS: 65283  ev=0.769  ent=1.206  grad=0.31/0.31  h=4.6 c=19.5  kl=0.0101  vl=0.0602
Step: 102236160 SPS: 65321  ev=0.769  ent=1.206  grad=0.44/0.44  h=4.6 c=19.6  kl=0.0107  vl=0.0603
Step: 102760448 SPS: 65324  ev=0.772  ent=1.218  grad=0.22/0.22  h=4.6 c=19.9  kl=0.0101  vl=0.0614
Step: 103284736 SPS: 65361  ev=0.775  ent=1.197  grad=0.21/0.21  h=4.6 c=19.9  kl=0.0104  vl=0.0610
Step: 103809024 SPS: 65365  ev=0.782  ent=1.235  grad=0.32/0.32  h=4.6 c=20.0  kl=0.0106  vl=0.0577
Step: 104333312 SPS: 65329  ev=0.782  ent=1.246  grad=0.19/0.19  h=4.6 c=20.0  kl=0.0096  vl=0.0567
  vs Random: 101W/0L/0D | score=37.1±20.7 inv=1.9 played=20.5 lanes=5.0 ddraw=24.9 pts=37
  Self-play: 55W/45L/2D | score=7.9±24.9 inv=1.7 played=17.7 lanes=5.0 ddraw=3.4 pts=8
Step: 104857600 SPS: 65336  ev=0.782  ent=1.268  grad=0.28/0.28  h=4.6 c=20.2  kl=0.0107  vl=0.0581
Step: 105381888 SPS: 65373  ev=0.780  ent=1.252  grad=0.37/0.37  h=4.6 c=20.2  kl=0.0106  vl=0.0588
Step: 105906176 SPS: 65341  ev=0.779  ent=1.259  grad=0.27/0.27  h=4.6 c=20.4  kl=0.0112  vl=0.0594
Step: 106430464 SPS: 65312  ev=0.782  ent=1.258  grad=0.24/0.24  h=4.7 c=20.6  kl=0.0100  vl=0.0565
Step: 106954752 SPS: 65325  ev=0.779  ent=1.247  grad=0.17/0.17  h=4.7 c=20.5  kl=0.0105  vl=0.0584
Step: 107479040 SPS: 65378  ev=0.779  ent=1.218  grad=0.27/0.27  h=4.6 c=20.4  kl=0.0107  vl=0.0578
Step: 108003328 SPS: 65383  ev=0.783  ent=1.222  grad=0.25/0.25  h=4.7 c=20.7  kl=0.0100  vl=0.0567
Step: 108527616 SPS: 65421  ev=0.776  ent=1.204  grad=0.23/0.23  h=4.6 c=20.5  kl=0.0103  vl=0.0585
Step: 109051904 SPS: 65459  ev=0.775  ent=1.182  grad=0.45/0.45  h=4.6 c=20.3  kl=0.0125  vl=0.0597
Step: 109576192 SPS: 65423  ev=0.773  ent=1.197  grad=0.20/0.20  h=4.5 c=20.0  kl=0.0100  vl=0.0572
Step: 110100480 SPS: 65396  ev=0.766  ent=1.200  grad=0.24/0.24  h=4.5 c=20.2  kl=0.0112  vl=0.0576
Step: 110624768 SPS: 65396  ev=0.763  ent=1.131  grad=0.24/0.24  h=4.5 c=20.5  kl=0.0103  vl=0.0602
Step: 111149056 SPS: 65357  ev=0.766  ent=1.137  grad=0.26/0.26  h=4.5 c=20.5  kl=0.0108  vl=0.0593
Step: 111673344 SPS: 65324  ev=0.770  ent=1.116  grad=0.25/0.25  h=4.5 c=20.2  kl=0.0104  vl=0.0599
Step: 112197632 SPS: 65325  ev=0.766  ent=1.170  grad=0.32/0.32  h=4.5 c=20.4  kl=0.0104  vl=0.0595
Step: 112721920 SPS: 65333  ev=0.773  ent=1.161  grad=0.24/0.24  h=4.5 c=20.5  kl=0.0106  vl=0.0584
Step: 113246208 SPS: 65339  ev=0.766  ent=1.154  grad=0.28/0.28  h=4.5 c=20.5  kl=0.0102  vl=0.0610
Step: 113770496 SPS: 65315  ev=0.763  ent=1.124  grad=0.20/0.20  h=4.5 c=20.4  kl=0.0098  vl=0.0599
Step: 114294784 SPS: 65325  ev=0.758  ent=1.110  grad=0.18/0.18  h=4.5 c=20.1  kl=0.0102  vl=0.0606
Step: 114819072 SPS: 65294  ev=0.760  ent=1.123  grad=0.24/0.24  h=4.5 c=19.9  kl=0.0118  vl=0.0607
  vs Random: 100W/0L/0D | score=33.8±21.0 inv=1.8 played=20.7 lanes=5.0 ddraw=20.9 pts=34
  Self-play: 49W/52L/1D | score=7.5±22.0 inv=1.9 played=18.2 lanes=5.0 ddraw=3.3 pts=7
Step: 115343360 SPS: 65332  ev=0.755  ent=1.090  grad=0.22/0.22  h=4.5 c=19.9  kl=0.0105  vl=0.0630
Step: 115867648 SPS: 65319  ev=0.749  ent=1.064  grad=0.31/0.31  h=4.4 c=19.7  kl=0.0108  vl=0.0616
Step: 116391936 SPS: 65319  ev=0.741  ent=1.042  grad=0.19/0.19  h=4.4 c=19.5  kl=0.0107  vl=0.0612
Step: 116916224 SPS: 65324  ev=0.744  ent=1.028  grad=0.26/0.26  h=4.4 c=19.5  kl=0.0107  vl=0.0614
Step: 117440512 SPS: 65383  ev=0.749  ent=1.055  grad=0.39/0.39  h=4.5 c=19.5  kl=0.0112  vl=0.0636
Step: 117964800 SPS: 65391  ev=0.756  ent=1.083  grad=0.19/0.19  h=4.5 c=19.3  kl=0.0114  vl=0.0616
Step: 118489088 SPS: 65466  ev=0.762  ent=1.098  grad=0.28/0.28  h=4.5 c=19.6  kl=0.0103  vl=0.0631
Step: 119013376 SPS: 65514  ev=0.763  ent=1.047  grad=0.31/0.31  h=4.5 c=19.3  kl=0.0115  vl=0.0617
Step: 119537664 SPS: 65518  ev=0.761  ent=1.096  grad=0.28/0.28  h=4.4 c=19.1  kl=0.0099  vl=0.0593
Step: 120061952 SPS: 65589  ev=0.762  ent=1.098  grad=0.46/0.46  h=4.4 c=19.1  kl=0.0114  vl=0.0598
Step: 120586240 SPS: 65594  ev=0.762  ent=1.057  grad=0.23/0.23  h=4.4 c=19.0  kl=0.0103  vl=0.0612
Step: 121110528 SPS: 65600  ev=0.765  ent=1.089  grad=0.23/0.23  h=4.4 c=19.0  kl=0.0104  vl=0.0599
Step: 121634816 SPS: 65572  ev=0.764  ent=1.122  grad=0.19/0.19  h=4.4 c=18.8  kl=0.0103  vl=0.0591
Step: 122159104 SPS: 65574  ev=0.757  ent=1.073  grad=0.25/0.25  h=4.4 c=18.7  kl=0.0109  vl=0.0611
Step: 122683392 SPS: 65592  ev=0.758  ent=1.065  grad=0.20/0.20  h=4.4 c=18.8  kl=0.0102  vl=0.0600
Step: 123207680 SPS: 65605  ev=0.759  ent=1.034  grad=0.29/0.29  h=4.4 c=19.2  kl=0.0116  vl=0.0596
Step: 123731968 SPS: 65577  ev=0.750  ent=1.033  grad=0.28/0.28  h=4.4 c=19.2  kl=0.0121  vl=0.0610
Step: 124256256 SPS: 65550  ev=0.753  ent=1.046  grad=0.20/0.20  h=4.4 c=19.5  kl=0.0110  vl=0.0617
Step: 124780544 SPS: 65521  ev=0.753  ent=1.048  grad=0.18/0.18  h=4.4 c=19.5  kl=0.0107  vl=0.0592
Step: 125304832 SPS: 65552  ev=0.747  ent=1.000  grad=0.33/0.33  h=4.4 c=19.7  kl=0.0105  vl=0.0611
  vs Random: 100W/0L/0D | score=31.9±22.7 inv=1.9 played=20.5 lanes=5.0 ddraw=20.4 pts=32
  Self-play: 48W/52L/1D | score=9.5±22.4 inv=2.3 played=18.7 lanes=5.0 ddraw=3.0 pts=10
Step: 125829120 SPS: 65521  ev=0.743  ent=0.972  grad=0.32/0.32  h=4.4 c=19.3  kl=0.0114  vl=0.0625
Step: 126353408 SPS: 65526  ev=0.746  ent=0.991  grad=0.27/0.27  h=4.4 c=19.1  kl=0.0101  vl=0.0604
Step: 126877696 SPS: 65535  ev=0.753  ent=1.028  grad=0.19/0.19  h=4.5 c=19.1  kl=0.0102  vl=0.0600
Step: 127401984 SPS: 65569  ev=0.760  ent=1.029  grad=0.27/0.27  h=4.5 c=19.1  kl=0.0104  vl=0.0613
Step: 127926272 SPS: 65549  ev=0.760  ent=1.039  grad=0.26/0.26  h=4.4 c=19.1  kl=0.0099  vl=0.0600
Step: 128450560 SPS: 65586  ev=0.756  ent=1.082  grad=0.35/0.35  h=4.5 c=19.0  kl=0.0113  vl=0.0614
Step: 128974848 SPS: 65597  ev=0.765  ent=1.065  grad=0.24/0.24  h=4.5 c=19.1  kl=0.0100  vl=0.0609
Step: 129499136 SPS: 65609  ev=0.765  ent=1.084  grad=0.27/0.27  h=4.5 c=19.4  kl=0.0103  vl=0.0603
Step: 130023424 SPS: 65631  ev=0.773  ent=1.080  grad=0.38/0.38  h=4.5 c=19.5  kl=0.0114  vl=0.0607
Step: 130547712 SPS: 65640  ev=0.774  ent=1.078  grad=0.32/0.32  h=4.5 c=19.6  kl=0.0111  vl=0.0596
Step: 131072000 SPS: 65683  ev=0.770  ent=1.117  grad=0.26/0.26  h=4.5 c=19.3  kl=0.0101  vl=0.0599
Step: 131596288 SPS: 65721  ev=0.773  ent=1.051  grad=0.29/0.29  h=4.5 c=19.4  kl=0.0105  vl=0.0634
Step: 132120576 SPS: 65731  ev=0.765  ent=1.029  grad=0.34/0.34  h=4.4 c=19.2  kl=0.0117  vl=0.0621
Step: 132644864 SPS: 65739  ev=0.760  ent=1.014  grad=0.22/0.22  h=4.5 c=19.2  kl=0.0101  vl=0.0613
Step: 133169152 SPS: 65740  ev=0.755  ent=1.007  grad=0.21/0.21  h=4.4 c=19.1  kl=0.0107  vl=0.0615
Step: 133693440 SPS: 65714  ev=0.760  ent=1.039  grad=0.24/0.24  h=4.5 c=19.2  kl=0.0101  vl=0.0607
Step: 134217728 SPS: 65718  ev=0.764  ent=1.050  grad=0.18/0.18  h=4.5 c=19.5  kl=0.0102  vl=0.0614
Step: 134742016 SPS: 65752  ev=0.770  ent=1.093  grad=0.21/0.21  h=4.5 c=19.6  kl=0.0104  vl=0.0611
Step: 135266304 SPS: 65788  ev=0.778  ent=1.102  grad=0.36/0.36  h=4.5 c=19.6  kl=0.0103  vl=0.0594
Step: 135790592 SPS: 65796  ev=0.777  ent=1.105  grad=0.21/0.21  h=4.5 c=19.6  kl=0.0102  vl=0.0591
  vs Random: 102W/0L/0D | score=36.7±21.8 inv=2.0 played=20.9 lanes=5.0 ddraw=23.6 pts=37
  Self-play: 56W/47L/0D | score=12.3±17.5 inv=1.9 played=18.6 lanes=5.0 ddraw=3.8 pts=12
Step: 136314880 SPS: 65806  ev=0.774  ent=1.109  grad=0.19/0.19  h=4.5 c=19.5  kl=0.0102  vl=0.0585
Step: 136839168 SPS: 65796  ev=0.769  ent=1.094  grad=0.15/0.15  h=4.5 c=19.6  kl=0.0107  vl=0.0597
Step: 137363456 SPS: 65858  ev=0.764  ent=1.061  grad=0.39/0.39  h=4.5 c=19.6  kl=0.0103  vl=0.0613
Step: 137887744 SPS: 65859  ev=0.762  ent=1.050  grad=0.27/0.27  h=4.5 c=19.7  kl=0.0106  vl=0.0584
Step: 138412032 SPS: 65893  ev=0.763  ent=1.049  grad=0.26/0.26  h=4.4 c=19.8  kl=0.0107  vl=0.0601
Step: 138936320 SPS: 65898  ev=0.758  ent=1.041  grad=0.25/0.25  h=4.4 c=19.6  kl=0.0107  vl=0.0611
Step: 139460608 SPS: 65930  ev=0.771  ent=1.129  grad=0.40/0.40  h=4.5 c=20.0  kl=0.0109  vl=0.0564
Step: 139984896 SPS: 65967  ev=0.767  ent=1.066  grad=0.21/0.21  h=4.4 c=19.9  kl=0.0114  vl=0.0609
Step: 140509184 SPS: 65983  ev=0.760  ent=1.054  grad=0.23/0.23  h=4.4 c=19.7  kl=0.0102  vl=0.0617
Step: 141033472 SPS: 65978  ev=0.758  ent=1.074  grad=0.32/0.32  h=4.4 c=19.6  kl=0.0108  vl=0.0582
Step: 141557760 SPS: 65981  ev=0.756  ent=1.027  grad=0.26/0.26  h=4.4 c=19.9  kl=0.0107  vl=0.0610
Step: 142082048 SPS: 66011  ev=0.763  ent=1.089  grad=0.32/0.32  h=4.5 c=20.2  kl=0.0102  vl=0.0600
Step: 142606336 SPS: 66020  ev=0.758  ent=1.046  grad=0.25/0.25  h=4.4 c=20.0  kl=0.0105  vl=0.0601
Step: 143130624 SPS: 66010  ev=0.755  ent=1.019  grad=0.28/0.28  h=4.4 c=19.9  kl=0.0104  vl=0.0593
Step: 143654912 SPS: 65983  ev=0.751  ent=1.046  grad=0.29/0.29  h=4.4 c=19.9  kl=0.0112  vl=0.0600
Step: 144179200 SPS: 66052  ev=0.747  ent=0.979  grad=0.37/0.37  h=4.4 c=19.8  kl=0.0103  vl=0.0636
Step: 144703488 SPS: 66019  ev=0.736  ent=0.955  grad=0.20/0.20  h=4.3 c=19.7  kl=0.0102  vl=0.0612
Step: 145227776 SPS: 66021  ev=0.743  ent=0.955  grad=0.35/0.35  h=4.4 c=20.0  kl=0.0109  vl=0.0611
Step: 145752064 SPS: 66028  ev=0.746  ent=0.981  grad=0.30/0.30  h=4.4 c=20.1  kl=0.0101  vl=0.0588
Step: 146276352 SPS: 66036  ev=0.744  ent=0.985  grad=0.26/0.26  h=4.4 c=20.1  kl=0.0106  vl=0.0636
  vs Random: 101W/0L/0D | score=39.9±24.6 inv=2.5 played=21.4 lanes=5.0 ddraw=18.0 pts=40
  Self-play: 47W/54L/0D | score=9.2±24.8 inv=2.5 played=18.7 lanes=5.0 ddraw=2.3 pts=9
Step: 146800640 SPS: 66070  ev=0.736  ent=0.910  grad=0.28/0.28  h=4.3 c=19.8  kl=0.0101  vl=0.0650
Step: 147324928 SPS: 66060  ev=0.741  ent=0.959  grad=0.27/0.27  h=4.3 c=20.0  kl=0.0099  vl=0.0621
Step: 147849216 SPS: 66044  ev=0.747  ent=0.985  grad=0.32/0.32  h=4.4 c=20.3  kl=0.0114  vl=0.0610
Step: 148373504 SPS: 66069  ev=0.742  ent=0.967  grad=0.21/0.21  h=4.4 c=20.3  kl=0.0101  vl=0.0616
Step: 148897792 SPS: 66067  ev=0.740  ent=0.948  grad=0.19/0.19  h=4.3 c=20.3  kl=0.0107  vl=0.0629
Step: 149422080 SPS: 66138  ev=0.748  ent=0.965  grad=0.28/0.28  h=4.4 c=20.4  kl=0.0105  vl=0.0658
Step: 149946368 SPS: 66171  ev=0.752  ent=0.989  grad=0.25/0.25  h=4.4 c=20.6  kl=0.0104  vl=0.0626
Step: 150470656 SPS: 66200  ev=0.763  ent=1.035  grad=0.24/0.24  h=4.4 c=20.7  kl=0.0108  vl=0.0609
Step: 150994944 SPS: 66207  ev=0.773  ent=1.051  grad=0.35/0.35  h=4.4 c=21.1  kl=0.0103  vl=0.0567
Step: 151519232 SPS: 66220  ev=0.768  ent=1.071  grad=0.23/0.23  h=4.4 c=21.4  kl=0.0107  vl=0.0588
Step: 152043520 SPS: 66226  ev=0.766  ent=1.061  grad=0.23/0.23  h=4.4 c=21.3  kl=0.0119  vl=0.0611
Step: 152567808 SPS: 66233  ev=0.768  ent=1.065  grad=0.22/0.22  h=4.4 c=21.6  kl=0.0103  vl=0.0598
Step: 153092096 SPS: 66239  ev=0.768  ent=1.072  grad=0.22/0.22  h=4.4 c=21.5  kl=0.0114  vl=0.0570
Step: 153616384 SPS: 66237  ev=0.767  ent=1.080  grad=0.18/0.18  h=4.4 c=21.8  kl=0.0096  vl=0.0547
Step: 154140672 SPS: 66266  ev=0.771  ent=1.089  grad=0.27/0.27  h=4.5 c=22.1  kl=0.0103  vl=0.0561
Step: 154664960 SPS: 66245  ev=0.774  ent=1.076  grad=0.20/0.20  h=4.5 c=21.8  kl=0.0099  vl=0.0581
Step: 155189248 SPS: 66223  ev=0.772  ent=1.033  grad=0.23/0.23  h=4.5 c=21.7  kl=0.0103  vl=0.0603
Step: 155713536 SPS: 66253  ev=0.774  ent=1.058  grad=0.36/0.36  h=4.5 c=22.0  kl=0.0118  vl=0.0578
Step: 156237824 SPS: 66283  ev=0.778  ent=1.134  grad=0.27/0.27  h=4.5 c=22.2  kl=0.0113  vl=0.0576
Step: 156762112 SPS: 66317  ev=0.781  ent=1.098  grad=0.25/0.25  h=4.5 c=21.9  kl=0.0107  vl=0.0539
  vs Random: 100W/0L/0D | score=36.4±24.8 inv=2.4 played=21.1 lanes=5.0 ddraw=23.3 pts=36
  Self-play: 53W/47L/0D | score=11.4±26.6 inv=2.4 played=19.1 lanes=5.0 ddraw=3.3 pts=11
Step: 157286400 SPS: 66319  ev=0.773  ent=1.057  grad=0.35/0.35  h=4.5 c=21.4  kl=0.0117  vl=0.0574
Step: 157810688 SPS: 66321  ev=0.773  ent=1.058  grad=0.24/0.24  h=4.5 c=21.6  kl=0.0106  vl=0.0583
Step: 158334976 SPS: 66355  ev=0.764  ent=1.040  grad=0.37/0.37  h=4.4 c=21.7  kl=0.0126  vl=0.0610
Step: 158859264 SPS: 66386  ev=0.768  ent=1.072  grad=0.27/0.27  h=4.4 c=21.8  kl=0.0107  vl=0.0595
Step: 159383552 SPS: 66440  ev=0.767  ent=1.023  grad=0.44/0.44  h=4.4 c=21.6  kl=0.0102  vl=0.0608
Step: 159907840 SPS: 66463  ev=0.760  ent=0.960  grad=0.31/0.31  h=4.3 c=21.4  kl=0.0115  vl=0.0617
Step: 160432128 SPS: 66437  ev=0.754  ent=0.962  grad=0.22/0.22  h=4.4 c=21.6  kl=0.0107  vl=0.0614
Step: 160956416 SPS: 66437  ev=0.760  ent=0.985  grad=0.25/0.25  h=4.4 c=21.7  kl=0.0108  vl=0.0601
Step: 161480704 SPS: 66416  ev=0.757  ent=1.007  grad=0.23/0.23  h=4.3 c=21.4  kl=0.0105  vl=0.0597
Step: 162004992 SPS: 66417  ev=0.758  ent=1.005  grad=0.24/0.24  h=4.3 c=21.2  kl=0.0103  vl=0.0623
Step: 162529280 SPS: 66443  ev=0.764  ent=1.021  grad=0.28/0.28  h=4.4 c=21.4  kl=0.0104  vl=0.0632
Step: 163053568 SPS: 66445  ev=0.765  ent=1.015  grad=0.20/0.20  h=4.4 c=21.2  kl=0.0103  vl=0.0610
Step: 163577856 SPS: 66428  ev=0.761  ent=0.997  grad=0.21/0.21  h=4.4 c=21.0  kl=0.0109  vl=0.0611
Step: 164102144 SPS: 66396  ev=0.746  ent=0.979  grad=0.46/0.46  h=4.4 c=20.7  kl=0.0115  vl=0.0606
Step: 164626432 SPS: 66406  ev=0.739  ent=0.962  grad=0.32/0.32  h=4.4 c=20.9  kl=0.0114  vl=0.0624
Step: 165150720 SPS: 66431  ev=0.742  ent=0.964  grad=0.26/0.26  h=4.3 c=20.6  kl=0.0101  vl=0.0612
Step: 165675008 SPS: 66455  ev=0.748  ent=0.979  grad=0.21/0.21  h=4.4 c=20.6  kl=0.0103  vl=0.0637
Step: 166199296 SPS: 66455  ev=0.759  ent=1.008  grad=0.22/0.22  h=4.4 c=21.1  kl=0.0113  vl=0.0614
Step: 166723584 SPS: 66480  ev=0.758  ent=1.024  grad=0.45/0.45  h=4.4 c=20.8  kl=0.0106  vl=0.0632
Step: 167247872 SPS: 66457  ev=0.760  ent=1.049  grad=0.20/0.20  h=4.4 c=20.9  kl=0.0109  vl=0.0582
  vs Random: 100W/0L/0D | score=36.3±19.1 inv=2.6 played=21.5 lanes=5.0 ddraw=22.2 pts=36
  Self-play: 43W/59L/0D | score=7.8±21.3 inv=2.4 played=18.9 lanes=5.0 ddraw=3.4 pts=8
Step: 167772160 SPS: 66495  ev=0.758  ent=1.028  grad=0.39/0.39  h=4.5 c=21.1  kl=0.0115  vl=0.0617
Step: 168296448 SPS: 66541  ev=0.760  ent=1.042  grad=0.28/0.28  h=4.4 c=20.8  kl=0.0110  vl=0.0598
Step: 168820736 SPS: 66564  ev=0.758  ent=1.069  grad=0.28/0.28  h=4.4 c=21.0  kl=0.0108  vl=0.0588
Step: 169345024 SPS: 66570  ev=0.765  ent=1.064  grad=0.29/0.29  h=4.5 c=21.2  kl=0.0105  vl=0.0602
Step: 169869312 SPS: 66597  ev=0.768  ent=1.067  grad=0.22/0.22  h=4.5 c=21.2  kl=0.0102  vl=0.0612
Step: 170393600 SPS: 66645  ev=0.765  ent=1.057  grad=0.30/0.30  h=4.5 c=20.9  kl=0.0102  vl=0.0602
Step: 170917888 SPS: 66675  ev=0.755  ent=0.992  grad=0.39/0.39  h=4.4 c=21.0  kl=0.0101  vl=0.0630
Step: 171442176 SPS: 66675  ev=0.752  ent=0.983  grad=0.21/0.21  h=4.4 c=20.7  kl=0.0105  vl=0.0600
Step: 171966464 SPS: 66674  ev=0.752  ent=0.981  grad=0.33/0.33  h=4.4 c=20.6  kl=0.0106  vl=0.0618
Step: 172490752 SPS: 66681  ev=0.745  ent=0.909  grad=0.35/0.35  h=4.3 c=20.2  kl=0.0103  vl=0.0645
Step: 173015040 SPS: 66706  ev=0.741  ent=0.920  grad=0.25/0.25  h=4.4 c=19.9  kl=0.0102  vl=0.0654
Step: 173539328 SPS: 66732  ev=0.739  ent=0.890  grad=0.26/0.26  h=4.4 c=20.1  kl=0.0103  vl=0.0631
Step: 174063616 SPS: 66731  ev=0.747  ent=0.948  grad=0.28/0.28  h=4.4 c=20.0  kl=0.0104  vl=0.0604
Step: 174587904 SPS: 66763  ev=0.748  ent=0.977  grad=0.29/0.29  h=4.4 c=20.2  kl=0.0105  vl=0.0599
Step: 175112192 SPS: 66764  ev=0.747  ent=0.922  grad=0.23/0.23  h=4.4 c=20.3  kl=0.0102  vl=0.0613
Step: 175636480 SPS: 66762  ev=0.737  ent=0.927  grad=0.39/0.39  h=4.4 c=20.3  kl=0.0118  vl=0.0615
Step: 176160768 SPS: 66767  ev=0.738  ent=0.902  grad=0.26/0.26  h=4.4 c=20.2  kl=0.0108  vl=0.0628
Step: 176685056 SPS: 66765  ev=0.741  ent=0.932  grad=0.30/0.30  h=4.4 c=20.4  kl=0.0110  vl=0.0618
Step: 177209344 SPS: 66771  ev=0.745  ent=0.968  grad=0.28/0.28  h=4.4 c=20.4  kl=0.0105  vl=0.0602
Step: 177733632 SPS: 66801  ev=0.748  ent=0.940  grad=0.32/0.32  h=4.4 c=20.5  kl=0.0112  vl=0.0627
  vs Random: 100W/0L/0D | score=39.5±27.7 inv=2.7 played=21.6 lanes=5.0 ddraw=21.4 pts=39
  Self-play: 44W/53L/3D | score=10.5±24.6 inv=2.5 played=19.0 lanes=5.0 ddraw=3.4 pts=10
Step: 178257920 SPS: 66824  ev=0.756  ent=0.996  grad=0.23/0.23  h=4.4 c=20.8  kl=0.0103  vl=0.0605
Step: 178782208 SPS: 66866  ev=0.755  ent=0.972  grad=0.33/0.33  h=4.5 c=20.8  kl=0.0118  vl=0.0623
Step: 179306496 SPS: 66909  ev=0.753  ent=0.972  grad=0.50/0.50  h=4.4 c=20.6  kl=0.0136  vl=0.0612
Step: 179830784 SPS: 66910  ev=0.758  ent=0.981  grad=0.37/0.37  h=4.4 c=20.4  kl=0.0112  vl=0.0611
Step: 180355072 SPS: 66920  ev=0.753  ent=0.964  grad=0.33/0.33  h=4.3 c=20.5  kl=0.0110  vl=0.0628
Step: 180879360 SPS: 66922  ev=0.750  ent=0.966  grad=0.30/0.30  h=4.3 c=20.6  kl=0.0103  vl=0.0632
Step: 181403648 SPS: 66926  ev=0.752  ent=0.948  grad=0.25/0.25  h=4.4 c=20.5  kl=0.0104  vl=0.0643
Step: 181927936 SPS: 66915  ev=0.746  ent=0.969  grad=0.22/0.22  h=4.4 c=20.5  kl=0.0110  vl=0.0637
Step: 182452224 SPS: 66935  ev=0.745  ent=0.950  grad=0.25/0.25  h=4.4 c=20.4  kl=0.0105  vl=0.0660
Step: 182976512 SPS: 66932  ev=0.742  ent=0.966  grad=0.30/0.30  h=4.3 c=20.3  kl=0.0106  vl=0.0621
Step: 183500800 SPS: 66909  ev=0.734  ent=0.912  grad=0.32/0.32  h=4.3 c=20.2  kl=0.0104  vl=0.0669
Step: 184025088 SPS: 66908  ev=0.737  ent=0.939  grad=0.26/0.26  h=4.3 c=20.1  kl=0.0102  vl=0.0616
Step: 184549376 SPS: 66955  ev=0.733  ent=0.896  grad=0.34/0.34  h=4.3 c=20.1  kl=0.0102  vl=0.0673
Step: 185073664 SPS: 66950  ev=0.731  ent=0.866  grad=0.20/0.20  h=4.3 c=20.0  kl=0.0102  vl=0.0623
Step: 185597952 SPS: 66969  ev=0.738  ent=0.878  grad=0.36/0.36  h=4.3 c=19.9  kl=0.0105  vl=0.0623
Step: 186122240 SPS: 66967  ev=0.733  ent=0.899  grad=0.39/0.39  h=4.3 c=20.2  kl=0.0112  vl=0.0652
Step: 186646528 SPS: 66992  ev=0.739  ent=0.904  grad=0.22/0.22  h=4.3 c=20.1  kl=0.0101  vl=0.0620
Step: 187170816 SPS: 66992  ev=0.744  ent=0.944  grad=0.26/0.26  h=4.4 c=20.4  kl=0.0094  vl=0.0609
Step: 187695104 SPS: 66968  ev=0.743  ent=0.934  grad=0.20/0.20  h=4.3 c=20.4  kl=0.0100  vl=0.0615
Step: 188219392 SPS: 66987  ev=0.743  ent=0.928  grad=0.30/0.30  h=4.4 c=20.4  kl=0.0101  vl=0.0613
  vs Random: 100W/0L/0D | score=41.4±22.5 inv=2.8 played=21.6 lanes=5.0 ddraw=20.9 pts=41
  Self-play: 48W/53L/2D | score=9.9±25.0 inv=2.2 played=18.9 lanes=5.0 ddraw=2.9 pts=10
Step: 188743680 SPS: 67012  ev=0.747  ent=0.911  grad=0.43/0.43  h=4.4 c=20.3  kl=0.0111  vl=0.0641
Step: 189267968 SPS: 67034  ev=0.750  ent=0.936  grad=0.34/0.34  h=4.4 c=20.0  kl=0.0104  vl=0.0617
Step: 189792256 SPS: 67056  ev=0.745  ent=0.933  grad=0.35/0.35  h=4.4 c=20.0  kl=0.0104  vl=0.0644
Step: 190316544 SPS: 67066  ev=0.742  ent=0.938  grad=0.29/0.29  h=4.4 c=20.2  kl=0.0108  vl=0.0606
Step: 190840832 SPS: 67114  ev=0.745  ent=0.922  grad=0.42/0.42  h=4.4 c=20.4  kl=0.0112  vl=0.0652
Step: 191365120 SPS: 67095  ev=0.738  ent=0.907  grad=0.22/0.22  h=4.3 c=20.3  kl=0.0101  vl=0.0627
Step: 191889408 SPS: 67092  ev=0.738  ent=0.941  grad=0.20/0.20  h=4.4 c=20.4  kl=0.0103  vl=0.0609
Step: 192413696 SPS: 67133  ev=0.739  ent=0.921  grad=0.27/0.27  h=4.4 c=20.6  kl=0.0106  vl=0.0632
Step: 192937984 SPS: 67107  ev=0.734  ent=0.876  grad=0.29/0.29  h=4.3 c=20.5  kl=0.0106  vl=0.0630
Step: 193462272 SPS: 67111  ev=0.734  ent=0.897  grad=0.43/0.43  h=4.4 c=20.3  kl=0.0106  vl=0.0627
Step: 193986560 SPS: 67136  ev=0.737  ent=0.888  grad=0.31/0.31  h=4.3 c=20.0  kl=0.0103  vl=0.0636
Step: 194510848 SPS: 67155  ev=0.738  ent=0.889  grad=0.31/0.31  h=4.3 c=19.9  kl=0.0102  vl=0.0636
Step: 195035136 SPS: 67131  ev=0.747  ent=0.946  grad=0.39/0.39  h=4.3 c=19.9  kl=0.0116  vl=0.0604
Step: 195559424 SPS: 67127  ev=0.742  ent=0.929  grad=0.22/0.22  h=4.3 c=20.1  kl=0.0103  vl=0.0620
Step: 196083712 SPS: 67103  ev=0.746  ent=0.952  grad=0.24/0.24  h=4.3 c=20.1  kl=0.0106  vl=0.0607
Step: 196608000 SPS: 67079  ev=0.746  ent=0.935  grad=0.24/0.24  h=4.4 c=20.2  kl=0.0113  vl=0.0608
Step: 197132288 SPS: 67095  ev=0.750  ent=0.928  grad=0.25/0.25  h=4.4 c=20.3  kl=0.0108  vl=0.0614
Step: 197656576 SPS: 67091  ev=0.749  ent=0.932  grad=0.27/0.27  h=4.3 c=20.1  kl=0.0106  vl=0.0622
Step: 198180864 SPS: 67121  ev=0.747  ent=0.966  grad=0.22/0.22  h=4.3 c=19.9  kl=0.0103  vl=0.0626
Step: 198705152 SPS: 67145  ev=0.751  ent=0.976  grad=0.37/0.37  h=4.3 c=20.0  kl=0.0102  vl=0.0632
  vs Random: 100W/0L/0D | score=39.5±24.7 inv=2.7 played=21.6 lanes=5.0 ddraw=17.2 pts=40
  Self-play: 49W/52L/0D | score=8.4±28.7 inv=2.5 played=18.9 lanes=5.0 ddraw=3.1 pts=8
Step: 199229440 SPS: 67143  ev=0.749  ent=0.944  grad=0.27/0.27  h=4.3 c=20.1  kl=0.0107  vl=0.0632
Step: 199753728 SPS: 67139  ev=0.746  ent=0.952  grad=0.26/0.26  h=4.3 c=20.1  kl=0.0110  vl=0.0628
Step: 200278016 SPS: 67161  ev=0.748  ent=0.959  grad=0.25/0.25  h=4.3 c=20.2  kl=0.0100  vl=0.0647
Step: 200802304 SPS: 67167  ev=0.749  ent=0.946  grad=0.26/0.26  h=4.3 c=19.9  kl=0.0106  vl=0.0616
Step: 201326592 SPS: 67166  ev=0.743  ent=0.955  grad=0.25/0.25  h=4.3 c=20.1  kl=0.0102  vl=0.0608
Step: 201850880 SPS: 67184  ev=0.747  ent=0.923  grad=0.30/0.30  h=4.4 c=20.5  kl=0.0138  vl=0.0632
Step: 202375168 SPS: 67202  ev=0.752  ent=0.936  grad=0.36/0.36  h=4.4 c=20.3  kl=0.0103  vl=0.0608
Step: 202899456 SPS: 67198  ev=0.758  ent=0.976  grad=0.21/0.21  h=4.4 c=20.5  kl=0.0102  vl=0.0595
Step: 203423744 SPS: 67221  ev=0.750  ent=0.944  grad=0.29/0.29  h=4.4 c=20.4  kl=0.0109  vl=0.0620
Step: 203948032 SPS: 67240  ev=0.751  ent=0.940  grad=0.27/0.27  h=4.3 c=20.2  kl=0.0106  vl=0.0613
Step: 204472320 SPS: 67257  ev=0.746  ent=0.921  grad=0.26/0.26  h=4.3 c=20.2  kl=0.0100  vl=0.0619
Step: 204996608 SPS: 67273  ev=0.744  ent=0.929  grad=0.33/0.33  h=4.3 c=20.2  kl=0.0103  vl=0.0620
Step: 205520896 SPS: 67289  ev=0.750  ent=0.938  grad=0.27/0.27  h=4.3 c=20.6  kl=0.0102  vl=0.0611
Step: 206045184 SPS: 67325  ev=0.749  ent=0.892  grad=0.45/0.45  h=4.3 c=20.4  kl=0.0100  vl=0.0609
Step: 206569472 SPS: 67360  ev=0.746  ent=0.889  grad=0.29/0.29  h=4.3 c=20.1  kl=0.0101  vl=0.0625
Step: 207093760 SPS: 67376  ev=0.745  ent=0.865  grad=0.31/0.31  h=4.3 c=20.2  kl=0.0105  vl=0.0636
Step: 207618048 SPS: 67373  ev=0.748  ent=0.922  grad=0.24/0.24  h=4.3 c=20.4  kl=0.0103  vl=0.0603
Step: 208142336 SPS: 67350  ev=0.743  ent=0.910  grad=0.20/0.20  h=4.3 c=20.4  kl=0.0098  vl=0.0612
Step: 208666624 SPS: 67327  ev=0.748  ent=0.908  grad=0.32/0.32  h=4.3 c=20.3  kl=0.0107  vl=0.0593
Step: 209190912 SPS: 67306  ev=0.746  ent=0.913  grad=0.26/0.26  h=4.3 c=20.3  kl=0.0102  vl=0.0616
  vs Random: 100W/0L/0D | score=39.9±27.3 inv=2.9 played=21.6 lanes=5.0 ddraw=18.9 pts=40
  Self-play: 47W/53L/0D | score=8.1±27.9 inv=2.6 played=19.0 lanes=5.0 ddraw=3.2 pts=8
Step: 209715200 SPS: 67301  ev=0.743  ent=0.905  grad=0.27/0.27  h=4.3 c=20.3  kl=0.0118  vl=0.0638
Step: 210239488 SPS: 67332  ev=0.743  ent=0.926  grad=0.28/0.28  h=4.3 c=20.4  kl=0.0108  vl=0.0619
Step: 210763776 SPS: 67355  ev=0.742  ent=0.871  grad=0.40/0.40  h=4.3 c=20.1  kl=0.0116  vl=0.0648
Step: 211288064 SPS: 67389  ev=0.741  ent=0.844  grad=0.42/0.42  h=4.3 c=20.2  kl=0.0104  vl=0.0651
Step: 211812352 SPS: 67383  ev=0.735  ent=0.852  grad=0.25/0.25  h=4.2 c=20.4  kl=0.0104  vl=0.0623
Step: 212336640 SPS: 67378  ev=0.728  ent=0.826  grad=0.35/0.35  h=4.2 c=20.3  kl=0.0104  vl=0.0640
Step: 212860928 SPS: 67375  ev=0.734  ent=0.827  grad=0.43/0.43  h=4.2 c=20.2  kl=0.0108  vl=0.0619
Step: 213385216 SPS: 67351  ev=0.735  ent=0.822  grad=0.35/0.35  h=4.2 c=20.3  kl=0.0100  vl=0.0631
Step: 213909504 SPS: 67345  ev=0.726  ent=0.848  grad=0.32/0.32  h=4.2 c=20.3  kl=0.0114  vl=0.0636
Step: 214433792 SPS: 67323  ev=0.736  ent=0.882  grad=0.18/0.18  h=4.2 c=20.2  kl=0.0101  vl=0.0619
Step: 214958080 SPS: 67337  ev=0.732  ent=0.850  grad=0.25/0.25  h=4.3 c=20.5  kl=0.0106  vl=0.0660
Step: 215482368 SPS: 67353  ev=0.737  ent=0.879  grad=0.32/0.32  h=4.2 c=20.6  kl=0.0117  vl=0.0627
Step: 216006656 SPS: 67364  ev=0.735  ent=0.853  grad=0.26/0.26  h=4.2 c=20.6  kl=0.0115  vl=0.0620
Step: 216530944 SPS: 67381  ev=0.732  ent=0.881  grad=0.32/0.32  h=4.2 c=20.3  kl=0.0111  vl=0.0639
Step: 217055232 SPS: 67394  ev=0.741  ent=0.889  grad=0.26/0.26  h=4.2 c=20.3  kl=0.0101  vl=0.0624
Step: 217579520 SPS: 67372  ev=0.739  ent=0.848  grad=0.38/0.38  h=4.2 c=20.1  kl=0.0114  vl=0.0644
Step: 218103808 SPS: 67376  ev=0.732  ent=0.853  grad=0.26/0.26  h=4.2 c=20.0  kl=0.0102  vl=0.0654
Step: 218628096 SPS: 67374  ev=0.734  ent=0.859  grad=0.27/0.27  h=4.2 c=19.9  kl=0.0100  vl=0.0645
Step: 219152384 SPS: 67407  ev=0.737  ent=0.848  grad=0.43/0.43  h=4.3 c=20.2  kl=0.0102  vl=0.0652
Step: 219676672 SPS: 67430  ev=0.745  ent=0.932  grad=0.22/0.22  h=4.3 c=20.3  kl=0.0119  vl=0.0600
  vs Random: 100W/0L/0D | score=42.6±24.1 inv=2.5 played=21.7 lanes=5.0 ddraw=22.1 pts=43
  Self-play: 51W/53L/0D | score=15.6±28.0 inv=2.5 played=19.4 lanes=5.0 ddraw=3.9 pts=16
Step: 220200960 SPS: 67446  ev=0.756  ent=0.950  grad=0.33/0.33  h=4.3 c=20.3  kl=0.0118  vl=0.0604
Step: 220725248 SPS: 67444  ev=0.753  ent=0.955  grad=0.26/0.26  h=4.3 c=20.6  kl=0.0103  vl=0.0618
Step: 221249536 SPS: 67452  ev=0.752  ent=0.940  grad=0.30/0.30  h=4.3 c=20.7  kl=0.0103  vl=0.0625
Step: 221773824 SPS: 67450  ev=0.754  ent=0.959  grad=0.22/0.22  h=4.3 c=20.8  kl=0.0101  vl=0.0614
Step: 222298112 SPS: 67445  ev=0.746  ent=0.917  grad=0.25/0.25  h=4.2 c=20.8  kl=0.0102  vl=0.0599
Step: 222822400 SPS: 67447  ev=0.744  ent=0.905  grad=0.23/0.23  h=4.2 c=20.9  kl=0.0102  vl=0.0620
Step: 223346688 SPS: 67466  ev=0.753  ent=0.925  grad=0.20/0.20  h=4.2 c=21.0  kl=0.0103  vl=0.0600
Step: 223870976 SPS: 67466  ev=0.754  ent=0.922  grad=0.30/0.30  h=4.2 c=20.9  kl=0.0114  vl=0.0620
Step: 224395264 SPS: 67453  ev=0.750  ent=0.946  grad=0.23/0.23  h=4.3 c=21.1  kl=0.0098  vl=0.0610
Step: 224919552 SPS: 67438  ev=0.751  ent=0.935  grad=0.21/0.21  h=4.3 c=21.0  kl=0.0105  vl=0.0621
Step: 225443840 SPS: 67462  ev=0.754  ent=0.980  grad=0.30/0.30  h=4.3 c=21.2  kl=0.0111  vl=0.0605
Step: 225968128 SPS: 67485  ev=0.763  ent=0.976  grad=0.29/0.29  h=4.3 c=21.6  kl=0.0102  vl=0.0599
Step: 226492416 SPS: 67483  ev=0.761  ent=0.959  grad=0.19/0.19  h=4.3 c=21.7  kl=0.0106  vl=0.0586
Step: 227016704 SPS: 67485  ev=0.756  ent=0.965  grad=0.26/0.26  h=4.3 c=21.6  kl=0.0106  vl=0.0601
Step: 227540992 SPS: 67486  ev=0.757  ent=0.937  grad=0.27/0.27  h=4.3 c=21.6  kl=0.0111  vl=0.0597
Step: 228065280 SPS: 67492  ev=0.760  ent=0.936  grad=0.30/0.30  h=4.3 c=22.0  kl=0.0106  vl=0.0603
Step: 228589568 SPS: 67490  ev=0.758  ent=0.992  grad=0.26/0.26  h=4.4 c=21.9  kl=0.0107  vl=0.0598
Step: 229113856 SPS: 67523  ev=0.765  ent=0.962  grad=0.51/0.50  h=4.4 c=21.8  kl=0.0113  vl=0.0596
Step: 229638144 SPS: 67521  ev=0.755  ent=0.954  grad=0.26/0.26  h=4.3 c=21.4  kl=0.0113  vl=0.0600
Step: 230162432 SPS: 67519  ev=0.755  ent=0.947  grad=0.22/0.22  h=4.3 c=21.6  kl=0.0103  vl=0.0614
  vs Random: 100W/0L/0D | score=44.2±25.9 inv=3.1 played=21.8 lanes=5.0 ddraw=19.1 pts=44
  Self-play: 45W/55L/1D | score=6.0±34.5 inv=2.7 played=18.9 lanes=5.0 ddraw=3.6 pts=6
Step: 230686720 SPS: 67515  ev=0.752  ent=0.948  grad=0.31/0.31  h=4.3 c=21.1  kl=0.0106  vl=0.0605
Step: 231211008 SPS: 67510  ev=0.746  ent=0.930  grad=0.49/0.49  h=4.3 c=21.2  kl=0.0117  vl=0.0613
Step: 231735296 SPS: 67510  ev=0.750  ent=0.914  grad=0.26/0.26  h=4.3 c=21.3  kl=0.0101  vl=0.0642
Step: 232259584 SPS: 67526  ev=0.749  ent=0.919  grad=0.24/0.24  h=4.3 c=21.3  kl=0.0104  vl=0.0644
Step: 232783872 SPS: 67543  ev=0.752  ent=0.939  grad=0.45/0.45  h=4.3 c=21.1  kl=0.0113  vl=0.0643
Step: 233308160 SPS: 67539  ev=0.749  ent=0.926  grad=0.36/0.36  h=4.3 c=21.0  kl=0.0111  vl=0.0627
Step: 233832448 SPS: 67553  ev=0.754  ent=0.919  grad=0.34/0.34  h=4.3 c=21.1  kl=0.0104  vl=0.0637
Step: 234356736 SPS: 67568  ev=0.752  ent=0.937  grad=0.37/0.37  h=4.3 c=21.1  kl=0.0117  vl=0.0615
Step: 234881024 SPS: 67576  ev=0.752  ent=0.930  grad=0.26/0.26  h=4.3 c=20.8  kl=0.0100  vl=0.0607
Step: 235405312 SPS: 67601  ev=0.753  ent=0.949  grad=0.30/0.30  h=4.2 c=21.0  kl=0.0117  vl=0.0624
Step: 235929600 SPS: 67619  ev=0.755  ent=0.945  grad=0.35/0.35  h=4.3 c=21.1  kl=0.0117  vl=0.0611
Step: 236453888 SPS: 67616  ev=0.753  ent=0.937  grad=0.22/0.22  h=4.3 c=21.3  kl=0.0108  vl=0.0605
Step: 236978176 SPS: 67595  ev=0.752  ent=0.951  grad=0.24/0.24  h=4.3 c=21.2  kl=0.0109  vl=0.0616
Step: 237502464 SPS: 67610  ev=0.755  ent=0.940  grad=0.29/0.29  h=4.3 c=21.1  kl=0.0111  vl=0.0624
Step: 238026752 SPS: 67608  ev=0.751  ent=0.922  grad=0.24/0.24  h=4.3 c=21.0  kl=0.0105  vl=0.0629
Step: 238551040 SPS: 67609  ev=0.744  ent=0.897  grad=0.28/0.28  h=4.2 c=20.9  kl=0.0110  vl=0.0622
Step: 239075328 SPS: 67624  ev=0.750  ent=0.916  grad=0.37/0.37  h=4.3 c=21.2  kl=0.0112  vl=0.0612
Step: 239599616 SPS: 67627  ev=0.754  ent=0.955  grad=0.21/0.21  h=4.3 c=21.2  kl=0.0106  vl=0.0587
Step: 240123904 SPS: 67659  ev=0.755  ent=0.955  grad=0.50/0.50  h=4.3 c=21.1  kl=0.0119  vl=0.0634
Step: 240648192 SPS: 67675  ev=0.762  ent=1.003  grad=0.25/0.25  h=4.3 c=21.1  kl=0.0113  vl=0.0586
  vs Random: 99W/1L/0D | score=39.5±23.2 inv=2.7 played=21.6 lanes=5.0 ddraw=24.9 pts=40
  Self-play: 45W/52L/3D | score=12.3±22.5 inv=2.7 played=19.4 lanes=5.0 ddraw=4.0 pts=12
Step: 241172480 SPS: 67690  ev=0.761  ent=0.981  grad=0.31/0.31  h=4.3 c=20.9  kl=0.0102  vl=0.0588
Step: 241696768 SPS: 67688  ev=0.765  ent=0.962  grad=0.37/0.37  h=4.3 c=21.0  kl=0.0110  vl=0.0617
Step: 242221056 SPS: 67687  ev=0.762  ent=0.986  grad=0.40/0.40  h=4.3 c=21.1  kl=0.0126  vl=0.0593
Step: 242745344 SPS: 67687  ev=0.763  ent=0.982  grad=0.34/0.34  h=4.3 c=21.2  kl=0.0103  vl=0.0609
Step: 243269632 SPS: 67723  ev=0.756  ent=0.949  grad=0.42/0.42  h=4.3 c=20.8  kl=0.0101  vl=0.0618
Step: 243793920 SPS: 67705  ev=0.762  ent=0.971  grad=0.36/0.36  h=4.2 c=20.7  kl=0.0106  vl=0.0587
Step: 244318208 SPS: 67702  ev=0.758  ent=0.976  grad=0.26/0.26  h=4.2 c=20.3  kl=0.0108  vl=0.0578
Step: 244842496 SPS: 67703  ev=0.753  ent=0.942  grad=0.29/0.29  h=4.2 c=20.2  kl=0.0101  vl=0.0587
Step: 245366784 SPS: 67699  ev=0.747  ent=0.895  grad=0.26/0.26  h=4.2 c=20.0  kl=0.0102  vl=0.0627
Step: 245891072 SPS: 67718  ev=0.751  ent=0.918  grad=0.33/0.33  h=4.2 c=19.9  kl=0.0103  vl=0.0640
Step: 246415360 SPS: 67734  ev=0.747  ent=0.927  grad=0.47/0.47  h=4.1 c=19.8  kl=0.0122  vl=0.0624
Step: 246939648 SPS: 67748  ev=0.753  ent=0.929  grad=0.42/0.42  h=4.1 c=19.6  kl=0.0111  vl=0.0594
Step: 247463936 SPS: 67763  ev=0.753  ent=0.937  grad=0.23/0.23  h=4.1 c=19.7  kl=0.0104  vl=0.0625
Step: 247988224 SPS: 67760  ev=0.758  ent=0.960  grad=0.28/0.28  h=4.2 c=20.0  kl=0.0106  vl=0.0601
Step: 248512512 SPS: 67779  ev=0.755  ent=0.898  grad=0.29/0.29  h=4.1 c=19.8  kl=0.0101  vl=0.0614
Step: 249036800 SPS: 67810  ev=0.753  ent=0.868  grad=0.52/0.50  h=4.1 c=19.8  kl=0.0131  vl=0.0628
Step: 249561088 SPS: 67821  ev=0.747  ent=0.867  grad=0.33/0.33  h=4.1 c=19.8  kl=0.0102  vl=0.0617
Step: 250085376 SPS: 67806  ev=0.740  ent=0.837  grad=0.25/0.25  h=4.1 c=19.9  kl=0.0105  vl=0.0625
Step: 250609664 SPS: 67838  ev=0.733  ent=0.828  grad=0.49/0.49  h=4.1 c=20.0  kl=0.0111  vl=0.0631
Step: 251133952 SPS: 67835  ev=0.738  ent=0.848  grad=0.21/0.21  h=4.1 c=20.0  kl=0.0101  vl=0.0599
  vs Random: 100W/0L/0D | score=41.8±27.6 inv=2.5 played=21.5 lanes=5.0 ddraw=21.6 pts=42
  Self-play: 50W/50L/0D | score=16.4±22.0 inv=2.4 played=19.4 lanes=5.0 ddraw=2.7 pts=16
Step: 251658240 SPS: 67847  ev=0.736  ent=0.853  grad=0.34/0.34  h=4.1 c=19.8  kl=0.0105  vl=0.0633
Step: 252182528 SPS: 67869  ev=0.740  ent=0.846  grad=0.36/0.36  h=4.1 c=20.2  kl=0.0101  vl=0.0640
Step: 252706816 SPS: 67869  ev=0.742  ent=0.842  grad=0.42/0.42  h=4.1 c=20.1  kl=0.0122  vl=0.0632
Step: 253231104 SPS: 67884  ev=0.743  ent=0.858  grad=0.25/0.25  h=4.1 c=20.0  kl=0.0103  vl=0.0617
Step: 253755392 SPS: 67893  ev=0.747  ent=0.854  grad=0.40/0.40  h=4.2 c=20.3  kl=0.0106  vl=0.0640
Step: 254279680 SPS: 67921  ev=0.744  ent=0.863  grad=0.43/0.43  h=4.1 c=20.4  kl=0.0100  vl=0.0630
Step: 254803968 SPS: 67917  ev=0.750  ent=0.869  grad=0.31/0.31  h=4.1 c=20.5  kl=0.0109  vl=0.0601
Step: 255328256 SPS: 67913  ev=0.757  ent=0.923  grad=0.23/0.23  h=4.1 c=20.7  kl=0.0101  vl=0.0597
Step: 255852544 SPS: 67899  ev=0.759  ent=0.914  grad=0.17/0.17  h=4.1 c=21.0  kl=0.0101  vl=0.0612
Step: 256376832 SPS: 67914  ev=0.759  ent=0.951  grad=0.27/0.27  h=4.2 c=21.3  kl=0.0101  vl=0.0619
Step: 256901120 SPS: 67928  ev=0.756  ent=0.927  grad=0.35/0.35  h=4.2 c=20.9  kl=0.0117  vl=0.0610
Step: 257425408 SPS: 67923  ev=0.760  ent=0.942  grad=0.25/0.25  h=4.2 c=21.0  kl=0.0102  vl=0.0626
Step: 257949696 SPS: 67926  ev=0.759  ent=0.919  grad=0.27/0.27  h=4.2 c=20.9  kl=0.0109  vl=0.0600
Step: 258473984 SPS: 67909  ev=0.756  ent=0.903  grad=0.20/0.20  h=4.2 c=20.8  kl=0.0103  vl=0.0600
Step: 258998272 SPS: 67924  ev=0.751  ent=0.880  grad=0.30/0.30  h=4.2 c=20.6  kl=0.0102  vl=0.0618
Step: 259522560 SPS: 67964  ev=0.756  ent=0.889  grad=0.53/0.50  h=4.2 c=20.7  kl=0.0104  vl=0.0611
Step: 260046848 SPS: 67993  ev=0.757  ent=0.915  grad=0.33/0.33  h=4.2 c=20.6  kl=0.0103  vl=0.0611
Step: 260571136 SPS: 67979  ev=0.748  ent=0.827  grad=0.30/0.30  h=4.1 c=20.7  kl=0.0106  vl=0.0614
Step: 261095424 SPS: 67987  ev=0.753  ent=0.884  grad=0.23/0.23  h=4.1 c=20.6  kl=0.0104  vl=0.0614
Step: 261619712 SPS: 67966  ev=0.747  ent=0.882  grad=0.26/0.26  h=4.2 c=21.1  kl=0.0104  vl=0.0613
  vs Random: 101W/0L/0D | score=42.2±20.4 inv=2.7 played=21.8 lanes=5.0 ddraw=21.6 pts=42
  Self-play: 60W/40L/0D | score=14.1±28.8 inv=2.8 played=19.3 lanes=5.0 ddraw=3.0 pts=14
Step: 262144000 SPS: 67970  ev=0.746  ent=0.880  grad=0.32/0.32  h=4.2 c=20.8  kl=0.0114  vl=0.0612
Step: 262668288 SPS: 67972  ev=0.746  ent=0.835  grad=0.22/0.22  h=4.2 c=21.0  kl=0.0108  vl=0.0630
Step: 263192576 SPS: 67983  ev=0.747  ent=0.860  grad=0.28/0.28  h=4.2 c=21.1  kl=0.0102  vl=0.0635
Step: 263716864 SPS: 67981  ev=0.745  ent=0.864  grad=0.24/0.24  h=4.1 c=21.0  kl=0.0101  vl=0.0625
Step: 264241152 SPS: 67979  ev=0.746  ent=0.884  grad=0.21/0.21  h=4.2 c=21.1  kl=0.0101  vl=0.0627
Step: 264765440 SPS: 67996  ev=0.746  ent=0.857  grad=0.33/0.33  h=4.2 c=21.1  kl=0.0104  vl=0.0633
Step: 265289728 SPS: 68007  ev=0.747  ent=0.853  grad=0.22/0.22  h=4.2 c=21.4  kl=0.0104  vl=0.0612
Step: 265814016 SPS: 67987  ev=0.750  ent=0.884  grad=0.24/0.24  h=4.2 c=21.2  kl=0.0105  vl=0.0618
Step: 266338304 SPS: 68000  ev=0.746  ent=0.880  grad=0.36/0.36  h=4.2 c=21.4  kl=0.0114  vl=0.0640
Step: 266862592 SPS: 68034  ev=0.749  ent=0.868  grad=0.32/0.32  h=4.2 c=21.4  kl=0.0107  vl=0.0646
Step: 267386880 SPS: 68044  ev=0.740  ent=0.868  grad=0.41/0.41  h=4.2 c=21.3  kl=0.0134  vl=0.0639
Step: 267911168 SPS: 68058  ev=0.744  ent=0.851  grad=0.28/0.28  h=4.2 c=21.2  kl=0.0102  vl=0.0632
Step: 268435456 SPS: 68085  ev=0.753  ent=0.859  grad=0.32/0.32  h=4.2 c=21.4  kl=0.0104  vl=0.0626
Step: 268959744 SPS: 68098  ev=0.744  ent=0.832  grad=0.24/0.24  h=4.2 c=21.1  kl=0.0102  vl=0.0626
Step: 269484032 SPS: 68118  ev=0.740  ent=0.838  grad=0.30/0.30  h=4.1 c=21.1  kl=0.0107  vl=0.0609
Step: 270008320 SPS: 68102  ev=0.736  ent=0.822  grad=0.23/0.23  h=4.1 c=21.5  kl=0.0097  vl=0.0627
Step: 270532608 SPS: 68104  ev=0.736  ent=0.843  grad=0.24/0.24  h=4.1 c=21.0  kl=0.0110  vl=0.0641
Step: 271056896 SPS: 68099  ev=0.736  ent=0.866  grad=0.17/0.17  h=4.1 c=21.1  kl=0.0102  vl=0.0618
Step: 271581184 SPS: 68110  ev=0.747  ent=0.867  grad=0.28/0.28  h=4.2 c=21.3  kl=0.0102  vl=0.0638
Step: 272105472 SPS: 68121  ev=0.752  ent=0.900  grad=0.40/0.40  h=4.2 c=21.2  kl=0.0123  vl=0.0632
  vs Random: 100W/0L/0D | score=45.7±23.8 inv=2.7 played=22.1 lanes=5.0 ddraw=23.1 pts=46
  Self-play: 46W/50L/4D | score=10.7±28.6 inv=2.7 played=19.2 lanes=5.0 ddraw=4.1 pts=11
Step: 272629760 SPS: 68153  ev=0.751  ent=0.881  grad=0.37/0.37  h=4.2 c=21.2  kl=0.0113  vl=0.0635
Step: 273154048 SPS: 68180  ev=0.757  ent=0.914  grad=0.27/0.27  h=4.2 c=21.1  kl=0.0103  vl=0.0620
Step: 273678336 SPS: 68163  ev=0.766  ent=0.950  grad=0.23/0.23  h=4.2 c=21.3  kl=0.0109  vl=0.0589
Step: 274202624 SPS: 68175  ev=0.762  ent=0.957  grad=0.33/0.33  h=4.2 c=21.1  kl=0.0101  vl=0.0619
Step: 274726912 SPS: 68192  ev=0.764  ent=0.965  grad=0.29/0.29  h=4.2 c=21.4  kl=0.0107  vl=0.0606
Step: 275251200 SPS: 68196  ev=0.770  ent=0.999  grad=0.24/0.24  h=4.2 c=21.5  kl=0.0109  vl=0.0578
Step: 275775488 SPS: 68237  ev=0.767  ent=0.946  grad=0.51/0.50  h=4.2 c=21.6  kl=0.0113  vl=0.0633
Step: 276299776 SPS: 68235  ev=0.753  ent=0.904  grad=0.29/0.29  h=4.2 c=21.3  kl=0.0108  vl=0.0605
Step: 276824064 SPS: 68241  ev=0.758  ent=0.954  grad=0.25/0.25  h=4.2 c=21.3  kl=0.0107  vl=0.0594
Step: 277348352 SPS: 68250  ev=0.754  ent=0.912  grad=0.29/0.29  h=4.2 c=21.4  kl=0.0108  vl=0.0635
Step: 277872640 SPS: 68267  ev=0.756  ent=0.910  grad=0.28/0.28  h=4.2 c=21.5  kl=0.0111  vl=0.0613
Step: 278396928 SPS: 68249  ev=0.747  ent=0.914  grad=0.33/0.33  h=4.2 c=21.2  kl=0.0108  vl=0.0619
Step: 278921216 SPS: 68246  ev=0.748  ent=0.884  grad=0.25/0.25  h=4.2 c=21.2  kl=0.0104  vl=0.0619
Step: 279445504 SPS: 68256  ev=0.749  ent=0.887  grad=0.27/0.27  h=4.2 c=21.3  kl=0.0117  vl=0.0626
Step: 279969792 SPS: 68252  ev=0.750  ent=0.896  grad=0.23/0.23  h=4.2 c=21.3  kl=0.0101  vl=0.0603
Step: 280494080 SPS: 68265  ev=0.746  ent=0.884  grad=0.27/0.27  h=4.2 c=21.0  kl=0.0110  vl=0.0628
Step: 281018368 SPS: 68291  ev=0.753  ent=0.887  grad=0.27/0.27  h=4.2 c=21.1  kl=0.0101  vl=0.0626
Step: 281542656 SPS: 68303  ev=0.751  ent=0.883  grad=0.28/0.28  h=4.2 c=21.1  kl=0.0102  vl=0.0612
Step: 282066944 SPS: 68320  ev=0.758  ent=0.892  grad=0.35/0.35  h=4.2 c=21.1  kl=0.0109  vl=0.0630
Step: 282591232 SPS: 68323  ev=0.754  ent=0.889  grad=0.21/0.21  h=4.2 c=21.0  kl=0.0105  vl=0.0600
  vs Random: 100W/0L/0D | score=45.1±21.9 inv=2.8 played=21.7 lanes=5.0 ddraw=25.4 pts=45
  Self-play: 54W/45L/1D | score=12.2±28.3 inv=2.7 played=19.2 lanes=5.0 ddraw=4.5 pts=12
Step: 283115520 SPS: 68306  ev=0.751  ent=0.911  grad=0.22/0.22  h=4.2 c=21.2  kl=0.0112  vl=0.0595
Step: 283639808 SPS: 68322  ev=0.754  ent=0.919  grad=0.35/0.35  h=4.2 c=21.1  kl=0.0119  vl=0.0641
Step: 284164096 SPS: 68335  ev=0.758  ent=0.910  grad=0.22/0.22  h=4.2 c=21.3  kl=0.0103  vl=0.0618
Step: 284688384 SPS: 68337  ev=0.751  ent=0.903  grad=0.34/0.34  h=4.2 c=20.9  kl=0.0114  vl=0.0579
Step: 285212672 SPS: 68336  ev=0.749  ent=0.882  grad=0.24/0.24  h=4.2 c=20.6  kl=0.0112  vl=0.0606
Step: 285736960 SPS: 68337  ev=0.743  ent=0.862  grad=0.22/0.22  h=4.2 c=20.3  kl=0.0100  vl=0.0607
Step: 286261248 SPS: 68358  ev=0.741  ent=0.849  grad=0.43/0.43  h=4.2 c=20.4  kl=0.0111  vl=0.0630
Step: 286785536 SPS: 68358  ev=0.744  ent=0.867  grad=0.36/0.36  h=4.2 c=20.4  kl=0.0107  vl=0.0625
Step: 287309824 SPS: 68340  ev=0.745  ent=0.877  grad=0.19/0.19  h=4.2 c=20.2  kl=0.0110  vl=0.0613
Step: 287834112 SPS: 68353  ev=0.747  ent=0.893  grad=0.21/0.21  h=4.2 c=20.2  kl=0.0109  vl=0.0620
Step: 288358400 SPS: 68348  ev=0.749  ent=0.902  grad=0.29/0.29  h=4.2 c=20.6  kl=0.0107  vl=0.0617
Step: 288882688 SPS: 68333  ev=0.751  ent=0.893  grad=0.28/0.28  h=4.2 c=20.6  kl=0.0099  vl=0.0611
Step: 289406976 SPS: 68321  ev=0.747  ent=0.878  grad=0.28/0.28  h=4.2 c=20.8  kl=0.0112  vl=0.0608
Step: 289931264 SPS: 68347  ev=0.741  ent=0.863  grad=0.53/0.50  h=4.2 c=20.5  kl=0.0101  vl=0.0635
Step: 290455552 SPS: 68370  ev=0.736  ent=0.829  grad=0.31/0.31  h=4.2 c=20.6  kl=0.0112  vl=0.0646
Step: 290979840 SPS: 68379  ev=0.739  ent=0.824  grad=0.36/0.36  h=4.2 c=20.4  kl=0.0107  vl=0.0638
Step: 291504128 SPS: 68404  ev=0.739  ent=0.822  grad=0.41/0.41  h=4.2 c=20.4  kl=0.0109  vl=0.0635
Step: 292028416 SPS: 68414  ev=0.741  ent=0.848  grad=0.28/0.28  h=4.2 c=20.2  kl=0.0117  vl=0.0613
Step: 292552704 SPS: 68409  ev=0.748  ent=0.874  grad=0.30/0.30  h=4.2 c=20.2  kl=0.0118  vl=0.0598
Step: 293076992 SPS: 68419  ev=0.748  ent=0.835  grad=0.26/0.26  h=4.2 c=20.6  kl=0.0104  vl=0.0638
  vs Random: 100W/0L/0D | score=42.3±21.7 inv=2.5 played=21.4 lanes=5.0 ddraw=19.9 pts=42
  Self-play: 57W/43L/0D | score=15.6±24.7 inv=2.5 played=19.4 lanes=5.0 ddraw=3.4 pts=16
Step: 293601280 SPS: 68405  ev=0.750  ent=0.869  grad=0.30/0.30  h=4.2 c=21.0  kl=0.0099  vl=0.0625
Step: 294125568 SPS: 68419  ev=0.747  ent=0.858  grad=0.37/0.37  h=4.2 c=21.1  kl=0.0113  vl=0.0644
Step: 294649856 SPS: 68426  ev=0.747  ent=0.864  grad=0.23/0.23  h=4.2 c=20.9  kl=0.0106  vl=0.0643
Step: 295174144 SPS: 68446  ev=0.748  ent=0.877  grad=0.25/0.25  h=4.2 c=20.6  kl=0.0131  vl=0.0630
Step: 295698432 SPS: 68456  ev=0.751  ent=0.887  grad=0.34/0.34  h=4.2 c=20.8  kl=0.0101  vl=0.0614
Step: 296222720 SPS: 68466  ev=0.751  ent=0.885  grad=0.26/0.26  h=4.2 c=20.4  kl=0.0101  vl=0.0622
Step: 296747008 SPS: 68448  ev=0.754  ent=0.891  grad=0.20/0.20  h=4.2 c=20.8  kl=0.0102  vl=0.0615
Step: 297271296 SPS: 68458  ev=0.758  ent=0.901  grad=0.28/0.28  h=4.2 c=20.9  kl=0.0101  vl=0.0614
Step: 297795584 SPS: 68455  ev=0.754  ent=0.886  grad=0.27/0.27  h=4.2 c=20.9  kl=0.0100  vl=0.0600
Step: 298319872 SPS: 68470  ev=0.752  ent=0.891  grad=0.25/0.25  h=4.2 c=21.0  kl=0.0101  vl=0.0612
Step: 298844160 SPS: 68467  ev=0.756  ent=0.865  grad=0.20/0.20  h=4.2 c=20.8  kl=0.0105  vl=0.0599
Step: 299368448 SPS: 68464  ev=0.757  ent=0.899  grad=0.33/0.33  h=4.2 c=21.0  kl=0.0112  vl=0.0635
Step: 299892736 SPS: 68478  ev=0.757  ent=0.912  grad=0.32/0.32  h=4.2 c=21.1  kl=0.0129  vl=0.0588
Step: 300417024 SPS: 68493  ev=0.754  ent=0.908  grad=0.35/0.35  h=4.3 c=21.1  kl=0.0111  vl=0.0611
Step: 300941312 SPS: 68519  ev=0.761  ent=0.902  grad=0.28/0.28  h=4.3 c=21.2  kl=0.0103  vl=0.0618
Step: 301465600 SPS: 68523  ev=0.765  ent=0.921  grad=0.29/0.29  h=4.3 c=21.4  kl=0.0105  vl=0.0619
Step: 301989888 SPS: 68535  ev=0.761  ent=0.923  grad=0.28/0.28  h=4.3 c=21.1  kl=0.0120  vl=0.0632
Step: 302514176 SPS: 68547  ev=0.761  ent=0.938  grad=0.34/0.34  h=4.3 c=21.0  kl=0.0114  vl=0.0625
Step: 303038464 SPS: 68557  ev=0.769  ent=0.962  grad=0.30/0.30  h=4.2 c=21.1  kl=0.0104  vl=0.0585
Step: 303562752 SPS: 68582  ev=0.758  ent=0.902  grad=0.42/0.42  h=4.2 c=20.9  kl=0.0104  vl=0.0637
  vs Random: 100W/0L/0D | score=46.7±24.8 inv=3.0 played=21.9 lanes=5.0 ddraw=22.0 pts=47
  Self-play: 50W/49L/1D | score=14.2±24.8 inv=2.8 played=19.5 lanes=5.0 ddraw=3.1 pts=14
Step: 304087040 SPS: 68606  ev=0.750  ent=0.880  grad=0.30/0.30  h=4.1 c=20.8  kl=0.0108  vl=0.0623
Step: 304611328 SPS: 68625  ev=0.747  ent=0.822  grad=0.32/0.32  h=4.1 c=20.8  kl=0.0103  vl=0.0620
Step: 305135616 SPS: 68647  ev=0.756  ent=0.889  grad=0.37/0.37  h=4.2 c=21.0  kl=0.0107  vl=0.0610
Step: 305659904 SPS: 68660  ev=0.761  ent=0.895  grad=0.37/0.37  h=4.2 c=21.0  kl=0.0104  vl=0.0601
Step: 306184192 SPS: 68670  ev=0.754  ent=0.850  grad=0.31/0.31  h=4.1 c=21.0  kl=0.0109  vl=0.0636
Step: 306708480 SPS: 68680  ev=0.758  ent=0.904  grad=0.29/0.29  h=4.1 c=20.9  kl=0.0103  vl=0.0613
Step: 307232768 SPS: 68676  ev=0.759  ent=0.902  grad=0.27/0.27  h=4.1 c=21.2  kl=0.0104  vl=0.0601
Step: 307757056 SPS: 68685  ev=0.753  ent=0.876  grad=0.28/0.28  h=4.1 c=20.8  kl=0.0102  vl=0.0625
Step: 308281344 SPS: 68675  ev=0.756  ent=0.881  grad=0.18/0.18  h=4.1 c=20.7  kl=0.0090  vl=0.0584
Step: 308805632 SPS: 68660  ev=0.751  ent=0.884  grad=0.20/0.20  h=4.1 c=20.7  kl=0.0112  vl=0.0605
Step: 309329920 SPS: 68670  ev=0.754  ent=0.864  grad=0.26/0.26  h=4.2 c=21.3  kl=0.0101  vl=0.0583
Step: 309854208 SPS: 68684  ev=0.759  ent=0.906  grad=0.30/0.30  h=4.2 c=21.1  kl=0.0119  vl=0.0619
Step: 310378496 SPS: 68695  ev=0.757  ent=0.889  grad=0.33/0.33  h=4.1 c=20.8  kl=0.0116  vl=0.0639
Step: 310902784 SPS: 68679  ev=0.762  ent=0.897  grad=0.19/0.19  h=4.1 c=20.9  kl=0.0099  vl=0.0590
Step: 311427072 SPS: 68689  ev=0.754  ent=0.904  grad=0.36/0.36  h=4.1 c=21.0  kl=0.0124  vl=0.0595
Step: 311951360 SPS: 68710  ev=0.758  ent=0.872  grad=0.46/0.46  h=4.1 c=20.6  kl=0.0101  vl=0.0652
Step: 312475648 SPS: 68706  ev=0.757  ent=0.884  grad=0.39/0.39  h=4.1 c=20.5  kl=0.0112  vl=0.0646
Step: 312999936 SPS: 68721  ev=0.756  ent=0.880  grad=0.45/0.45  h=4.1 c=20.5  kl=0.0113  vl=0.0614
Step: 313524224 SPS: 68735  ev=0.751  ent=0.872  grad=0.25/0.25  h=4.1 c=20.3  kl=0.0108  vl=0.0618
Step: 314048512 SPS: 68744  ev=0.753  ent=0.857  grad=0.24/0.24  h=4.1 c=20.2  kl=0.0107  vl=0.0591
  vs Random: 100W/0L/0D | score=42.1±23.5 inv=2.9 played=21.8 lanes=5.0 ddraw=19.6 pts=42
  Self-play: 47W/53L/0D | score=17.2±28.8 inv=2.8 played=19.3 lanes=5.0 ddraw=3.0 pts=17
Step: 314572800 SPS: 68730  ev=0.750  ent=0.892  grad=0.23/0.23  h=4.1 c=20.4  kl=0.0104  vl=0.0580
Step: 315097088 SPS: 68743  ev=0.750  ent=0.857  grad=0.23/0.23  h=4.1 c=20.6  kl=0.0103  vl=0.0603
Step: 315621376 SPS: 68724  ev=0.750  ent=0.868  grad=0.18/0.18  h=4.1 c=20.7  kl=0.0104  vl=0.0613
Step: 316145664 SPS: 68741  ev=0.748  ent=0.858  grad=0.28/0.28  h=4.2 c=20.8  kl=0.0111  vl=0.0620
Step: 316669952 SPS: 68739  ev=0.749  ent=0.868  grad=0.25/0.25  h=4.1 c=20.7  kl=0.0101  vl=0.0609
Step: 317194240 SPS: 68757  ev=0.751  ent=0.872  grad=0.30/0.30  h=4.2 c=21.3  kl=0.0101  vl=0.0624
Step: 317718528 SPS: 68765  ev=0.747  ent=0.875  grad=0.35/0.35  h=4.1 c=21.1  kl=0.0107  vl=0.0636
Step: 318242816 SPS: 68774  ev=0.751  ent=0.863  grad=0.31/0.31  h=4.2 c=21.2  kl=0.0114  vl=0.0635
Step: 318767104 SPS: 68782  ev=0.751  ent=0.863  grad=0.26/0.26  h=4.2 c=21.1  kl=0.0110  vl=0.0627
Step: 319291392 SPS: 68810  ev=0.749  ent=0.851  grad=0.44/0.44  h=4.2 c=21.0  kl=0.0119  vl=0.0616
Step: 319815680 SPS: 68829  ev=0.749  ent=0.822  grad=0.29/0.29  h=4.1 c=21.1  kl=0.0112  vl=0.0622
Step: 320339968 SPS: 68825  ev=0.756  ent=0.878  grad=0.30/0.30  h=4.2 c=21.3  kl=0.0107  vl=0.0599
Step: 320864256 SPS: 68821  ev=0.747  ent=0.865  grad=0.24/0.24  h=4.2 c=21.3  kl=0.0110  vl=0.0625
Step: 321388544 SPS: 68842  ev=0.744  ent=0.812  grad=0.37/0.37  h=4.1 c=21.0  kl=0.0105  vl=0.0650
Step: 321912832 SPS: 68835  ev=0.745  ent=0.825  grad=0.21/0.21  h=4.1 c=21.0  kl=0.0101  vl=0.0647
Step: 322437120 SPS: 68818  ev=0.744  ent=0.851  grad=0.21/0.21  h=4.2 c=21.5  kl=0.0103  vl=0.0605
Step: 322961408 SPS: 68817  ev=0.747  ent=0.854  grad=0.21/0.21  h=4.2 c=21.7  kl=0.0102  vl=0.0642
Step: 323485696 SPS: 68814  ev=0.746  ent=0.851  grad=0.35/0.35  h=4.2 c=21.7  kl=0.0127  vl=0.0623
Step: 324009984 SPS: 68836  ev=0.743  ent=0.833  grad=0.60/0.50  h=4.2 c=21.7  kl=0.0126  vl=0.0652
Step: 324534272 SPS: 68857  ev=0.747  ent=0.844  grad=0.27/0.27  h=4.2 c=21.6  kl=0.0105  vl=0.0618
  vs Random: 100W/0L/0D | score=46.0±26.6 inv=3.0 played=22.0 lanes=5.0 ddraw=19.3 pts=46
  Self-play: 44W/53L/3D | score=11.0±23.6 inv=2.5 played=19.1 lanes=5.0 ddraw=2.4 pts=11
Step: 325058560 SPS: 68859  ev=0.746  ent=0.833  grad=0.30/0.30  h=4.1 c=21.6  kl=0.0110  vl=0.0621
Step: 325582848 SPS: 68853  ev=0.750  ent=0.867  grad=0.22/0.22  h=4.2 c=21.9  kl=0.0102  vl=0.0632
Step: 326107136 SPS: 68866  ev=0.747  ent=0.900  grad=0.25/0.25  h=4.2 c=22.1  kl=0.0101  vl=0.0622
Step: 326631424 SPS: 68861  ev=0.751  ent=0.876  grad=0.29/0.29  h=4.2 c=21.8  kl=0.0112  vl=0.0600
Step: 327155712 SPS: 68895  ev=0.750  ent=0.902  grad=0.28/0.28  h=4.2 c=22.0  kl=0.0103  vl=0.0620
Step: 327680000 SPS: 68916  ev=0.747  ent=0.885  grad=0.37/0.37  h=4.2 c=22.0  kl=0.0112  vl=0.0608
Step: 328204288 SPS: 68917  ev=0.743  ent=0.836  grad=0.21/0.21  h=4.2 c=21.9  kl=0.0100  vl=0.0613
Step: 328728576 SPS: 68932  ev=0.742  ent=0.817  grad=0.28/0.28  h=4.2 c=21.7  kl=0.0105  vl=0.0638
Step: 329252864 SPS: 68945  ev=0.747  ent=0.880  grad=0.42/0.42  h=4.2 c=21.8  kl=0.0103  vl=0.0631
Step: 329777152 SPS: 68963  ev=0.741  ent=0.857  grad=0.24/0.24  h=4.2 c=21.6  kl=0.0108  vl=0.0636
Step: 330301440 SPS: 68947  ev=0.742  ent=0.852  grad=0.25/0.25  h=4.1 c=21.4  kl=0.0106  vl=0.0603
Step: 330825728 SPS: 68942  ev=0.738  ent=0.843  grad=0.26/0.26  h=4.2 c=21.7  kl=0.0103  vl=0.0629
Step: 331350016 SPS: 68932  ev=0.743  ent=0.838  grad=0.22/0.22  h=4.2 c=21.6  kl=0.0105  vl=0.0600
Step: 331874304 SPS: 68921  ev=0.744  ent=0.871  grad=0.18/0.18  h=4.2 c=21.9  kl=0.0110  vl=0.0617
Step: 332398592 SPS: 68916  ev=0.746  ent=0.851  grad=0.20/0.20  h=4.2 c=22.1  kl=0.0106  vl=0.0657
Step: 332922880 SPS: 68911  ev=0.740  ent=0.848  grad=0.19/0.19  h=4.2 c=22.1  kl=0.0104  vl=0.0643
Step: 333447168 SPS: 68907  ev=0.745  ent=0.885  grad=0.28/0.28  h=4.2 c=22.0  kl=0.0116  vl=0.0607
Step: 333971456 SPS: 68915  ev=0.737  ent=0.854  grad=0.22/0.22  h=4.2 c=22.2  kl=0.0102  vl=0.0635
Step: 334495744 SPS: 68925  ev=0.744  ent=0.850  grad=0.31/0.31  h=4.2 c=21.9  kl=0.0114  vl=0.0661
Step: 335020032 SPS: 68948  ev=0.743  ent=0.853  grad=0.48/0.48  h=4.2 c=22.1  kl=0.0120  vl=0.0645
  vs Random: 100W/0L/0D | score=44.7±27.2 inv=2.8 played=21.6 lanes=5.0 ddraw=18.6 pts=45
  Self-play: 50W/49L/2D | score=13.0±25.7 inv=2.9 played=19.3 lanes=5.0 ddraw=2.5 pts=13
Step: 335544320 SPS: 68943  ev=0.743  ent=0.825  grad=0.43/0.43  h=4.2 c=22.1  kl=0.0127  vl=0.0655
Step: 336068608 SPS: 68929  ev=0.737  ent=0.825  grad=0.29/0.29  h=4.2 c=22.1  kl=0.0103  vl=0.0624
Step: 336592896 SPS: 68940  ev=0.733  ent=0.828  grad=0.28/0.28  h=4.2 c=22.4  kl=0.0104  vl=0.0621
Step: 337117184 SPS: 68940  ev=0.739  ent=0.850  grad=0.27/0.27  h=4.2 c=22.2  kl=0.0112  vl=0.0617
Step: 337641472 SPS: 68947  ev=0.740  ent=0.851  grad=0.32/0.32  h=4.2 c=22.2  kl=0.0108  vl=0.0620
Step: 338165760 SPS: 68943  ev=0.743  ent=0.845  grad=0.18/0.18  h=4.2 c=22.3  kl=0.0102  vl=0.0613
Step: 338690048 SPS: 68943  ev=0.737  ent=0.828  grad=0.24/0.24  h=4.2 c=22.1  kl=0.0105  vl=0.0637
Step: 339214336 SPS: 68950  ev=0.739  ent=0.830  grad=0.39/0.39  h=4.2 c=22.3  kl=0.0106  vl=0.0642
Step: 339738624 SPS: 68958  ev=0.741  ent=0.837  grad=0.26/0.26  h=4.1 c=22.4  kl=0.0109  vl=0.0635
Step: 340262912 SPS: 68966  ev=0.742  ent=0.815  grad=0.22/0.22  h=4.1 c=22.1  kl=0.0101  vl=0.0629
Step: 340787200 SPS: 68988  ev=0.738  ent=0.817  grad=0.26/0.26  h=4.1 c=21.9  kl=0.0104  vl=0.0606
Step: 341311488 SPS: 68995  ev=0.744  ent=0.809  grad=0.31/0.31  h=4.1 c=22.1  kl=0.0102  vl=0.0637
Step: 341835776 SPS: 69004  ev=0.749  ent=0.881  grad=0.28/0.28  h=4.1 c=22.1  kl=0.0101  vl=0.0618
Step: 342360064 SPS: 69029  ev=0.743  ent=0.863  grad=0.48/0.48  h=4.1 c=22.0  kl=0.0108  vl=0.0627
Step: 342884352 SPS: 69060  ev=0.749  ent=0.832  grad=0.34/0.34  h=4.1 c=21.9  kl=0.0102  vl=0.0619
Step: 343408640 SPS: 69083  ev=0.746  ent=0.831  grad=0.39/0.39  h=4.1 c=21.8  kl=0.0107  vl=0.0633
Step: 343932928 SPS: 69065  ev=0.748  ent=0.858  grad=0.31/0.31  h=4.1 c=21.8  kl=0.0103  vl=0.0581
Step: 344457216 SPS: 69062  ev=0.749  ent=0.858  grad=0.36/0.36  h=4.1 c=22.1  kl=0.0109  vl=0.0627
Step: 344981504 SPS: 69075  ev=0.749  ent=0.850  grad=0.28/0.28  h=4.1 c=21.9  kl=0.0106  vl=0.0637
Step: 345505792 SPS: 69061  ev=0.751  ent=0.863  grad=0.21/0.21  h=4.1 c=22.1  kl=0.0107  vl=0.0618
  vs Random: 100W/0L/0D | score=40.7±31.3 inv=3.0 played=21.9 lanes=5.0 ddraw=18.5 pts=41
  Self-play: 49W/52L/0D | score=18.8±25.3 inv=3.0 played=19.8 lanes=5.0 ddraw=2.9 pts=19
Step: 346030080 SPS: 69068  ev=0.740  ent=0.870  grad=0.34/0.34  h=4.1 c=22.2  kl=0.0109  vl=0.0613
Step: 346554368 SPS: 69072  ev=0.743  ent=0.861  grad=0.30/0.30  h=4.1 c=22.2  kl=0.0104  vl=0.0583
Step: 347078656 SPS: 69087  ev=0.737  ent=0.801  grad=0.28/0.28  h=4.1 c=22.5  kl=0.0106  vl=0.0644
Step: 347602944 SPS: 69086  ev=0.743  ent=0.851  grad=0.21/0.21  h=4.1 c=22.5  kl=0.0102  vl=0.0605
Step: 348127232 SPS: 69071  ev=0.741  ent=0.843  grad=0.24/0.24  h=4.1 c=22.4  kl=0.0102  vl=0.0573
Step: 348651520 SPS: 69080  ev=0.740  ent=0.834  grad=0.28/0.28  h=4.1 c=22.3  kl=0.0109  vl=0.0644
Step: 349175808 SPS: 69076  ev=0.744  ent=0.855  grad=0.19/0.19  h=4.1 c=22.5  kl=0.0109  vl=0.0606
Step: 349700096 SPS: 69061  ev=0.742  ent=0.873  grad=0.23/0.23  h=4.1 c=22.5  kl=0.0102  vl=0.0596
Step: 350224384 SPS: 69057  ev=0.745  ent=0.854  grad=0.32/0.32  h=4.2 c=22.5  kl=0.0105  vl=0.0619
Step: 350748672 SPS: 69065  ev=0.746  ent=0.881  grad=0.33/0.33  h=4.2 c=22.5  kl=0.0115  vl=0.0615
Step: 351272960 SPS: 69081  ev=0.746  ent=0.867  grad=0.30/0.30  h=4.2 c=22.5  kl=0.0113  vl=0.0625
Step: 351797248 SPS: 69091  ev=0.746  ent=0.872  grad=0.28/0.28  h=4.2 c=22.3  kl=0.0110  vl=0.0613
Step: 352321536 SPS: 69112  ev=0.745  ent=0.852  grad=0.47/0.47  h=4.1 c=22.2  kl=0.0101  vl=0.0660
Step: 352845824 SPS: 69121  ev=0.748  ent=0.844  grad=0.32/0.32  h=4.2 c=22.4  kl=0.0108  vl=0.0621
Step: 353370112 SPS: 69121  ev=0.749  ent=0.865  grad=0.28/0.28  h=4.1 c=22.1  kl=0.0116  vl=0.0612
Step: 353894400 SPS: 69132  ev=0.752  ent=0.868  grad=0.33/0.33  h=4.1 c=22.2  kl=0.0138  vl=0.0618
Step: 354418688 SPS: 69142  ev=0.747  ent=0.859  grad=0.41/0.41  h=4.1 c=22.4  kl=0.0116  vl=0.0628
Step: 354942976 SPS: 69151  ev=0.749  ent=0.846  grad=0.27/0.27  h=4.1 c=22.3  kl=0.0104  vl=0.0617
Step: 355467264 SPS: 69171  ev=0.743  ent=0.812  grad=0.48/0.48  h=4.1 c=22.1  kl=0.0128  vl=0.0631
Step: 355991552 SPS: 69181  ev=0.747  ent=0.862  grad=0.28/0.28  h=4.1 c=22.0  kl=0.0106  vl=0.0631
  vs Random: 101W/0L/0D | score=43.2±28.8 inv=2.6 played=21.6 lanes=5.0 ddraw=17.5 pts=43
  Self-play: 55W/44L/1D | score=16.7±27.7 inv=2.8 played=19.2 lanes=5.0 ddraw=3.0 pts=17
Step: 356515840 SPS: 69179  ev=0.746  ent=0.857  grad=0.26/0.26  h=4.1 c=21.9  kl=0.0107  vl=0.0615
Step: 357040128 SPS: 69167  ev=0.745  ent=0.853  grad=0.20/0.20  h=4.1 c=22.1  kl=0.0106  vl=0.0607
Step: 357564416 SPS: 69162  ev=0.745  ent=0.861  grad=0.24/0.24  h=4.1 c=22.5  kl=0.0107  vl=0.0639
Step: 358088704 SPS: 69169  ev=0.745  ent=0.870  grad=0.29/0.29  h=4.1 c=22.3  kl=0.0104  vl=0.0634
Step: 358612992 SPS: 69157  ev=0.741  ent=0.887  grad=0.36/0.36  h=4.1 c=22.0  kl=0.0114  vl=0.0602
Step: 359137280 SPS: 69145  ev=0.752  ent=0.881  grad=0.28/0.28  h=4.1 c=22.2  kl=0.0113  vl=0.0620
Step: 359661568 SPS: 69128  ev=0.742  ent=0.859  grad=0.19/0.19  h=4.1 c=22.2  kl=0.0097  vl=0.0591
Step: 360185856 SPS: 69127  ev=0.737  ent=0.853  grad=0.21/0.21  h=4.1 c=22.1  kl=0.0107  vl=0.0639
Step: 360710144 SPS: 69116  ev=0.737  ent=0.845  grad=0.23/0.23  h=4.1 c=22.0  kl=0.0113  vl=0.0597
Step: 361234432 SPS: 69123  ev=0.739  ent=0.807  grad=0.28/0.28  h=4.1 c=21.9  kl=0.0101  vl=0.0641
Step: 361758720 SPS: 69123  ev=0.742  ent=0.849  grad=0.28/0.28  h=4.1 c=21.7  kl=0.0110  vl=0.0619
Step: 362283008 SPS: 69128  ev=0.739  ent=0.831  grad=0.23/0.23  h=4.1 c=21.9  kl=0.0107  vl=0.0609
Step: 362807296 SPS: 69123  ev=0.735  ent=0.789  grad=0.22/0.22  h=4.1 c=21.8  kl=0.0102  vl=0.0622
Step: 363331584 SPS: 69136  ev=0.734  ent=0.818  grad=0.34/0.34  h=4.1 c=21.8  kl=0.0120  vl=0.0630
Step: 363855872 SPS: 69131  ev=0.734  ent=0.781  grad=0.21/0.21  h=4.1 c=21.8  kl=0.0108  vl=0.0634
Step: 364380160 SPS: 69126  ev=0.734  ent=0.800  grad=0.23/0.23  h=4.1 c=21.7  kl=0.0124  vl=0.0637
Step: 364904448 SPS: 69122  ev=0.737  ent=0.793  grad=0.21/0.21  h=4.2 c=21.9  kl=0.0111  vl=0.0662
Step: 365428736 SPS: 69129  ev=0.739  ent=0.828  grad=0.20/0.20  h=4.2 c=22.1  kl=0.0108  vl=0.0651
Step: 365953024 SPS: 69125  ev=0.741  ent=0.844  grad=0.23/0.23  h=4.2 c=22.1  kl=0.0109  vl=0.0631
Step: 366477312 SPS: 69120  ev=0.734  ent=0.831  grad=0.27/0.27  h=4.2 c=22.2  kl=0.0103  vl=0.0633
  vs Random: 100W/0L/0D | score=45.4±23.7 inv=3.0 played=21.9 lanes=5.0 ddraw=16.6 pts=45
  Self-play: 55W/45L/0D | score=13.4±27.8 inv=2.8 played=19.1 lanes=5.0 ddraw=2.5 pts=13
Step: 367001600 SPS: 69115  ev=0.732  ent=0.838  grad=0.38/0.38  h=4.2 c=21.9  kl=0.0109  vl=0.0624
Step: 367525888 SPS: 69122  ev=0.732  ent=0.805  grad=0.22/0.22  h=4.2 c=21.8  kl=0.0104  vl=0.0642
Step: 368050176 SPS: 69121  ev=0.730  ent=0.800  grad=0.39/0.39  h=4.2 c=22.1  kl=0.0116  vl=0.0641
Step: 368574464 SPS: 69131  ev=0.736  ent=0.827  grad=0.19/0.19  h=4.2 c=22.1  kl=0.0101  vl=0.0628
Step: 369098752 SPS: 69118  ev=0.737  ent=0.834  grad=0.27/0.27  h=4.2 c=22.1  kl=0.0113  vl=0.0641
Step: 369623040 SPS: 69125  ev=0.733  ent=0.836  grad=0.24/0.24  h=4.2 c=22.2  kl=0.0101  vl=0.0640
Step: 370147328 SPS: 69137  ev=0.734  ent=0.857  grad=0.26/0.26  h=4.3 c=22.5  kl=0.0101  vl=0.0620
Step: 370671616 SPS: 69130  ev=0.731  ent=0.848  grad=0.25/0.25  h=4.2 c=22.4  kl=0.0109  vl=0.0621
Step: 371195904 SPS: 69148  ev=0.730  ent=0.799  grad=0.56/0.50  h=4.2 c=22.3  kl=0.0121  vl=0.0658
Step: 371720192 SPS: 69158  ev=0.730  ent=0.822  grad=0.29/0.29  h=4.2 c=22.1  kl=0.0103  vl=0.0642
Step: 372244480 SPS: 69178  ev=0.730  ent=0.822  grad=0.35/0.35  h=4.2 c=22.5  kl=0.0104  vl=0.0629
Step: 372768768 SPS: 69176  ev=0.731  ent=0.828  grad=0.35/0.35  h=4.2 c=22.2  kl=0.0102  vl=0.0618
Step: 373293056 SPS: 69172  ev=0.731  ent=0.854  grad=0.28/0.28  h=4.2 c=22.4  kl=0.0113  vl=0.0622
Step: 373817344 SPS: 69179  ev=0.739  ent=0.830  grad=0.26/0.26  h=4.2 c=22.0  kl=0.0103  vl=0.0628
Step: 374341632 SPS: 69197  ev=0.731  ent=0.807  grad=0.47/0.47  h=4.2 c=22.4  kl=0.0154  vl=0.0672
Step: 374865920 SPS: 69203  ev=0.734  ent=0.789  grad=0.26/0.26  h=4.2 c=22.1  kl=0.0103  vl=0.0616
Step: 375390208 SPS: 69186  ev=0.729  ent=0.806  grad=0.28/0.28  h=4.2 c=22.2  kl=0.0110  vl=0.0647
Step: 375914496 SPS: 69170  ev=0.737  ent=0.844  grad=0.26/0.26  h=4.2 c=22.2  kl=0.0103  vl=0.0616
Step: 376438784 SPS: 69169  ev=0.736  ent=0.827  grad=0.25/0.25  h=4.2 c=22.0  kl=0.0105  vl=0.0643
Step: 376963072 SPS: 69164  ev=0.737  ent=0.828  grad=0.19/0.19  h=4.2 c=22.4  kl=0.0100  vl=0.0645
  vs Random: 100W/0L/0D | score=49.1±27.6 inv=3.0 played=22.0 lanes=5.0 ddraw=19.2 pts=49
  Self-play: 48W/52L/1D | score=13.0±28.9 inv=2.6 played=19.1 lanes=5.0 ddraw=3.7 pts=13
Step: 377487360 SPS: 69152  ev=0.746  ent=0.860  grad=0.23/0.23  h=4.2 c=22.4  kl=0.0107  vl=0.0629
Step: 378011648 SPS: 69154  ev=0.747  ent=0.912  grad=0.24/0.24  h=4.3 c=22.5  kl=0.0103  vl=0.0609
Step: 378535936 SPS: 69146  ev=0.746  ent=0.869  grad=0.18/0.18  h=4.2 c=22.2  kl=0.0110  vl=0.0604
Step: 379060224 SPS: 69158  ev=0.746  ent=0.860  grad=0.30/0.30  h=4.3 c=22.6  kl=0.0107  vl=0.0609
Step: 379584512 SPS: 69154  ev=0.744  ent=0.845  grad=0.22/0.22  h=4.2 c=22.4  kl=0.0102  vl=0.0600
Step: 380108800 SPS: 69160  ev=0.738  ent=0.832  grad=0.33/0.33  h=4.2 c=22.4  kl=0.0115  vl=0.0637
Step: 380633088 SPS: 69165  ev=0.735  ent=0.808  grad=0.25/0.25  h=4.2 c=22.6  kl=0.0107  vl=0.0628
Step: 381157376 SPS: 69160  ev=0.731  ent=0.797  grad=0.25/0.25  h=4.2 c=22.4  kl=0.0110  vl=0.0645
Step: 381681664 SPS: 69144  ev=0.734  ent=0.790  grad=0.25/0.25  h=4.2 c=22.3  kl=0.0104  vl=0.0633
Step: 382205952 SPS: 69139  ev=0.732  ent=0.782  grad=0.18/0.18  h=4.2 c=22.5  kl=0.0108  vl=0.0651
Step: 382730240 SPS: 69128  ev=0.737  ent=0.811  grad=0.27/0.27  h=4.2 c=22.6  kl=0.0122  vl=0.0655
Step: 383254528 SPS: 69125  ev=0.738  ent=0.820  grad=0.26/0.26  h=4.2 c=22.4  kl=0.0109  vl=0.0631
Step: 383778816 SPS: 69132  ev=0.739  ent=0.859  grad=0.31/0.31  h=4.2 c=22.9  kl=0.0105  vl=0.0641
Step: 384303104 SPS: 69150  ev=0.741  ent=0.827  grad=0.32/0.32  h=4.2 c=22.9  kl=0.0101  vl=0.0648
Step: 384827392 SPS: 69159  ev=0.740  ent=0.842  grad=0.24/0.24  h=4.2 c=23.0  kl=0.0104  vl=0.0628
Step: 385351680 SPS: 69144  ev=0.736  ent=0.819  grad=0.21/0.21  h=4.2 c=22.7  kl=0.0112  vl=0.0611
Step: 385875968 SPS: 69162  ev=0.740  ent=0.852  grad=0.32/0.32  h=4.2 c=22.5  kl=0.0101  vl=0.0639
Step: 386400256 SPS: 69145  ev=0.736  ent=0.812  grad=0.28/0.28  h=4.1 c=22.4  kl=0.0111  vl=0.0618
Step: 386924544 SPS: 69150  ev=0.730  ent=0.791  grad=0.29/0.29  h=4.1 c=22.1  kl=0.0108  vl=0.0631
Step: 387448832 SPS: 69154  ev=0.734  ent=0.800  grad=0.32/0.32  h=4.1 c=21.9  kl=0.0108  vl=0.0622
