[lr5e4] lr=5e-4 gpu=1 start 2026-06-06 11:44:08
wandb: [wandb.login()] Loaded credentials for https://api.wandb.ai from /home/zzhang18/.netrc.
wandb: Currently logged in as: nchen3 (ningcong-chen) to https://api.wandb.ai. Use `wandb login --relogin` to force relogin
wandb: Tracking run with wandb version 0.25.1
wandb: Run data is saved locally in /home/zzhang18/nchen3/eco/wandb/run-20260606_114411-zoxdn4qd
wandb: Run `wandb offline` to turn off syncing.
wandb: Syncing run lc__lc_ppo_fixedlr_lr5e4__1__1780760651
wandb: ⭐️ View project at https://wandb.ai/ningcong-chen/ppo-eco
wandb: 🚀 View run at https://wandb.ai/ningcong-chen/ppo-eco/runs/zoxdn4qd
Agent params: 2,243,161
Loaded pretrained model from model/lc_ppo_from_dense_scorediff/pretrained.pkt
/home/zzhang18/nchen3/eco/game/lc/batch_stepper.py:144: NumbaTypeSafetyWarning: [1m[1m[1munsafe cast from uint64 to int64. Precision may be lost.[0m[0m[0m
  s = states[i]
Step: 4096 SPS: 483  ev=-0.209  ent=1.096  grad=2.75/0.50  h=4.4 c=8.7  kl=0.2701  vl=15.1669
Step: 8192 SPS: 787  ev=-20.876  ent=1.292  grad=0.29/0.29  h=5.7 c=11.6  kl=0.4332  vl=15.3604
Step: 12288 SPS: 986  ev=-0.552  ent=1.260  grad=1.74/0.50  h=4.9 c=11.3  kl=0.0672  vl=2.1217
Step: 16384 SPS: 1134  ev=-2.183  ent=1.492  grad=2.68/0.50  h=5.8 c=13.4  kl=0.2087  vl=1.2471
Step: 20480 SPS: 1239  ev=0.079  ent=1.276  grad=1.37/0.50  h=5.0 c=11.1  kl=0.0110  vl=0.6086
Step: 24576 SPS: 1334  ev=-0.316  ent=1.415  grad=0.40/0.40  h=5.9 c=14.2  kl=0.0732  vl=0.4650
Step: 28672 SPS: 1412  ev=0.172  ent=1.406  grad=0.97/0.50  h=5.0 c=10.3  kl=0.0424  vl=0.3712
Step: 32768 SPS: 1488  ev=0.256  ent=1.441  grad=0.90/0.50  h=5.9 c=14.7  kl=0.0302  vl=0.1846
Step: 36864 SPS: 1536  ev=0.340  ent=1.409  grad=0.81/0.50  h=4.5 c=7.8  kl=0.0178  vl=0.2919
Step: 40960 SPS: 1571  ev=0.348  ent=1.418  grad=1.05/0.50  h=5.7 c=14.2  kl=0.0420  vl=0.2322
Step: 45056 SPS: 1599  ev=0.338  ent=1.451  grad=0.93/0.50  h=6.3 c=18.1  kl=0.0241  vl=0.2611
Step: 49152 SPS: 1624  ev=0.320  ent=1.531  grad=3.49/0.50  h=5.7 c=14.3  kl=0.0328  vl=0.3184
Step: 53248 SPS: 1658  ev=0.370  ent=1.512  grad=2.16/0.50  h=6.2 c=18.5  kl=0.0221  vl=0.2633
Step: 57344 SPS: 1680  ev=0.254  ent=1.520  grad=0.34/0.34  h=5.6 c=14.1  kl=0.0094  vl=0.2751
Step: 61440 SPS: 1707  ev=0.519  ent=1.493  grad=0.18/0.18  h=6.3 c=19.1  kl=0.0164  vl=0.0971
Step: 65536 SPS: 1718  ev=0.378  ent=1.366  grad=0.46/0.46  h=5.4 c=12.9  kl=0.0126  vl=0.2440
Step: 69632 SPS: 1726  ev=0.392  ent=1.494  grad=1.97/0.50  h=6.2 c=18.5  kl=0.0231  vl=0.2227
Step: 73728 SPS: 1739  ev=0.459  ent=1.468  grad=1.22/0.50  h=5.3 c=11.3  kl=0.0091  vl=0.2382
Step: 77824 SPS: 1760  ev=0.445  ent=1.530  grad=0.25/0.25  h=6.1 c=18.1  kl=0.0222  vl=0.1925
  vs Random: 92W/8L/0D | score=17.6±32.7 inv=3.4 played=18.0 lanes=5.0 ddraw=32.7 pts=18
  Self-play: 51W/48L/1D | score=-10.5±39.4 inv=2.6 played=15.4 lanes=5.0 ddraw=45.1 pts=-11
Step: 81920 SPS: 1775  ev=0.376  ent=1.494  grad=2.06/0.50  h=4.7 c=8.2  kl=0.0149  vl=0.3093
Step: 86016 SPS: 1789  ev=0.373  ent=1.483  grad=3.23/0.50  h=6.0 c=17.0  kl=0.0161  vl=0.3167
Step: 90112 SPS: 1794  ev=0.389  ent=1.451  grad=0.51/0.50  h=6.6 c=22.4  kl=0.0049  vl=0.3823
Step: 94208 SPS: 1801  ev=0.477  ent=1.529  grad=1.38/0.50  h=5.9 c=16.4  kl=0.0142  vl=0.1954
Step: 98304 SPS: 1809  ev=0.533  ent=1.446  grad=1.04/0.50  h=6.4 c=20.7  kl=0.0152  vl=0.1511
Step: 102400 SPS: 1824  ev=0.433  ent=1.440  grad=1.00/0.50  h=5.7 c=14.8  kl=0.1832  vl=0.2175
Step: 106496 SPS: 1839  ev=0.572  ent=1.398  grad=0.54/0.50  h=6.5 c=20.4  kl=0.1635  vl=0.1506
Step: 110592 SPS: 1853  ev=0.444  ent=1.391  grad=0.78/0.50  h=5.2 c=12.8  kl=0.1229  vl=0.2003
Step: 114688 SPS: 1867  ev=0.476  ent=1.370  grad=0.58/0.50  h=6.2 c=19.7  kl=0.1427  vl=0.1620
Step: 118784 SPS: 1875  ev=0.558  ent=1.325  grad=1.02/0.50  h=5.0 c=10.6  kl=0.1037  vl=0.1555
Step: 122880 SPS: 1885  ev=0.492  ent=1.440  grad=0.70/0.50  h=6.1 c=19.3  kl=0.1123  vl=0.1450
Step: 126976 SPS: 1886  ev=0.426  ent=1.309  grad=0.73/0.50  h=4.3 c=7.8  kl=0.1083  vl=0.2372
Step: 131072 SPS: 1888  ev=0.461  ent=1.285  grad=0.80/0.50  h=5.8 c=18.5  kl=0.0977  vl=0.1853
Step: 135168 SPS: 1894  ev=0.380  ent=1.207  grad=0.92/0.50  h=6.2 c=25.6  kl=0.0970  vl=0.2206
Step: 139264 SPS: 1901  ev=0.324  ent=1.163  grad=0.90/0.50  h=5.5 c=17.2  kl=0.0904  vl=0.1989
Step: 143360 SPS: 1906  ev=0.434  ent=1.235  grad=0.76/0.50  h=6.2 c=23.3  kl=0.1198  vl=0.1709
Step: 147456 SPS: 1909  ev=0.358  ent=1.203  grad=1.34/0.50  h=5.3 c=15.5  kl=0.0861  vl=0.2195
Step: 151552 SPS: 1913  ev=0.375  ent=1.172  grad=0.91/0.50  h=6.1 c=23.0  kl=0.0845  vl=0.2178
Step: 155648 SPS: 1914  ev=0.351  ent=1.132  grad=1.62/0.50  h=5.0 c=13.2  kl=0.0904  vl=0.2248
Step: 159744 SPS: 1913  ev=0.385  ent=1.144  grad=0.77/0.50  h=5.9 c=22.5  kl=0.1148  vl=0.2197
  vs Random: 97W/3L/0D | score=19.8±28.0 inv=2.7 played=17.6 lanes=5.0 ddraw=30.7 pts=20
  Self-play: 53W/47L/0D | score=-8.1±23.4 inv=1.8 played=14.6 lanes=5.0 ddraw=25.5 pts=-8
Step: 163840 SPS: 1916  ev=0.278  ent=1.166  grad=1.14/0.50  h=4.7 c=10.6  kl=0.0983  vl=0.2512
Step: 167936 SPS: 1924  ev=0.375  ent=1.092  grad=1.16/0.50  h=5.7 c=22.2  kl=0.1395  vl=0.2901
Step: 172032 SPS: 1926  ev=0.446  ent=1.166  grad=1.78/0.50  h=4.0 c=7.5  kl=0.0926  vl=0.2392
Step: 176128 SPS: 1929  ev=0.247  ent=1.149  grad=1.28/0.50  h=5.5 c=20.7  kl=0.1032  vl=0.2288
Step: 180224 SPS: 1934  ev=0.375  ent=1.207  grad=1.16/0.50  h=6.2 c=29.2  kl=0.0998  vl=0.3275
Step: 184320 SPS: 1942  ev=0.268  ent=1.082  grad=1.12/0.50  h=5.3 c=17.7  kl=0.1225  vl=0.2470
Step: 188416 SPS: 1947  ev=0.418  ent=1.184  grad=0.64/0.50  h=6.1 c=28.1  kl=0.1330  vl=0.2199
Step: 192512 SPS: 1949  ev=0.319  ent=1.124  grad=1.92/0.50  h=5.2 c=16.0  kl=0.1111  vl=0.2699
Step: 196608 SPS: 1953  ev=0.433  ent=1.107  grad=1.16/0.50  h=5.9 c=26.2  kl=0.0853  vl=0.1382
Step: 200704 SPS: 1958  ev=0.271  ent=1.134  grad=0.94/0.50  h=4.9 c=13.4  kl=0.0614  vl=0.2844
Step: 204800 SPS: 1961  ev=0.315  ent=1.182  grad=0.63/0.50  h=5.7 c=22.6  kl=0.1647  vl=0.2223
Step: 208896 SPS: 1962  ev=0.325  ent=1.132  grad=1.52/0.50  h=4.6 c=10.6  kl=0.0987  vl=0.2480
Step: 212992 SPS: 1965  ev=0.345  ent=1.119  grad=0.61/0.50  h=5.6 c=21.1  kl=0.1041  vl=0.2278
Step: 217088 SPS: 1967  ev=0.339  ent=1.160  grad=1.09/0.50  h=4.0 c=7.6  kl=0.1156  vl=0.2693
Step: 221184 SPS: 1971  ev=0.258  ent=1.143  grad=1.68/0.50  h=5.4 c=20.0  kl=0.1073  vl=0.2868
Step: 225280 SPS: 1972  ev=0.363  ent=1.172  grad=1.39/0.50  h=6.1 c=30.9  kl=0.1220  vl=0.2608
Step: 229376 SPS: 1976  ev=0.253  ent=1.067  grad=1.01/0.50  h=5.2 c=19.4  kl=0.1427  vl=0.3405
Step: 233472 SPS: 1979  ev=0.486  ent=1.060  grad=0.51/0.50  h=5.9 c=28.7  kl=0.1158  vl=0.1990
Step: 237568 SPS: 1980  ev=0.255  ent=1.032  grad=1.14/0.50  h=5.0 c=17.1  kl=0.1067  vl=0.1921
Step: 241664 SPS: 1981  ev=0.458  ent=1.060  grad=1.33/0.50  h=5.9 c=28.3  kl=0.1189  vl=0.1987
  vs Random: 99W/1L/0D | score=16.9±23.5 inv=1.2 played=15.9 lanes=4.8 ddraw=23.1 pts=17
  Self-play: 43W/56L/1D | score=-14.4±19.5 inv=1.2 played=13.7 lanes=4.9 ddraw=22.5 pts=-14
Step: 245760 SPS: 1981  ev=0.332  ent=1.041  grad=1.42/0.50  h=4.8 c=14.3  kl=0.0819  vl=0.2517
Step: 249856 SPS: 1986  ev=0.437  ent=1.045  grad=1.34/0.50  h=5.8 c=26.2  kl=0.1143  vl=0.2462
Step: 253952 SPS: 1988  ev=0.358  ent=1.000  grad=0.61/0.50  h=4.5 c=11.2  kl=0.1078  vl=0.2314
Step: 258048 SPS: 1990  ev=0.237  ent=0.970  grad=0.78/0.50  h=5.5 c=22.7  kl=0.1301  vl=0.2706
Step: 262144 SPS: 1990  ev=0.368  ent=0.980  grad=0.78/0.50  h=3.9 c=7.6  kl=0.0924  vl=0.2953
Step: 266240 SPS: 1989  ev=0.281  ent=0.946  grad=1.35/0.50  h=5.3 c=20.6  kl=0.1093  vl=0.3104
Step: 270336 SPS: 1993  ev=0.333  ent=0.988  grad=0.54/0.50  h=6.0 c=32.2  kl=0.1004  vl=0.2581
Step: 274432 SPS: 1996  ev=0.341  ent=0.912  grad=1.30/0.50  h=5.1 c=19.3  kl=0.2435  vl=0.2372
Step: 278528 SPS: 1999  ev=0.452  ent=0.952  grad=1.58/0.50  h=5.9 c=32.8  kl=0.0762  vl=0.2133
Step: 282624 SPS: 2001  ev=0.336  ent=0.923  grad=0.93/0.50  h=5.0 c=18.0  kl=0.0797  vl=0.2323
Step: 286720 SPS: 2002  ev=0.417  ent=0.960  grad=0.63/0.50  h=5.7 c=29.9  kl=0.1216  vl=0.2336
Step: 290816 SPS: 2002  ev=0.322  ent=0.976  grad=1.00/0.50  h=4.8 c=15.4  kl=0.0792  vl=0.3074
Step: 294912 SPS: 2000  ev=0.467  ent=0.923  grad=1.13/0.50  h=5.6 c=27.4  kl=0.1270  vl=0.1849
Step: 299008 SPS: 2000  ev=0.324  ent=0.902  grad=0.75/0.50  h=4.5 c=12.0  kl=0.0956  vl=0.2883
Step: 303104 SPS: 2000  ev=0.408  ent=0.880  grad=0.98/0.50  h=5.3 c=24.5  kl=0.0782  vl=0.1987
Step: 307200 SPS: 1998  ev=0.295  ent=0.867  grad=1.07/0.50  h=3.9 c=8.0  kl=0.0913  vl=0.3154
Step: 311296 SPS: 1998  ev=0.275  ent=0.875  grad=1.32/0.50  h=5.2 c=21.1  kl=0.0872  vl=0.2364
Step: 315392 SPS: 1997  ev=0.278  ent=0.911  grad=1.31/0.50  h=5.8 c=32.3  kl=0.1083  vl=0.3088
Step: 319488 SPS: 1997  ev=0.297  ent=0.831  grad=0.52/0.50  h=4.9 c=18.2  kl=0.0971  vl=0.2475
Step: 323584 SPS: 1995  ev=0.437  ent=0.884  grad=1.20/0.50  h=5.8 c=29.3  kl=0.1029  vl=0.2612
  vs Random: 100W/0L/0D | score=18.6±21.0 inv=1.1 played=16.6 lanes=5.0 ddraw=19.7 pts=19
  Self-play: 53W/48L/1D | score=-7.0±21.5 inv=0.9 played=14.1 lanes=5.0 ddraw=21.6 pts=-7
Step: 327680 SPS: 1995  ev=0.251  ent=0.837  grad=0.98/0.50  h=4.8 c=16.1  kl=0.0725  vl=0.3227
Step: 331776 SPS: 2002  ev=0.415  ent=0.867  grad=1.48/0.50  h=5.4 c=26.1  kl=0.1271  vl=0.2303
Step: 335872 SPS: 2008  ev=0.342  ent=0.857  grad=1.13/0.50  h=4.6 c=13.7  kl=0.0891  vl=0.1812
Step: 339968 SPS: 2015  ev=0.426  ent=0.841  grad=0.50/0.50  h=5.6 c=24.9  kl=0.1014  vl=0.2221
Step: 344064 SPS: 2020  ev=0.312  ent=0.850  grad=0.71/0.50  h=4.4 c=11.6  kl=0.0698  vl=0.2670
Step: 348160 SPS: 2022  ev=0.357  ent=0.805  grad=0.89/0.50  h=5.3 c=22.4  kl=0.1028  vl=0.2479
Step: 352256 SPS: 2027  ev=0.383  ent=0.806  grad=1.95/0.50  h=3.9 c=8.1  kl=0.0801  vl=0.3211
Step: 356352 SPS: 2032  ev=0.328  ent=0.801  grad=0.59/0.50  h=5.2 c=20.9  kl=0.0757  vl=0.2535
Step: 360448 SPS: 2039  ev=0.338  ent=0.874  grad=1.41/0.50  h=5.9 c=32.0  kl=0.0817  vl=0.2627
Step: 364544 SPS: 2044  ev=0.354  ent=0.792  grad=0.71/0.50  h=4.9 c=19.0  kl=0.0880  vl=0.2392
Step: 368640 SPS: 2048  ev=0.483  ent=0.820  grad=0.46/0.46  h=5.6 c=28.9  kl=0.0960  vl=0.1821
Step: 372736 SPS: 2050  ev=0.345  ent=0.793  grad=0.52/0.50  h=4.7 c=16.4  kl=0.0936  vl=0.2896
Step: 376832 SPS: 2054  ev=0.413  ent=0.797  grad=0.76/0.50  h=5.4 c=27.5  kl=0.0996  vl=0.2319
Step: 380928 SPS: 2057  ev=0.327  ent=0.825  grad=1.74/0.50  h=4.5 c=14.1  kl=0.0852  vl=0.2723
Step: 385024 SPS: 2059  ev=0.378  ent=0.777  grad=0.71/0.50  h=5.1 c=25.0  kl=0.1104  vl=0.2323
Step: 389120 SPS: 2061  ev=0.235  ent=0.781  grad=0.66/0.50  h=4.2 c=11.0  kl=0.0736  vl=0.3231
Step: 393216 SPS: 2064  ev=0.321  ent=0.805  grad=0.49/0.49  h=4.9 c=23.5  kl=0.0679  vl=0.2091
Step: 397312 SPS: 2068  ev=0.426  ent=0.798  grad=0.60/0.50  h=3.6 c=7.6  kl=0.0792  vl=0.2923
Step: 401408 SPS: 2073  ev=0.325  ent=0.758  grad=0.70/0.50  h=4.7 c=20.9  kl=0.0770  vl=0.2436
Step: 405504 SPS: 2076  ev=0.383  ent=0.830  grad=2.11/0.50  h=5.7 c=30.3  kl=0.0856  vl=0.3003
  vs Random: 97W/3L/0D | score=20.8±21.6 inv=1.4 played=17.7 lanes=5.0 ddraw=32.5 pts=21
  Self-play: 53W/46L/1D | score=0.8±23.3 inv=1.5 played=15.7 lanes=5.0 ddraw=38.9 pts=1
Step: 409600 SPS: 2074  ev=0.373  ent=0.702  grad=0.51/0.50  h=4.5 c=17.1  kl=0.1282  vl=0.2121
Step: 413696 SPS: 2075  ev=0.399  ent=0.788  grad=1.36/0.50  h=5.5 c=26.4  kl=0.1003  vl=0.2380
Step: 417792 SPS: 2074  ev=0.289  ent=0.755  grad=0.49/0.49  h=4.4 c=14.8  kl=0.0894  vl=0.2311
Step: 421888 SPS: 2071  ev=0.473  ent=0.794  grad=0.65/0.50  h=5.2 c=25.2  kl=0.0942  vl=0.1582
Step: 425984 SPS: 2071  ev=0.312  ent=0.736  grad=0.92/0.50  h=4.2 c=12.9  kl=0.0697  vl=0.2228
Step: 430080 SPS: 2072  ev=0.395  ent=0.760  grad=1.36/0.50  h=5.0 c=24.7  kl=0.1150  vl=0.1901
Step: 434176 SPS: 2070  ev=0.397  ent=0.732  grad=0.59/0.50  h=4.0 c=10.5  kl=0.0908  vl=0.2389
Step: 438272 SPS: 2072  ev=0.367  ent=0.741  grad=0.66/0.50  h=4.9 c=23.7  kl=0.0956  vl=0.2437
Step: 442368 SPS: 2074  ev=0.324  ent=0.742  grad=0.61/0.50  h=3.6 c=7.4  kl=0.0871  vl=0.2849
Step: 446464 SPS: 2075  ev=0.235  ent=0.737  grad=0.65/0.50  h=4.8 c=20.9  kl=0.0840  vl=0.2560
Step: 450560 SPS: 2076  ev=0.287  ent=0.758  grad=0.72/0.50  h=5.7 c=34.7  kl=0.0756  vl=0.2786
Step: 454656 SPS: 2074  ev=0.398  ent=0.727  grad=2.79/0.50  h=4.8 c=19.7  kl=0.0951  vl=0.2491
Step: 458752 SPS: 2073  ev=0.414  ent=0.774  grad=1.85/0.50  h=5.5 c=32.0  kl=0.0995  vl=0.1735
Step: 462848 SPS: 2072  ev=0.335  ent=0.708  grad=1.20/0.50  h=4.6 c=17.5  kl=0.0731  vl=0.2167
Step: 466944 SPS: 2070  ev=0.363  ent=0.732  grad=0.70/0.50  h=5.5 c=30.3  kl=0.0778  vl=0.2294
Step: 471040 SPS: 2068  ev=0.369  ent=0.707  grad=0.49/0.49  h=4.4 c=14.2  kl=0.0696  vl=0.2184
Step: 475136 SPS: 2067  ev=0.404  ent=0.739  grad=0.79/0.50  h=5.0 c=27.1  kl=0.1021  vl=0.1984
Step: 479232 SPS: 2065  ev=0.361  ent=0.707  grad=0.54/0.50  h=4.1 c=11.1  kl=0.0952  vl=0.2065
Step: 483328 SPS: 2064  ev=0.305  ent=0.723  grad=1.40/0.50  h=4.9 c=25.7  kl=0.1320  vl=0.2337
Step: 487424 SPS: 2064  ev=0.270  ent=0.672  grad=0.90/0.50  h=3.6 c=7.7  kl=0.0854  vl=0.2723
  vs Random: 100W/1L/0D | score=18.4±23.9 inv=1.4 played=16.6 lanes=4.8 ddraw=23.9 pts=18
  Self-play: 58W/40L/3D | score=-1.1±21.8 inv=1.4 played=15.2 lanes=4.9 ddraw=25.0 pts=-1
Step: 491520 SPS: 2064  ev=0.284  ent=0.715  grad=0.45/0.45  h=4.8 c=23.8  kl=0.0753  vl=0.2387
Step: 495616 SPS: 2063  ev=0.291  ent=0.714  grad=1.34/0.50  h=5.6 c=36.8  kl=0.0864  vl=0.3014
Step: 499712 SPS: 2063  ev=0.267  ent=0.712  grad=0.53/0.50  h=4.6 c=21.2  kl=0.1074  vl=0.2610
Step: 503808 SPS: 2064  ev=0.387  ent=0.739  grad=0.66/0.50  h=5.3 c=34.1  kl=0.1225  vl=0.2139
Step: 507904 SPS: 2064  ev=0.307  ent=0.646  grad=0.70/0.50  h=4.3 c=18.3  kl=0.0906  vl=0.2679
Step: 512000 SPS: 2064  ev=0.292  ent=0.690  grad=1.59/0.50  h=5.1 c=32.3  kl=0.0855  vl=0.2477
Step: 516096 SPS: 2062  ev=0.334  ent=0.652  grad=0.85/0.50  h=4.3 c=15.3  kl=0.0873  vl=0.2495
Step: 520192 SPS: 2061  ev=0.334  ent=0.698  grad=0.39/0.39  h=4.9 c=30.3  kl=0.0938  vl=0.2553
Step: 524288 SPS: 2062  ev=0.343  ent=0.677  grad=0.65/0.50  h=4.0 c=12.0  kl=0.1067  vl=0.2312
Step: 528384 SPS: 2062  ev=0.388  ent=0.683  grad=0.45/0.45  h=4.7 c=28.0  kl=0.0699  vl=0.1818
Step: 532480 SPS: 2061  ev=0.320  ent=0.677  grad=0.77/0.50  h=3.5 c=7.9  kl=0.0998  vl=0.2645
Step: 536576 SPS: 2062  ev=0.426  ent=0.657  grad=0.52/0.50  h=4.5 c=26.1  kl=0.1144  vl=0.2184
Step: 540672 SPS: 2063  ev=0.441  ent=0.711  grad=1.67/0.50  h=5.5 c=40.1  kl=0.0733  vl=0.2936
Step: 544768 SPS: 2062  ev=0.318  ent=0.675  grad=0.60/0.50  h=4.5 c=23.1  kl=0.0840  vl=0.2495
Step: 548864 SPS: 2062  ev=0.454  ent=0.711  grad=1.62/0.50  h=5.4 c=35.7  kl=0.0899  vl=0.2319
Step: 552960 SPS: 2062  ev=0.255  ent=0.636  grad=0.92/0.50  h=4.4 c=19.5  kl=0.0998  vl=0.3189
Step: 557056 SPS: 2062  ev=0.357  ent=0.663  grad=0.95/0.50  h=5.2 c=32.8  kl=0.1514  vl=0.2013
Step: 561152 SPS: 2062  ev=0.273  ent=0.644  grad=0.46/0.46  h=4.2 c=16.1  kl=0.0884  vl=0.2723
Step: 565248 SPS: 2062  ev=0.292  ent=0.666  grad=0.91/0.50  h=4.9 c=31.4  kl=0.0681  vl=0.1984
Step: 569344 SPS: 2062  ev=0.324  ent=0.630  grad=0.83/0.50  h=3.9 c=12.2  kl=0.0741  vl=0.3121
  vs Random: 98W/2L/0D | score=23.3±23.2 inv=1.7 played=17.8 lanes=4.9 ddraw=29.4 pts=23
  Self-play: 60W/40L/0D | score=3.8±20.5 inv=1.8 played=16.7 lanes=5.0 ddraw=42.7 pts=4
Step: 573440 SPS: 2061  ev=0.360  ent=0.676  grad=0.34/0.34  h=4.7 c=29.0  kl=0.1188  vl=0.1538
Step: 577536 SPS: 2061  ev=0.305  ent=0.677  grad=0.69/0.50  h=3.5 c=8.0  kl=0.0857  vl=0.2777
Step: 581632 SPS: 2062  ev=0.265  ent=0.640  grad=1.32/0.50  h=4.7 c=26.3  kl=0.1041  vl=0.2329
Step: 585728 SPS: 2061  ev=0.275  ent=0.675  grad=0.51/0.50  h=5.5 c=37.9  kl=0.1185  vl=0.3820
Step: 589824 SPS: 2062  ev=0.353  ent=0.675  grad=0.60/0.50  h=4.6 c=23.7  kl=0.1267  vl=0.2020
Step: 593920 SPS: 2062  ev=0.383  ent=0.639  grad=0.69/0.50  h=5.4 c=36.7  kl=0.0868  vl=0.2393
Step: 598016 SPS: 2063  ev=0.290  ent=0.643  grad=0.44/0.44  h=4.3 c=20.9  kl=0.0911  vl=0.2054
Step: 602112 SPS: 2064  ev=0.406  ent=0.638  grad=0.45/0.45  h=5.2 c=35.6  kl=0.0984  vl=0.1695
Step: 606208 SPS: 2064  ev=0.360  ent=0.664  grad=0.50/0.50  h=4.2 c=17.3  kl=0.1222  vl=0.2354
Step: 610304 SPS: 2065  ev=0.338  ent=0.698  grad=1.14/0.50  h=4.9 c=33.5  kl=0.1241  vl=0.2178
Step: 614400 SPS: 2065  ev=0.274  ent=0.670  grad=0.44/0.44  h=4.0 c=12.8  kl=0.0894  vl=0.2621
Step: 618496 SPS: 2066  ev=0.312  ent=0.674  grad=0.53/0.50  h=4.7 c=31.2  kl=0.1030  vl=0.2430
Step: 622592 SPS: 2066  ev=0.313  ent=0.648  grad=0.98/0.50  h=3.6 c=8.1  kl=0.1085  vl=0.2959
Step: 626688 SPS: 2066  ev=0.362  ent=0.672  grad=0.51/0.50  h=4.5 c=27.8  kl=0.0890  vl=0.1824
Step: 630784 SPS: 2066  ev=0.298  ent=0.682  grad=0.57/0.50  h=5.5 c=42.3  kl=0.1356  vl=0.3664
Step: 634880 SPS: 2067  ev=0.168  ent=0.645  grad=1.02/0.50  h=4.4 c=24.0  kl=0.0800  vl=0.2910
Step: 638976 SPS: 2068  ev=0.357  ent=0.711  grad=1.38/0.50  h=5.3 c=39.1  kl=0.1192  vl=0.2328
Step: 643072 SPS: 2068  ev=0.288  ent=0.623  grad=1.26/0.50  h=4.2 c=20.3  kl=0.1249  vl=0.2426
Step: 647168 SPS: 2069  ev=0.345  ent=0.666  grad=0.84/0.50  h=5.0 c=34.9  kl=0.0868  vl=0.1812
Step: 651264 SPS: 2069  ev=0.274  ent=0.663  grad=0.76/0.50  h=4.2 c=16.2  kl=0.1067  vl=0.2965
  vs Random: 100W/0L/0D | score=20.7±22.9 inv=1.6 played=17.6 lanes=5.0 ddraw=24.9 pts=21
  Self-play: 52W/48L/1D | score=-0.2±23.3 inv=1.8 played=16.1 lanes=4.9 ddraw=28.6 pts=-0
Step: 655360 SPS: 2070  ev=0.378  ent=0.651  grad=0.48/0.48  h=5.0 c=31.1  kl=0.1191  vl=0.1566
Step: 659456 SPS: 2070  ev=0.373  ent=0.625  grad=0.59/0.50  h=4.0 c=12.3  kl=0.1069  vl=0.2735
Step: 663552 SPS: 2070  ev=0.308  ent=0.634  grad=0.96/0.50  h=4.7 c=29.3  kl=0.1101  vl=0.2406
Step: 667648 SPS: 2068  ev=0.268  ent=0.662  grad=2.41/0.50  h=3.7 c=8.1  kl=0.0977  vl=0.3564
Step: 671744 SPS: 2067  ev=0.295  ent=0.641  grad=0.58/0.50  h=4.6 c=25.9  kl=0.1255  vl=0.2472
Step: 675840 SPS: 2067  ev=0.250  ent=0.670  grad=1.03/0.50  h=5.5 c=38.6  kl=0.0775  vl=0.2783
Step: 679936 SPS: 2068  ev=0.281  ent=0.629  grad=0.52/0.50  h=4.5 c=23.1  kl=0.0707  vl=0.2705
Step: 684032 SPS: 2069  ev=0.358  ent=0.661  grad=1.13/0.50  h=5.4 c=37.1  kl=0.1375  vl=0.2936
Step: 688128 SPS: 2068  ev=0.230  ent=0.610  grad=0.51/0.50  h=4.4 c=19.5  kl=0.1013  vl=0.2620
Step: 692224 SPS: 2069  ev=0.342  ent=0.620  grad=0.76/0.50  h=5.2 c=33.2  kl=0.1282  vl=0.1972
Step: 696320 SPS: 2068  ev=0.260  ent=0.596  grad=1.06/0.50  h=4.3 c=15.7  kl=0.0789  vl=0.3040
Step: 700416 SPS: 2068  ev=0.382  ent=0.596  grad=0.54/0.50  h=5.0 c=29.9  kl=0.1163  vl=0.1984
Step: 704512 SPS: 2068  ev=0.309  ent=0.619  grad=0.65/0.50  h=4.0 c=12.1  kl=0.1000  vl=0.2957
Step: 708608 SPS: 2067  ev=0.373  ent=0.642  grad=0.45/0.45  h=4.7 c=27.5  kl=0.1338  vl=0.2243
Step: 712704 SPS: 2066  ev=0.323  ent=0.634  grad=0.56/0.50  h=3.7 c=8.1  kl=0.1060  vl=0.2243
Step: 716800 SPS: 2066  ev=0.387  ent=0.608  grad=0.98/0.50  h=4.7 c=26.8  kl=0.0692  vl=0.2209
Step: 720896 SPS: 2065  ev=0.235  ent=0.620  grad=0.39/0.39  h=5.5 c=40.3  kl=0.0819  vl=0.3369
Step: 724992 SPS: 2064  ev=0.324  ent=0.556  grad=0.87/0.50  h=4.7 c=24.0  kl=0.0986  vl=0.2853
Step: 729088 SPS: 2064  ev=0.370  ent=0.588  grad=0.61/0.50  h=5.5 c=38.2  kl=0.0765  vl=0.2400
Step: 733184 SPS: 2064  ev=0.323  ent=0.598  grad=1.65/0.50  h=4.6 c=20.3  kl=0.0853  vl=0.3129
  vs Random: 100W/1L/0D | score=18.6±20.9 inv=1.3 played=17.5 lanes=5.0 ddraw=32.3 pts=19
  Self-play: 47W/50L/3D | score=-1.5±21.8 inv=1.5 played=16.1 lanes=5.0 ddraw=54.3 pts=-2
Step: 737280 SPS: 2063  ev=0.401  ent=0.582  grad=0.36/0.36  h=5.3 c=35.5  kl=0.0922  vl=0.2232
Step: 741376 SPS: 2063  ev=0.314  ent=0.587  grad=0.92/0.50  h=4.3 c=17.0  kl=0.0893  vl=0.2461
Step: 745472 SPS: 2063  ev=0.395  ent=0.577  grad=0.37/0.37  h=5.2 c=32.4  kl=0.0815  vl=0.2467
Step: 749568 SPS: 2063  ev=0.289  ent=0.630  grad=1.80/0.50  h=4.1 c=12.8  kl=0.0670  vl=0.2385
Step: 753664 SPS: 2063  ev=0.310  ent=0.578  grad=0.99/0.50  h=4.9 c=29.9  kl=0.1052  vl=0.2642
Step: 757760 SPS: 2062  ev=0.356  ent=0.586  grad=0.52/0.50  h=3.8 c=8.4  kl=0.0661  vl=0.2432
Step: 761856 SPS: 2063  ev=0.432  ent=0.592  grad=0.74/0.50  h=4.8 c=27.1  kl=0.0782  vl=0.1692
Step: 765952 SPS: 2063  ev=0.296  ent=0.588  grad=1.10/0.50  h=5.7 c=42.5  kl=0.0831  vl=0.3091
Step: 770048 SPS: 2063  ev=0.190  ent=0.569  grad=0.50/0.50  h=4.7 c=23.7  kl=0.0932  vl=0.2787
Step: 774144 SPS: 2063  ev=0.412  ent=0.594  grad=1.25/0.50  h=5.5 c=39.4  kl=0.0933  vl=0.1817
Step: 778240 SPS: 2063  ev=0.329  ent=0.603  grad=0.51/0.50  h=4.6 c=21.0  kl=0.1175  vl=0.2719
Step: 782336 SPS: 2063  ev=0.438  ent=0.609  grad=0.68/0.50  h=5.3 c=35.9  kl=0.0972  vl=0.1320
Step: 786432 SPS: 2063  ev=0.340  ent=0.575  grad=1.11/0.50  h=4.4 c=17.2  kl=0.0929  vl=0.2535
Step: 790528 SPS: 2062  ev=0.403  ent=0.564  grad=0.34/0.34  h=5.2 c=34.8  kl=0.0854  vl=0.1928
Step: 794624 SPS: 2062  ev=0.306  ent=0.538  grad=1.07/0.50  h=4.3 c=13.1  kl=0.0879  vl=0.2940
Step: 798720 SPS: 2063  ev=0.322  ent=0.578  grad=0.83/0.50  h=5.0 c=31.1  kl=0.0798  vl=0.2265
Step: 802816 SPS: 2063  ev=0.362  ent=0.571  grad=0.85/0.50  h=3.9 c=8.5  kl=0.0686  vl=0.2864
Step: 806912 SPS: 2062  ev=0.270  ent=0.553  grad=1.12/0.50  h=4.8 c=28.1  kl=0.0692  vl=0.2575
Step: 811008 SPS: 2060  ev=0.339  ent=0.591  grad=0.76/0.50  h=5.8 c=42.9  kl=0.0897  vl=0.2979
Step: 815104 SPS: 2060  ev=0.276  ent=0.562  grad=1.09/0.50  h=4.8 c=24.8  kl=0.1117  vl=0.3184
  vs Random: 100W/0L/0D | score=28.6±20.2 inv=1.5 played=19.3 lanes=5.0 ddraw=35.2 pts=29
  Self-play: 60W/40L/0D | score=6.4±22.3 inv=2.0 played=17.4 lanes=5.0 ddraw=38.9 pts=6
Step: 819200 SPS: 2060  ev=0.390  ent=0.594  grad=2.12/0.50  h=5.5 c=39.4  kl=0.0815  vl=0.2348
Step: 823296 SPS: 2059  ev=0.369  ent=0.548  grad=0.38/0.38  h=4.6 c=20.7  kl=0.0912  vl=0.2745
Step: 827392 SPS: 2059  ev=0.352  ent=0.594  grad=0.74/0.50  h=5.3 c=35.9  kl=0.1121  vl=0.2146
Step: 831488 SPS: 2059  ev=0.357  ent=0.560  grad=0.81/0.50  h=4.5 c=17.4  kl=0.0770  vl=0.2065
Step: 835584 SPS: 2058  ev=0.379  ent=0.608  grad=0.48/0.48  h=5.3 c=35.4  kl=0.1168  vl=0.2130
Step: 839680 SPS: 2057  ev=0.363  ent=0.557  grad=0.58/0.50  h=4.4 c=13.4  kl=0.0563  vl=0.2117
Step: 843776 SPS: 2056  ev=0.318  ent=0.548  grad=0.40/0.40  h=5.1 c=32.2  kl=0.0805  vl=0.2161
Step: 847872 SPS: 2056  ev=0.325  ent=0.548  grad=0.49/0.49  h=4.2 c=8.8  kl=0.0867  vl=0.2823
Step: 851968 SPS: 2056  ev=0.253  ent=0.537  grad=0.88/0.50  h=5.0 c=28.9  kl=0.0917  vl=0.3199
Step: 856064 SPS: 2056  ev=0.219  ent=0.552  grad=0.53/0.50  h=5.7 c=44.6  kl=0.0768  vl=0.3570
Step: 860160 SPS: 2057  ev=0.264  ent=0.546  grad=0.52/0.50  h=5.0 c=27.4  kl=0.0835  vl=0.2563
Step: 864256 SPS: 2058  ev=0.391  ent=0.548  grad=0.48/0.48  h=5.5 c=40.9  kl=0.0963  vl=0.2092
Step: 868352 SPS: 2058  ev=0.241  ent=0.532  grad=2.25/0.50  h=4.8 c=22.4  kl=0.0844  vl=0.2569
Step: 872448 SPS: 2058  ev=0.355  ent=0.565  grad=1.13/0.50  h=5.3 c=38.6  kl=0.1075  vl=0.1859
Step: 876544 SPS: 2057  ev=0.249  ent=0.538  grad=0.47/0.47  h=4.6 c=18.5  kl=0.0919  vl=0.2920
Step: 880640 SPS: 2057  ev=0.285  ent=0.529  grad=0.54/0.50  h=5.1 c=35.9  kl=0.1084  vl=0.2409
Step: 884736 SPS: 2057  ev=0.279  ent=0.532  grad=0.55/0.50  h=4.5 c=14.0  kl=0.0769  vl=0.2465
Step: 888832 SPS: 2057  ev=0.356  ent=0.537  grad=0.39/0.39  h=5.1 c=33.2  kl=0.0872  vl=0.2287
Step: 892928 SPS: 2058  ev=0.283  ent=0.523  grad=0.60/0.50  h=4.2 c=9.0  kl=0.0711  vl=0.2725
Step: 897024 SPS: 2058  ev=0.332  ent=0.537  grad=0.91/0.50  h=4.9 c=31.2  kl=0.0896  vl=0.2560
  vs Random: 100W/0L/0D | score=33.6±26.2 inv=2.2 played=19.5 lanes=5.0 ddraw=34.2 pts=34
  Self-play: 50W/49L/1D | score=6.9±25.0 inv=2.6 played=18.2 lanes=5.0 ddraw=43.7 pts=7
Step: 901120 SPS: 2058  ev=0.310  ent=0.553  grad=1.36/0.50  h=5.5 c=43.1  kl=0.0994  vl=0.3281
Step: 905216 SPS: 2057  ev=0.280  ent=0.516  grad=0.39/0.39  h=4.8 c=27.0  kl=0.0842  vl=0.2784
Step: 909312 SPS: 2057  ev=0.418  ent=0.567  grad=0.35/0.35  h=5.5 c=42.9  kl=0.0899  vl=0.2075
Step: 913408 SPS: 2056  ev=0.354  ent=0.523  grad=0.61/0.50  h=4.7 c=24.3  kl=0.1020  vl=0.2331
Step: 917504 SPS: 2056  ev=0.404  ent=0.546  grad=1.02/0.50  h=5.2 c=39.2  kl=0.0850  vl=0.2108
Step: 921600 SPS: 2056  ev=0.304  ent=0.508  grad=1.31/0.50  h=4.7 c=19.1  kl=0.0872  vl=0.2399
Step: 925696 SPS: 2057  ev=0.359  ent=0.541  grad=0.46/0.46  h=5.2 c=37.6  kl=0.0862  vl=0.2304
Step: 929792 SPS: 2057  ev=0.285  ent=0.523  grad=0.45/0.45  h=4.5 c=14.3  kl=0.0837  vl=0.2470
Step: 933888 SPS: 2058  ev=0.311  ent=0.497  grad=0.40/0.40  h=5.0 c=33.6  kl=0.0978  vl=0.2323
Step: 937984 SPS: 2057  ev=0.300  ent=0.515  grad=0.36/0.36  h=4.2 c=9.1  kl=0.0736  vl=0.2924
Step: 942080 SPS: 2058  ev=0.314  ent=0.502  grad=1.32/0.50  h=5.0 c=30.8  kl=0.0724  vl=0.2504
Step: 946176 SPS: 2058  ev=0.249  ent=0.516  grad=1.30/0.50  h=5.6 c=44.6  kl=0.0851  vl=0.3586
Step: 950272 SPS: 2058  ev=0.302  ent=0.547  grad=0.44/0.44  h=4.9 c=26.0  kl=0.1024  vl=0.2526
Step: 954368 SPS: 2058  ev=0.311  ent=0.517  grad=1.19/0.50  h=5.5 c=41.2  kl=0.0635  vl=0.2316
Step: 958464 SPS: 2057  ev=0.276  ent=0.499  grad=0.46/0.46  h=4.8 c=22.4  kl=0.0411  vl=0.2662
Step: 962560 SPS: 2057  ev=0.308  ent=0.500  grad=0.37/0.37  h=5.3 c=38.9  kl=0.0731  vl=0.2102
Step: 966656 SPS: 2057  ev=0.291  ent=0.490  grad=1.28/0.50  h=4.8 c=19.0  kl=0.0890  vl=0.2816
Step: 970752 SPS: 2057  ev=0.404  ent=0.502  grad=1.10/0.50  h=5.2 c=37.3  kl=0.0791  vl=0.1856
Step: 974848 SPS: 2058  ev=0.286  ent=0.508  grad=1.02/0.50  h=4.6 c=14.3  kl=0.0787  vl=0.3301
Step: 978944 SPS: 2059  ev=0.298  ent=0.491  grad=0.60/0.50  h=5.2 c=34.5  kl=0.0872  vl=0.3159
  vs Random: 100W/0L/0D | score=27.6±24.7 inv=1.6 played=18.9 lanes=5.0 ddraw=34.5 pts=28
  Self-play: 53W/47L/0D | score=2.1±23.9 inv=1.6 played=16.9 lanes=5.0 ddraw=56.6 pts=2
Step: 983040 SPS: 2060  ev=0.394  ent=0.493  grad=0.39/0.39  h=4.3 c=9.3  kl=0.0723  vl=0.1874
Step: 987136 SPS: 2060  ev=0.370  ent=0.478  grad=0.71/0.50  h=5.1 c=32.4  kl=0.0749  vl=0.2400
Step: 991232 SPS: 2060  ev=0.267  ent=0.484  grad=1.43/0.50  h=5.8 c=50.0  kl=0.0599  vl=0.4084
Step: 995328 SPS: 2060  ev=0.341  ent=0.477  grad=0.76/0.50  h=5.1 c=29.0  kl=0.0914  vl=0.2243
Step: 999424 SPS: 2059  ev=0.349  ent=0.516  grad=0.58/0.50  h=5.6 c=46.2  kl=0.0840  vl=0.2582
Step: 1003520 SPS: 2060  ev=0.225  ent=0.511  grad=0.97/0.50  h=4.9 c=24.4  kl=0.1060  vl=0.3241
Step: 1007616 SPS: 2060  ev=0.421  ent=0.477  grad=0.35/0.35  h=5.4 c=42.1  kl=0.0769  vl=0.1375
Step: 1011712 SPS: 2060  ev=0.350  ent=0.493  grad=0.65/0.50  h=4.8 c=19.5  kl=0.0943  vl=0.2744
Step: 1015808 SPS: 2061  ev=0.336  ent=0.507  grad=0.66/0.50  h=5.3 c=39.3  kl=0.1077  vl=0.2228
Step: 1019904 SPS: 2061  ev=0.363  ent=0.516  grad=0.41/0.41  h=4.6 c=14.8  kl=0.0736  vl=0.2433
Step: 1024000 SPS: 2062  ev=0.340  ent=0.474  grad=0.64/0.50  h=5.2 c=36.9  kl=0.0702  vl=0.2082
Step: 1028096 SPS: 2061  ev=0.399  ent=0.495  grad=1.28/0.50  h=4.2 c=9.5  kl=0.0790  vl=0.2295
Step: 1032192 SPS: 2061  ev=0.359  ent=0.498  grad=0.63/0.50  h=5.1 c=33.2  kl=0.0930  vl=0.2083
Step: 1036288 SPS: 2060  ev=0.385  ent=0.486  grad=0.61/0.50  h=5.8 c=50.6  kl=0.0658  vl=0.2770
Step: 1040384 SPS: 2060  ev=0.207  ent=0.470  grad=0.45/0.45  h=5.0 c=29.0  kl=0.0877  vl=0.2840
Step: 1044480 SPS: 2059  ev=0.395  ent=0.473  grad=0.36/0.36  h=5.7 c=46.1  kl=0.0697  vl=0.1496
Step: 1048576 SPS: 2059  ev=0.255  ent=0.485  grad=0.57/0.50  h=4.9 c=24.9  kl=0.0827  vl=0.2675
Step: 1052672 SPS: 2059  ev=0.344  ent=0.500  grad=0.49/0.49  h=5.6 c=45.1  kl=0.0911  vl=0.2091
Step: 1056768 SPS: 2059  ev=0.312  ent=0.447  grad=0.60/0.50  h=4.7 c=20.2  kl=0.0563  vl=0.2480
Step: 1060864 SPS: 2058  ev=0.401  ent=0.465  grad=0.39/0.39  h=5.3 c=41.3  kl=0.0829  vl=0.2078
  vs Random: 98W/2L/0D | score=26.4±22.4 inv=1.5 played=19.2 lanes=5.0 ddraw=32.9 pts=26
  Self-play: 61W/39L/0D | score=3.3±23.4 inv=1.6 played=17.1 lanes=5.0 ddraw=39.8 pts=3
Step: 1064960 SPS: 2057  ev=0.352  ent=0.481  grad=0.53/0.50  h=4.5 c=15.5  kl=0.0715  vl=0.2273
Step: 1069056 SPS: 2057  ev=0.292  ent=0.473  grad=0.78/0.50  h=5.1 c=38.8  kl=0.0857  vl=0.2207
Step: 1073152 SPS: 2056  ev=0.301  ent=0.500  grad=0.49/0.49  h=4.0 c=9.5  kl=0.0667  vl=0.3051
Step: 1077248 SPS: 2056  ev=0.314  ent=0.469  grad=0.43/0.43  h=5.0 c=34.2  kl=0.0700  vl=0.1673
Step: 1081344 SPS: 2056  ev=0.279  ent=0.477  grad=0.40/0.40  h=5.5 c=52.5  kl=0.0889  vl=0.4471
Step: 1085440 SPS: 2056  ev=0.323  ent=0.453  grad=0.46/0.46  h=4.9 c=30.6  kl=0.0610  vl=0.2552
Step: 1089536 SPS: 2056  ev=0.423  ent=0.479  grad=0.64/0.50  h=5.5 c=48.8  kl=0.0708  vl=0.2570
Step: 1093632 SPS: 2056  ev=0.334  ent=0.470  grad=0.43/0.43  h=4.8 c=25.4  kl=0.0956  vl=0.3174
Step: 1097728 SPS: 2057  ev=0.361  ent=0.466  grad=0.36/0.36  h=5.3 c=45.1  kl=0.0895  vl=0.1991
Step: 1101824 SPS: 2057  ev=0.326  ent=0.453  grad=0.39/0.39  h=4.7 c=20.6  kl=0.0722  vl=0.2728
Step: 1105920 SPS: 2056  ev=0.284  ent=0.489  grad=0.71/0.50  h=5.2 c=42.1  kl=0.0884  vl=0.1837
Step: 1110016 SPS: 2055  ev=0.283  ent=0.454  grad=1.27/0.50  h=4.5 c=15.1  kl=0.0597  vl=0.3819
Step: 1114112 SPS: 2055  ev=0.312  ent=0.469  grad=0.31/0.31  h=5.1 c=37.8  kl=0.0711  vl=0.2019
Step: 1118208 SPS: 2055  ev=0.336  ent=0.473  grad=1.86/0.50  h=4.0 c=9.4  kl=0.1072  vl=0.3658
Step: 1122304 SPS: 2056  ev=0.317  ent=0.449  grad=0.85/0.50  h=4.9 c=33.5  kl=0.0714  vl=0.2274
Step: 1126400 SPS: 2056  ev=0.326  ent=0.469  grad=0.39/0.39  h=5.7 c=50.6  kl=0.0476  vl=0.3094
Step: 1130496 SPS: 2057  ev=0.300  ent=0.456  grad=1.61/0.50  h=4.8 c=28.9  kl=0.0799  vl=0.2723
Step: 1134592 SPS: 2056  ev=0.425  ent=0.446  grad=0.40/0.40  h=5.5 c=47.2  kl=0.0781  vl=0.2196
Step: 1138688 SPS: 2057  ev=0.239  ent=0.422  grad=0.86/0.50  h=4.7 c=24.2  kl=0.0955  vl=0.2904
Step: 1142784 SPS: 2057  ev=0.372  ent=0.487  grad=0.42/0.42  h=5.4 c=44.0  kl=0.1324  vl=0.2059
  vs Random: 99W/2L/0D | score=25.8±22.8 inv=1.8 played=18.8 lanes=5.0 ddraw=31.7 pts=26
  Self-play: 41W/59L/0D | score=1.6±27.0 inv=1.9 played=17.1 lanes=5.0 ddraw=45.4 pts=2
Step: 1146880 SPS: 2056  ev=0.359  ent=0.443  grad=0.51/0.50  h=4.7 c=20.1  kl=0.1101  vl=0.1971
Step: 1150976 SPS: 2056  ev=0.365  ent=0.480  grad=0.83/0.50  h=5.2 c=40.5  kl=0.1506  vl=0.2272
Step: 1155072 SPS: 2055  ev=0.284  ent=0.428  grad=0.49/0.49  h=4.5 c=14.9  kl=0.0743  vl=0.3043
Step: 1159168 SPS: 2055  ev=0.268  ent=0.460  grad=0.90/0.50  h=5.1 c=36.5  kl=0.0876  vl=0.2006
Step: 1163264 SPS: 2055  ev=0.283  ent=0.454  grad=0.38/0.38  h=4.1 c=9.3  kl=0.0718  vl=0.3086
Step: 1167360 SPS: 2055  ev=0.266  ent=0.448  grad=0.75/0.50  h=5.0 c=33.1  kl=0.0736  vl=0.2139
Step: 1171456 SPS: 2055  ev=0.345  ent=0.452  grad=0.97/0.50  h=5.7 c=51.6  kl=0.0579  vl=0.2967
Step: 1175552 SPS: 2055  ev=0.261  ent=0.414  grad=0.63/0.50  h=5.0 c=30.0  kl=0.0687  vl=0.2443
Step: 1179648 SPS: 2056  ev=0.378  ent=0.477  grad=0.67/0.50  h=5.5 c=47.5  kl=0.0818  vl=0.1938
Step: 1183744 SPS: 2056  ev=0.333  ent=0.421  grad=0.34/0.34  h=4.7 c=25.4  kl=0.0762  vl=0.2579
Step: 1187840 SPS: 2056  ev=0.379  ent=0.470  grad=0.80/0.50  h=5.3 c=45.4  kl=0.1085  vl=0.2245
Step: 1191936 SPS: 2056  ev=0.396  ent=0.442  grad=0.44/0.44  h=4.7 c=20.6  kl=0.0739  vl=0.2563
Step: 1196032 SPS: 2056  ev=0.407  ent=0.463  grad=0.52/0.50  h=5.3 c=43.1  kl=0.0740  vl=0.1562
Step: 1200128 SPS: 2056  ev=0.334  ent=0.427  grad=0.68/0.50  h=4.5 c=15.6  kl=0.0859  vl=0.2559
Step: 1204224 SPS: 2057  ev=0.278  ent=0.444  grad=0.43/0.43  h=5.1 c=39.7  kl=0.1085  vl=0.2717
Step: 1208320 SPS: 2056  ev=0.355  ent=0.443  grad=0.45/0.45  h=4.0 c=9.6  kl=0.0819  vl=0.2316
Step: 1212416 SPS: 2056  ev=0.344  ent=0.441  grad=0.56/0.50  h=5.0 c=36.8  kl=0.0681  vl=0.2380
Step: 1216512 SPS: 2056  ev=0.380  ent=0.450  grad=0.80/0.50  h=5.7 c=55.3  kl=0.0723  vl=0.2818
Step: 1220608 SPS: 2056  ev=0.311  ent=0.411  grad=0.58/0.50  h=4.8 c=32.6  kl=0.0984  vl=0.2547
Step: 1224704 SPS: 2056  ev=0.433  ent=0.435  grad=0.31/0.31  h=5.6 c=51.3  kl=0.0660  vl=0.1902
  vs Random: 100W/0L/0D | score=26.5±23.7 inv=1.6 played=18.9 lanes=5.0 ddraw=38.1 pts=27
  Self-play: 42W/56L/2D | score=1.9±21.4 inv=1.9 played=17.1 lanes=5.0 ddraw=46.5 pts=2
Step: 1228800 SPS: 2056  ev=0.306  ent=0.430  grad=1.24/0.50  h=4.9 c=27.5  kl=0.0712  vl=0.2758
Step: 1232896 SPS: 2056  ev=0.408  ent=0.435  grad=0.36/0.36  h=5.5 c=48.3  kl=0.0663  vl=0.1716
Step: 1236992 SPS: 2056  ev=0.400  ent=0.409  grad=0.42/0.42  h=4.8 c=22.5  kl=0.0734  vl=0.2487
Step: 1241088 SPS: 2055  ev=0.392  ent=0.399  grad=0.41/0.41  h=5.4 c=44.5  kl=0.0855  vl=0.1977
Step: 1245184 SPS: 2054  ev=0.309  ent=0.422  grad=0.36/0.36  h=4.6 c=16.5  kl=0.0519  vl=0.2802
Step: 1249280 SPS: 2053  ev=0.282  ent=0.430  grad=0.44/0.44  h=5.3 c=42.0  kl=0.1026  vl=0.2386
Step: 1253376 SPS: 2052  ev=0.334  ent=0.404  grad=0.91/0.50  h=4.3 c=10.1  kl=0.0721  vl=0.2918
Step: 1257472 SPS: 2052  ev=0.338  ent=0.440  grad=0.55/0.50  h=5.1 c=38.5  kl=0.0588  vl=0.1903
Step: 1261568 SPS: 2052  ev=0.349  ent=0.450  grad=1.18/0.50  h=5.9 c=56.9  kl=0.0806  vl=0.3695
Step: 1265664 SPS: 2052  ev=0.316  ent=0.418  grad=0.81/0.50  h=4.9 c=33.0  kl=0.0937  vl=0.2235
Step: 1269760 SPS: 2053  ev=0.437  ent=0.421  grad=0.49/0.49  h=5.7 c=52.0  kl=0.0812  vl=0.1625
Step: 1273856 SPS: 2052  ev=0.250  ent=0.424  grad=0.48/0.48  h=4.8 c=28.2  kl=0.0515  vl=0.2161
Step: 1277952 SPS: 2051  ev=0.408  ent=0.421  grad=0.40/0.40  h=5.5 c=50.2  kl=0.1285  vl=0.2117
Step: 1282048 SPS: 2050  ev=0.321  ent=0.393  grad=0.33/0.33  h=4.8 c=22.7  kl=0.0889  vl=0.2381
Step: 1286144 SPS: 2050  ev=0.456  ent=0.444  grad=1.02/0.50  h=5.3 c=46.6  kl=0.0748  vl=0.1452
Step: 1290240 SPS: 2050  ev=0.350  ent=0.424  grad=0.63/0.50  h=4.6 c=16.7  kl=0.0745  vl=0.2767
Step: 1294336 SPS: 2050  ev=0.358  ent=0.432  grad=0.26/0.26  h=5.2 c=42.0  kl=0.0778  vl=0.2532
Step: 1298432 SPS: 2049  ev=0.302  ent=0.426  grad=0.54/0.50  h=4.2 c=10.0  kl=0.0727  vl=0.2858
Step: 1302528 SPS: 2048  ev=0.344  ent=0.430  grad=0.31/0.31  h=5.0 c=38.2  kl=0.0820  vl=0.1839
Step: 1306624 SPS: 2047  ev=0.318  ent=0.444  grad=0.54/0.50  h=5.7 c=55.1  kl=0.0855  vl=0.3345
  vs Random: 99W/1L/0D | score=31.3±24.2 inv=1.9 played=19.5 lanes=5.0 ddraw=34.5 pts=31
  Self-play: 44W/55L/1D | score=-0.4±25.3 inv=2.0 played=17.2 lanes=5.0 ddraw=35.6 pts=-0
Step: 1310720 SPS: 2046  ev=0.269  ent=0.432  grad=1.95/0.50  h=4.8 c=33.0  kl=0.0783  vl=0.2709
Step: 1314816 SPS: 2045  ev=0.425  ent=0.438  grad=0.72/0.50  h=5.5 c=53.1  kl=0.0753  vl=0.1883
Step: 1318912 SPS: 2044  ev=0.325  ent=0.388  grad=0.54/0.50  h=4.7 c=28.0  kl=0.1137  vl=0.2407
Step: 1323008 SPS: 2043  ev=0.350  ent=0.424  grad=0.38/0.38  h=5.4 c=49.6  kl=0.0896  vl=0.2282
Step: 1327104 SPS: 2042  ev=0.374  ent=0.411  grad=0.49/0.49  h=4.6 c=22.2  kl=0.0794  vl=0.2561
Step: 1331200 SPS: 2041  ev=0.404  ent=0.411  grad=0.31/0.31  h=5.2 c=45.6  kl=0.1011  vl=0.1669
Step: 1335296 SPS: 2040  ev=0.259  ent=0.416  grad=0.64/0.50  h=4.5 c=16.2  kl=0.1246  vl=0.3139
Step: 1339392 SPS: 2040  ev=0.363  ent=0.445  grad=0.41/0.41  h=5.0 c=41.5  kl=0.0692  vl=0.1452
Step: 1343488 SPS: 2039  ev=0.257  ent=0.416  grad=0.38/0.38  h=4.1 c=9.9  kl=0.0692  vl=0.3028
Step: 1347584 SPS: 2038  ev=0.339  ent=0.422  grad=1.07/0.50  h=5.0 c=37.4  kl=0.0583  vl=0.2080
Step: 1351680 SPS: 2038  ev=0.351  ent=0.451  grad=0.39/0.39  h=5.6 c=55.1  kl=0.0701  vl=0.2540
Step: 1355776 SPS: 2038  ev=0.295  ent=0.396  grad=0.38/0.38  h=4.9 c=33.2  kl=0.0839  vl=0.2683
Step: 1359872 SPS: 2038  ev=0.405  ent=0.441  grad=0.45/0.45  h=5.5 c=51.5  kl=0.0835  vl=0.2247
Step: 1363968 SPS: 2038  ev=0.332  ent=0.395  grad=0.88/0.50  h=4.8 c=27.8  kl=0.0985  vl=0.2335
Step: 1368064 SPS: 2038  ev=0.392  ent=0.419  grad=0.47/0.47  h=5.4 c=48.2  kl=0.0973  vl=0.2087
Step: 1372160 SPS: 2037  ev=0.290  ent=0.392  grad=0.89/0.50  h=4.7 c=22.3  kl=0.0699  vl=0.3336
Step: 1376256 SPS: 2036  ev=0.380  ent=0.456  grad=0.91/0.50  h=5.2 c=43.1  kl=0.1065  vl=0.2216
Step: 1380352 SPS: 2035  ev=0.284  ent=0.419  grad=0.41/0.41  h=4.5 c=16.3  kl=0.0986  vl=0.3278
Step: 1384448 SPS: 2035  ev=0.356  ent=0.432  grad=0.59/0.50  h=5.1 c=39.7  kl=0.1006  vl=0.2057
Step: 1388544 SPS: 2035  ev=0.288  ent=0.414  grad=0.57/0.50  h=4.1 c=9.9  kl=0.0795  vl=0.3203
  vs Random: 98W/2L/0D | score=32.9±24.5 inv=1.9 played=19.6 lanes=5.0 ddraw=32.5 pts=33
  Self-play: 57W/42L/1D | score=7.7±23.8 inv=2.0 played=17.5 lanes=5.0 ddraw=34.2 pts=8
Step: 1392640 SPS: 2035  ev=0.329  ent=0.425  grad=0.36/0.36  h=4.9 c=36.5  kl=0.0863  vl=0.1845
Step: 1396736 SPS: 2035  ev=0.409  ent=0.421  grad=0.67/0.50  h=5.6 c=52.5  kl=0.0660  vl=0.2698
Step: 1400832 SPS: 2036  ev=0.304  ent=0.391  grad=0.46/0.46  h=4.9 c=32.0  kl=0.0870  vl=0.2529
Step: 1404928 SPS: 2035  ev=0.406  ent=0.397  grad=0.39/0.39  h=5.6 c=49.1  kl=0.0719  vl=0.2551
Step: 1409024 SPS: 2034  ev=0.344  ent=0.409  grad=0.33/0.33  h=4.8 c=27.4  kl=0.0788  vl=0.2575
Step: 1413120 SPS: 2034  ev=0.357  ent=0.397  grad=0.67/0.50  h=5.4 c=45.3  kl=0.0837  vl=0.2238
Step: 1417216 SPS: 2032  ev=0.318  ent=0.406  grad=0.80/0.50  h=4.7 c=21.9  kl=0.0633  vl=0.2839
Step: 1421312 SPS: 2031  ev=0.379  ent=0.435  grad=0.91/0.50  h=5.2 c=43.0  kl=0.0855  vl=0.2027
Step: 1425408 SPS: 2030  ev=0.344  ent=0.413  grad=0.39/0.39  h=4.4 c=15.8  kl=0.0650  vl=0.2198
Step: 1429504 SPS: 2029  ev=0.417  ent=0.430  grad=0.74/0.50  h=5.1 c=39.7  kl=0.0657  vl=0.1640
Step: 1433600 SPS: 2027  ev=0.370  ent=0.421  grad=0.91/0.50  h=4.1 c=9.7  kl=0.1391  vl=0.2641
Step: 1437696 SPS: 2027  ev=0.359  ent=0.420  grad=0.35/0.35  h=5.0 c=35.8  kl=0.0837  vl=0.2142
Step: 1441792 SPS: 2026  ev=0.297  ent=0.418  grad=0.91/0.50  h=5.8 c=52.2  kl=0.0625  vl=0.3132
Step: 1445888 SPS: 2025  ev=0.341  ent=0.415  grad=0.90/0.50  h=4.8 c=32.0  kl=0.0830  vl=0.2245
Step: 1449984 SPS: 2024  ev=0.397  ent=0.433  grad=0.30/0.30  h=5.5 c=48.5  kl=0.0707  vl=0.1789
Step: 1454080 SPS: 2022  ev=0.321  ent=0.418  grad=0.51/0.50  h=4.7 c=26.9  kl=0.1205  vl=0.2648
Step: 1458176 SPS: 2020  ev=0.468  ent=0.448  grad=0.48/0.48  h=5.5 c=46.2  kl=0.0851  vl=0.2135
Step: 1462272 SPS: 2019  ev=0.376  ent=0.405  grad=0.53/0.50  h=4.5 c=21.8  kl=0.0709  vl=0.2324
Step: 1466368 SPS: 2018  ev=0.384  ent=0.419  grad=0.37/0.37  h=5.3 c=44.4  kl=0.0926  vl=0.2231
Step: 1470464 SPS: 2017  ev=0.411  ent=0.417  grad=0.71/0.50  h=4.4 c=16.3  kl=0.0769  vl=0.2507
  vs Random: 100W/1L/0D | score=24.8±21.8 inv=2.0 played=18.8 lanes=5.0 ddraw=40.6 pts=25
  Self-play: 44W/56L/0D | score=1.0±27.1 inv=1.8 played=16.6 lanes=5.0 ddraw=48.9 pts=1
Step: 1474560 SPS: 2015  ev=0.355  ent=0.448  grad=0.93/0.50  h=5.1 c=41.7  kl=0.0752  vl=0.2482
Step: 1478656 SPS: 2015  ev=0.391  ent=0.418  grad=0.45/0.45  h=4.1 c=10.0  kl=0.0846  vl=0.2532
Step: 1482752 SPS: 2014  ev=0.293  ent=0.438  grad=0.55/0.50  h=5.0 c=37.5  kl=0.0788  vl=0.2328
Step: 1486848 SPS: 2012  ev=0.371  ent=0.441  grad=0.49/0.49  h=5.8 c=52.3  kl=0.0793  vl=0.2600
Step: 1490944 SPS: 2011  ev=0.406  ent=0.407  grad=0.30/0.30  h=4.8 c=33.3  kl=0.0924  vl=0.2253
Step: 1495040 SPS: 2010  ev=0.456  ent=0.445  grad=0.69/0.50  h=5.7 c=51.2  kl=0.0798  vl=0.1840
Step: 1499136 SPS: 2009  ev=0.321  ent=0.397  grad=0.34/0.34  h=4.7 c=28.2  kl=0.0564  vl=0.2267
Step: 1503232 SPS: 2008  ev=0.443  ent=0.418  grad=1.15/0.50  h=5.4 c=48.9  kl=0.1257  vl=0.2256
Step: 1507328 SPS: 2007  ev=0.425  ent=0.377  grad=0.44/0.44  h=4.6 c=22.3  kl=0.0730  vl=0.2282
Step: 1511424 SPS: 2006  ev=0.405  ent=0.415  grad=0.80/0.50  h=5.2 c=45.6  kl=0.0945  vl=0.2120
Step: 1515520 SPS: 2006  ev=0.369  ent=0.393  grad=0.64/0.50  h=4.4 c=16.4  kl=0.0649  vl=0.2652
Step: 1519616 SPS: 2005  ev=0.341  ent=0.421  grad=0.70/0.50  h=5.1 c=42.4  kl=0.1105  vl=0.2231
Step: 1523712 SPS: 2005  ev=0.375  ent=0.401  grad=0.43/0.43  h=4.1 c=10.0  kl=0.0541  vl=0.2607
Step: 1527808 SPS: 2004  ev=0.337  ent=0.406  grad=0.51/0.50  h=5.0 c=39.0  kl=0.0668  vl=0.1742
Step: 1531904 SPS: 2003  ev=0.326  ent=0.433  grad=0.77/0.50  h=5.7 c=54.1  kl=0.0796  vl=0.3124
Step: 1536000 SPS: 2003  ev=0.312  ent=0.404  grad=0.61/0.50  h=4.8 c=33.6  kl=0.0582  vl=0.2442
Step: 1540096 SPS: 2002  ev=0.397  ent=0.412  grad=0.67/0.50  h=5.6 c=50.2  kl=0.0720  vl=0.2357
Step: 1544192 SPS: 2001  ev=0.355  ent=0.373  grad=0.33/0.33  h=4.7 c=28.3  kl=0.0794  vl=0.2837
Step: 1548288 SPS: 1999  ev=0.354  ent=0.405  grad=0.80/0.50  h=5.4 c=48.5  kl=0.0912  vl=0.2021
Step: 1552384 SPS: 1998  ev=0.330  ent=0.387  grad=0.31/0.31  h=4.6 c=22.9  kl=0.0693  vl=0.2384
  vs Random: 99W/1L/0D | score=31.6±21.9 inv=1.7 played=19.4 lanes=5.0 ddraw=37.0 pts=32
  Self-play: 48W/52L/0D | score=2.9±23.4 inv=1.8 played=17.3 lanes=5.0 ddraw=55.0 pts=3
Step: 1556480 SPS: 1997  ev=0.379  ent=0.432  grad=0.51/0.50  h=5.3 c=44.8  kl=0.1053  vl=0.1583
Step: 1560576 SPS: 1996  ev=0.361  ent=0.390  grad=0.50/0.50  h=4.4 c=16.7  kl=0.0522  vl=0.2314
Step: 1564672 SPS: 1994  ev=0.317  ent=0.412  grad=0.79/0.50  h=5.1 c=41.3  kl=0.0796  vl=0.2380
Step: 1568768 SPS: 1993  ev=0.372  ent=0.408  grad=0.33/0.33  h=4.1 c=10.0  kl=0.0746  vl=0.2659
Step: 1572864 SPS: 1991  ev=0.282  ent=0.400  grad=0.93/0.50  h=5.0 c=37.2  kl=0.0868  vl=0.2859
Step: 1576960 SPS: 1990  ev=0.382  ent=0.412  grad=0.72/0.50  h=5.8 c=52.0  kl=0.0590  vl=0.2152
Step: 1581056 SPS: 1989  ev=0.333  ent=0.393  grad=0.34/0.34  h=4.8 c=32.4  kl=0.0700  vl=0.2791
Step: 1585152 SPS: 1989  ev=0.392  ent=0.435  grad=0.38/0.38  h=5.6 c=50.0  kl=0.0928  vl=0.1993
Step: 1589248 SPS: 1988  ev=0.405  ent=0.394  grad=0.92/0.50  h=4.6 c=27.7  kl=0.0477  vl=0.2267
Step: 1593344 SPS: 1988  ev=0.406  ent=0.428  grad=0.71/0.50  h=5.4 c=47.4  kl=0.0672  vl=0.1861
Step: 1597440 SPS: 1988  ev=0.402  ent=0.403  grad=0.52/0.50  h=4.5 c=22.1  kl=0.0488  vl=0.2318
Step: 1601536 SPS: 1987  ev=0.410  ent=0.402  grad=0.57/0.50  h=5.2 c=44.2  kl=0.0632  vl=0.1801
Step: 1605632 SPS: 1985  ev=0.319  ent=0.374  grad=0.86/0.50  h=4.4 c=16.5  kl=0.0865  vl=0.3085
Step: 1609728 SPS: 1985  ev=0.288  ent=0.416  grad=1.06/0.50  h=5.0 c=41.3  kl=0.0581  vl=0.1882
Step: 1613824 SPS: 1984  ev=0.376  ent=0.382  grad=0.77/0.50  h=4.1 c=10.1  kl=0.0777  vl=0.2903
Step: 1617920 SPS: 1984  ev=0.357  ent=0.385  grad=0.44/0.44  h=4.9 c=37.1  kl=0.0906  vl=0.2522
Step: 1622016 SPS: 1984  ev=0.359  ent=0.390  grad=1.01/0.50  h=5.7 c=50.8  kl=0.0450  vl=0.3261
Step: 1626112 SPS: 1983  ev=0.294  ent=0.371  grad=0.36/0.36  h=4.7 c=32.8  kl=0.0580  vl=0.2775
Step: 1630208 SPS: 1983  ev=0.362  ent=0.376  grad=0.38/0.38  h=5.5 c=47.4  kl=0.0601  vl=0.1806
Step: 1634304 SPS: 1983  ev=0.269  ent=0.382  grad=0.71/0.50  h=4.5 c=27.9  kl=0.1244  vl=0.2834
  vs Random: 100W/0L/0D | score=32.3±26.1 inv=1.8 played=19.5 lanes=5.0 ddraw=35.7 pts=32
  Self-play: 40W/58L/2D | score=2.7±23.5 inv=2.2 played=17.3 lanes=5.0 ddraw=68.7 pts=3
Step: 1638400 SPS: 1983  ev=0.430  ent=0.409  grad=0.39/0.39  h=5.3 c=45.8  kl=0.0847  vl=0.2098
Step: 1642496 SPS: 1983  ev=0.325  ent=0.351  grad=0.85/0.50  h=4.4 c=22.5  kl=0.0946  vl=0.2894
Step: 1646592 SPS: 1984  ev=0.389  ent=0.372  grad=0.63/0.50  h=5.1 c=43.0  kl=0.0797  vl=0.2451
Step: 1650688 SPS: 1984  ev=0.350  ent=0.366  grad=0.41/0.41  h=4.3 c=16.4  kl=0.0448  vl=0.2715
Step: 1654784 SPS: 1984  ev=0.408  ent=0.356  grad=0.72/0.50  h=5.0 c=41.0  kl=0.0678  vl=0.1808
Step: 1658880 SPS: 1984  ev=0.319  ent=0.356  grad=0.81/0.50  h=4.0 c=9.8  kl=0.0932  vl=0.2010
Step: 1662976 SPS: 1984  ev=0.333  ent=0.371  grad=0.48/0.48  h=4.8 c=36.7  kl=0.0568  vl=0.2098
Step: 1667072 SPS: 1984  ev=0.279  ent=0.378  grad=0.48/0.48  h=5.7 c=50.4  kl=0.0683  vl=0.3996
Step: 1671168 SPS: 1985  ev=0.323  ent=0.345  grad=0.54/0.50  h=4.6 c=32.8  kl=0.0512  vl=0.2367
Step: 1675264 SPS: 1986  ev=0.462  ent=0.350  grad=0.90/0.50  h=5.5 c=49.8  kl=0.0477  vl=0.2051
Step: 1679360 SPS: 1986  ev=0.332  ent=0.366  grad=0.45/0.45  h=4.5 c=27.4  kl=0.0551  vl=0.2330
Step: 1683456 SPS: 1986  ev=0.460  ent=0.396  grad=0.34/0.34  h=5.2 c=46.3  kl=0.0669  vl=0.2024
Step: 1687552 SPS: 1985  ev=0.401  ent=0.355  grad=0.40/0.40  h=4.4 c=22.0  kl=0.0691  vl=0.2563
Step: 1691648 SPS: 1983  ev=0.367  ent=0.369  grad=0.79/0.50  h=5.0 c=43.6  kl=0.0693  vl=0.2438
Step: 1695744 SPS: 1981  ev=0.351  ent=0.355  grad=0.42/0.42  h=4.3 c=16.0  kl=0.0774  vl=0.2497
Step: 1699840 SPS: 1979  ev=0.401  ent=0.365  grad=0.57/0.50  h=4.8 c=40.5  kl=0.1214  vl=0.1687
Step: 1703936 SPS: 1977  ev=0.294  ent=0.396  grad=0.79/0.50  h=4.0 c=9.8  kl=0.0609  vl=0.3140
Step: 1708032 SPS: 1976  ev=0.290  ent=0.366  grad=0.65/0.50  h=4.6 c=36.7  kl=0.0889  vl=0.2400
Step: 1712128 SPS: 1975  ev=0.311  ent=0.391  grad=0.36/0.36  h=5.6 c=50.7  kl=0.0518  vl=0.2787
Step: 1716224 SPS: 1973  ev=0.366  ent=0.360  grad=0.25/0.25  h=4.5 c=32.3  kl=0.0597  vl=0.2478
  vs Random: 100W/1L/0D | score=33.0±24.1 inv=1.8 played=19.5 lanes=5.0 ddraw=31.8 pts=33
  Self-play: 53W/47L/1D | score=5.4±22.1 inv=1.8 played=17.3 lanes=5.0 ddraw=31.3 pts=5
Step: 1720320 SPS: 1971  ev=0.442  ent=0.352  grad=0.32/0.32  h=5.5 c=50.3  kl=0.0888  vl=0.1788
Step: 1724416 SPS: 1969  ev=0.333  ent=0.355  grad=0.80/0.50  h=4.4 c=27.1  kl=0.0692  vl=0.2370
Step: 1728512 SPS: 1967  ev=0.398  ent=0.363  grad=0.89/0.50  h=5.2 c=47.0  kl=0.0847  vl=0.2131
Step: 1732608 SPS: 1966  ev=0.348  ent=0.363  grad=0.71/0.50  h=4.4 c=21.7  kl=0.0609  vl=0.3079
Step: 1736704 SPS: 1964  ev=0.312  ent=0.378  grad=1.13/0.50  h=5.0 c=45.0  kl=0.0898  vl=0.2324
Step: 1740800 SPS: 1962  ev=0.289  ent=0.371  grad=0.65/0.50  h=4.3 c=16.0  kl=0.0675  vl=0.2989
Step: 1744896 SPS: 1960  ev=0.345  ent=0.374  grad=1.00/0.50  h=4.9 c=42.3  kl=0.0888  vl=0.2213
Step: 1748992 SPS: 1959  ev=0.392  ent=0.401  grad=0.52/0.50  h=3.9 c=9.8  kl=0.0721  vl=0.2561
Step: 1753088 SPS: 1957  ev=0.351  ent=0.370  grad=0.59/0.50  h=4.7 c=37.8  kl=0.1000  vl=0.2087
Step: 1757184 SPS: 1955  ev=0.386  ent=0.378  grad=0.90/0.50  h=5.7 c=54.1  kl=0.0582  vl=0.2876
Step: 1761280 SPS: 1954  ev=0.275  ent=0.360  grad=0.37/0.37  h=4.6 c=33.0  kl=0.0829  vl=0.3007
Step: 1765376 SPS: 1952  ev=0.406  ent=0.398  grad=0.42/0.42  h=5.5 c=50.7  kl=0.0591  vl=0.1859
Step: 1769472 SPS: 1950  ev=0.399  ent=0.354  grad=0.35/0.35  h=4.4 c=27.3  kl=0.0780  vl=0.1878
Step: 1773568 SPS: 1949  ev=0.476  ent=0.350  grad=0.99/0.50  h=5.3 c=48.2  kl=0.0978  vl=0.2461
Step: 1777664 SPS: 1947  ev=0.389  ent=0.367  grad=0.96/0.50  h=4.4 c=21.9  kl=0.0744  vl=0.2432
Step: 1781760 SPS: 1946  ev=0.412  ent=0.381  grad=0.52/0.50  h=5.1 c=45.7  kl=0.0768  vl=0.1838
Step: 1785856 SPS: 1944  ev=0.393  ent=0.384  grad=0.27/0.27  h=4.2 c=16.0  kl=0.0496  vl=0.2315
Terminated
[lr5e4] done 2026-06-06 12:02:54 exit=0
