wandb: [wandb.login()] Loaded credentials for https://api.wandb.ai from /home/zzhang18/.netrc.
wandb: Currently logged in as: nchen3 (ningcong-chen) to https://api.wandb.ai. Use `wandb login --relogin` to force relogin
wandb: Tracking run with wandb version 0.25.1
wandb: Run data is saved locally in /home/zzhang18/nchen3/eco/wandb/run-20260408_012355-epiq64xb
wandb: Run `wandb offline` to turn off syncing.
wandb: Syncing run lc__lc_ppo_from_dense__1__1775625835
wandb: ⭐️ View project at https://wandb.ai/ningcong-chen/ppo-eco
wandb: 🚀 View run at https://wandb.ai/ningcong-chen/ppo-eco/runs/epiq64xb
Agent params: 2,243,161
Loaded pretrained model from model/lc_ppo_from_dense/pretrained.pkt
Step: 4096 SPS: 1548  ev=-0.256  ent=1.141  grad=2.22/0.50  h=5.0 c=9.7  kl=0.0738  vl=2.7905
Step: 8192 SPS: 1820  ev=0.434  ent=1.167  grad=0.90/0.50  h=5.0 c=10.2  kl=0.0268  vl=5.0440
Step: 12288 SPS: 1917  ev=-2.165  ent=1.508  grad=0.81/0.50  h=4.1 c=6.8  kl=0.0558  vl=11.0135
Step: 16384 SPS: 1985  ev=-0.495  ent=1.419  grad=0.39/0.39  h=5.4 c=10.5  kl=0.0211  vl=3.8306
Step: 20480 SPS: 2001  ev=0.812  ent=1.195  grad=2.41/0.50  h=5.3 c=10.6  kl=0.0120  vl=1.0283
Step: 24576 SPS: 1997  ev=-0.196  ent=1.531  grad=1.08/0.50  h=4.9 c=9.2  kl=0.0408  vl=4.1809
Step: 28672 SPS: 1998  ev=-4.287  ent=1.525  grad=0.60/0.50  h=5.7 c=11.7  kl=0.0352  vl=4.9144
Step: 32768 SPS: 1966  ev=0.685  ent=1.168  grad=0.53/0.50  h=5.5 c=11.1  kl=0.0053  vl=1.0136
Step: 36864 SPS: 1939  ev=0.520  ent=1.411  grad=1.00/0.50  h=5.1 c=10.3  kl=0.0156  vl=1.1178
Step: 40960 SPS: 1943  ev=-31.754  ent=1.674  grad=5.96/0.50  h=5.9 c=13.0  kl=0.0145  vl=3.7432
Step: 45056 SPS: 1959  ev=-0.289  ent=1.270  grad=0.43/0.43  h=5.7 c=11.6  kl=0.0184  vl=1.6471
Step: 49152 SPS: 1940  ev=0.818  ent=1.380  grad=0.37/0.37  h=5.4 c=11.0  kl=0.0085  vl=0.3257
Step: 53248 SPS: 1937  ev=-77.303  ent=1.653  grad=0.10/0.10  h=5.9 c=14.3  kl=0.0276  vl=1.5697
Step: 57344 SPS: 1929  ev=-6.143  ent=1.335  grad=0.28/0.28  h=6.0 c=12.8  kl=0.0169  vl=2.2606
Step: 61440 SPS: 1919  ev=0.654  ent=1.355  grad=0.39/0.39  h=5.6 c=11.6  kl=0.0058  vl=0.2362
Step: 65536 SPS: 1909  ev=-44.329  ent=1.638  grad=0.13/0.13  h=5.9 c=15.1  kl=0.0155  vl=0.2092
Step: 69632 SPS: 1904  ev=-15.553  ent=1.345  grad=0.11/0.11  h=6.1 c=14.1  kl=0.0147  vl=0.8919
Step: 73728 SPS: 1891  ev=-1.019  ent=1.367  grad=0.51/0.50  h=5.8 c=12.5  kl=0.0093  vl=0.2575
Step: 77824 SPS: 1881  ev=-4.609  ent=1.628  grad=0.19/0.19  h=5.8 c=15.8  kl=0.0029  vl=0.0173
  vs Random: 92W/7L/1D | score=39.4±35.2 inv=4.4 played=21.3 lanes=5.0 ddraw=75.3 pts=39
  Self-play: 49W/51L/0D | score=32.1±28.9 inv=3.6 played=20.3 lanes=5.0 ddraw=691.2 pts=32
Step: 81920 SPS: 572  ev=-11.639  ent=1.495  grad=0.37/0.37  h=6.2 c=15.2  kl=0.0188  vl=0.2285
Step: 86016 SPS: 591  ev=-2.986  ent=1.447  grad=0.18/0.18  h=6.0 c=13.5  kl=0.0129  vl=0.1369
Step: 90112 SPS: 610  ev=-1.796  ent=1.649  grad=0.04/0.04  h=5.9 c=17.0  kl=0.0005  vl=0.0056
Step: 94208 SPS: 628  ev=-5.256  ent=1.533  grad=0.06/0.06  h=6.3 c=16.4  kl=0.0132  vl=0.0256
Step: 98304 SPS: 646  ev=-0.163  ent=1.505  grad=0.45/0.45  h=6.2 c=14.8  kl=0.0091  vl=0.0608
Step: 102400 SPS: 662  ev=0.041  ent=1.615  grad=0.68/0.50  h=3.5 c=5.4  kl=0.0005  vl=0.1535
Step: 106496 SPS: 679  ev=-0.362  ent=1.509  grad=0.22/0.22  h=6.3 c=17.6  kl=0.0016  vl=0.0038
Step: 110592 SPS: 694  ev=0.077  ent=1.424  grad=0.28/0.28  h=6.5 c=16.1  kl=0.0029  vl=0.0271
Step: 114688 SPS: 710  ev=0.096  ent=1.578  grad=1.59/0.50  h=5.3 c=9.9  kl=0.0014  vl=0.1340
Step: 118784 SPS: 724  ev=0.320  ent=1.681  grad=0.34/0.34  h=6.2 c=17.9  kl=0.0016  vl=0.0054
Step: 122880 SPS: 739  ev=-0.154  ent=1.457  grad=0.11/0.11  h=6.5 c=16.8  kl=0.0084  vl=0.0032
Step: 126976 SPS: 753  ev=0.040  ent=1.601  grad=0.17/0.17  h=6.0 c=12.5  kl=0.0009  vl=0.0452
Step: 131072 SPS: 767  ev=0.288  ent=1.697  grad=0.62/0.50  h=6.4 c=19.0  kl=0.0011  vl=0.0049
Step: 135168 SPS: 780  ev=0.068  ent=1.456  grad=0.51/0.50  h=6.5 c=17.7  kl=0.0023  vl=0.0202
Step: 139264 SPS: 794  ev=0.079  ent=1.526  grad=4.04/0.50  h=6.2 c=14.0  kl=0.0031  vl=0.1256
Step: 143360 SPS: 806  ev=0.312  ent=1.683  grad=0.79/0.50  h=6.3 c=19.1  kl=0.0030  vl=0.0058
Step: 147456 SPS: 819  ev=-0.046  ent=1.418  grad=0.72/0.50  h=6.4 c=18.3  kl=0.0106  vl=0.0204
Step: 151552 SPS: 833  ev=0.192  ent=1.491  grad=2.81/0.50  h=6.4 c=16.4  kl=0.0296  vl=0.1324
Step: 155648 SPS: 846  ev=-3.568  ent=1.683  grad=0.39/0.39  h=6.1 c=20.6  kl=0.0198  vl=0.0205
Step: 159744 SPS: 859  ev=-0.356  ent=1.507  grad=2.80/0.50  h=6.4 c=21.2  kl=0.0171  vl=0.1534
