wandb: [wandb.login()] Loaded credentials for https://api.wandb.ai from /home/zzhang18/.netrc.
wandb: Currently logged in as: nchen3 (ningcong-chen) to https://api.wandb.ai. Use `wandb login --relogin` to force relogin
wandb: setting up run 1c77iylr
wandb: Tracking run with wandb version 0.25.1
wandb: Run data is saved locally in /home/zzhang18/nchen3/eco/wandb/run-20260606_113928-1c77iylr
wandb: Run `wandb offline` to turn off syncing.
wandb: Syncing run lc__lc_ppo_from_dense_scorediff_nodd_fixedlr__1__1780760368
wandb: ⭐️ View project at https://wandb.ai/ningcong-chen/ppo-eco
wandb: 🚀 View run at https://wandb.ai/ningcong-chen/ppo-eco/runs/1c77iylr
Agent params: 2,243,161
Loaded pretrained model from model/lc_ppo_from_dense_scorediff/pretrained.pkt
/home/zzhang18/nchen3/eco/game/lc/batch_stepper.py:144: NumbaTypeSafetyWarning: [1m[1m[1munsafe cast from uint64 to int64. Precision may be lost.[0m[0m[0m
  s = states[i]
Step: 4096 SPS: 595  ev=-0.178  ent=1.122  grad=9.85/0.50  h=4.4 c=8.6  kl=0.1723  vl=14.9511
Step: 8192 SPS: 1049  ev=-12.510  ent=1.324  grad=0.32/0.32  h=5.9 c=12.0  kl=0.2554  vl=11.6515
Step: 12288 SPS: 1403  ev=-0.163  ent=1.146  grad=1.65/0.50  h=4.5 c=9.1  kl=0.0351  vl=4.6747
Step: 16384 SPS: 1691  ev=-4.767  ent=1.312  grad=0.92/0.50  h=6.2 c=13.9  kl=0.1708  vl=2.6568
Step: 20480 SPS: 1926  ev=-0.090  ent=1.197  grad=3.46/0.50  h=4.9 c=9.8  kl=0.0287  vl=1.5409
Step: 24576 SPS: 2132  ev=-0.596  ent=1.422  grad=1.80/0.50  h=6.3 c=15.3  kl=0.0918  vl=0.8691
Step: 28672 SPS: 2306  ev=0.080  ent=1.336  grad=2.02/0.50  h=5.0 c=9.9  kl=0.0244  vl=0.5442
Step: 32768 SPS: 2466  ev=-0.269  ent=1.477  grad=0.12/0.12  h=6.3 c=15.4  kl=0.0513  vl=0.3329
Step: 36864 SPS: 2590  ev=0.160  ent=1.428  grad=2.19/0.50  h=4.6 c=7.8  kl=0.0102  vl=0.3859
Step: 40960 SPS: 2702  ev=0.245  ent=1.523  grad=0.45/0.45  h=6.3 c=15.9  kl=0.0183  vl=0.1680
Step: 45056 SPS: 2820  ev=0.261  ent=1.431  grad=0.45/0.45  h=6.5 c=18.6  kl=0.0188  vl=0.2827
Step: 49152 SPS: 2919  ev=0.316  ent=1.522  grad=2.59/0.50  h=6.3 c=16.4  kl=0.0095  vl=0.2570
Step: 53248 SPS: 2998  ev=0.361  ent=1.448  grad=0.91/0.50  h=6.6 c=19.1  kl=0.0038  vl=0.1814
Step: 57344 SPS: 3076  ev=0.227  ent=1.497  grad=1.78/0.50  h=6.4 c=15.9  kl=0.0089  vl=0.3108
Step: 61440 SPS: 3143  ev=0.329  ent=1.409  grad=0.22/0.22  h=6.5 c=18.7  kl=0.0056  vl=0.1813
Step: 65536 SPS: 3197  ev=0.260  ent=1.462  grad=2.94/0.50  h=6.1 c=14.1  kl=0.0050  vl=0.4005
Step: 69632 SPS: 3262  ev=0.365  ent=1.481  grad=0.47/0.47  h=6.5 c=18.4  kl=0.0136  vl=0.1757
Step: 73728 SPS: 3305  ev=0.274  ent=1.408  grad=1.76/0.50  h=5.7 c=11.8  kl=0.0056  vl=0.3337
Step: 77824 SPS: 3355  ev=0.376  ent=1.426  grad=2.88/0.50  h=6.3 c=18.1  kl=0.0099  vl=0.2247
  vs Random: 97W/3L/0D | score=16.4±29.6 inv=2.9 played=17.8 lanes=5.0 ddraw=34.9 pts=16
  Self-play: 43W/57L/0D | score=-12.2±30.3 inv=2.4 played=14.9 lanes=5.0 ddraw=35.8 pts=-12
Step: 81920 SPS: 3405  ev=0.356  ent=1.403  grad=0.50/0.50  h=4.9 c=8.4  kl=0.0053  vl=0.2833
Step: 86016 SPS: 3454  ev=0.328  ent=1.487  grad=0.23/0.23  h=6.4 c=18.0  kl=0.0140  vl=0.2348
Step: 90112 SPS: 3501  ev=0.323  ent=1.456  grad=0.72/0.50  h=6.5 c=20.6  kl=0.0038  vl=0.3045
Step: 94208 SPS: 3544  ev=0.340  ent=1.497  grad=0.35/0.35  h=6.4 c=16.9  kl=0.0077  vl=0.2487
Step: 98304 SPS: 3587  ev=0.474  ent=1.467  grad=0.65/0.50  h=6.6 c=20.7  kl=0.0112  vl=0.1771
Step: 102400 SPS: 3625  ev=0.271  ent=1.419  grad=1.10/0.50  h=6.3 c=16.2  kl=0.0605  vl=0.2527
Step: 106496 SPS: 3661  ev=0.408  ent=1.334  grad=0.84/0.50  h=6.5 c=20.5  kl=0.0678  vl=0.2076
Step: 110592 SPS: 3694  ev=0.327  ent=1.373  grad=0.82/0.50  h=6.1 c=14.9  kl=0.0562  vl=0.2913
Step: 114688 SPS: 3724  ev=0.396  ent=1.343  grad=1.87/0.50  h=6.4 c=20.4  kl=0.0425  vl=0.1874
Step: 118784 SPS: 3749  ev=0.314  ent=1.313  grad=0.85/0.50  h=5.7 c=12.2  kl=0.0486  vl=0.2460
Step: 122880 SPS: 3782  ev=0.356  ent=1.265  grad=0.87/0.50  h=6.3 c=19.4  kl=0.0637  vl=0.2003
Step: 126976 SPS: 3806  ev=0.427  ent=1.301  grad=1.86/0.50  h=4.8 c=8.4  kl=0.0556  vl=0.2509
Step: 131072 SPS: 3835  ev=0.333  ent=1.299  grad=1.01/0.50  h=6.3 c=18.7  kl=0.0734  vl=0.2280
Step: 135168 SPS: 3857  ev=0.341  ent=1.236  grad=0.92/0.50  h=6.6 c=22.8  kl=0.0717  vl=0.2931
Step: 139264 SPS: 3875  ev=0.326  ent=1.236  grad=2.70/0.50  h=6.2 c=17.7  kl=0.0651  vl=0.2786
Step: 143360 SPS: 3898  ev=0.505  ent=1.206  grad=0.97/0.50  h=6.5 c=22.8  kl=0.0633  vl=0.1808
Step: 147456 SPS: 3917  ev=0.228  ent=1.263  grad=2.10/0.50  h=6.1 c=17.1  kl=0.0595  vl=0.3106
Step: 151552 SPS: 3936  ev=0.360  ent=1.171  grad=0.95/0.50  h=6.4 c=22.6  kl=0.0642  vl=0.1877
Step: 155648 SPS: 3956  ev=0.331  ent=1.247  grad=0.82/0.50  h=5.8 c=14.3  kl=0.0577  vl=0.2495
Step: 159744 SPS: 3973  ev=0.360  ent=1.188  grad=1.33/0.50  h=6.3 c=20.5  kl=0.0500  vl=0.1962
  vs Random: 98W/2L/0D | score=24.3±30.1 inv=2.1 played=17.5 lanes=5.0 ddraw=25.7 pts=24
  Self-play: 48W/51L/1D | score=-9.6±21.7 inv=1.4 played=14.2 lanes=5.0 ddraw=24.5 pts=-10
Step: 163840 SPS: 3989  ev=0.370  ent=1.252  grad=0.96/0.50  h=5.3 c=11.6  kl=0.0502  vl=0.2596
Step: 167936 SPS: 4010  ev=0.429  ent=1.195  grad=2.07/0.50  h=6.3 c=19.4  kl=0.0699  vl=0.1895
Step: 172032 SPS: 4024  ev=0.365  ent=1.164  grad=2.42/0.50  h=4.5 c=7.8  kl=0.0397  vl=0.2748
Step: 176128 SPS: 4038  ev=0.323  ent=1.168  grad=1.38/0.50  h=6.1 c=18.3  kl=0.0542  vl=0.2415
Step: 180224 SPS: 4049  ev=0.369  ent=1.173  grad=1.42/0.50  h=6.5 c=22.6  kl=0.0532  vl=0.2678
Step: 184320 SPS: 4065  ev=0.348  ent=1.138  grad=1.07/0.50  h=5.9 c=16.8  kl=0.0687  vl=0.2020
Step: 188416 SPS: 4080  ev=0.447  ent=1.125  grad=1.29/0.50  h=6.4 c=21.4  kl=0.0359  vl=0.1889
Step: 192512 SPS: 4093  ev=0.292  ent=1.196  grad=0.99/0.50  h=5.8 c=15.5  kl=0.0640  vl=0.2707
Step: 196608 SPS: 4104  ev=0.457  ent=1.173  grad=1.58/0.50  h=6.3 c=20.7  kl=0.0535  vl=0.1498
Step: 200704 SPS: 4116  ev=0.339  ent=1.175  grad=0.69/0.50  h=5.6 c=13.6  kl=0.0517  vl=0.2581
Step: 204800 SPS: 4129  ev=0.454  ent=1.148  grad=0.54/0.50  h=6.1 c=20.1  kl=0.0479  vl=0.1822
Step: 208896 SPS: 4139  ev=0.378  ent=1.194  grad=1.97/0.50  h=5.3 c=11.4  kl=0.0597  vl=0.2757
Step: 212992 SPS: 4154  ev=0.328  ent=1.084  grad=0.90/0.50  h=6.1 c=19.3  kl=0.0536  vl=0.2289
Step: 217088 SPS: 4161  ev=0.386  ent=1.177  grad=1.24/0.50  h=4.4 c=7.9  kl=0.0453  vl=0.2417
Step: 221184 SPS: 4174  ev=0.324  ent=1.169  grad=0.98/0.50  h=6.0 c=19.0  kl=0.0654  vl=0.2412
Step: 225280 SPS: 4186  ev=0.354  ent=1.134  grad=2.75/0.50  h=6.4 c=23.9  kl=0.0556  vl=0.3369
Step: 229376 SPS: 4194  ev=0.401  ent=1.122  grad=0.57/0.50  h=5.8 c=18.5  kl=0.0462  vl=0.2161
Step: 233472 SPS: 4203  ev=0.446  ent=1.131  grad=1.74/0.50  h=6.3 c=23.3  kl=0.0485  vl=0.2683
Step: 237568 SPS: 4212  ev=0.369  ent=1.118  grad=0.91/0.50  h=5.7 c=17.1  kl=0.0448  vl=0.2424
Step: 241664 SPS: 4219  ev=0.412  ent=1.063  grad=1.34/0.50  h=6.2 c=22.5  kl=0.0539  vl=0.1993
  vs Random: 99W/1L/0D | score=22.0±25.8 inv=1.6 played=17.3 lanes=5.0 ddraw=29.7 pts=22
  Self-play: 52W/48L/0D | score=-3.9±22.8 inv=1.1 played=14.5 lanes=5.0 ddraw=27.2 pts=-4
Step: 245760 SPS: 4224  ev=0.327  ent=1.115  grad=0.78/0.50  h=5.6 c=14.8  kl=0.0595  vl=0.2586
Step: 249856 SPS: 4233  ev=0.440  ent=1.111  grad=1.18/0.50  h=6.1 c=20.5  kl=0.0649  vl=0.2019
Step: 253952 SPS: 4238  ev=0.420  ent=1.123  grad=0.71/0.50  h=5.3 c=11.8  kl=0.0475  vl=0.2621
Step: 258048 SPS: 4249  ev=0.355  ent=1.090  grad=1.46/0.50  h=6.0 c=19.8  kl=0.0568  vl=0.2234
Step: 262144 SPS: 4258  ev=0.298  ent=1.096  grad=2.04/0.50  h=4.5 c=7.9  kl=0.0508  vl=0.3111
Step: 266240 SPS: 4265  ev=0.340  ent=1.040  grad=0.93/0.50  h=5.8 c=19.4  kl=0.0577  vl=0.2455
Step: 270336 SPS: 4269  ev=0.337  ent=1.100  grad=0.88/0.50  h=6.3 c=23.3  kl=0.0408  vl=0.2299
Step: 274432 SPS: 4278  ev=0.267  ent=1.065  grad=1.38/0.50  h=5.8 c=18.4  kl=0.0353  vl=0.2256
Step: 278528 SPS: 4285  ev=0.484  ent=1.092  grad=1.28/0.50  h=6.2 c=22.8  kl=0.0492  vl=0.1564
Step: 282624 SPS: 4289  ev=0.332  ent=1.054  grad=0.75/0.50  h=5.6 c=17.0  kl=0.0570  vl=0.2282
Step: 286720 SPS: 4295  ev=0.436  ent=1.029  grad=1.19/0.50  h=6.1 c=22.3  kl=0.0502  vl=0.1544
Step: 290816 SPS: 4302  ev=0.358  ent=1.041  grad=1.41/0.50  h=5.4 c=14.7  kl=0.0519  vl=0.2649
Step: 294912 SPS: 4309  ev=0.438  ent=1.018  grad=0.64/0.50  h=5.9 c=21.2  kl=0.0463  vl=0.1732
Step: 299008 SPS: 4314  ev=0.378  ent=0.999  grad=0.96/0.50  h=5.2 c=11.9  kl=0.0484  vl=0.2396
Step: 303104 SPS: 4319  ev=0.457  ent=1.027  grad=1.31/0.50  h=5.8 c=19.9  kl=0.0454  vl=0.1648
Step: 307200 SPS: 4325  ev=0.340  ent=1.061  grad=1.90/0.50  h=4.4 c=8.1  kl=0.0445  vl=0.3176
Step: 311296 SPS: 4329  ev=0.353  ent=1.007  grad=0.75/0.50  h=5.7 c=18.7  kl=0.0418  vl=0.1906
Step: 315392 SPS: 4335  ev=0.413  ent=1.026  grad=1.72/0.50  h=6.1 c=24.1  kl=0.0490  vl=0.2465
Step: 319488 SPS: 4336  ev=0.312  ent=1.028  grad=1.36/0.50  h=5.5 c=17.6  kl=0.0628  vl=0.2974
Step: 323584 SPS: 4343  ev=0.484  ent=1.050  grad=0.64/0.50  h=6.0 c=22.6  kl=0.0480  vl=0.1705
  vs Random: 98W/1L/1D | score=31.9±29.0 inv=2.4 played=19.2 lanes=5.0 ddraw=48.0 pts=32
  Self-play: 54W/46L/0D | score=3.3±21.8 inv=1.3 played=15.9 lanes=5.0 ddraw=63.3 pts=3
Step: 327680 SPS: 4344  ev=0.309  ent=1.020  grad=1.68/0.50  h=5.5 c=16.4  kl=0.0576  vl=0.3092
Step: 331776 SPS: 4347  ev=0.370  ent=1.003  grad=0.67/0.50  h=5.9 c=22.3  kl=0.0498  vl=0.1868
Step: 335872 SPS: 4351  ev=0.345  ent=0.996  grad=1.00/0.50  h=5.4 c=15.2  kl=0.0542  vl=0.2703
Step: 339968 SPS: 4355  ev=0.340  ent=0.986  grad=0.78/0.50  h=5.7 c=22.0  kl=0.0494  vl=0.2372
Step: 344064 SPS: 4356  ev=0.282  ent=0.975  grad=0.69/0.50  h=5.1 c=12.2  kl=0.0392  vl=0.3095
Step: 348160 SPS: 4363  ev=0.357  ent=0.991  grad=0.75/0.50  h=5.7 c=21.1  kl=0.0549  vl=0.2127
Step: 352256 SPS: 4366  ev=0.326  ent=0.985  grad=1.17/0.50  h=4.4 c=8.2  kl=0.0488  vl=0.3342
Step: 356352 SPS: 4373  ev=0.262  ent=0.989  grad=0.74/0.50  h=5.7 c=20.2  kl=0.0366  vl=0.2751
Step: 360448 SPS: 4376  ev=0.299  ent=0.977  grad=0.82/0.50  h=6.0 c=23.7  kl=0.0518  vl=0.3366
Step: 364544 SPS: 4381  ev=0.244  ent=0.951  grad=0.67/0.50  h=5.7 c=19.2  kl=0.0540  vl=0.2515
Step: 368640 SPS: 4384  ev=0.396  ent=0.935  grad=1.11/0.50  h=6.0 c=23.4  kl=0.0446  vl=0.2188
Step: 372736 SPS: 4388  ev=0.321  ent=0.903  grad=0.80/0.50  h=5.6 c=17.9  kl=0.0334  vl=0.2210
Step: 376832 SPS: 4392  ev=0.303  ent=0.981  grad=0.91/0.50  h=5.8 c=22.6  kl=0.0605  vl=0.2530
Step: 380928 SPS: 4397  ev=0.355  ent=0.912  grad=0.74/0.50  h=5.4 c=15.2  kl=0.0435  vl=0.3080
Step: 385024 SPS: 4400  ev=0.333  ent=0.912  grad=1.57/0.50  h=5.7 c=21.2  kl=0.0402  vl=0.2341
Step: 389120 SPS: 4403  ev=0.336  ent=0.952  grad=2.19/0.50  h=5.2 c=12.4  kl=0.0488  vl=0.2654
Step: 393216 SPS: 4408  ev=0.328  ent=0.914  grad=2.14/0.50  h=5.7 c=21.0  kl=0.0394  vl=0.2945
Step: 397312 SPS: 4413  ev=0.298  ent=0.898  grad=0.63/0.50  h=4.5 c=8.4  kl=0.0322  vl=0.2946
Step: 401408 SPS: 4416  ev=0.305  ent=0.912  grad=0.90/0.50  h=5.7 c=20.1  kl=0.0428  vl=0.2211
Step: 405504 SPS: 4419  ev=0.346  ent=0.892  grad=0.79/0.50  h=6.0 c=23.3  kl=0.0485  vl=0.2994
  vs Random: 99W/1L/0D | score=41.3±25.4 inv=2.8 played=20.5 lanes=5.0 ddraw=41.8 pts=41
  Self-play: 58W/42L/0D | score=9.3±24.9 inv=2.5 played=17.5 lanes=4.9 ddraw=34.7 pts=9
Step: 409600 SPS: 4422  ev=0.268  ent=0.890  grad=0.64/0.50  h=5.6 c=19.2  kl=0.0371  vl=0.2403
Step: 413696 SPS: 4425  ev=0.411  ent=0.935  grad=0.94/0.50  h=5.9 c=21.9  kl=0.0674  vl=0.2142
Step: 417792 SPS: 4429  ev=0.294  ent=0.877  grad=0.71/0.50  h=5.7 c=17.8  kl=0.0422  vl=0.2294
Step: 421888 SPS: 4432  ev=0.396  ent=0.911  grad=0.62/0.50  h=5.8 c=21.9  kl=0.0459  vl=0.1712
Step: 425984 SPS: 4437  ev=0.291  ent=0.841  grad=0.80/0.50  h=5.4 c=15.6  kl=0.0546  vl=0.2735
Step: 430080 SPS: 4441  ev=0.275  ent=0.893  grad=0.75/0.50  h=5.8 c=21.9  kl=0.0428  vl=0.2695
Step: 434176 SPS: 4444  ev=0.320  ent=0.904  grad=1.21/0.50  h=5.2 c=12.8  kl=0.0403  vl=0.2757
Step: 438272 SPS: 4444  ev=0.273  ent=0.865  grad=0.58/0.50  h=5.7 c=21.3  kl=0.0473  vl=0.2160
Step: 442368 SPS: 4447  ev=0.326  ent=0.864  grad=0.93/0.50  h=4.5 c=8.5  kl=0.0384  vl=0.2549
Step: 446464 SPS: 4450  ev=0.270  ent=0.864  grad=1.40/0.50  h=5.7 c=19.8  kl=0.0399  vl=0.2642
Step: 450560 SPS: 4451  ev=0.399  ent=0.883  grad=1.59/0.50  h=6.0 c=23.7  kl=0.0408  vl=0.2848
Step: 454656 SPS: 4455  ev=0.299  ent=0.840  grad=1.44/0.50  h=5.6 c=18.4  kl=0.0584  vl=0.2707
Step: 458752 SPS: 4458  ev=0.403  ent=0.901  grad=0.89/0.50  h=5.9 c=24.1  kl=0.0361  vl=0.1917
Step: 462848 SPS: 4459  ev=0.279  ent=0.842  grad=1.20/0.50  h=5.5 c=17.5  kl=0.0470  vl=0.2319
Step: 466944 SPS: 4463  ev=0.416  ent=0.897  grad=1.15/0.50  h=5.8 c=23.9  kl=0.0334  vl=0.1601
Step: 471040 SPS: 4465  ev=0.330  ent=0.888  grad=1.31/0.50  h=5.4 c=15.5  kl=0.0355  vl=0.2632
Step: 475136 SPS: 4468  ev=0.411  ent=0.862  grad=1.61/0.50  h=5.7 c=23.0  kl=0.0507  vl=0.1500
Step: 479232 SPS: 4471  ev=0.271  ent=0.838  grad=0.98/0.50  h=5.1 c=12.6  kl=0.0459  vl=0.2751
Step: 483328 SPS: 4475  ev=0.339  ent=0.865  grad=1.35/0.50  h=5.7 c=22.5  kl=0.0485  vl=0.2325
Step: 487424 SPS: 4477  ev=0.295  ent=0.830  grad=1.39/0.50  h=4.3 c=8.4  kl=0.0440  vl=0.2433
  vs Random: 98W/2L/0D | score=39.6±28.5 inv=3.0 played=20.9 lanes=5.0 ddraw=48.5 pts=40
  Self-play: 55W/43L/2D | score=8.6±22.0 inv=2.3 played=17.8 lanes=5.0 ddraw=42.4 pts=9
Step: 491520 SPS: 4478  ev=0.301  ent=0.855  grad=1.09/0.50  h=5.6 c=20.5  kl=0.0361  vl=0.2554
Step: 495616 SPS: 4480  ev=0.338  ent=0.880  grad=0.86/0.50  h=6.1 c=27.1  kl=0.0338  vl=0.3125
Step: 499712 SPS: 4484  ev=0.278  ent=0.865  grad=0.69/0.50  h=5.5 c=20.0  kl=0.0475  vl=0.2450
Step: 503808 SPS: 4488  ev=0.396  ent=0.848  grad=1.33/0.50  h=6.0 c=26.8  kl=0.0342  vl=0.1980
Step: 507904 SPS: 4488  ev=0.317  ent=0.826  grad=0.78/0.50  h=5.4 c=18.1  kl=0.0381  vl=0.2578
Step: 512000 SPS: 4491  ev=0.394  ent=0.873  grad=1.13/0.50  h=5.8 c=25.7  kl=0.0450  vl=0.2003
Step: 516096 SPS: 4491  ev=0.328  ent=0.829  grad=1.13/0.50  h=5.3 c=15.6  kl=0.0369  vl=0.2780
Step: 520192 SPS: 4493  ev=0.318  ent=0.851  grad=0.56/0.50  h=5.6 c=25.8  kl=0.0379  vl=0.2431
Step: 524288 SPS: 4495  ev=0.305  ent=0.806  grad=0.81/0.50  h=5.0 c=12.2  kl=0.0459  vl=0.3136
Step: 528384 SPS: 4498  ev=0.288  ent=0.863  grad=0.73/0.50  h=5.6 c=24.6  kl=0.0432  vl=0.2540
Step: 532480 SPS: 4499  ev=0.309  ent=0.866  grad=1.19/0.50  h=4.3 c=8.3  kl=0.0303  vl=0.3022
Step: 536576 SPS: 4501  ev=0.270  ent=0.832  grad=0.82/0.50  h=5.5 c=22.2  kl=0.0358  vl=0.1887
Step: 540672 SPS: 4503  ev=0.338  ent=0.865  grad=0.57/0.50  h=6.0 c=28.1  kl=0.0344  vl=0.2718
Step: 544768 SPS: 4505  ev=0.250  ent=0.834  grad=1.20/0.50  h=5.5 c=19.9  kl=0.0387  vl=0.2069
Step: 548864 SPS: 4507  ev=0.335  ent=0.843  grad=1.66/0.50  h=5.9 c=26.7  kl=0.0424  vl=0.2390
Step: 552960 SPS: 4510  ev=0.302  ent=0.819  grad=0.74/0.50  h=5.5 c=17.7  kl=0.0472  vl=0.2602
Step: 557056 SPS: 4513  ev=0.352  ent=0.798  grad=0.83/0.50  h=5.8 c=26.9  kl=0.0384  vl=0.2172
Step: 561152 SPS: 4515  ev=0.338  ent=0.828  grad=0.69/0.50  h=5.2 c=15.4  kl=0.0442  vl=0.2704
Step: 565248 SPS: 4518  ev=0.382  ent=0.800  grad=0.62/0.50  h=5.6 c=26.7  kl=0.0436  vl=0.1862
Step: 569344 SPS: 4520  ev=0.299  ent=0.798  grad=1.58/0.50  h=4.9 c=12.3  kl=0.0452  vl=0.2850
  vs Random: 99W/0L/1D | score=46.4±28.8 inv=2.9 played=21.6 lanes=5.0 ddraw=44.0 pts=46
  Self-play: 49W/50L/1D | score=7.7±24.4 inv=2.2 played=18.0 lanes=5.0 ddraw=26.5 pts=8
Step: 573440 SPS: 4522  ev=0.340  ent=0.818  grad=0.45/0.45  h=5.6 c=24.4  kl=0.0385  vl=0.2347
Step: 577536 SPS: 4522  ev=0.351  ent=0.793  grad=1.62/0.50  h=4.2 c=8.3  kl=0.0425  vl=0.2534
Step: 581632 SPS: 4524  ev=0.352  ent=0.850  grad=0.84/0.50  h=5.6 c=22.6  kl=0.0468  vl=0.2264
Step: 585728 SPS: 4524  ev=0.314  ent=0.821  grad=1.14/0.50  h=6.0 c=29.4  kl=0.0282  vl=0.2437
Step: 589824 SPS: 4527  ev=0.295  ent=0.797  grad=1.47/0.50  h=5.6 c=20.3  kl=0.0300  vl=0.2333
Step: 593920 SPS: 4528  ev=0.379  ent=0.833  grad=0.90/0.50  h=5.9 c=28.0  kl=0.0462  vl=0.2206
Step: 598016 SPS: 4529  ev=0.248  ent=0.833  grad=1.19/0.50  h=5.4 c=17.5  kl=0.0362  vl=0.2649
Step: 602112 SPS: 4531  ev=0.399  ent=0.786  grad=1.03/0.50  h=5.8 c=27.3  kl=0.0365  vl=0.2075
Step: 606208 SPS: 4531  ev=0.314  ent=0.785  grad=0.76/0.50  h=5.3 c=15.5  kl=0.0357  vl=0.2363
Step: 610304 SPS: 4533  ev=0.281  ent=0.777  grad=1.00/0.50  h=5.7 c=26.3  kl=0.0506  vl=0.2325
Step: 614400 SPS: 4535  ev=0.361  ent=0.779  grad=0.79/0.50  h=5.0 c=12.6  kl=0.0504  vl=0.2504
Step: 618496 SPS: 4537  ev=0.260  ent=0.774  grad=0.88/0.50  h=5.7 c=25.4  kl=0.0593  vl=0.2482
Step: 622592 SPS: 4538  ev=0.414  ent=0.812  grad=0.78/0.50  h=4.4 c=8.5  kl=0.0507  vl=0.3182
Step: 626688 SPS: 4540  ev=0.301  ent=0.783  grad=0.82/0.50  h=5.7 c=23.8  kl=0.0459  vl=0.2483
Step: 630784 SPS: 4539  ev=0.325  ent=0.772  grad=2.66/0.50  h=6.0 c=30.6  kl=0.0419  vl=0.3432
Step: 634880 SPS: 4540  ev=0.242  ent=0.715  grad=0.80/0.50  h=5.6 c=20.9  kl=0.0363  vl=0.3270
Step: 638976 SPS: 4541  ev=0.424  ent=0.745  grad=0.53/0.50  h=5.8 c=29.7  kl=0.0402  vl=0.1775
Step: 643072 SPS: 4543  ev=0.347  ent=0.754  grad=0.64/0.50  h=5.5 c=18.8  kl=0.0459  vl=0.2392
Step: 647168 SPS: 4545  ev=0.426  ent=0.748  grad=0.58/0.50  h=5.7 c=28.4  kl=0.0346  vl=0.1774
Step: 651264 SPS: 4546  ev=0.322  ent=0.753  grad=1.20/0.50  h=5.3 c=16.0  kl=0.0491  vl=0.2317
  vs Random: 100W/0L/0D | score=46.8±27.8 inv=2.7 played=21.4 lanes=5.0 ddraw=35.4 pts=47
  Self-play: 50W/51L/0D | score=4.9±20.1 inv=2.4 played=17.6 lanes=5.0 ddraw=15.2 pts=5
Step: 655360 SPS: 4546  ev=0.339  ent=0.753  grad=1.43/0.50  h=5.7 c=27.1  kl=0.0435  vl=0.2311
Step: 659456 SPS: 4548  ev=0.255  ent=0.709  grad=1.07/0.50  h=5.1 c=13.0  kl=0.0460  vl=0.2978
Step: 663552 SPS: 4549  ev=0.278  ent=0.745  grad=1.29/0.50  h=5.6 c=25.1  kl=0.0473  vl=0.2117
Step: 667648 SPS: 4551  ev=0.316  ent=0.726  grad=0.87/0.50  h=4.4 c=8.6  kl=0.0437  vl=0.3309
Step: 671744 SPS: 4553  ev=0.311  ent=0.752  grad=0.59/0.50  h=5.6 c=24.3  kl=0.0450  vl=0.2202
Step: 675840 SPS: 4554  ev=0.317  ent=0.741  grad=0.87/0.50  h=6.0 c=31.5  kl=0.0449  vl=0.3278
Step: 679936 SPS: 4556  ev=0.229  ent=0.677  grad=0.59/0.50  h=5.6 c=22.5  kl=0.0421  vl=0.2874
Step: 684032 SPS: 4558  ev=0.359  ent=0.721  grad=0.67/0.50  h=5.8 c=31.5  kl=0.0567  vl=0.1948
Step: 688128 SPS: 4559  ev=0.260  ent=0.703  grad=0.58/0.50  h=5.5 c=19.7  kl=0.0439  vl=0.2838
Step: 692224 SPS: 4561  ev=0.449  ent=0.723  grad=0.52/0.50  h=5.7 c=30.7  kl=0.0414  vl=0.1660
Step: 696320 SPS: 4562  ev=0.286  ent=0.709  grad=0.67/0.50  h=5.3 c=16.6  kl=0.0449  vl=0.2641
Step: 700416 SPS: 4564  ev=0.394  ent=0.758  grad=1.01/0.50  h=5.6 c=29.3  kl=0.0454  vl=0.2155
Step: 704512 SPS: 4564  ev=0.246  ent=0.760  grad=1.06/0.50  h=5.0 c=13.1  kl=0.0502  vl=0.3101
Step: 708608 SPS: 4566  ev=0.327  ent=0.720  grad=1.66/0.50  h=5.6 c=28.0  kl=0.0499  vl=0.2016
Step: 712704 SPS: 4567  ev=0.297  ent=0.743  grad=1.12/0.50  h=4.4 c=8.6  kl=0.0377  vl=0.2363
Step: 716800 SPS: 4569  ev=0.357  ent=0.711  grad=0.64/0.50  h=5.6 c=25.4  kl=0.0447  vl=0.2035
Step: 720896 SPS: 4571  ev=0.295  ent=0.717  grad=0.72/0.50  h=5.8 c=33.4  kl=0.0295  vl=0.3638
Step: 724992 SPS: 4572  ev=0.376  ent=0.710  grad=0.53/0.50  h=5.5 c=22.5  kl=0.0435  vl=0.1903
Step: 729088 SPS: 4574  ev=0.431  ent=0.712  grad=0.57/0.50  h=5.7 c=31.7  kl=0.0483  vl=0.2217
Step: 733184 SPS: 4575  ev=0.372  ent=0.716  grad=0.64/0.50  h=5.4 c=19.7  kl=0.0517  vl=0.2138
  vs Random: 100W/0L/0D | score=46.3±28.3 inv=2.7 played=21.0 lanes=5.0 ddraw=38.9 pts=46
  Self-play: 45W/52L/3D | score=4.3±25.4 inv=2.1 played=17.5 lanes=5.0 ddraw=23.7 pts=4
Step: 737280 SPS: 4576  ev=0.350  ent=0.707  grad=0.46/0.46  h=5.5 c=31.2  kl=0.0538  vl=0.2362
Step: 741376 SPS: 4577  ev=0.291  ent=0.721  grad=2.00/0.50  h=5.3 c=17.0  kl=0.0541  vl=0.3272
Step: 745472 SPS: 4579  ev=0.448  ent=0.724  grad=0.68/0.50  h=5.4 c=28.4  kl=0.0327  vl=0.1279
Step: 749568 SPS: 4580  ev=0.327  ent=0.714  grad=1.24/0.50  h=5.0 c=13.1  kl=0.0287  vl=0.2352
Step: 753664 SPS: 4580  ev=0.395  ent=0.707  grad=0.55/0.50  h=5.5 c=27.0  kl=0.0410  vl=0.2624
Step: 757760 SPS: 4581  ev=0.313  ent=0.729  grad=1.48/0.50  h=4.3 c=8.5  kl=0.0410  vl=0.3195
Step: 761856 SPS: 4583  ev=0.323  ent=0.717  grad=0.54/0.50  h=5.5 c=24.9  kl=0.0358  vl=0.2065
Step: 765952 SPS: 4585  ev=0.360  ent=0.745  grad=0.61/0.50  h=5.7 c=31.0  kl=0.0340  vl=0.3204
Step: 770048 SPS: 4587  ev=0.258  ent=0.656  grad=1.06/0.50  h=5.5 c=22.5  kl=0.0523  vl=0.2850
Step: 774144 SPS: 4587  ev=0.353  ent=0.712  grad=0.49/0.49  h=5.6 c=30.1  kl=0.0430  vl=0.2107
Step: 778240 SPS: 4586  ev=0.354  ent=0.703  grad=0.87/0.50  h=5.3 c=20.1  kl=0.0402  vl=0.2621
Step: 782336 SPS: 4587  ev=0.431  ent=0.708  grad=1.98/0.50  h=5.5 c=30.0  kl=0.0627  vl=0.2537
Step: 786432 SPS: 4587  ev=0.350  ent=0.670  grad=0.59/0.50  h=5.2 c=17.1  kl=0.0504  vl=0.2710
Step: 790528 SPS: 4587  ev=0.437  ent=0.713  grad=0.74/0.50  h=5.5 c=29.4  kl=0.0446  vl=0.2172
Step: 794624 SPS: 4588  ev=0.352  ent=0.688  grad=0.60/0.50  h=5.0 c=13.4  kl=0.0445  vl=0.2842
Step: 798720 SPS: 4589  ev=0.360  ent=0.709  grad=0.75/0.50  h=5.6 c=26.9  kl=0.0389  vl=0.2213
Step: 802816 SPS: 4589  ev=0.321  ent=0.695  grad=1.42/0.50  h=4.4 c=8.7  kl=0.0419  vl=0.3040
Step: 806912 SPS: 4590  ev=0.239  ent=0.712  grad=1.24/0.50  h=5.5 c=25.2  kl=0.0428  vl=0.2298
Step: 811008 SPS: 4591  ev=0.362  ent=0.720  grad=0.53/0.50  h=5.6 c=30.4  kl=0.0416  vl=0.3510
Step: 815104 SPS: 4592  ev=0.310  ent=0.703  grad=0.58/0.50  h=5.4 c=22.8  kl=0.0390  vl=0.2199
  vs Random: 100W/0L/0D | score=46.2±31.3 inv=2.6 played=21.1 lanes=5.0 ddraw=40.8 pts=46
  Self-play: 53W/47L/0D | score=7.7±25.7 inv=2.2 played=17.6 lanes=5.0 ddraw=20.6 pts=8
Step: 819200 SPS: 4593  ev=0.368  ent=0.694  grad=1.04/0.50  h=5.5 c=29.4  kl=0.0553  vl=0.2237
Step: 823296 SPS: 4594  ev=0.260  ent=0.675  grad=0.54/0.50  h=5.3 c=20.1  kl=0.0466  vl=0.2615
Step: 827392 SPS: 4595  ev=0.378  ent=0.730  grad=0.47/0.47  h=5.5 c=28.7  kl=0.0423  vl=0.2329
Step: 831488 SPS: 4597  ev=0.273  ent=0.701  grad=0.72/0.50  h=5.3 c=17.4  kl=0.0355  vl=0.2760
Step: 835584 SPS: 4598  ev=0.430  ent=0.714  grad=0.87/0.50  h=5.4 c=28.6  kl=0.0384  vl=0.1758
Step: 839680 SPS: 4598  ev=0.355  ent=0.731  grad=0.83/0.50  h=5.0 c=13.3  kl=0.0368  vl=0.3004
Step: 843776 SPS: 4600  ev=0.417  ent=0.688  grad=1.24/0.50  h=5.5 c=26.3  kl=0.0517  vl=0.1826
Step: 847872 SPS: 4598  ev=0.297  ent=0.723  grad=1.89/0.50  h=4.4 c=8.6  kl=0.0275  vl=0.2668
Step: 851968 SPS: 4598  ev=0.284  ent=0.708  grad=0.98/0.50  h=5.4 c=24.4  kl=0.0403  vl=0.2359
Step: 856064 SPS: 4599  ev=0.295  ent=0.687  grad=0.56/0.50  h=5.7 c=30.5  kl=0.0457  vl=0.3212
Step: 860160 SPS: 4601  ev=0.258  ent=0.689  grad=0.62/0.50  h=5.4 c=21.6  kl=0.0493  vl=0.3041
Step: 864256 SPS: 4601  ev=0.283  ent=0.723  grad=1.23/0.50  h=5.4 c=29.3  kl=0.0454  vl=0.2330
Step: 868352 SPS: 4602  ev=0.261  ent=0.634  grad=0.89/0.50  h=5.3 c=19.0  kl=0.0349  vl=0.2313
Step: 872448 SPS: 4602  ev=0.391  ent=0.715  grad=1.12/0.50  h=5.4 c=27.6  kl=0.0464  vl=0.1772
Step: 876544 SPS: 4603  ev=0.321  ent=0.688  grad=2.58/0.50  h=5.2 c=15.8  kl=0.0487  vl=0.2909
Step: 880640 SPS: 4604  ev=0.304  ent=0.701  grad=0.58/0.50  h=5.3 c=26.7  kl=0.0403  vl=0.1979
Step: 884736 SPS: 4606  ev=0.335  ent=0.696  grad=1.43/0.50  h=4.9 c=12.6  kl=0.0504  vl=0.2527
Step: 888832 SPS: 4607  ev=0.276  ent=0.706  grad=0.46/0.46  h=5.4 c=25.7  kl=0.0547  vl=0.2414
Step: 892928 SPS: 4606  ev=0.332  ent=0.693  grad=0.52/0.50  h=4.3 c=8.3  kl=0.0431  vl=0.2734
Step: 897024 SPS: 4608  ev=0.337  ent=0.648  grad=1.04/0.50  h=5.4 c=24.0  kl=0.0416  vl=0.2005
  vs Random: 99W/1L/0D | score=49.7±33.6 inv=3.0 played=21.7 lanes=5.0 ddraw=41.1 pts=50
  Self-play: 47W/53L/0D | score=10.5±22.2 inv=2.1 played=17.9 lanes=5.0 ddraw=32.5 pts=10
Step: 901120 SPS: 4608  ev=0.308  ent=0.713  grad=0.67/0.50  h=5.6 c=31.1  kl=0.0476  vl=0.3128
Step: 905216 SPS: 4608  ev=0.278  ent=0.670  grad=0.88/0.50  h=5.4 c=22.3  kl=0.0416  vl=0.2210
Step: 909312 SPS: 4610  ev=0.389  ent=0.704  grad=0.58/0.50  h=5.5 c=29.9  kl=0.0358  vl=0.1595
Step: 913408 SPS: 4611  ev=0.279  ent=0.666  grad=0.62/0.50  h=5.3 c=19.7  kl=0.0550  vl=0.2496
Step: 917504 SPS: 4612  ev=0.353  ent=0.674  grad=1.71/0.50  h=5.4 c=28.7  kl=0.0479  vl=0.2127
Step: 921600 SPS: 4613  ev=0.287  ent=0.639  grad=0.70/0.50  h=5.2 c=16.5  kl=0.0352  vl=0.2666
Step: 925696 SPS: 4614  ev=0.312  ent=0.698  grad=0.50/0.50  h=5.3 c=27.4  kl=0.0378  vl=0.2193
Step: 929792 SPS: 4615  ev=0.280  ent=0.680  grad=0.87/0.50  h=4.9 c=12.7  kl=0.0435  vl=0.3170
Step: 933888 SPS: 4616  ev=0.272  ent=0.659  grad=0.60/0.50  h=5.3 c=25.5  kl=0.0419  vl=0.2189
Step: 937984 SPS: 4617  ev=0.264  ent=0.674  grad=1.94/0.50  h=4.2 c=8.4  kl=0.0635  vl=0.3351
Step: 942080 SPS: 4617  ev=0.254  ent=0.681  grad=0.69/0.50  h=5.3 c=25.1  kl=0.0413  vl=0.2461
Step: 946176 SPS: 4616  ev=0.290  ent=0.714  grad=0.54/0.50  h=5.6 c=30.0  kl=0.0492  vl=0.3539
Step: 950272 SPS: 4617  ev=0.341  ent=0.679  grad=1.67/0.50  h=5.3 c=23.4  kl=0.0518  vl=0.2282
Step: 954368 SPS: 4618  ev=0.393  ent=0.702  grad=0.73/0.50  h=5.5 c=29.3  kl=0.0407  vl=0.2664
Step: 958464 SPS: 4618  ev=0.306  ent=0.642  grad=0.83/0.50  h=5.3 c=20.9  kl=0.0417  vl=0.2690
Step: 962560 SPS: 4619  ev=0.340  ent=0.680  grad=0.65/0.50  h=5.3 c=27.3  kl=0.0446  vl=0.2096
Step: 966656 SPS: 4620  ev=0.336  ent=0.668  grad=1.79/0.50  h=5.2 c=17.1  kl=0.0418  vl=0.2303
Step: 970752 SPS: 4620  ev=0.303  ent=0.722  grad=1.39/0.50  h=5.3 c=26.9  kl=0.0589  vl=0.2040
Step: 974848 SPS: 4621  ev=0.309  ent=0.705  grad=0.57/0.50  h=4.9 c=13.0  kl=0.0481  vl=0.2727
Step: 978944 SPS: 4622  ev=0.288  ent=0.641  grad=0.52/0.50  h=5.3 c=25.7  kl=0.0662  vl=0.1949
  vs Random: 101W/0L/0D | score=42.9±26.5 inv=3.2 played=21.8 lanes=5.0 ddraw=35.5 pts=43
  Self-play: 43W/57L/0D | score=7.5±23.1 inv=2.6 played=18.3 lanes=5.0 ddraw=24.9 pts=7
Step: 983040 SPS: 4622  ev=0.261  ent=0.647  grad=0.77/0.50  h=4.2 c=8.5  kl=0.0451  vl=0.3088
Step: 987136 SPS: 4623  ev=0.286  ent=0.663  grad=0.99/0.50  h=5.3 c=23.9  kl=0.0500  vl=0.2053
Step: 991232 SPS: 4623  ev=0.268  ent=0.659  grad=0.62/0.50  h=5.5 c=27.9  kl=0.0594  vl=0.3440
Step: 995328 SPS: 4624  ev=0.267  ent=0.629  grad=1.15/0.50  h=5.3 c=22.9  kl=0.0446  vl=0.2125
Step: 999424 SPS: 4623  ev=0.326  ent=0.659  grad=0.96/0.50  h=5.4 c=28.3  kl=0.0388  vl=0.2152
Step: 1003520 SPS: 4623  ev=0.193  ent=0.657  grad=0.79/0.50  h=5.3 c=20.8  kl=0.0425  vl=0.2627
Step: 1007616 SPS: 4624  ev=0.316  ent=0.653  grad=1.27/0.50  h=5.3 c=28.6  kl=0.0331  vl=0.1910
Step: 1011712 SPS: 4625  ev=0.254  ent=0.639  grad=0.54/0.50  h=5.2 c=17.9  kl=0.0581  vl=0.2483
Step: 1015808 SPS: 4627  ev=0.343  ent=0.666  grad=0.49/0.49  h=5.3 c=28.0  kl=0.0506  vl=0.2289
Step: 1019904 SPS: 4625  ev=0.230  ent=0.628  grad=1.25/0.50  h=5.0 c=13.6  kl=0.0430  vl=0.2626
Step: 1024000 SPS: 4624  ev=0.289  ent=0.643  grad=0.72/0.50  h=5.4 c=26.9  kl=0.0606  vl=0.2468
Step: 1028096 SPS: 4624  ev=0.258  ent=0.667  grad=1.10/0.50  h=4.3 c=8.6  kl=0.0494  vl=0.3105
Step: 1032192 SPS: 4625  ev=0.245  ent=0.669  grad=0.81/0.50  h=5.4 c=24.8  kl=0.0559  vl=0.2458
Step: 1036288 SPS: 4625  ev=0.245  ent=0.663  grad=0.71/0.50  h=5.5 c=30.0  kl=0.0419  vl=0.3174
Step: 1040384 SPS: 4625  ev=0.327  ent=0.642  grad=0.88/0.50  h=5.4 c=23.3  kl=0.0386  vl=0.2336
Step: 1044480 SPS: 4615  ev=0.387  ent=0.618  grad=0.59/0.50  h=5.5 c=29.1  kl=0.0683  vl=0.2089
Step: 1048576 SPS: 4599  ev=0.322  ent=0.614  grad=0.48/0.48  h=5.4 c=20.9  kl=0.0300  vl=0.2071
Step: 1052672 SPS: 4586  ev=0.269  ent=0.635  grad=0.55/0.50  h=5.5 c=28.8  kl=0.0386  vl=0.2261
Step: 1056768 SPS: 4568  ev=0.229  ent=0.644  grad=0.65/0.50  h=5.2 c=17.2  kl=0.0439  vl=0.3054
Step: 1060864 SPS: 4543  ev=0.312  ent=0.660  grad=1.08/0.50  h=5.3 c=27.1  kl=0.0475  vl=0.2518
  vs Random: 100W/1L/0D | score=43.0±29.8 inv=3.0 played=21.2 lanes=5.0 ddraw=29.6 pts=43
  Self-play: 54W/47L/0D | score=11.7±24.1 inv=2.6 played=18.7 lanes=5.0 ddraw=21.0 pts=12
Step: 1064960 SPS: 4519  ev=0.239  ent=0.652  grad=0.56/0.50  h=4.9 c=13.1  kl=0.0560  vl=0.3117
Step: 1069056 SPS: 4503  ev=0.304  ent=0.654  grad=0.88/0.50  h=5.3 c=25.6  kl=0.0393  vl=0.2110
Step: 1073152 SPS: 4502  ev=0.264  ent=0.650  grad=0.68/0.50  h=4.2 c=8.5  kl=0.0480  vl=0.3174
Step: 1077248 SPS: 4503  ev=0.222  ent=0.596  grad=0.55/0.50  h=5.3 c=23.8  kl=0.0389  vl=0.2565
Step: 1081344 SPS: 4503  ev=0.223  ent=0.641  grad=1.10/0.50  h=5.6 c=31.0  kl=0.0432  vl=0.3266
Step: 1085440 SPS: 4503  ev=0.200  ent=0.637  grad=0.71/0.50  h=5.3 c=22.4  kl=0.0493  vl=0.3038
Step: 1089536 SPS: 4503  ev=0.321  ent=0.635  grad=0.94/0.50  h=5.5 c=29.8  kl=0.0519  vl=0.2555
Step: 1093632 SPS: 4502  ev=0.221  ent=0.652  grad=1.00/0.50  h=5.2 c=20.2  kl=0.0566  vl=0.2588
Step: 1097728 SPS: 4499  ev=0.242  ent=0.636  grad=0.52/0.50  h=5.4 c=28.2  kl=0.0485  vl=0.1908
Step: 1101824 SPS: 4495  ev=0.314  ent=0.634  grad=1.32/0.50  h=5.1 c=17.2  kl=0.0351  vl=0.2522
Step: 1105920 SPS: 4493  ev=0.344  ent=0.623  grad=0.58/0.50  h=5.3 c=26.6  kl=0.0370  vl=0.1765
Step: 1110016 SPS: 4490  ev=0.230  ent=0.603  grad=0.98/0.50  h=4.9 c=13.2  kl=0.0559  vl=0.3721
Step: 1114112 SPS: 4488  ev=0.307  ent=0.652  grad=0.57/0.50  h=5.4 c=25.5  kl=0.0599  vl=0.2748
Step: 1118208 SPS: 4484  ev=0.318  ent=0.641  grad=0.87/0.50  h=4.2 c=8.6  kl=0.0435  vl=0.3120
Step: 1122304 SPS: 4482  ev=0.312  ent=0.613  grad=0.85/0.50  h=5.4 c=24.9  kl=0.0528  vl=0.2573
Step: 1126400 SPS: 4477  ev=0.249  ent=0.636  grad=0.96/0.50  h=5.7 c=28.9  kl=0.0452  vl=0.3281
Step: 1130496 SPS: 4468  ev=0.209  ent=0.617  grad=1.14/0.50  h=5.3 c=23.8  kl=0.0368  vl=0.2752
Step: 1134592 SPS: 4450  ev=0.372  ent=0.630  grad=0.87/0.50  h=5.6 c=29.6  kl=0.0478  vl=0.1969
Step: 1138688 SPS: 4431  ev=0.348  ent=0.631  grad=0.70/0.50  h=5.3 c=21.0  kl=0.0450  vl=0.2041
Step: 1142784 SPS: 4411  ev=0.315  ent=0.612  grad=0.83/0.50  h=5.5 c=28.5  kl=0.0448  vl=0.2582
  vs Random: 100W/1L/0D | score=47.6±30.5 inv=3.3 played=21.6 lanes=5.0 ddraw=38.7 pts=48
  Self-play: 52W/47L/1D | score=14.9±28.8 inv=2.8 played=19.0 lanes=5.0 ddraw=38.6 pts=15
Step: 1146880 SPS: 4392  ev=0.332  ent=0.596  grad=0.57/0.50  h=5.1 c=17.7  kl=0.0493  vl=0.2469
Step: 1150976 SPS: 4374  ev=0.267  ent=0.608  grad=0.83/0.50  h=5.3 c=27.7  kl=0.0478  vl=0.2337
Step: 1155072 SPS: 4356  ev=0.312  ent=0.615  grad=1.49/0.50  h=4.9 c=13.8  kl=0.0462  vl=0.3102
Step: 1159168 SPS: 4338  ev=0.250  ent=0.596  grad=0.80/0.50  h=5.3 c=27.5  kl=0.0334  vl=0.1935
Step: 1163264 SPS: 4321  ev=0.318  ent=0.597  grad=0.67/0.50  h=4.2 c=8.7  kl=0.0393  vl=0.3289
Step: 1167360 SPS: 4305  ev=0.319  ent=0.616  grad=0.55/0.50  h=5.3 c=25.8  kl=0.0428  vl=0.2086
Step: 1171456 SPS: 4287  ev=0.252  ent=0.608  grad=0.52/0.50  h=5.7 c=31.1  kl=0.0412  vl=0.3655
Step: 1175552 SPS: 4267  ev=0.310  ent=0.567  grad=0.58/0.50  h=5.4 c=24.4  kl=0.0418  vl=0.2444
Step: 1179648 SPS: 4250  ev=0.342  ent=0.590  grad=0.90/0.50  h=5.6 c=30.0  kl=0.0451  vl=0.2729
Step: 1183744 SPS: 4231  ev=0.271  ent=0.550  grad=1.35/0.50  h=5.3 c=22.3  kl=0.0239  vl=0.2607
Step: 1187840 SPS: 4216  ev=0.373  ent=0.588  grad=1.81/0.50  h=5.5 c=28.9  kl=0.0377  vl=0.2008
Step: 1191936 SPS: 4203  ev=0.425  ent=0.587  grad=0.83/0.50  h=5.2 c=18.4  kl=0.0317  vl=0.2004
Step: 1196032 SPS: 4191  ev=0.313  ent=0.600  grad=0.51/0.50  h=5.5 c=28.6  kl=0.0489  vl=0.2848
Step: 1200128 SPS: 4179  ev=0.327  ent=0.568  grad=0.77/0.50  h=5.0 c=14.1  kl=0.0312  vl=0.3082
Step: 1204224 SPS: 4168  ev=0.321  ent=0.596  grad=0.78/0.50  h=5.5 c=28.2  kl=0.0494  vl=0.1972
Step: 1208320 SPS: 4155  ev=0.390  ent=0.593  grad=0.84/0.50  h=4.3 c=9.0  kl=0.0479  vl=0.2537
Step: 1212416 SPS: 4144  ev=0.293  ent=0.586  grad=0.92/0.50  h=5.4 c=26.8  kl=0.0362  vl=0.1942
Step: 1216512 SPS: 4130  ev=0.339  ent=0.627  grad=0.73/0.50  h=5.8 c=31.0  kl=0.0407  vl=0.2677
Step: 1220608 SPS: 4117  ev=0.309  ent=0.565  grad=1.13/0.50  h=5.4 c=25.2  kl=0.0403  vl=0.2714
Step: 1224704 SPS: 4103  ev=0.389  ent=0.589  grad=0.91/0.50  h=5.6 c=30.6  kl=0.0481  vl=0.1852
  vs Random: 100W/0L/0D | score=49.6±31.9 inv=3.2 played=21.9 lanes=5.0 ddraw=43.4 pts=50
  Self-play: 50W/49L/1D | score=14.6±25.5 inv=2.9 played=19.1 lanes=5.0 ddraw=54.4 pts=15
Step: 1228800 SPS: 4087  ev=0.270  ent=0.570  grad=0.49/0.49  h=5.3 c=22.8  kl=0.0334  vl=0.2553
Step: 1232896 SPS: 4072  ev=0.362  ent=0.586  grad=1.71/0.50  h=5.6 c=30.4  kl=0.0403  vl=0.2288
Step: 1236992 SPS: 4056  ev=0.357  ent=0.544  grad=0.66/0.50  h=5.2 c=18.7  kl=0.0353  vl=0.2749
Step: 1241088 SPS: 4041  ev=0.364  ent=0.590  grad=0.58/0.50  h=5.5 c=29.3  kl=0.0344  vl=0.1848
Step: 1245184 SPS: 4029  ev=0.390  ent=0.539  grad=1.35/0.50  h=4.9 c=13.9  kl=0.0356  vl=0.2656
Step: 1249280 SPS: 4016  ev=0.382  ent=0.606  grad=0.90/0.50  h=5.4 c=27.6  kl=0.0401  vl=0.2004
Step: 1253376 SPS: 4002  ev=0.321  ent=0.571  grad=0.89/0.50  h=4.3 c=8.8  kl=0.0289  vl=0.2533
Step: 1257472 SPS: 3990  ev=0.344  ent=0.582  grad=0.56/0.50  h=5.4 c=25.9  kl=0.0457  vl=0.2393
Step: 1261568 SPS: 3977  ev=0.356  ent=0.618  grad=0.48/0.48  h=5.9 c=31.2  kl=0.0498  vl=0.2795
Step: 1265664 SPS: 3966  ev=0.224  ent=0.581  grad=0.89/0.50  h=5.4 c=24.1  kl=0.0364  vl=0.2924
Step: 1269760 SPS: 3953  ev=0.346  ent=0.593  grad=0.83/0.50  h=5.7 c=31.9  kl=0.0410  vl=0.2594
Step: 1273856 SPS: 3942  ev=0.294  ent=0.568  grad=0.81/0.50  h=5.4 c=22.1  kl=0.0494  vl=0.2877
Step: 1277952 SPS: 3930  ev=0.344  ent=0.578  grad=0.94/0.50  h=5.7 c=31.9  kl=0.0481  vl=0.2210
Step: 1282048 SPS: 3922  ev=0.276  ent=0.551  grad=0.85/0.50  h=5.2 c=18.8  kl=0.0305  vl=0.2668
Step: 1286144 SPS: 3914  ev=0.382  ent=0.583  grad=0.85/0.50  h=5.6 c=31.4  kl=0.0452  vl=0.1502
Step: 1290240 SPS: 3905  ev=0.268  ent=0.577  grad=0.63/0.50  h=4.9 c=14.3  kl=0.0415  vl=0.2899
Step: 1294336 SPS: 3896  ev=0.221  ent=0.618  grad=1.00/0.50  h=5.5 c=30.8  kl=0.0520  vl=0.2342
Step: 1298432 SPS: 3886  ev=0.272  ent=0.586  grad=0.54/0.50  h=4.3 c=8.9  kl=0.0384  vl=0.2863
Step: 1302528 SPS: 3876  ev=0.354  ent=0.581  grad=0.67/0.50  h=5.4 c=29.5  kl=0.0434  vl=0.2281
Step: 1306624 SPS: 3867  ev=0.281  ent=0.576  grad=1.03/0.50  h=5.8 c=34.0  kl=0.0390  vl=0.3657
  vs Random: 99W/1L/0D | score=47.0±29.5 inv=3.1 played=21.6 lanes=5.0 ddraw=38.3 pts=47
  Self-play: 57W/43L/0D | score=18.4±30.6 inv=2.5 played=18.9 lanes=5.0 ddraw=43.5 pts=18
Step: 1310720 SPS: 3857  ev=0.336  ent=0.563  grad=1.19/0.50  h=5.4 c=26.2  kl=0.0374  vl=0.2194
Step: 1314816 SPS: 3848  ev=0.367  ent=0.600  grad=0.59/0.50  h=5.7 c=34.4  kl=0.0507  vl=0.2615
Step: 1318912 SPS: 3839  ev=0.206  ent=0.573  grad=1.81/0.50  h=5.3 c=23.6  kl=0.0331  vl=0.3034
Step: 1323008 SPS: 3828  ev=0.316  ent=0.546  grad=0.52/0.50  h=5.6 c=34.5  kl=0.0425  vl=0.2469
Step: 1327104 SPS: 3818  ev=0.307  ent=0.600  grad=0.48/0.48  h=5.2 c=19.0  kl=0.0479  vl=0.2534
Step: 1331200 SPS: 3807  ev=0.336  ent=0.610  grad=1.71/0.50  h=5.5 c=32.7  kl=0.0544  vl=0.2655
Step: 1335296 SPS: 3798  ev=0.287  ent=0.553  grad=0.51/0.50  h=4.9 c=14.0  kl=0.0416  vl=0.2521
Step: 1339392 SPS: 3790  ev=0.290  ent=0.553  grad=1.40/0.50  h=5.5 c=31.2  kl=0.0581  vl=0.2655
Step: 1343488 SPS: 3782  ev=0.308  ent=0.589  grad=1.18/0.50  h=4.3 c=8.8  kl=0.0447  vl=0.3001
Step: 1347584 SPS: 3772  ev=0.391  ent=0.556  grad=0.67/0.50  h=5.5 c=29.9  kl=0.0454  vl=0.1671
Step: 1351680 SPS: 3761  ev=0.205  ent=0.574  grad=0.72/0.50  h=5.8 c=34.8  kl=0.0374  vl=0.3957
Step: 1355776 SPS: 3752  ev=0.270  ent=0.570  grad=0.53/0.50  h=5.5 c=27.4  kl=0.0362  vl=0.2634
Step: 1359872 SPS: 3743  ev=0.392  ent=0.594  grad=0.53/0.50  h=5.7 c=34.1  kl=0.0294  vl=0.2824
Step: 1363968 SPS: 3735  ev=0.220  ent=0.567  grad=0.55/0.50  h=5.4 c=23.2  kl=0.0453  vl=0.3044
Step: 1368064 SPS: 3726  ev=0.302  ent=0.583  grad=0.54/0.50  h=5.5 c=33.6  kl=0.0367  vl=0.2256
Step: 1372160 SPS: 3719  ev=0.270  ent=0.574  grad=0.67/0.50  h=5.2 c=18.6  kl=0.0432  vl=0.2660
Step: 1376256 SPS: 3711  ev=0.327  ent=0.611  grad=0.67/0.50  h=5.5 c=33.0  kl=0.0621  vl=0.1938
Step: 1380352 SPS: 3705  ev=0.324  ent=0.540  grad=1.23/0.50  h=5.0 c=13.8  kl=0.0414  vl=0.3000
Step: 1384448 SPS: 3697  ev=0.317  ent=0.623  grad=0.60/0.50  h=5.4 c=31.2  kl=0.0635  vl=0.1955
Step: 1388544 SPS: 3687  ev=0.235  ent=0.545  grad=0.86/0.50  h=4.3 c=8.7  kl=0.0434  vl=0.3244
  vs Random: 99W/1L/0D | score=49.0±35.7 inv=3.2 played=21.6 lanes=5.0 ddraw=38.5 pts=49
  Self-play: 51W/50L/0D | score=10.9±28.3 inv=3.2 played=19.2 lanes=5.0 ddraw=43.0 pts=11
Step: 1392640 SPS: 3679  ev=0.291  ent=0.589  grad=1.45/0.50  h=5.4 c=29.1  kl=0.0400  vl=0.2072
Step: 1396736 SPS: 3672  ev=0.286  ent=0.585  grad=1.49/0.50  h=5.8 c=35.7  kl=0.0428  vl=0.3492
Step: 1400832 SPS: 3663  ev=0.241  ent=0.568  grad=0.61/0.50  h=5.4 c=26.3  kl=0.0542  vl=0.2608
Step: 1404928 SPS: 3654  ev=0.381  ent=0.583  grad=0.96/0.50  h=5.7 c=35.5  kl=0.0498  vl=0.2018
Step: 1409024 SPS: 3646  ev=0.240  ent=0.537  grad=0.78/0.50  h=5.4 c=22.9  kl=0.0271  vl=0.3230
Step: 1413120 SPS: 3638  ev=0.395  ent=0.592  grad=0.44/0.44  h=5.6 c=34.2  kl=0.0492  vl=0.1995
Step: 1417216 SPS: 3628  ev=0.349  ent=0.566  grad=0.72/0.50  h=5.3 c=18.3  kl=0.0395  vl=0.2178
Step: 1421312 SPS: 3620  ev=0.384  ent=0.552  grad=0.47/0.47  h=5.5 c=32.3  kl=0.0475  vl=0.2157
Step: 1425408 SPS: 3611  ev=0.340  ent=0.561  grad=0.79/0.50  h=5.0 c=13.5  kl=0.0462  vl=0.3141
Step: 1429504 SPS: 3603  ev=0.371  ent=0.582  grad=0.61/0.50  h=5.5 c=30.7  kl=0.0472  vl=0.1995
Step: 1433600 SPS: 3594  ev=0.255  ent=0.556  grad=1.05/0.50  h=4.4 c=8.9  kl=0.0323  vl=0.3349
Step: 1437696 SPS: 3589  ev=0.288  ent=0.573  grad=0.80/0.50  h=5.5 c=28.9  kl=0.0458  vl=0.2349
Step: 1441792 SPS: 3587  ev=0.323  ent=0.559  grad=0.87/0.50  h=5.9 c=33.9  kl=0.0350  vl=0.3373
Step: 1445888 SPS: 3583  ev=0.303  ent=0.528  grad=1.85/0.50  h=5.5 c=25.9  kl=0.0657  vl=0.2990
Step: 1449984 SPS: 3580  ev=0.404  ent=0.546  grad=0.45/0.45  h=5.8 c=33.9  kl=0.0327  vl=0.2331
Step: 1454080 SPS: 3575  ev=0.313  ent=0.540  grad=0.55/0.50  h=5.5 c=22.6  kl=0.0426  vl=0.2336
Step: 1458176 SPS: 3573  ev=0.402  ent=0.558  grad=1.07/0.50  h=5.7 c=33.2  kl=0.0411  vl=0.2493
Step: 1462272 SPS: 3570  ev=0.317  ent=0.543  grad=0.48/0.48  h=5.3 c=18.3  kl=0.0377  vl=0.2404
Step: 1466368 SPS: 3566  ev=0.355  ent=0.569  grad=1.19/0.50  h=5.6 c=32.9  kl=0.0372  vl=0.1886
Step: 1470464 SPS: 3561  ev=0.440  ent=0.542  grad=0.88/0.50  h=5.0 c=13.7  kl=0.0395  vl=0.1796
  vs Random: 98W/2L/0D | score=41.4±25.6 inv=3.1 played=21.5 lanes=5.0 ddraw=44.4 pts=41
  Self-play: 42W/58L/1D | score=12.9±30.5 inv=3.0 played=19.0 lanes=5.0 ddraw=50.4 pts=13
Step: 1474560 SPS: 3558  ev=0.356  ent=0.577  grad=1.16/0.50  h=5.7 c=31.1  kl=0.0309  vl=0.2317
Step: 1478656 SPS: 3554  ev=0.251  ent=0.551  grad=1.27/0.50  h=4.4 c=8.9  kl=0.0325  vl=0.3204
Step: 1482752 SPS: 3549  ev=0.249  ent=0.567  grad=0.86/0.50  h=5.6 c=29.7  kl=0.0470  vl=0.2343
Step: 1486848 SPS: 3544  ev=0.246  ent=0.510  grad=0.47/0.47  h=5.9 c=35.9  kl=0.0449  vl=0.3179
Step: 1490944 SPS: 3540  ev=0.298  ent=0.511  grad=0.46/0.46  h=5.6 c=27.4  kl=0.0360  vl=0.2492
Step: 1495040 SPS: 3536  ev=0.361  ent=0.554  grad=0.43/0.43  h=5.8 c=36.1  kl=0.0457  vl=0.2431
Step: 1499136 SPS: 3531  ev=0.312  ent=0.541  grad=0.45/0.45  h=5.5 c=23.3  kl=0.0369  vl=0.2587
Step: 1503232 SPS: 3528  ev=0.348  ent=0.556  grad=0.76/0.50  h=5.7 c=35.0  kl=0.0622  vl=0.2191
Step: 1507328 SPS: 3522  ev=0.228  ent=0.493  grad=1.42/0.50  h=5.3 c=18.7  kl=0.0441  vl=0.2913
Step: 1511424 SPS: 3515  ev=0.430  ent=0.557  grad=0.67/0.50  h=5.6 c=34.4  kl=0.0497  vl=0.1802
Step: 1515520 SPS: 3507  ev=0.300  ent=0.524  grad=0.51/0.50  h=5.0 c=13.9  kl=0.0408  vl=0.2712
Step: 1519616 SPS: 3501  ev=0.297  ent=0.545  grad=0.82/0.50  h=5.6 c=32.9  kl=0.0344  vl=0.2512
Step: 1523712 SPS: 3496  ev=0.300  ent=0.509  grad=0.99/0.50  h=4.4 c=9.0  kl=0.0312  vl=0.3060
Step: 1527808 SPS: 3490  ev=0.340  ent=0.531  grad=0.85/0.50  h=5.5 c=30.5  kl=0.0355  vl=0.1933
Step: 1531904 SPS: 3485  ev=0.298  ent=0.564  grad=2.23/0.50  h=5.9 c=36.1  kl=0.0462  vl=0.2938
Step: 1536000 SPS: 3480  ev=0.213  ent=0.487  grad=1.09/0.50  h=5.6 c=27.2  kl=0.0359  vl=0.2738
Step: 1540096 SPS: 3473  ev=0.352  ent=0.556  grad=0.70/0.50  h=5.8 c=35.3  kl=0.0416  vl=0.2373
Step: 1544192 SPS: 3466  ev=0.295  ent=0.499  grad=0.54/0.50  h=5.5 c=23.7  kl=0.0391  vl=0.2725
Step: 1548288 SPS: 3459  ev=0.349  ent=0.543  grad=1.81/0.50  h=5.7 c=36.4  kl=0.0425  vl=0.2008
Step: 1552384 SPS: 3450  ev=0.277  ent=0.521  grad=1.04/0.50  h=5.4 c=19.8  kl=0.0402  vl=0.3025
  vs Random: 100W/0L/0D | score=46.4±26.2 inv=2.9 played=21.7 lanes=5.0 ddraw=43.7 pts=46
  Self-play: 44W/53L/3D | score=12.9±27.2 inv=2.9 played=19.4 lanes=5.0 ddraw=33.4 pts=13
Step: 1556480 SPS: 3443  ev=0.310  ent=0.550  grad=0.84/0.50  h=5.6 c=34.7  kl=0.0487  vl=0.2719
Step: 1560576 SPS: 3434  ev=0.264  ent=0.531  grad=0.77/0.50  h=5.1 c=14.7  kl=0.0313  vl=0.2466
Step: 1564672 SPS: 3428  ev=0.266  ent=0.537  grad=0.63/0.50  h=5.6 c=33.1  kl=0.0484  vl=0.2550
Step: 1568768 SPS: 3421  ev=0.293  ent=0.538  grad=0.98/0.50  h=4.5 c=9.4  kl=0.0406  vl=0.3555
Step: 1572864 SPS: 3415  ev=0.286  ent=0.553  grad=0.75/0.50  h=5.5 c=30.7  kl=0.0363  vl=0.2504
Step: 1576960 SPS: 3407  ev=0.335  ent=0.567  grad=0.75/0.50  h=6.0 c=36.6  kl=0.0506  vl=0.3089
Step: 1581056 SPS: 3401  ev=0.232  ent=0.515  grad=1.07/0.50  h=5.5 c=28.0  kl=0.0405  vl=0.2771
Step: 1585152 SPS: 3395  ev=0.367  ent=0.560  grad=1.55/0.50  h=5.8 c=36.5  kl=0.0538  vl=0.2598
Step: 1589248 SPS: 3389  ev=0.307  ent=0.503  grad=0.91/0.50  h=5.4 c=23.9  kl=0.0421  vl=0.2007
Step: 1593344 SPS: 3384  ev=0.390  ent=0.519  grad=0.95/0.50  h=5.7 c=34.6  kl=0.0437  vl=0.2069
Step: 1597440 SPS: 3378  ev=0.273  ent=0.508  grad=1.87/0.50  h=5.3 c=19.5  kl=0.0547  vl=0.3665
Step: 1601536 SPS: 3373  ev=0.370  ent=0.575  grad=0.69/0.50  h=5.5 c=33.9  kl=0.0476  vl=0.1573
Step: 1605632 SPS: 3368  ev=0.284  ent=0.510  grad=0.83/0.50  h=5.0 c=14.6  kl=0.0481  vl=0.2934
Step: 1609728 SPS: 3363  ev=0.283  ent=0.555  grad=1.70/0.50  h=5.4 c=31.8  kl=0.0568  vl=0.2365
Step: 1613824 SPS: 3359  ev=0.235  ent=0.535  grad=0.97/0.50  h=4.3 c=9.2  kl=0.0304  vl=0.3127
Step: 1617920 SPS: 3353  ev=0.251  ent=0.524  grad=1.01/0.50  h=5.4 c=29.9  kl=0.0386  vl=0.2892
Step: 1622016 SPS: 3347  ev=0.271  ent=0.580  grad=0.66/0.50  h=5.9 c=35.7  kl=0.0318  vl=0.3937
Step: 1626112 SPS: 3341  ev=0.259  ent=0.544  grad=0.87/0.50  h=5.5 c=26.8  kl=0.0413  vl=0.3198
Step: 1630208 SPS: 3336  ev=0.334  ent=0.552  grad=0.50/0.50  h=5.7 c=35.6  kl=0.0514  vl=0.2177
Step: 1634304 SPS: 3330  ev=0.211  ent=0.550  grad=0.51/0.50  h=5.4 c=23.5  kl=0.0421  vl=0.2848
  vs Random: 98W/2L/0D | score=41.0±29.8 inv=3.2 played=21.6 lanes=5.0 ddraw=44.0 pts=41
  Self-play: 51W/49L/0D | score=11.5±25.9 inv=3.1 played=19.5 lanes=5.0 ddraw=43.7 pts=12
Step: 1638400 SPS: 3324  ev=0.340  ent=0.546  grad=0.46/0.46  h=5.5 c=34.3  kl=0.0416  vl=0.2075
Step: 1642496 SPS: 3319  ev=0.338  ent=0.532  grad=0.45/0.45  h=5.3 c=19.6  kl=0.0332  vl=0.2419
Step: 1646592 SPS: 3314  ev=0.407  ent=0.541  grad=1.04/0.50  h=5.5 c=34.2  kl=0.0609  vl=0.1847
Step: 1650688 SPS: 3309  ev=0.305  ent=0.553  grad=0.43/0.43  h=4.9 c=14.6  kl=0.0390  vl=0.2893
Step: 1654784 SPS: 3303  ev=0.331  ent=0.533  grad=1.02/0.50  h=5.5 c=32.3  kl=0.0496  vl=0.2131
Step: 1658880 SPS: 3299  ev=0.324  ent=0.534  grad=0.75/0.50  h=4.4 c=9.3  kl=0.0259  vl=0.2896
Step: 1662976 SPS: 3294  ev=0.289  ent=0.541  grad=0.56/0.50  h=5.5 c=30.1  kl=0.0326  vl=0.2404
Step: 1667072 SPS: 3289  ev=0.233  ent=0.586  grad=0.70/0.50  h=5.9 c=36.3  kl=0.0396  vl=0.3807
Step: 1671168 SPS: 3284  ev=0.275  ent=0.545  grad=0.56/0.50  h=5.4 c=26.6  kl=0.0376  vl=0.2476
Step: 1675264 SPS: 3279  ev=0.357  ent=0.583  grad=0.60/0.50  h=5.7 c=35.5  kl=0.0527  vl=0.2246
Step: 1679360 SPS: 3274  ev=0.343  ent=0.522  grad=0.53/0.50  h=5.4 c=22.7  kl=0.0582  vl=0.3116
Step: 1683456 SPS: 3270  ev=0.408  ent=0.595  grad=0.55/0.50  h=5.6 c=33.3  kl=0.0483  vl=0.2011
Step: 1687552 SPS: 3266  ev=0.328  ent=0.530  grad=0.79/0.50  h=5.2 c=19.2  kl=0.0473  vl=0.2268
Step: 1691648 SPS: 3262  ev=0.382  ent=0.556  grad=0.61/0.50  h=5.4 c=32.5  kl=0.0491  vl=0.2220
Step: 1695744 SPS: 3257  ev=0.311  ent=0.545  grad=0.63/0.50  h=4.8 c=14.4  kl=0.0409  vl=0.3352
Step: 1699840 SPS: 3253  ev=0.330  ent=0.551  grad=0.45/0.45  h=5.3 c=30.6  kl=0.0389  vl=0.2230
Step: 1703936 SPS: 3248  ev=0.270  ent=0.536  grad=0.47/0.47  h=4.2 c=9.2  kl=0.0363  vl=0.3096
Step: 1708032 SPS: 3243  ev=0.366  ent=0.544  grad=0.98/0.50  h=5.3 c=29.3  kl=0.0551  vl=0.2257
Step: 1712128 SPS: 3239  ev=0.272  ent=0.551  grad=0.77/0.50  h=5.7 c=33.7  kl=0.0496  vl=0.3333
Step: 1716224 SPS: 3235  ev=0.204  ent=0.525  grad=0.60/0.50  h=5.4 c=26.8  kl=0.0390  vl=0.2836
  vs Random: 98W/2L/0D | score=42.6±28.7 inv=2.9 played=21.4 lanes=5.0 ddraw=40.3 pts=43
  Self-play: 57W/43L/0D | score=20.5±29.7 inv=2.9 played=19.8 lanes=5.0 ddraw=38.3 pts=20
Step: 1720320 SPS: 3230  ev=0.358  ent=0.529  grad=0.72/0.50  h=5.6 c=34.5  kl=0.0479  vl=0.1983
Step: 1724416 SPS: 3226  ev=0.323  ent=0.527  grad=1.60/0.50  h=5.4 c=23.8  kl=0.0521  vl=0.2549
Step: 1728512 SPS: 3222  ev=0.390  ent=0.561  grad=1.10/0.50  h=5.4 c=33.6  kl=0.0356  vl=0.1992
Step: 1732608 SPS: 3218  ev=0.280  ent=0.501  grad=0.53/0.50  h=5.2 c=19.4  kl=0.0376  vl=0.2795
Step: 1736704 SPS: 3215  ev=0.293  ent=0.521  grad=0.50/0.50  h=5.3 c=33.3  kl=0.0444  vl=0.2280
Step: 1740800 SPS: 3211  ev=0.242  ent=0.493  grad=0.85/0.50  h=5.0 c=15.0  kl=0.0410  vl=0.3338
Step: 1744896 SPS: 3207  ev=0.233  ent=0.535  grad=1.45/0.50  h=5.4 c=32.0  kl=0.0439  vl=0.2661
Step: 1748992 SPS: 3203  ev=0.393  ent=0.520  grad=0.83/0.50  h=4.3 c=9.5  kl=0.0460  vl=0.2637
Step: 1753088 SPS: 3199  ev=0.282  ent=0.540  grad=1.38/0.50  h=5.4 c=30.1  kl=0.0527  vl=0.2641
Step: 1757184 SPS: 3195  ev=0.236  ent=0.534  grad=1.24/0.50  h=5.8 c=37.4  kl=0.0413  vl=0.3139
Step: 1761280 SPS: 3191  ev=0.323  ent=0.539  grad=1.25/0.50  h=5.5 c=27.5  kl=0.0460  vl=0.2359
Step: 1765376 SPS: 3188  ev=0.420  ent=0.554  grad=0.93/0.50  h=5.6 c=36.7  kl=0.0406  vl=0.2124
Step: 1769472 SPS: 3185  ev=0.204  ent=0.514  grad=1.01/0.50  h=5.5 c=24.9  kl=0.0390  vl=0.2918
Step: 1773568 SPS: 3182  ev=0.323  ent=0.550  grad=0.67/0.50  h=5.5 c=35.8  kl=0.0402  vl=0.2467
Step: 1777664 SPS: 3178  ev=0.272  ent=0.510  grad=0.54/0.50  h=5.3 c=20.9  kl=0.0343  vl=0.2882
Step: 1781760 SPS: 3175  ev=0.295  ent=0.563  grad=1.41/0.50  h=5.5 c=36.2  kl=0.0433  vl=0.1924
Step: 1785856 SPS: 3171  ev=0.356  ent=0.530  grad=0.51/0.50  h=5.0 c=15.9  kl=0.0515  vl=0.2418
Step: 1789952 SPS: 3166  ev=0.225  ent=0.531  grad=0.97/0.50  h=5.5 c=34.4  kl=0.0386  vl=0.2410
Step: 1794048 SPS: 3162  ev=0.265  ent=0.514  grad=0.77/0.50  h=4.3 c=9.8  kl=0.0412  vl=0.2709
Step: 1798144 SPS: 3158  ev=0.292  ent=0.511  grad=0.55/0.50  h=5.6 c=33.2  kl=0.0369  vl=0.2352
  vs Random: 100W/0L/0D | score=46.3±31.7 inv=3.2 played=21.5 lanes=5.0 ddraw=45.4 pts=46
  Self-play: 50W/49L/1D | score=13.3±24.2 inv=3.0 played=19.4 lanes=5.0 ddraw=54.6 pts=13
Step: 1802240 SPS: 3154  ev=0.302  ent=0.530  grad=0.72/0.50  h=6.0 c=38.6  kl=0.0347  vl=0.3174
Step: 1806336 SPS: 3150  ev=0.289  ent=0.523  grad=1.99/0.50  h=5.5 c=30.7  kl=0.0510  vl=0.3113
Step: 1810432 SPS: 3145  ev=0.358  ent=0.527  grad=0.63/0.50  h=5.8 c=38.0  kl=0.0404  vl=0.1754
Step: 1814528 SPS: 3141  ev=0.234  ent=0.514  grad=1.27/0.50  h=5.5 c=27.3  kl=0.0471  vl=0.3483
Step: 1818624 SPS: 3137  ev=0.379  ent=0.544  grad=0.56/0.50  h=5.7 c=36.6  kl=0.0403  vl=0.1527
Step: 1822720 SPS: 3132  ev=0.317  ent=0.510  grad=0.46/0.46  h=5.3 c=22.0  kl=0.0460  vl=0.2379
Step: 1826816 SPS: 3128  ev=0.386  ent=0.517  grad=0.84/0.50  h=5.5 c=36.4  kl=0.0422  vl=0.2069
Step: 1830912 SPS: 3124  ev=0.353  ent=0.510  grad=0.49/0.49  h=4.9 c=16.3  kl=0.0385  vl=0.2742
Step: 1835008 SPS: 3119  ev=0.341  ent=0.532  grad=1.14/0.50  h=5.6 c=35.1  kl=0.0469  vl=0.2313
Step: 1839104 SPS: 3116  ev=0.274  ent=0.538  grad=1.59/0.50  h=4.3 c=9.8  kl=0.0415  vl=0.3003
Step: 1843200 SPS: 3114  ev=0.339  ent=0.526  grad=0.53/0.50  h=5.6 c=33.4  kl=0.0412  vl=0.2189
Step: 1847296 SPS: 3111  ev=0.366  ent=0.535  grad=0.73/0.50  h=6.0 c=38.5  kl=0.0360  vl=0.2608
Step: 1851392 SPS: 3108  ev=0.296  ent=0.514  grad=1.35/0.50  h=5.5 c=30.1  kl=0.0473  vl=0.2747
Step: 1855488 SPS: 3105  ev=0.365  ent=0.530  grad=0.68/0.50  h=5.9 c=37.5  kl=0.0521  vl=0.2129
Step: 1859584 SPS: 3102  ev=0.302  ent=0.528  grad=0.56/0.50  h=5.4 c=26.3  kl=0.0441  vl=0.2575
Step: 1863680 SPS: 3099  ev=0.386  ent=0.546  grad=0.73/0.50  h=5.8 c=36.5  kl=0.0652  vl=0.1926
Step: 1867776 SPS: 3095  ev=0.288  ent=0.535  grad=0.44/0.44  h=5.3 c=21.8  kl=0.1038  vl=0.2500
Step: 1871872 SPS: 3092  ev=0.410  ent=0.541  grad=0.80/0.50  h=5.6 c=36.3  kl=0.0536  vl=0.1729
Step: 1875968 SPS: 3089  ev=0.280  ent=0.536  grad=1.05/0.50  h=5.0 c=16.4  kl=0.0357  vl=0.2853
Step: 1880064 SPS: 3086  ev=0.396  ent=0.532  grad=0.46/0.46  h=5.6 c=34.8  kl=0.0387  vl=0.2052
  vs Random: 100W/0L/0D | score=44.4±24.5 inv=2.8 played=21.9 lanes=5.0 ddraw=43.7 pts=44
  Self-play: 52W/47L/1D | score=17.4±29.5 inv=2.8 played=19.6 lanes=5.0 ddraw=48.1 pts=17
Step: 1884160 SPS: 3082  ev=0.310  ent=0.543  grad=0.74/0.50  h=4.4 c=10.0  kl=0.0423  vl=0.2641
Step: 1888256 SPS: 3078  ev=0.261  ent=0.561  grad=1.53/0.50  h=5.5 c=33.2  kl=0.0440  vl=0.2360
Step: 1892352 SPS: 3074  ev=0.317  ent=0.541  grad=0.63/0.50  h=6.0 c=41.1  kl=0.0521  vl=0.3330
Step: 1896448 SPS: 3070  ev=0.336  ent=0.512  grad=0.61/0.50  h=5.5 c=30.7  kl=0.0395  vl=0.1849
Step: 1900544 SPS: 3067  ev=0.417  ent=0.532  grad=1.35/0.50  h=5.9 c=39.6  kl=0.0310  vl=0.1934
Step: 1904640 SPS: 3065  ev=0.252  ent=0.538  grad=1.24/0.50  h=5.4 c=27.0  kl=0.0297  vl=0.2756
Step: 1908736 SPS: 3061  ev=0.322  ent=0.546  grad=0.57/0.50  h=5.7 c=38.0  kl=0.0469  vl=0.2329
Step: 1912832 SPS: 3057  ev=0.437  ent=0.525  grad=0.79/0.50  h=5.3 c=21.8  kl=0.0416  vl=0.2232
Step: 1916928 SPS: 3053  ev=0.323  ent=0.542  grad=0.44/0.44  h=5.6 c=37.2  kl=0.0377  vl=0.2393
Step: 1921024 SPS: 3049  ev=0.428  ent=0.535  grad=1.43/0.50  h=4.9 c=15.9  kl=0.0452  vl=0.3013
Step: 1925120 SPS: 3045  ev=0.346  ent=0.522  grad=0.51/0.50  h=5.5 c=35.1  kl=0.0455  vl=0.2034
Step: 1929216 SPS: 3043  ev=0.275  ent=0.535  grad=1.06/0.50  h=4.3 c=9.8  kl=0.0449  vl=0.3468
Step: 1933312 SPS: 3041  ev=0.311  ent=0.527  grad=0.53/0.50  h=5.5 c=33.5  kl=0.0434  vl=0.2349
Step: 1937408 SPS: 3038  ev=0.365  ent=0.540  grad=0.78/0.50  h=6.0 c=41.3  kl=0.0437  vl=0.2853
Step: 1941504 SPS: 3035  ev=0.294  ent=0.541  grad=0.62/0.50  h=5.4 c=30.7  kl=0.0316  vl=0.2483
Step: 1945600 SPS: 3030  ev=0.378  ent=0.500  grad=0.69/0.50  h=5.9 c=40.4  kl=0.0528  vl=0.2084
Step: 1949696 SPS: 3027  ev=0.241  ent=0.504  grad=0.67/0.50  h=5.3 c=26.3  kl=0.0495  vl=0.2812
Step: 1953792 SPS: 3024  ev=0.409  ent=0.489  grad=0.65/0.50  h=5.7 c=38.7  kl=0.0388  vl=0.2590
Step: 1957888 SPS: 3020  ev=0.330  ent=0.514  grad=0.44/0.44  h=5.2 c=21.4  kl=0.0382  vl=0.2637
Step: 1961984 SPS: 3017  ev=0.382  ent=0.518  grad=0.42/0.42  h=5.5 c=37.1  kl=0.0516  vl=0.2320
  vs Random: 100W/0L/0D | score=43.2±27.5 inv=2.5 played=21.1 lanes=5.0 ddraw=45.1 pts=43
  Self-play: 43W/57L/0D | score=9.9±27.5 inv=2.6 played=18.9 lanes=5.0 ddraw=68.7 pts=10
Step: 1966080 SPS: 3012  ev=0.319  ent=0.513  grad=0.86/0.50  h=4.9 c=15.8  kl=0.0410  vl=0.3142
Step: 1970176 SPS: 3009  ev=0.277  ent=0.522  grad=0.53/0.50  h=5.4 c=35.0  kl=0.0455  vl=0.1980
Step: 1974272 SPS: 3006  ev=0.311  ent=0.489  grad=0.88/0.50  h=4.4 c=9.8  kl=0.0364  vl=0.2626
Step: 1978368 SPS: 3003  ev=0.225  ent=0.521  grad=0.54/0.50  h=5.4 c=33.5  kl=0.0374  vl=0.2201
Step: 1982464 SPS: 3000  ev=0.362  ent=0.521  grad=1.89/0.50  h=6.0 c=43.1  kl=0.0292  vl=0.3073
Step: 1986560 SPS: 2998  ev=0.296  ent=0.488  grad=1.22/0.50  h=5.4 c=30.7  kl=0.0399  vl=0.2551
Step: 1990656 SPS: 2995  ev=0.359  ent=0.535  grad=0.53/0.50  h=5.8 c=41.3  kl=0.0444  vl=0.1978
Step: 1994752 SPS: 2992  ev=0.282  ent=0.490  grad=0.49/0.49  h=5.3 c=26.0  kl=0.0488  vl=0.3246
Step: 1998848 SPS: 2989  ev=0.386  ent=0.505  grad=0.83/0.50  h=5.7 c=40.3  kl=0.0682  vl=0.2027
Step: 2002944 SPS: 2987  ev=0.321  ent=0.506  grad=1.20/0.50  h=5.1 c=21.3  kl=0.0411  vl=0.2571
Step: 2007040 SPS: 2985  ev=0.314  ent=0.509  grad=0.77/0.50  h=5.5 c=38.3  kl=0.0401  vl=0.2557
Step: 2011136 SPS: 2984  ev=0.336  ent=0.498  grad=0.47/0.47  h=4.9 c=15.9  kl=0.0365  vl=0.2564
Step: 2015232 SPS: 2982  ev=0.316  ent=0.536  grad=0.66/0.50  h=5.5 c=37.0  kl=0.0422  vl=0.1989
Step: 2019328 SPS: 2980  ev=0.244  ent=0.526  grad=0.96/0.50  h=4.4 c=9.8  kl=0.0363  vl=0.2826
Step: 2023424 SPS: 2977  ev=0.290  ent=0.481  grad=0.98/0.50  h=5.5 c=34.8  kl=0.0383  vl=0.2268
Step: 2027520 SPS: 2974  ev=0.312  ent=0.531  grad=1.28/0.50  h=6.0 c=44.0  kl=0.0408  vl=0.3213
Step: 2031616 SPS: 2970  ev=0.214  ent=0.538  grad=0.90/0.50  h=5.5 c=30.2  kl=0.0611  vl=0.2834
Step: 2035712 SPS: 2966  ev=0.376  ent=0.512  grad=0.70/0.50  h=5.8 c=41.3  kl=0.0379  vl=0.1761
Step: 2039808 SPS: 2963  ev=0.319  ent=0.525  grad=0.72/0.50  h=5.4 c=25.4  kl=0.0582  vl=0.2528
Step: 2043904 SPS: 2962  ev=0.341  ent=0.527  grad=0.94/0.50  h=5.6 c=38.9  kl=0.0542  vl=0.2278
  vs Random: 99W/1L/0D | score=39.8±25.8 inv=2.5 played=21.0 lanes=5.0 ddraw=37.7 pts=40
  Self-play: 42W/57L/1D | score=11.2±25.5 inv=2.7 played=19.1 lanes=5.0 ddraw=33.9 pts=11
Step: 2048000 SPS: 2959  ev=0.321  ent=0.544  grad=0.62/0.50  h=5.3 c=20.9  kl=0.0338  vl=0.2654
Step: 2052096 SPS: 2957  ev=0.364  ent=0.510  grad=1.10/0.50  h=5.6 c=37.4  kl=0.0495  vl=0.1927
Step: 2056192 SPS: 2954  ev=0.334  ent=0.528  grad=1.24/0.50  h=5.0 c=15.7  kl=0.0478  vl=0.2694
Step: 2060288 SPS: 2951  ev=0.378  ent=0.491  grad=1.41/0.50  h=5.6 c=35.6  kl=0.0585  vl=0.2080
Step: 2064384 SPS: 2949  ev=0.326  ent=0.487  grad=0.71/0.50  h=4.4 c=9.7  kl=0.0365  vl=0.3209
Step: 2068480 SPS: 2946  ev=0.259  ent=0.470  grad=0.56/0.50  h=5.5 c=33.1  kl=0.0418  vl=0.2599
Step: 2072576 SPS: 2944  ev=0.349  ent=0.506  grad=0.55/0.50  h=6.0 c=43.5  kl=0.0447  vl=0.2190
Step: 2076672 SPS: 2941  ev=0.236  ent=0.491  grad=0.58/0.50  h=5.6 c=30.2  kl=0.0488  vl=0.2847
Step: 2080768 SPS: 2939  ev=0.310  ent=0.526  grad=0.49/0.49  h=5.9 c=40.9  kl=0.0388  vl=0.2095
Step: 2084864 SPS: 2936  ev=0.239  ent=0.498  grad=1.99/0.50  h=5.5 c=25.9  kl=0.0421  vl=0.3481
Step: 2088960 SPS: 2934  ev=0.410  ent=0.482  grad=0.48/0.48  h=5.8 c=39.3  kl=0.0484  vl=0.1650
Step: 2093056 SPS: 2933  ev=0.282  ent=0.506  grad=0.97/0.50  h=5.3 c=21.1  kl=0.0334  vl=0.3193
Step: 2097152 SPS: 2932  ev=0.350  ent=0.527  grad=0.55/0.50  h=5.6 c=37.3  kl=0.0529  vl=0.1935
Step: 2101248 SPS: 2929  ev=0.310  ent=0.525  grad=0.76/0.50  h=5.0 c=15.4  kl=0.0562  vl=0.2556
Step: 2105344 SPS: 2927  ev=0.279  ent=0.512  grad=1.17/0.50  h=5.6 c=37.0  kl=0.0318  vl=0.2256
Step: 2109440 SPS: 2925  ev=0.331  ent=0.498  grad=0.56/0.50  h=4.4 c=9.6  kl=0.0412  vl=0.3080
Step: 2113536 SPS: 2922  ev=0.325  ent=0.472  grad=0.48/0.48  h=5.6 c=33.8  kl=0.0401  vl=0.2353
Step: 2117632 SPS: 2920  ev=0.318  ent=0.505  grad=0.77/0.50  h=6.0 c=43.7  kl=0.0389  vl=0.3342
Step: 2121728 SPS: 2917  ev=0.325  ent=0.500  grad=0.97/0.50  h=5.5 c=30.5  kl=0.0377  vl=0.2692
Step: 2125824 SPS: 2915  ev=0.378  ent=0.558  grad=0.74/0.50  h=5.8 c=41.7  kl=0.0533  vl=0.2519
  vs Random: 99W/1L/0D | score=42.5±27.2 inv=2.7 played=21.2 lanes=5.0 ddraw=34.9 pts=43
  Self-play: 39W/60L/1D | score=8.4±30.9 inv=2.9 played=19.0 lanes=5.0 ddraw=37.0 pts=8
Step: 2129920 SPS: 2912  ev=0.261  ent=0.496  grad=0.68/0.50  h=5.4 c=26.1  kl=0.0319  vl=0.2346
Step: 2134016 SPS: 2910  ev=0.239  ent=0.533  grad=1.23/0.50  h=5.6 c=40.9  kl=0.0428  vl=0.2628
Step: 2138112 SPS: 2907  ev=0.259  ent=0.477  grad=0.57/0.50  h=5.3 c=21.4  kl=0.0459  vl=0.3038
Step: 2142208 SPS: 2904  ev=0.247  ent=0.494  grad=1.04/0.50  h=5.5 c=38.5  kl=0.0382  vl=0.2462
Step: 2146304 SPS: 2901  ev=0.258  ent=0.498  grad=0.60/0.50  h=5.0 c=16.0  kl=0.0525  vl=0.2714
Step: 2150400 SPS: 2899  ev=0.242  ent=0.485  grad=0.83/0.50  h=5.5 c=37.4  kl=0.0462  vl=0.2374
Step: 2154496 SPS: 2896  ev=0.248  ent=0.516  grad=0.55/0.50  h=4.4 c=9.8  kl=0.0342  vl=0.2976
Step: 2158592 SPS: 2894  ev=0.320  ent=0.516  grad=1.53/0.50  h=5.5 c=34.9  kl=0.0542  vl=0.2050
Step: 2162688 SPS: 2892  ev=0.272  ent=0.542  grad=0.59/0.50  h=5.9 c=43.4  kl=0.0389  vl=0.2652
Step: 2166784 SPS: 2890  ev=0.215  ent=0.525  grad=0.56/0.50  h=5.5 c=30.7  kl=0.0368  vl=0.2933
Step: 2170880 SPS: 2887  ev=0.328  ent=0.547  grad=0.75/0.50  h=5.7 c=41.5  kl=0.0460  vl=0.2181
Step: 2174976 SPS: 2885  ev=0.257  ent=0.508  grad=0.73/0.50  h=5.5 c=26.8  kl=0.0325  vl=0.2595
Step: 2179072 SPS: 2883  ev=0.326  ent=0.512  grad=0.41/0.41  h=5.5 c=41.3  kl=0.0393  vl=0.2222
Step: 2183168 SPS: 2881  ev=0.327  ent=0.532  grad=0.50/0.50  h=5.4 c=21.4  kl=0.0452  vl=0.2800
Step: 2187264 SPS: 2880  ev=0.350  ent=0.491  grad=0.52/0.50  h=5.5 c=39.3  kl=0.0412  vl=0.2059
Step: 2191360 SPS: 2877  ev=0.325  ent=0.494  grad=0.62/0.50  h=5.1 c=15.8  kl=0.0494  vl=0.2672
Step: 2195456 SPS: 2875  ev=0.377  ent=0.510  grad=1.57/0.50  h=5.4 c=36.4  kl=0.0384  vl=0.2077
Step: 2199552 SPS: 2873  ev=0.261  ent=0.513  grad=0.63/0.50  h=4.4 c=9.8  kl=0.0439  vl=0.3260
Step: 2203648 SPS: 2871  ev=0.337  ent=0.471  grad=0.77/0.50  h=5.4 c=34.2  kl=0.0359  vl=0.2563
Step: 2207744 SPS: 2869  ev=0.302  ent=0.521  grad=0.56/0.50  h=5.9 c=46.1  kl=0.0425  vl=0.2826
  vs Random: 99W/1L/0D | score=40.1±22.4 inv=2.8 played=21.2 lanes=5.0 ddraw=38.8 pts=40
  Self-play: 51W/48L/1D | score=16.9±26.3 inv=3.0 played=19.9 lanes=5.0 ddraw=52.0 pts=17
Step: 2211840 SPS: 2866  ev=0.243  ent=0.490  grad=0.76/0.50  h=5.5 c=30.5  kl=0.0430  vl=0.3006
Step: 2215936 SPS: 2864  ev=0.367  ent=0.512  grad=1.13/0.50  h=5.7 c=44.9  kl=0.0409  vl=0.2375
Step: 2220032 SPS: 2863  ev=0.336  ent=0.510  grad=0.41/0.41  h=5.4 c=26.3  kl=0.0555  vl=0.2866
Step: 2224128 SPS: 2861  ev=0.325  ent=0.508  grad=0.95/0.50  h=5.6 c=42.3  kl=0.0392  vl=0.2236
Step: 2228224 SPS: 2859  ev=0.294  ent=0.523  grad=0.59/0.50  h=5.3 c=21.4  kl=0.0632  vl=0.3066
Step: 2232320 SPS: 2857  ev=0.372  ent=0.512  grad=0.46/0.46  h=5.4 c=39.9  kl=0.0402  vl=0.1897
Step: 2236416 SPS: 2854  ev=0.316  ent=0.490  grad=0.44/0.44  h=5.0 c=15.7  kl=0.0466  vl=0.3092
Step: 2240512 SPS: 2852  ev=0.252  ent=0.500  grad=1.14/0.50  h=5.5 c=37.1  kl=0.0493  vl=0.2519
Step: 2244608 SPS: 2850  ev=0.257  ent=0.495  grad=0.54/0.50  h=4.3 c=9.5  kl=0.0315  vl=0.3273
Step: 2248704 SPS: 2849  ev=0.273  ent=0.482  grad=0.42/0.42  h=5.5 c=33.7  kl=0.0388  vl=0.2342
Step: 2252800 SPS: 2847  ev=0.357  ent=0.513  grad=0.53/0.50  h=5.8 c=46.0  kl=0.0336  vl=0.2837
Step: 2256896 SPS: 2846  ev=0.236  ent=0.497  grad=1.65/0.50  h=5.6 c=30.9  kl=0.0430  vl=0.2628
Step: 2260992 SPS: 2845  ev=0.298  ent=0.486  grad=0.39/0.39  h=5.7 c=44.4  kl=0.0406  vl=0.2618
Step: 2265088 SPS: 2843  ev=0.342  ent=0.475  grad=0.75/0.50  h=5.5 c=26.4  kl=0.0405  vl=0.2641
Step: 2269184 SPS: 2841  ev=0.367  ent=0.489  grad=0.67/0.50  h=5.6 c=42.1  kl=0.0415  vl=0.1903
Step: 2273280 SPS: 2839  ev=0.279  ent=0.502  grad=0.41/0.41  h=5.4 c=21.6  kl=0.0393  vl=0.2789
Step: 2277376 SPS: 2837  ev=0.304  ent=0.482  grad=0.69/0.50  h=5.5 c=39.0  kl=0.0645  vl=0.2429
Step: 2281472 SPS: 2834  ev=0.322  ent=0.515  grad=0.70/0.50  h=5.0 c=16.0  kl=0.0564  vl=0.3462
Step: 2285568 SPS: 2832  ev=0.260  ent=0.499  grad=0.64/0.50  h=5.5 c=36.2  kl=0.0664  vl=0.3076
Step: 2289664 SPS: 2829  ev=0.343  ent=0.482  grad=0.55/0.50  h=4.4 c=9.7  kl=0.0478  vl=0.2836
  vs Random: 100W/0L/0D | score=42.3±28.0 inv=2.8 played=21.4 lanes=5.0 ddraw=34.6 pts=42
  Self-play: 53W/47L/0D | score=15.8±27.8 inv=2.5 played=19.1 lanes=5.0 ddraw=34.1 pts=16
Step: 2293760 SPS: 2827  ev=0.286  ent=0.476  grad=0.51/0.50  h=5.6 c=34.0  kl=0.0455  vl=0.2642
Step: 2297856 SPS: 2826  ev=0.308  ent=0.494  grad=0.52/0.50  h=5.9 c=45.2  kl=0.0983  vl=0.3100
Step: 2301952 SPS: 2824  ev=0.194  ent=0.501  grad=0.78/0.50  h=5.6 c=30.8  kl=0.0425  vl=0.2682
Step: 2306048 SPS: 2822  ev=0.375  ent=0.469  grad=0.53/0.50  h=5.8 c=44.1  kl=0.0463  vl=0.1999
Step: 2310144 SPS: 2821  ev=0.230  ent=0.477  grad=0.88/0.50  h=5.5 c=26.7  kl=0.0387  vl=0.3049
Step: 2314240 SPS: 2819  ev=0.410  ent=0.488  grad=0.82/0.50  h=5.7 c=42.8  kl=0.0492  vl=0.1734
Step: 2318336 SPS: 2817  ev=0.251  ent=0.489  grad=0.56/0.50  h=5.3 c=22.1  kl=0.0434  vl=0.2496
Step: 2322432 SPS: 2814  ev=0.434  ent=0.500  grad=1.06/0.50  h=5.6 c=41.1  kl=0.0369  vl=0.1635
Step: 2326528 SPS: 2812  ev=0.345  ent=0.470  grad=0.47/0.47  h=5.0 c=16.4  kl=0.0368  vl=0.2513
Step: 2330624 SPS: 2811  ev=0.256  ent=0.512  grad=0.57/0.50  h=5.5 c=38.5  kl=0.0420  vl=0.2192
Step: 2334720 SPS: 2809  ev=0.311  ent=0.462  grad=0.91/0.50  h=4.3 c=9.9  kl=0.0464  vl=0.2759
Step: 2338816 SPS: 2808  ev=0.317  ent=0.485  grad=0.52/0.50  h=5.6 c=35.7  kl=0.0436  vl=0.2630
Step: 2342912 SPS: 2806  ev=0.325  ent=0.508  grad=1.09/0.50  h=5.9 c=45.2  kl=0.0266  vl=0.2617
Step: 2347008 SPS: 2804  ev=0.363  ent=0.474  grad=0.81/0.50  h=5.5 c=31.7  kl=0.0438  vl=0.2408
Step: 2351104 SPS: 2802  ev=0.379  ent=0.489  grad=0.86/0.50  h=5.8 c=43.5  kl=0.0508  vl=0.2309
Step: 2355200 SPS: 2800  ev=0.290  ent=0.496  grad=0.52/0.50  h=5.4 c=27.6  kl=0.0543  vl=0.2762
Step: 2359296 SPS: 2798  ev=0.360  ent=0.508  grad=0.73/0.50  h=5.6 c=42.2  kl=0.0421  vl=0.2082
Step: 2363392 SPS: 2795  ev=0.293  ent=0.505  grad=0.48/0.48  h=5.2 c=22.2  kl=0.0349  vl=0.2439
Step: 2367488 SPS: 2793  ev=0.260  ent=0.480  grad=1.61/0.50  h=5.6 c=40.4  kl=0.0514  vl=0.2715
Step: 2371584 SPS: 2791  ev=0.313  ent=0.508  grad=0.93/0.50  h=5.0 c=16.4  kl=0.0344  vl=0.2369
  vs Random: 100W/1L/0D | score=47.1±26.9 inv=2.9 played=21.7 lanes=5.0 ddraw=32.8 pts=47
  Self-play: 53W/47L/0D | score=15.8±28.8 inv=2.7 played=19.3 lanes=5.0 ddraw=35.8 pts=16
Step: 2375680 SPS: 2787  ev=0.312  ent=0.484  grad=0.63/0.50  h=5.5 c=37.7  kl=0.0429  vl=0.2761
Step: 2379776 SPS: 2785  ev=0.246  ent=0.510  grad=0.93/0.50  h=4.3 c=9.9  kl=0.0431  vl=0.3934
Step: 2383872 SPS: 2783  ev=0.317  ent=0.483  grad=0.44/0.44  h=5.5 c=34.9  kl=0.0586  vl=0.2335
Step: 2387968 SPS: 2780  ev=0.284  ent=0.524  grad=0.60/0.50  h=5.9 c=45.2  kl=0.0544  vl=0.3482
Step: 2392064 SPS: 2778  ev=0.305  ent=0.489  grad=1.09/0.50  h=5.5 c=31.3  kl=0.0978  vl=0.2039
Step: 2396160 SPS: 2777  ev=0.376  ent=0.489  grad=1.70/0.50  h=5.8 c=44.6  kl=0.0466  vl=0.2384
Step: 2400256 SPS: 2775  ev=0.236  ent=0.475  grad=1.12/0.50  h=5.4 c=27.3  kl=0.0375  vl=0.2960
Step: 2404352 SPS: 2773  ev=0.371  ent=0.523  grad=0.44/0.44  h=5.7 c=42.5  kl=0.0468  vl=0.1833
Step: 2408448 SPS: 2770  ev=0.293  ent=0.512  grad=0.48/0.48  h=5.2 c=22.1  kl=0.0454  vl=0.2718
Step: 2412544 SPS: 2768  ev=0.368  ent=0.492  grad=0.45/0.45  h=5.5 c=40.1  kl=0.0536  vl=0.2248
Step: 2416640 SPS: 2766  ev=0.313  ent=0.494  grad=1.00/0.50  h=4.9 c=16.4  kl=0.0396  vl=0.2747
Step: 2420736 SPS: 2764  ev=0.373  ent=0.484  grad=0.37/0.37  h=5.5 c=37.5  kl=0.0583  vl=0.1792
Step: 2424832 SPS: 2762  ev=0.276  ent=0.468  grad=0.88/0.50  h=4.3 c=9.9  kl=0.0432  vl=0.3398
Step: 2428928 SPS: 2760  ev=0.293  ent=0.484  grad=0.69/0.50  h=5.5 c=34.8  kl=0.0489  vl=0.2960
Step: 2433024 SPS: 2757  ev=0.296  ent=0.495  grad=0.62/0.50  h=5.9 c=45.7  kl=0.0398  vl=0.2899
Step: 2437120 SPS: 2754  ev=0.276  ent=0.459  grad=0.62/0.50  h=5.5 c=31.2  kl=0.0553  vl=0.2886
Step: 2441216 SPS: 2751  ev=0.351  ent=0.487  grad=0.35/0.35  h=5.8 c=44.7  kl=0.0395  vl=0.1667
Step: 2445312 SPS: 2748  ev=0.263  ent=0.492  grad=0.53/0.50  h=5.5 c=26.8  kl=0.0396  vl=0.2183
Step: 2449408 SPS: 2746  ev=0.431  ent=0.531  grad=0.46/0.46  h=5.7 c=43.1  kl=0.0484  vl=0.1587
Step: 2453504 SPS: 2743  ev=0.311  ent=0.497  grad=0.53/0.50  h=5.3 c=21.9  kl=0.0439  vl=0.2834
  vs Random: 101W/0L/0D | score=39.7±29.7 inv=2.8 played=20.7 lanes=5.0 ddraw=31.4 pts=40
  Self-play: 45W/55L/0D | score=13.9±27.4 inv=2.6 played=18.7 lanes=5.0 ddraw=34.3 pts=14
Step: 2457600 SPS: 2741  ev=0.361  ent=0.541  grad=0.59/0.50  h=5.6 c=40.3  kl=0.0644  vl=0.1616
Step: 2461696 SPS: 2739  ev=0.282  ent=0.484  grad=0.54/0.50  h=4.9 c=16.2  kl=0.0548  vl=0.3437
Step: 2465792 SPS: 2737  ev=0.358  ent=0.487  grad=0.86/0.50  h=5.6 c=37.3  kl=0.0463  vl=0.2744
Step: 2469888 SPS: 2736  ev=0.290  ent=0.495  grad=0.88/0.50  h=4.3 c=9.8  kl=0.0485  vl=0.2757
Step: 2473984 SPS: 2734  ev=0.277  ent=0.501  grad=0.44/0.44  h=5.6 c=34.4  kl=0.0335  vl=0.2113
Step: 2478080 SPS: 2732  ev=0.334  ent=0.513  grad=0.39/0.39  h=6.0 c=46.1  kl=0.0404  vl=0.3446
Step: 2482176 SPS: 2730  ev=0.215  ent=0.478  grad=0.95/0.50  h=5.5 c=31.3  kl=0.0379  vl=0.2904
Step: 2486272 SPS: 2728  ev=0.415  ent=0.483  grad=0.47/0.47  h=6.0 c=44.1  kl=0.0524  vl=0.1981
Step: 2490368 SPS: 2725  ev=0.362  ent=0.489  grad=1.56/0.50  h=5.4 c=26.8  kl=0.0496  vl=0.2709
Step: 2494464 SPS: 2724  ev=0.449  ent=0.514  grad=0.46/0.46  h=5.8 c=42.5  kl=0.0682  vl=0.2128
Step: 2498560 SPS: 2722  ev=0.283  ent=0.489  grad=0.56/0.50  h=5.2 c=22.1  kl=0.0367  vl=0.2975
Step: 2502656 SPS: 2720  ev=0.340  ent=0.486  grad=0.66/0.50  h=5.7 c=41.0  kl=0.0269  vl=0.1441
Step: 2506752 SPS: 2719  ev=0.277  ent=0.475  grad=0.60/0.50  h=5.0 c=16.1  kl=0.0344  vl=0.2550
Step: 2510848 SPS: 2717  ev=0.349  ent=0.462  grad=0.49/0.49  h=5.6 c=39.2  kl=0.0407  vl=0.2210
Step: 2514944 SPS: 2716  ev=0.269  ent=0.460  grad=1.36/0.50  h=4.5 c=10.0  kl=0.0441  vl=0.3096
Step: 2519040 SPS: 2714  ev=0.304  ent=0.501  grad=0.92/0.50  h=5.6 c=35.9  kl=0.0570  vl=0.2046
Step: 2523136 SPS: 2713  ev=0.245  ent=0.468  grad=0.41/0.41  h=6.0 c=46.4  kl=0.0381  vl=0.3113
Step: 2527232 SPS: 2712  ev=0.194  ent=0.468  grad=0.92/0.50  h=5.6 c=31.5  kl=0.0439  vl=0.2911
Step: 2531328 SPS: 2710  ev=0.391  ent=0.489  grad=0.97/0.50  h=5.9 c=46.1  kl=0.0523  vl=0.2302
Step: 2535424 SPS: 2708  ev=0.305  ent=0.464  grad=0.83/0.50  h=5.4 c=27.2  kl=0.0401  vl=0.3004
  vs Random: 100W/0L/0D | score=47.8±29.1 inv=3.1 played=21.8 lanes=5.0 ddraw=30.3 pts=48
  Self-play: 48W/53L/0D | score=11.0±27.0 inv=3.0 played=19.3 lanes=5.0 ddraw=42.0 pts=11
Step: 2539520 SPS: 2704  ev=0.449  ent=0.473  grad=0.70/0.50  h=5.8 c=44.9  kl=0.0472  vl=0.1980
Step: 2543616 SPS: 2702  ev=0.323  ent=0.482  grad=0.47/0.47  h=5.3 c=22.0  kl=0.0515  vl=0.2298
Step: 2547712 SPS: 2699  ev=0.381  ent=0.493  grad=0.39/0.39  h=5.7 c=41.8  kl=0.0337  vl=0.2260
Step: 2551808 SPS: 2697  ev=0.364  ent=0.470  grad=0.45/0.45  h=5.0 c=16.2  kl=0.0578  vl=0.2801
Step: 2555904 SPS: 2695  ev=0.340  ent=0.478  grad=0.49/0.49  h=5.7 c=38.9  kl=0.0339  vl=0.2034
Step: 2560000 SPS: 2691  ev=0.324  ent=0.477  grad=0.45/0.45  h=4.4 c=9.9  kl=0.0433  vl=0.2934
Step: 2564096 SPS: 2688  ev=0.342  ent=0.482  grad=1.40/0.50  h=5.7 c=36.8  kl=0.0462  vl=0.2611
Step: 2568192 SPS: 2686  ev=0.257  ent=0.489  grad=0.60/0.50  h=6.1 c=47.4  kl=0.0451  vl=0.3540
Step: 2572288 SPS: 2683  ev=0.307  ent=0.442  grad=0.57/0.50  h=5.6 c=32.4  kl=0.0419  vl=0.2094
Step: 2576384 SPS: 2681  ev=0.392  ent=0.462  grad=0.78/0.50  h=6.0 c=46.3  kl=0.0679  vl=0.2307
Step: 2580480 SPS: 2678  ev=0.213  ent=0.462  grad=0.39/0.39  h=5.5 c=27.9  kl=0.0586  vl=0.2650
Step: 2584576 SPS: 2676  ev=0.385  ent=0.462  grad=0.44/0.44  h=5.8 c=44.8  kl=0.0402  vl=0.1809
Step: 2588672 SPS: 2673  ev=0.314  ent=0.461  grad=0.54/0.50  h=5.3 c=22.6  kl=0.0238  vl=0.2215
Step: 2592768 SPS: 2672  ev=0.443  ent=0.487  grad=0.59/0.50  h=5.7 c=43.2  kl=0.0364  vl=0.1733
Step: 2596864 SPS: 2670  ev=0.314  ent=0.493  grad=0.65/0.50  h=5.0 c=16.6  kl=0.0298  vl=0.2885
Step: 2600960 SPS: 2667  ev=0.382  ent=0.471  grad=1.07/0.50  h=5.6 c=41.0  kl=0.0362  vl=0.2137
Step: 2605056 SPS: 2665  ev=0.283  ent=0.485  grad=1.14/0.50  h=4.5 c=10.1  kl=0.0424  vl=0.3089
Step: 2609152 SPS: 2663  ev=0.335  ent=0.466  grad=0.72/0.50  h=5.6 c=37.0  kl=0.0428  vl=0.2218
Step: 2613248 SPS: 2661  ev=0.300  ent=0.480  grad=1.42/0.50  h=6.1 c=47.6  kl=0.0424  vl=0.3158
Step: 2617344 SPS: 2659  ev=0.274  ent=0.446  grad=0.71/0.50  h=5.5 c=32.4  kl=0.0458  vl=0.2147
  vs Random: 100W/0L/0D | score=40.2±26.4 inv=2.8 played=21.1 lanes=5.0 ddraw=38.0 pts=40
  Self-play: 46W/53L/1D | score=10.5±27.4 inv=2.8 played=19.0 lanes=5.0 ddraw=52.8 pts=10
Step: 2621440 SPS: 2656  ev=0.352  ent=0.484  grad=1.01/0.50  h=5.9 c=46.5  kl=0.0456  vl=0.2784
Step: 2625536 SPS: 2654  ev=0.283  ent=0.469  grad=0.40/0.40  h=5.5 c=28.2  kl=0.0375  vl=0.2332
Step: 2629632 SPS: 2652  ev=0.370  ent=0.520  grad=0.40/0.40  h=5.8 c=44.8  kl=0.0579  vl=0.2015
Step: 2633728 SPS: 2649  ev=0.303  ent=0.466  grad=0.90/0.50  h=5.3 c=22.5  kl=0.0412  vl=0.2646
Step: 2637824 SPS: 2647  ev=0.379  ent=0.468  grad=0.78/0.50  h=5.7 c=43.3  kl=0.0534  vl=0.1929
Step: 2641920 SPS: 2645  ev=0.430  ent=0.487  grad=0.54/0.50  h=4.9 c=16.5  kl=0.0503  vl=0.2588
Step: 2646016 SPS: 2642  ev=0.379  ent=0.455  grad=0.93/0.50  h=5.6 c=40.6  kl=0.0600  vl=0.2724
Step: 2650112 SPS: 2640  ev=0.335  ent=0.493  grad=1.24/0.50  h=4.3 c=9.9  kl=0.0447  vl=0.2637
Step: 2654208 SPS: 2638  ev=0.278  ent=0.472  grad=0.49/0.49  h=5.6 c=36.7  kl=0.0648  vl=0.2891
Step: 2658304 SPS: 2635  ev=0.323  ent=0.493  grad=1.64/0.50  h=6.0 c=47.5  kl=0.0478  vl=0.2927
Step: 2662400 SPS: 2633  ev=0.324  ent=0.467  grad=0.57/0.50  h=5.5 c=32.3  kl=0.0507  vl=0.2367
Step: 2666496 SPS: 2631  ev=0.404  ent=0.501  grad=0.81/0.50  h=5.9 c=46.1  kl=0.0724  vl=0.2608
Step: 2670592 SPS: 2629  ev=0.421  ent=0.481  grad=1.11/0.50  h=5.4 c=27.4  kl=0.0456  vl=0.2393
Step: 2674688 SPS: 2627  ev=0.394  ent=0.459  grad=0.47/0.47  h=5.9 c=44.2  kl=0.0442  vl=0.2269
Step: 2678784 SPS: 2624  ev=0.405  ent=0.467  grad=0.57/0.50  h=5.2 c=22.3  kl=0.0501  vl=0.2124
Step: 2682880 SPS: 2623  ev=0.383  ent=0.469  grad=0.50/0.50  h=5.7 c=42.2  kl=0.0462  vl=0.1910
Step: 2686976 SPS: 2620  ev=0.294  ent=0.452  grad=0.57/0.50  h=4.9 c=16.4  kl=0.0295  vl=0.2854
Step: 2691072 SPS: 2619  ev=0.419  ent=0.464  grad=1.02/0.50  h=5.6 c=38.8  kl=0.0353  vl=0.1886
Step: 2695168 SPS: 2616  ev=0.356  ent=0.445  grad=0.64/0.50  h=4.4 c=10.0  kl=0.0334  vl=0.3203
Step: 2699264 SPS: 2613  ev=0.330  ent=0.469  grad=0.58/0.50  h=5.6 c=35.7  kl=0.0408  vl=0.1955
  vs Random: 100W/0L/0D | score=41.0±25.6 inv=2.7 played=21.3 lanes=5.0 ddraw=39.9 pts=41
  Self-play: 51W/49L/0D | score=12.4±32.1 inv=2.8 played=18.7 lanes=5.0 ddraw=72.4 pts=12
Step: 2703360 SPS: 2610  ev=0.359  ent=0.502  grad=0.45/0.45  h=6.0 c=46.7  kl=0.0323  vl=0.2686
Step: 2707456 SPS: 2608  ev=0.361  ent=0.505  grad=1.09/0.50  h=5.5 c=31.5  kl=0.0504  vl=0.2022
Step: 2711552 SPS: 2606  ev=0.388  ent=0.474  grad=0.91/0.50  h=5.9 c=45.1  kl=0.0630  vl=0.2977
Step: 2715648 SPS: 2603  ev=0.311  ent=0.488  grad=0.45/0.45  h=5.3 c=26.7  kl=0.0421  vl=0.2640
Step: 2719744 SPS: 2602  ev=0.397  ent=0.483  grad=0.69/0.50  h=5.8 c=44.7  kl=0.0566  vl=0.2638
Step: 2723840 SPS: 2600  ev=0.351  ent=0.495  grad=0.82/0.50  h=5.2 c=21.9  kl=0.0416  vl=0.2513
Step: 2727936 SPS: 2599  ev=0.367  ent=0.455  grad=0.72/0.50  h=5.7 c=42.8  kl=0.0385  vl=0.1795
Step: 2732032 SPS: 2597  ev=0.338  ent=0.476  grad=0.47/0.47  h=4.9 c=16.5  kl=0.0344  vl=0.2563
Step: 2736128 SPS: 2596  ev=0.299  ent=0.497  grad=0.70/0.50  h=5.8 c=39.7  kl=0.0357  vl=0.3025
Step: 2740224 SPS: 2595  ev=0.366  ent=0.512  grad=2.12/0.50  h=4.4 c=10.0  kl=0.0480  vl=0.3199
Step: 2744320 SPS: 2594  ev=0.307  ent=0.467  grad=0.90/0.50  h=5.6 c=35.8  kl=0.0439  vl=0.2690
Step: 2748416 SPS: 2593  ev=0.343  ent=0.482  grad=0.71/0.50  h=5.9 c=48.0  kl=0.0384  vl=0.2740
Step: 2752512 SPS: 2592  ev=0.310  ent=0.463  grad=0.67/0.50  h=5.5 c=32.2  kl=0.0316  vl=0.2449
Step: 2756608 SPS: 2592  ev=0.406  ent=0.461  grad=0.92/0.50  h=5.9 c=47.0  kl=0.0672  vl=0.2296
Step: 2760704 SPS: 2590  ev=0.290  ent=0.453  grad=0.89/0.50  h=5.4 c=27.5  kl=0.0621  vl=0.2729
Step: 2764800 SPS: 2590  ev=0.368  ent=0.445  grad=0.53/0.50  h=5.8 c=45.7  kl=0.0604  vl=0.1479
Step: 2768896 SPS: 2589  ev=0.341  ent=0.453  grad=1.02/0.50  h=5.2 c=22.8  kl=0.0410  vl=0.2272
Step: 2772992 SPS: 2588  ev=0.329  ent=0.473  grad=0.61/0.50  h=5.7 c=44.4  kl=0.0563  vl=0.2637
Step: 2777088 SPS: 2587  ev=0.372  ent=0.466  grad=0.94/0.50  h=5.0 c=16.9  kl=0.0488  vl=0.2732
Step: 2781184 SPS: 2586  ev=0.429  ent=0.469  grad=0.61/0.50  h=5.7 c=41.4  kl=0.0371  vl=0.1631
  vs Random: 100W/1L/0D | score=45.7±28.1 inv=3.0 played=21.7 lanes=5.0 ddraw=34.0 pts=46
  Self-play: 44W/56L/0D | score=11.6±30.0 inv=2.9 played=18.8 lanes=5.0 ddraw=46.4 pts=12
Step: 2785280 SPS: 2585  ev=0.411  ent=0.477  grad=0.82/0.50  h=4.4 c=10.2  kl=0.0357  vl=0.2148
Step: 2789376 SPS: 2582  ev=0.363  ent=0.500  grad=0.50/0.50  h=5.7 c=37.4  kl=0.0363  vl=0.2405
Step: 2793472 SPS: 2580  ev=0.349  ent=0.441  grad=0.54/0.50  h=6.1 c=48.4  kl=0.0482  vl=0.2928
Step: 2797568 SPS: 2577  ev=0.301  ent=0.473  grad=0.89/0.50  h=5.7 c=32.9  kl=0.0546  vl=0.2741
Step: 2801664 SPS: 2574  ev=0.388  ent=0.479  grad=0.47/0.47  h=5.9 c=46.9  kl=0.0391  vl=0.2225
Step: 2805760 SPS: 2572  ev=0.278  ent=0.453  grad=0.91/0.50  h=5.6 c=28.0  kl=0.0504  vl=0.2744
Step: 2809856 SPS: 2569  ev=0.364  ent=0.463  grad=0.57/0.50  h=5.9 c=46.0  kl=0.0487  vl=0.2038
Step: 2813952 SPS: 2566  ev=0.369  ent=0.455  grad=0.84/0.50  h=5.4 c=22.8  kl=0.0651  vl=0.2731
Step: 2818048 SPS: 2562  ev=0.376  ent=0.483  grad=0.50/0.50  h=5.9 c=43.3  kl=0.0579  vl=0.2011
Step: 2822144 SPS: 2559  ev=0.323  ent=0.467  grad=1.12/0.50  h=5.1 c=16.7  kl=0.0410  vl=0.2842
Step: 2826240 SPS: 2556  ev=0.345  ent=0.477  grad=0.45/0.45  h=5.8 c=40.2  kl=0.0628  vl=0.2050
Step: 2830336 SPS: 2552  ev=0.356  ent=0.449  grad=0.57/0.50  h=4.4 c=10.3  kl=0.0359  vl=0.2755
Step: 2834432 SPS: 2549  ev=0.243  ent=0.451  grad=0.62/0.50  h=5.8 c=37.6  kl=0.0364  vl=0.2607
Step: 2838528 SPS: 2546  ev=0.294  ent=0.465  grad=1.41/0.50  h=6.1 c=49.3  kl=0.0581  vl=0.3059
Step: 2842624 SPS: 2544  ev=0.261  ent=0.440  grad=0.74/0.50  h=5.6 c=32.9  kl=0.0462  vl=0.2893
Step: 2846720 SPS: 2542  ev=0.507  ent=0.478  grad=0.56/0.50  h=6.0 c=46.7  kl=0.0483  vl=0.1676
Step: 2850816 SPS: 2539  ev=0.225  ent=0.470  grad=0.82/0.50  h=5.5 c=28.1  kl=0.0409  vl=0.2901
Step: 2854912 SPS: 2536  ev=0.339  ent=0.444  grad=0.56/0.50  h=5.9 c=43.9  kl=0.0547  vl=0.2198
Step: 2859008 SPS: 2534  ev=0.300  ent=0.427  grad=1.06/0.50  h=5.2 c=22.6  kl=0.0350  vl=0.2751
Step: 2863104 SPS: 2531  ev=0.377  ent=0.433  grad=0.53/0.50  h=5.8 c=42.3  kl=0.0395  vl=0.2014
  vs Random: 100W/0L/0D | score=46.3±29.9 inv=2.8 played=21.9 lanes=5.0 ddraw=32.1 pts=46
  Self-play: 42W/58L/0D | score=13.4±29.1 inv=2.9 played=19.4 lanes=5.0 ddraw=33.4 pts=13
Step: 2867200 SPS: 2528  ev=0.325  ent=0.438  grad=0.59/0.50  h=4.9 c=16.8  kl=0.0414  vl=0.3233
Step: 2871296 SPS: 2525  ev=0.379  ent=0.436  grad=0.59/0.50  h=5.7 c=40.0  kl=0.0405  vl=0.1575
Step: 2875392 SPS: 2523  ev=0.297  ent=0.433  grad=0.62/0.50  h=4.3 c=10.1  kl=0.0410  vl=0.2626
Step: 2879488 SPS: 2520  ev=0.301  ent=0.441  grad=0.49/0.49  h=5.6 c=36.8  kl=0.0492  vl=0.2596
Step: 2883584 SPS: 2517  ev=0.314  ent=0.460  grad=1.13/0.50  h=6.0 c=48.2  kl=0.0363  vl=0.2989
Step: 2887680 SPS: 2515  ev=0.229  ent=0.436  grad=0.52/0.50  h=5.5 c=32.6  kl=0.0372  vl=0.2699
Step: 2891776 SPS: 2514  ev=0.365  ent=0.449  grad=0.46/0.46  h=5.9 c=46.3  kl=0.0423  vl=0.2068
Step: 2895872 SPS: 2513  ev=0.323  ent=0.447  grad=1.30/0.50  h=5.4 c=27.9  kl=0.0434  vl=0.2510
Step: 2899968 SPS: 2512  ev=0.336  ent=0.469  grad=0.44/0.44  h=5.8 c=45.2  kl=0.0607  vl=0.2413
Step: 2904064 SPS: 2511  ev=0.342  ent=0.471  grad=0.53/0.50  h=5.2 c=22.5  kl=0.0481  vl=0.3069
Step: 2908160 SPS: 2510  ev=0.333  ent=0.467  grad=0.69/0.50  h=5.8 c=43.2  kl=0.0571  vl=0.2079
Step: 2912256 SPS: 2509  ev=0.302  ent=0.457  grad=0.57/0.50  h=4.9 c=16.6  kl=0.0461  vl=0.2740
Step: 2916352 SPS: 2508  ev=0.455  ent=0.427  grad=0.84/0.50  h=5.7 c=40.9  kl=0.0565  vl=0.1640
Step: 2920448 SPS: 2507  ev=0.349  ent=0.453  grad=0.64/0.50  h=4.3 c=10.2  kl=0.0423  vl=0.3513
Step: 2924544 SPS: 2506  ev=0.317  ent=0.437  grad=1.50/0.50  h=5.7 c=37.3  kl=0.0473  vl=0.2607
Step: 2928640 SPS: 2505  ev=0.355  ent=0.488  grad=1.52/0.50  h=6.0 c=47.1  kl=0.0387  vl=0.3482
Step: 2932736 SPS: 2504  ev=0.308  ent=0.440  grad=0.46/0.46  h=5.6 c=32.4  kl=0.0519  vl=0.2852
Step: 2936832 SPS: 2503  ev=0.441  ent=0.448  grad=1.03/0.50  h=6.0 c=46.1  kl=0.0344  vl=0.1968
Step: 2940928 SPS: 2502  ev=0.288  ent=0.457  grad=0.46/0.46  h=5.5 c=28.1  kl=0.0387  vl=0.2510
