[lr1e4] lr=1e-4 gpu=0 start 2026-06-06 11:44:08
wandb: [wandb.login()] Loaded credentials for https://api.wandb.ai from /home/zzhang18/.netrc.
wandb: Currently logged in as: nchen3 (ningcong-chen) to https://api.wandb.ai. Use `wandb login --relogin` to force relogin
wandb: Tracking run with wandb version 0.25.1
wandb: Run data is saved locally in /home/zzhang18/nchen3/eco/wandb/run-20260606_114411-u8fdcxb5
wandb: Run `wandb offline` to turn off syncing.
wandb: Syncing run lc__lc_ppo_fixedlr_lr1e4__1__1780760651
wandb: ⭐️ View project at https://wandb.ai/ningcong-chen/ppo-eco
wandb: 🚀 View run at https://wandb.ai/ningcong-chen/ppo-eco/runs/u8fdcxb5
Agent params: 2,243,161
Loaded pretrained model from model/lc_ppo_from_dense_scorediff/pretrained.pkt
Step: 4096 SPS: 2871  ev=-0.181  ent=1.103  grad=1.15/0.50  h=4.4 c=8.6  kl=0.0580  vl=14.9162
Step: 8192 SPS: 3224  ev=-10.273  ent=1.303  grad=0.07/0.07  h=5.5 c=10.8  kl=0.1378  vl=12.6157
Step: 12288 SPS: 3327  ev=-0.204  ent=1.099  grad=2.01/0.50  h=4.4 c=8.8  kl=0.0382  vl=5.9470
Step: 16384 SPS: 3407  ev=-6.576  ent=1.348  grad=0.05/0.05  h=5.8 c=12.4  kl=0.1079  vl=5.1233
Step: 20480 SPS: 3434  ev=-0.353  ent=1.167  grad=2.47/0.50  h=4.5 c=9.0  kl=0.0124  vl=3.0744
Step: 24576 SPS: 3404  ev=-3.903  ent=1.330  grad=0.19/0.19  h=6.1 c=13.7  kl=0.0676  vl=2.5716
Step: 28672 SPS: 3315  ev=-0.113  ent=1.187  grad=2.46/0.50  h=4.7 c=9.0  kl=0.0081  vl=1.0018
Step: 32768 SPS: 3198  ev=-0.706  ent=1.297  grad=0.24/0.24  h=6.2 c=14.4  kl=0.0326  vl=0.7332
Step: 36864 SPS: 3069  ev=-0.061  ent=1.305  grad=0.99/0.50  h=4.3 c=7.2  kl=0.0085  vl=0.5607
Step: 40960 SPS: 2997  ev=-0.173  ent=1.331  grad=0.71/0.50  h=6.2 c=14.7  kl=0.0325  vl=0.4764
Step: 45056 SPS: 2903  ev=0.158  ent=1.300  grad=0.36/0.36  h=6.6 c=16.9  kl=0.0143  vl=0.3703
Step: 49152 SPS: 2849  ev=0.207  ent=1.322  grad=0.41/0.41  h=6.2 c=15.0  kl=0.0049  vl=0.3643
Step: 53248 SPS: 2812  ev=0.172  ent=1.285  grad=1.16/0.50  h=6.5 c=16.4  kl=0.0037  vl=0.2610
Step: 57344 SPS: 2792  ev=0.290  ent=1.318  grad=0.58/0.50  h=6.2 c=14.9  kl=0.0085  vl=0.2658
Step: 61440 SPS: 2787  ev=0.431  ent=1.302  grad=0.58/0.50  h=6.4 c=16.7  kl=0.0081  vl=0.1037
Step: 65536 SPS: 2760  ev=0.278  ent=1.278  grad=2.13/0.50  h=6.3 c=14.3  kl=0.0051  vl=0.2648
Step: 69632 SPS: 2732  ev=0.353  ent=1.334  grad=0.24/0.24  h=6.5 c=17.3  kl=0.0042  vl=0.1599
Step: 73728 SPS: 2700  ev=0.308  ent=1.177  grad=1.97/0.50  h=6.1 c=12.4  kl=0.0095  vl=0.2875
Step: 77824 SPS: 2673  ev=0.320  ent=1.291  grad=0.94/0.50  h=6.6 c=17.2  kl=0.0043  vl=0.2239
  vs Random: 96W/4L/0D | score=30.9±33.1 inv=3.9 played=19.9 lanes=5.0 ddraw=41.0 pts=31
  Self-play: 55W/45L/0D | score=-3.1±32.4 inv=3.1 played=17.0 lanes=5.0 ddraw=45.3 pts=-3
Step: 81920 SPS: 2639  ev=0.351  ent=1.244  grad=1.58/0.50  h=5.1 c=8.5  kl=0.0011  vl=0.3149
Step: 86016 SPS: 2611  ev=0.335  ent=1.306  grad=2.43/0.50  h=6.6 c=17.3  kl=0.0024  vl=0.2530
Step: 90112 SPS: 2579  ev=0.351  ent=1.257  grad=2.14/0.50  h=6.7 c=18.8  kl=0.0041  vl=0.3080
Step: 94208 SPS: 2560  ev=0.323  ent=1.294  grad=1.20/0.50  h=6.6 c=17.0  kl=0.0059  vl=0.2301
Step: 98304 SPS: 2560  ev=0.448  ent=1.297  grad=0.89/0.50  h=6.7 c=19.1  kl=0.0040  vl=0.1715
Step: 102400 SPS: 2559  ev=0.302  ent=1.250  grad=1.02/0.50  h=6.5 c=16.3  kl=0.0225  vl=0.2532
Step: 106496 SPS: 2564  ev=0.385  ent=1.277  grad=1.04/0.50  h=6.5 c=18.8  kl=0.0225  vl=0.2155
Step: 110592 SPS: 2574  ev=0.416  ent=1.223  grad=1.04/0.50  h=6.4 c=14.9  kl=0.0244  vl=0.2801
Step: 114688 SPS: 2577  ev=0.452  ent=1.312  grad=0.89/0.50  h=6.5 c=18.6  kl=0.0188  vl=0.2099
Step: 118784 SPS: 2576  ev=0.420  ent=1.249  grad=1.40/0.50  h=6.1 c=12.7  kl=0.0148  vl=0.2133
Step: 122880 SPS: 2579  ev=0.358  ent=1.294  grad=1.17/0.50  h=6.5 c=18.9  kl=0.0236  vl=0.2340
Step: 126976 SPS: 2576  ev=0.373  ent=1.193  grad=0.88/0.50  h=5.1 c=8.6  kl=0.0123  vl=0.2747
Step: 131072 SPS: 2580  ev=0.288  ent=1.194  grad=1.69/0.50  h=6.5 c=18.4  kl=0.0234  vl=0.2241
Step: 135168 SPS: 2570  ev=0.299  ent=1.211  grad=1.63/0.50  h=6.6 c=20.3  kl=0.0154  vl=0.3216
Step: 139264 SPS: 2560  ev=0.260  ent=1.265  grad=1.12/0.50  h=6.5 c=17.7  kl=0.0212  vl=0.2506
Step: 143360 SPS: 2547  ev=0.392  ent=1.228  grad=1.17/0.50  h=6.5 c=19.9  kl=0.0151  vl=0.1963
Step: 147456 SPS: 2532  ev=0.197  ent=1.238  grad=2.30/0.50  h=6.5 c=16.7  kl=0.0160  vl=0.3055
Step: 151552 SPS: 2531  ev=0.382  ent=1.254  grad=0.95/0.50  h=6.5 c=19.1  kl=0.0193  vl=0.1858
Step: 155648 SPS: 2533  ev=0.361  ent=1.189  grad=0.97/0.50  h=6.4 c=15.1  kl=0.0184  vl=0.2608
Step: 159744 SPS: 2535  ev=0.341  ent=1.191  grad=1.04/0.50  h=6.4 c=18.7  kl=0.0152  vl=0.2124
  vs Random: 99W/0L/1D | score=38.8±31.3 inv=3.3 played=19.9 lanes=5.0 ddraw=23.6 pts=39
  Self-play: 48W/52L/0D | score=-4.6±23.9 inv=2.4 played=15.9 lanes=5.0 ddraw=16.9 pts=-5
Step: 163840 SPS: 2533  ev=0.303  ent=1.209  grad=1.31/0.50  h=6.1 c=12.8  kl=0.0208  vl=0.2611
Step: 167936 SPS: 2522  ev=0.368  ent=1.202  grad=1.02/0.50  h=6.4 c=18.8  kl=0.0160  vl=0.2243
Step: 172032 SPS: 2508  ev=0.324  ent=1.149  grad=0.99/0.50  h=5.0 c=8.4  kl=0.0217  vl=0.2922
Step: 176128 SPS: 2511  ev=0.281  ent=1.183  grad=1.26/0.50  h=6.4 c=18.6  kl=0.0178  vl=0.2427
Step: 180224 SPS: 2508  ev=0.302  ent=1.148  grad=2.27/0.50  h=6.5 c=19.8  kl=0.0185  vl=0.3707
Step: 184320 SPS: 2508  ev=0.314  ent=1.097  grad=1.31/0.50  h=6.4 c=17.9  kl=0.0181  vl=0.2674
Step: 188416 SPS: 2506  ev=0.349  ent=1.122  grad=0.93/0.50  h=6.5 c=20.1  kl=0.0149  vl=0.1874
Step: 192512 SPS: 2502  ev=0.305  ent=1.125  grad=2.58/0.50  h=6.4 c=16.7  kl=0.0175  vl=0.2716
Step: 196608 SPS: 2497  ev=0.382  ent=1.118  grad=1.28/0.50  h=6.4 c=19.5  kl=0.0176  vl=0.2600
Step: 200704 SPS: 2494  ev=0.334  ent=1.060  grad=0.89/0.50  h=6.2 c=14.6  kl=0.0181  vl=0.3015
Step: 204800 SPS: 2490  ev=0.301  ent=1.165  grad=1.05/0.50  h=6.5 c=19.6  kl=0.0190  vl=0.3142
Step: 208896 SPS: 2487  ev=0.307  ent=1.041  grad=1.70/0.50  h=5.9 c=12.4  kl=0.0138  vl=0.2995
Step: 212992 SPS: 2484  ev=0.371  ent=1.150  grad=2.12/0.50  h=6.4 c=19.4  kl=0.0169  vl=0.2330
Step: 217088 SPS: 2483  ev=0.298  ent=1.084  grad=0.90/0.50  h=4.9 c=8.2  kl=0.0201  vl=0.2792
Step: 221184 SPS: 2485  ev=0.200  ent=1.081  grad=1.45/0.50  h=6.4 c=19.2  kl=0.0176  vl=0.2686
Step: 225280 SPS: 2487  ev=0.340  ent=1.020  grad=1.04/0.50  h=6.5 c=19.6  kl=0.0125  vl=0.2819
Step: 229376 SPS: 2489  ev=0.268  ent=1.082  grad=2.37/0.50  h=6.5 c=18.7  kl=0.0179  vl=0.3021
Step: 233472 SPS: 2486  ev=0.401  ent=1.109  grad=2.13/0.50  h=6.5 c=19.8  kl=0.0173  vl=0.1797
Step: 237568 SPS: 2482  ev=0.256  ent=1.054  grad=1.18/0.50  h=6.4 c=17.2  kl=0.0171  vl=0.3138
Step: 241664 SPS: 2486  ev=0.436  ent=1.009  grad=1.38/0.50  h=6.4 c=19.7  kl=0.0181  vl=0.1818
  vs Random: 99W/1L/0D | score=40.5±29.1 inv=3.1 played=20.2 lanes=5.0 ddraw=25.0 pts=41
  Self-play: 43W/57L/0D | score=-0.3±24.1 inv=2.3 played=16.3 lanes=5.0 ddraw=19.9 pts=-0
Step: 245760 SPS: 2482  ev=0.327  ent=1.042  grad=1.45/0.50  h=6.2 c=15.1  kl=0.0179  vl=0.3093
Step: 249856 SPS: 2482  ev=0.443  ent=1.041  grad=0.99/0.50  h=6.4 c=19.8  kl=0.0252  vl=0.1974
Step: 253952 SPS: 2481  ev=0.332  ent=0.940  grad=1.19/0.50  h=5.9 c=12.5  kl=0.0187  vl=0.2615
Step: 258048 SPS: 2478  ev=0.315  ent=1.018  grad=1.89/0.50  h=6.4 c=19.6  kl=0.0138  vl=0.2404
Step: 262144 SPS: 2475  ev=0.325  ent=0.999  grad=0.87/0.50  h=4.9 c=8.4  kl=0.0153  vl=0.3183
Step: 266240 SPS: 2478  ev=0.228  ent=1.011  grad=1.92/0.50  h=6.5 c=19.8  kl=0.0175  vl=0.2665
Step: 270336 SPS: 2479  ev=0.308  ent=1.060  grad=1.13/0.50  h=6.4 c=20.1  kl=0.0168  vl=0.3043
Step: 274432 SPS: 2478  ev=0.267  ent=1.049  grad=1.42/0.50  h=6.4 c=19.2  kl=0.0267  vl=0.2732
Step: 278528 SPS: 2476  ev=0.441  ent=1.049  grad=1.23/0.50  h=6.4 c=20.7  kl=0.0157  vl=0.1756
Step: 282624 SPS: 2474  ev=0.312  ent=1.049  grad=1.46/0.50  h=6.3 c=17.6  kl=0.0169  vl=0.2755
Step: 286720 SPS: 2472  ev=0.379  ent=1.106  grad=0.87/0.50  h=6.3 c=21.2  kl=0.0191  vl=0.1940
Step: 290816 SPS: 2471  ev=0.332  ent=1.036  grad=2.91/0.50  h=6.2 c=15.6  kl=0.0170  vl=0.2801
Step: 294912 SPS: 2467  ev=0.400  ent=1.036  grad=1.26/0.50  h=6.4 c=20.9  kl=0.0198  vl=0.1820
Step: 299008 SPS: 2463  ev=0.259  ent=1.051  grad=1.25/0.50  h=5.8 c=12.5  kl=0.0159  vl=0.3591
Step: 303104 SPS: 2461  ev=0.319  ent=1.101  grad=1.14/0.50  h=6.4 c=20.6  kl=0.0152  vl=0.2266
Step: 307200 SPS: 2456  ev=0.352  ent=1.019  grad=1.10/0.50  h=4.9 c=8.4  kl=0.0152  vl=0.2602
Step: 311296 SPS: 2453  ev=0.339  ent=0.996  grad=1.20/0.50  h=6.4 c=20.1  kl=0.0172  vl=0.2007
Step: 315392 SPS: 2453  ev=0.325  ent=0.988  grad=2.34/0.50  h=6.4 c=21.4  kl=0.0171  vl=0.2835
Step: 319488 SPS: 2456  ev=0.300  ent=1.024  grad=1.33/0.50  h=6.4 c=18.8  kl=0.0155  vl=0.2501
Step: 323584 SPS: 2456  ev=0.369  ent=0.962  grad=0.94/0.50  h=6.4 c=21.0  kl=0.0144  vl=0.1683
  vs Random: 100W/0L/0D | score=45.6±29.5 inv=3.3 played=20.8 lanes=5.0 ddraw=22.8 pts=46
  Self-play: 43W/57L/1D | score=4.0±31.3 inv=2.6 played=17.0 lanes=4.9 ddraw=17.4 pts=4
Step: 327680 SPS: 2458  ev=0.293  ent=0.988  grad=0.99/0.50  h=6.3 c=17.2  kl=0.0166  vl=0.2761
Step: 331776 SPS: 2456  ev=0.378  ent=1.024  grad=0.88/0.50  h=6.4 c=21.5  kl=0.0174  vl=0.1886
Step: 335872 SPS: 2451  ev=0.339  ent=0.965  grad=0.95/0.50  h=6.2 c=15.3  kl=0.0170  vl=0.2690
Step: 339968 SPS: 2449  ev=0.343  ent=1.004  grad=0.86/0.50  h=6.4 c=21.5  kl=0.0159  vl=0.2213
Step: 344064 SPS: 2448  ev=0.259  ent=1.016  grad=1.11/0.50  h=5.9 c=12.7  kl=0.0158  vl=0.2926
Step: 348160 SPS: 2448  ev=0.319  ent=1.061  grad=1.59/0.50  h=6.4 c=21.3  kl=0.0168  vl=0.2191
Step: 352256 SPS: 2448  ev=0.330  ent=0.988  grad=2.06/0.50  h=5.0 c=8.5  kl=0.0131  vl=0.3409
Step: 356352 SPS: 2447  ev=0.320  ent=1.006  grad=1.33/0.50  h=6.5 c=20.4  kl=0.0234  vl=0.2165
Step: 360448 SPS: 2448  ev=0.349  ent=1.036  grad=2.11/0.50  h=6.5 c=21.8  kl=0.0130  vl=0.3215
Step: 364544 SPS: 2446  ev=0.253  ent=0.936  grad=1.02/0.50  h=6.3 c=18.9  kl=0.0178  vl=0.2705
Step: 368640 SPS: 2445  ev=0.416  ent=1.002  grad=1.12/0.50  h=6.3 c=21.4  kl=0.0178  vl=0.1735
Step: 372736 SPS: 2441  ev=0.363  ent=0.928  grad=0.94/0.50  h=6.2 c=17.2  kl=0.0165  vl=0.2120
Step: 376832 SPS: 2440  ev=0.385  ent=0.961  grad=1.04/0.50  h=6.3 c=22.0  kl=0.0193  vl=0.2577
Step: 380928 SPS: 2440  ev=0.326  ent=0.977  grad=1.74/0.50  h=6.1 c=15.4  kl=0.0153  vl=0.3173
Step: 385024 SPS: 2440  ev=0.367  ent=0.972  grad=1.83/0.50  h=6.3 c=21.4  kl=0.0192  vl=0.2284
Step: 389120 SPS: 2436  ev=0.314  ent=0.964  grad=0.77/0.50  h=5.9 c=12.7  kl=0.0180  vl=0.2910
Step: 393216 SPS: 2435  ev=0.348  ent=0.971  grad=0.64/0.50  h=6.4 c=20.8  kl=0.0180  vl=0.2554
Step: 397312 SPS: 2432  ev=0.311  ent=0.916  grad=1.89/0.50  h=5.0 c=8.5  kl=0.0158  vl=0.3265
Step: 401408 SPS: 2429  ev=0.328  ent=0.960  grad=1.36/0.50  h=6.4 c=20.2  kl=0.0194  vl=0.2161
Step: 405504 SPS: 2425  ev=0.277  ent=0.956  grad=2.32/0.50  h=6.5 c=22.3  kl=0.0156  vl=0.4187
  vs Random: 100W/0L/0D | score=40.0±28.8 inv=3.0 played=20.3 lanes=5.0 ddraw=32.6 pts=40
  Self-play: 50W/49L/1D | score=4.2±26.5 inv=2.5 played=17.1 lanes=4.9 ddraw=17.4 pts=4
Step: 409600 SPS: 2422  ev=0.265  ent=0.931  grad=0.93/0.50  h=6.3 c=19.1  kl=0.0156  vl=0.2621
Step: 413696 SPS: 2430  ev=0.424  ent=0.958  grad=2.38/0.50  h=6.5 c=22.1  kl=0.0167  vl=0.2221
Step: 417792 SPS: 2434  ev=0.313  ent=0.989  grad=2.45/0.50  h=6.3 c=17.4  kl=0.0154  vl=0.2193
Step: 421888 SPS: 2439  ev=0.359  ent=0.949  grad=1.45/0.50  h=6.4 c=21.5  kl=0.0207  vl=0.2003
Step: 425984 SPS: 2445  ev=0.293  ent=0.955  grad=1.28/0.50  h=6.1 c=15.3  kl=0.0141  vl=0.2662
Step: 430080 SPS: 2450  ev=0.331  ent=0.956  grad=0.84/0.50  h=6.4 c=21.8  kl=0.0202  vl=0.2084
Step: 434176 SPS: 2452  ev=0.255  ent=0.955  grad=1.18/0.50  h=5.8 c=12.6  kl=0.0162  vl=0.3098
Step: 438272 SPS: 2457  ev=0.324  ent=0.946  grad=0.81/0.50  h=6.4 c=21.3  kl=0.0137  vl=0.2374
Step: 442368 SPS: 2461  ev=0.310  ent=0.909  grad=0.89/0.50  h=5.0 c=8.5  kl=0.0113  vl=0.2858
Step: 446464 SPS: 2466  ev=0.372  ent=0.986  grad=1.32/0.50  h=6.4 c=20.7  kl=0.0182  vl=0.2163
Step: 450560 SPS: 2472  ev=0.356  ent=0.959  grad=1.07/0.50  h=6.5 c=24.6  kl=0.0143  vl=0.3123
Step: 454656 SPS: 2478  ev=0.343  ent=0.920  grad=0.79/0.50  h=6.3 c=19.0  kl=0.0140  vl=0.2184
Step: 458752 SPS: 2483  ev=0.411  ent=0.960  grad=0.88/0.50  h=6.5 c=23.3  kl=0.0172  vl=0.2516
Step: 462848 SPS: 2486  ev=0.263  ent=0.916  grad=1.35/0.50  h=6.2 c=17.2  kl=0.0150  vl=0.2536
Step: 466944 SPS: 2489  ev=0.292  ent=0.931  grad=0.85/0.50  h=6.3 c=22.3  kl=0.0128  vl=0.1730
Step: 471040 SPS: 2491  ev=0.321  ent=0.936  grad=0.85/0.50  h=6.1 c=15.5  kl=0.0198  vl=0.2877
Step: 475136 SPS: 2494  ev=0.315  ent=0.879  grad=1.25/0.50  h=6.4 c=21.7  kl=0.0201  vl=0.2225
Step: 479232 SPS: 2496  ev=0.349  ent=0.893  grad=0.82/0.50  h=5.8 c=12.6  kl=0.0256  vl=0.2565
Step: 483328 SPS: 2497  ev=0.292  ent=0.923  grad=1.05/0.50  h=6.3 c=21.3  kl=0.0154  vl=0.2422
Step: 487424 SPS: 2499  ev=0.314  ent=0.910  grad=1.00/0.50  h=4.9 c=8.5  kl=0.0160  vl=0.3104
  vs Random: 100W/0L/0D | score=47.7±28.6 inv=2.8 played=21.0 lanes=5.0 ddraw=30.3 pts=48
  Self-play: 44W/54L/2D | score=4.2±26.4 inv=2.1 played=16.8 lanes=4.9 ddraw=15.4 pts=4
Step: 491520 SPS: 2501  ev=0.319  ent=0.879  grad=0.87/0.50  h=6.3 c=19.6  kl=0.0196  vl=0.2610
Step: 495616 SPS: 2498  ev=0.393  ent=0.939  grad=0.94/0.50  h=6.4 c=22.9  kl=0.0140  vl=0.3246
Step: 499712 SPS: 2495  ev=0.255  ent=0.882  grad=2.59/0.50  h=6.2 c=18.2  kl=0.0143  vl=0.2698
Step: 503808 SPS: 2493  ev=0.377  ent=0.915  grad=0.86/0.50  h=6.3 c=21.9  kl=0.0161  vl=0.2084
Step: 507904 SPS: 2491  ev=0.266  ent=0.899  grad=1.24/0.50  h=6.2 c=17.0  kl=0.0162  vl=0.2741
Step: 512000 SPS: 2491  ev=0.357  ent=0.896  grad=1.39/0.50  h=6.2 c=21.7  kl=0.0161  vl=0.2195
Step: 516096 SPS: 2492  ev=0.318  ent=0.876  grad=1.44/0.50  h=6.0 c=15.2  kl=0.0113  vl=0.2806
Step: 520192 SPS: 2492  ev=0.377  ent=0.931  grad=0.85/0.50  h=6.2 c=21.2  kl=0.0167  vl=0.2084
Step: 524288 SPS: 2493  ev=0.174  ent=0.888  grad=1.77/0.50  h=5.7 c=12.4  kl=0.0119  vl=0.3043
Step: 528384 SPS: 2493  ev=0.345  ent=0.885  grad=1.71/0.50  h=6.2 c=20.3  kl=0.0155  vl=0.2085
Step: 532480 SPS: 2490  ev=0.239  ent=0.916  grad=0.92/0.50  h=4.9 c=8.5  kl=0.0140  vl=0.3235
Step: 536576 SPS: 2486  ev=0.356  ent=0.889  grad=3.08/0.50  h=6.2 c=19.7  kl=0.0153  vl=0.2075
Step: 540672 SPS: 2482  ev=0.290  ent=0.906  grad=0.96/0.50  h=6.4 c=22.3  kl=0.0123  vl=0.3736
Step: 544768 SPS: 2477  ev=0.262  ent=0.855  grad=1.67/0.50  h=6.2 c=18.7  kl=0.0131  vl=0.2254
Step: 548864 SPS: 2476  ev=0.318  ent=0.907  grad=1.17/0.50  h=6.3 c=21.7  kl=0.0180  vl=0.2288
Step: 552960 SPS: 2477  ev=0.318  ent=0.870  grad=0.76/0.50  h=6.1 c=17.2  kl=0.0108  vl=0.2281
Step: 557056 SPS: 2477  ev=0.425  ent=0.863  grad=1.01/0.50  h=6.2 c=21.2  kl=0.0154  vl=0.1824
Step: 561152 SPS: 2476  ev=0.301  ent=0.848  grad=0.92/0.50  h=6.0 c=15.4  kl=0.0150  vl=0.2408
Step: 565248 SPS: 2477  ev=0.361  ent=0.878  grad=0.95/0.50  h=6.2 c=21.0  kl=0.0186  vl=0.2415
Step: 569344 SPS: 2475  ev=0.320  ent=0.839  grad=1.05/0.50  h=5.7 c=12.4  kl=0.0127  vl=0.2747
  vs Random: 102W/0L/0D | score=45.6±27.9 inv=3.0 played=21.0 lanes=5.0 ddraw=30.0 pts=46
  Self-play: 61W/38L/1D | score=8.9±26.1 inv=2.6 played=17.9 lanes=5.0 ddraw=14.0 pts=9
Step: 573440 SPS: 2471  ev=0.374  ent=0.893  grad=1.26/0.50  h=6.2 c=19.8  kl=0.0131  vl=0.1796
Step: 577536 SPS: 2467  ev=0.312  ent=0.884  grad=1.33/0.50  h=4.8 c=8.4  kl=0.0227  vl=0.3359
Step: 581632 SPS: 2464  ev=0.364  ent=0.847  grad=0.90/0.50  h=6.2 c=19.6  kl=0.0144  vl=0.2527
Step: 585728 SPS: 2461  ev=0.237  ent=0.895  grad=2.03/0.50  h=6.2 c=20.6  kl=0.0216  vl=0.3559
Step: 589824 SPS: 2460  ev=0.308  ent=0.839  grad=0.90/0.50  h=6.1 c=18.0  kl=0.0123  vl=0.2224
Step: 593920 SPS: 2462  ev=0.366  ent=0.886  grad=0.74/0.50  h=6.1 c=19.7  kl=0.0126  vl=0.2113
Step: 598016 SPS: 2460  ev=0.323  ent=0.834  grad=1.13/0.50  h=6.0 c=16.4  kl=0.0151  vl=0.2790
Step: 602112 SPS: 2461  ev=0.325  ent=0.846  grad=0.73/0.50  h=6.1 c=20.1  kl=0.0150  vl=0.2156
Step: 606208 SPS: 2458  ev=0.263  ent=0.861  grad=2.16/0.50  h=5.8 c=14.5  kl=0.0122  vl=0.2530
Step: 610304 SPS: 2459  ev=0.361  ent=0.849  grad=1.16/0.50  h=6.2 c=20.2  kl=0.0156  vl=0.2072
Step: 614400 SPS: 2456  ev=0.291  ent=0.829  grad=1.83/0.50  h=5.5 c=12.0  kl=0.0117  vl=0.3123
Step: 618496 SPS: 2456  ev=0.315  ent=0.887  grad=1.50/0.50  h=6.1 c=19.5  kl=0.0125  vl=0.2616
Step: 622592 SPS: 2455  ev=0.308  ent=0.884  grad=1.49/0.50  h=4.7 c=8.1  kl=0.0148  vl=0.3124
Step: 626688 SPS: 2453  ev=0.252  ent=0.891  grad=0.89/0.50  h=6.1 c=18.5  kl=0.0175  vl=0.2554
Step: 630784 SPS: 2451  ev=0.315  ent=0.895  grad=1.76/0.50  h=6.2 c=18.9  kl=0.0147  vl=0.3473
Step: 634880 SPS: 2449  ev=0.311  ent=0.867  grad=1.18/0.50  h=6.0 c=17.4  kl=0.0169  vl=0.2254
Step: 638976 SPS: 2449  ev=0.355  ent=0.858  grad=0.76/0.50  h=6.1 c=19.1  kl=0.0170  vl=0.2593
Step: 643072 SPS: 2448  ev=0.322  ent=0.905  grad=0.79/0.50  h=5.9 c=16.0  kl=0.0129  vl=0.2671
Step: 647168 SPS: 2447  ev=0.389  ent=0.924  grad=0.75/0.50  h=6.1 c=20.0  kl=0.0159  vl=0.1998
Step: 651264 SPS: 2444  ev=0.328  ent=0.831  grad=1.96/0.50  h=5.7 c=14.2  kl=0.0145  vl=0.3084
  vs Random: 98W/2L/0D | score=44.1±30.4 inv=2.8 played=21.1 lanes=5.0 ddraw=36.3 pts=44
  Self-play: 56W/48L/0D | score=8.2±22.9 inv=2.3 played=17.9 lanes=5.0 ddraw=16.7 pts=8
Step: 655360 SPS: 2443  ev=0.337  ent=0.887  grad=1.10/0.50  h=6.1 c=20.0  kl=0.0152  vl=0.2423
Step: 659456 SPS: 2443  ev=0.262  ent=0.838  grad=1.94/0.50  h=5.5 c=11.9  kl=0.0129  vl=0.3424
Step: 663552 SPS: 2442  ev=0.350  ent=0.889  grad=1.50/0.50  h=6.0 c=19.1  kl=0.0159  vl=0.2149
Step: 667648 SPS: 2440  ev=0.308  ent=0.892  grad=1.39/0.50  h=4.6 c=7.9  kl=0.0183  vl=0.3111
Step: 671744 SPS: 2439  ev=0.297  ent=0.876  grad=1.18/0.50  h=6.0 c=18.0  kl=0.0136  vl=0.1761
Step: 675840 SPS: 2437  ev=0.313  ent=0.885  grad=1.25/0.50  h=6.1 c=19.4  kl=0.0141  vl=0.3682
Step: 679936 SPS: 2437  ev=0.245  ent=0.853  grad=1.35/0.50  h=5.9 c=16.6  kl=0.0146  vl=0.2485
Step: 684032 SPS: 2437  ev=0.384  ent=0.901  grad=1.05/0.50  h=6.0 c=19.8  kl=0.0178  vl=0.1833
Step: 688128 SPS: 2437  ev=0.219  ent=0.861  grad=1.04/0.50  h=5.8 c=15.7  kl=0.0189  vl=0.3105
Step: 692224 SPS: 2437  ev=0.345  ent=0.884  grad=1.11/0.50  h=6.0 c=20.3  kl=0.0219  vl=0.2375
Step: 696320 SPS: 2436  ev=0.310  ent=0.839  grad=0.76/0.50  h=5.7 c=14.0  kl=0.0154  vl=0.2744
Step: 700416 SPS: 2435  ev=0.387  ent=0.856  grad=0.91/0.50  h=6.0 c=20.0  kl=0.0154  vl=0.1716
Step: 704512 SPS: 2433  ev=0.271  ent=0.827  grad=1.08/0.50  h=5.4 c=11.7  kl=0.0155  vl=0.3013
Step: 708608 SPS: 2433  ev=0.315  ent=0.838  grad=0.87/0.50  h=5.9 c=18.9  kl=0.0168  vl=0.1911
Step: 712704 SPS: 2434  ev=0.316  ent=0.823  grad=2.19/0.50  h=4.6 c=8.0  kl=0.0144  vl=0.3319
Step: 716800 SPS: 2435  ev=0.269  ent=0.829  grad=0.85/0.50  h=5.9 c=18.4  kl=0.0141  vl=0.2509
Step: 720896 SPS: 2435  ev=0.281  ent=0.878  grad=2.01/0.50  h=6.0 c=20.9  kl=0.0138  vl=0.3597
Step: 724992 SPS: 2435  ev=0.224  ent=0.824  grad=1.90/0.50  h=5.8 c=17.0  kl=0.0161  vl=0.2904
Step: 729088 SPS: 2434  ev=0.385  ent=0.868  grad=0.84/0.50  h=5.9 c=20.5  kl=0.0176  vl=0.2220
Step: 733184 SPS: 2432  ev=0.292  ent=0.826  grad=0.73/0.50  h=5.7 c=15.8  kl=0.0130  vl=0.2496
  vs Random: 100W/0L/0D | score=50.7±27.7 inv=2.9 played=21.5 lanes=5.0 ddraw=37.2 pts=51
  Self-play: 49W/48L/3D | score=8.2±24.9 inv=2.6 played=18.1 lanes=5.0 ddraw=14.8 pts=8
Step: 737280 SPS: 2431  ev=0.353  ent=0.842  grad=1.15/0.50  h=5.9 c=20.7  kl=0.0151  vl=0.2371
Step: 741376 SPS: 2430  ev=0.290  ent=0.857  grad=1.00/0.50  h=5.6 c=13.7  kl=0.0200  vl=0.3040
Step: 745472 SPS: 2430  ev=0.339  ent=0.867  grad=1.08/0.50  h=5.9 c=20.0  kl=0.0151  vl=0.1966
Step: 749568 SPS: 2429  ev=0.332  ent=0.820  grad=0.72/0.50  h=5.3 c=11.3  kl=0.0146  vl=0.2698
Step: 753664 SPS: 2429  ev=0.272  ent=0.852  grad=1.21/0.50  h=6.0 c=19.5  kl=0.0167  vl=0.2457
Step: 757760 SPS: 2427  ev=0.305  ent=0.824  grad=1.42/0.50  h=4.6 c=7.9  kl=0.0114  vl=0.2842
Step: 761856 SPS: 2428  ev=0.292  ent=0.844  grad=0.88/0.50  h=5.9 c=18.0  kl=0.0122  vl=0.2440
Step: 765952 SPS: 2427  ev=0.272  ent=0.817  grad=1.18/0.50  h=5.9 c=19.4  kl=0.0132  vl=0.2793
Step: 770048 SPS: 2427  ev=0.301  ent=0.825  grad=0.82/0.50  h=5.9 c=17.0  kl=0.0188  vl=0.2441
Step: 774144 SPS: 2428  ev=0.391  ent=0.839  grad=1.28/0.50  h=5.8 c=18.9  kl=0.0196  vl=0.2124
Step: 778240 SPS: 2428  ev=0.323  ent=0.829  grad=1.07/0.50  h=5.8 c=15.7  kl=0.0187  vl=0.2642
Step: 782336 SPS: 2427  ev=0.404  ent=0.850  grad=1.26/0.50  h=5.9 c=19.3  kl=0.0176  vl=0.2203
Step: 786432 SPS: 2427  ev=0.317  ent=0.808  grad=0.85/0.50  h=5.7 c=13.9  kl=0.0121  vl=0.2259
Step: 790528 SPS: 2427  ev=0.357  ent=0.817  grad=1.47/0.50  h=5.9 c=19.0  kl=0.0139  vl=0.2143
Step: 794624 SPS: 2426  ev=0.232  ent=0.775  grad=2.08/0.50  h=5.3 c=11.3  kl=0.0147  vl=0.3751
Step: 798720 SPS: 2427  ev=0.357  ent=0.830  grad=1.15/0.50  h=5.9 c=18.9  kl=0.0202  vl=0.1873
Step: 802816 SPS: 2426  ev=0.313  ent=0.823  grad=1.37/0.50  h=4.5 c=7.9  kl=0.0156  vl=0.2815
Step: 806912 SPS: 2426  ev=0.268  ent=0.809  grad=1.82/0.50  h=5.9 c=18.1  kl=0.0136  vl=0.2147
Step: 811008 SPS: 2427  ev=0.355  ent=0.853  grad=0.78/0.50  h=5.9 c=19.8  kl=0.0135  vl=0.2841
Step: 815104 SPS: 2427  ev=0.283  ent=0.826  grad=0.83/0.50  h=5.8 c=16.7  kl=0.0127  vl=0.2237
  vs Random: 99W/1L/0D | score=46.9±29.4 inv=2.9 played=21.9 lanes=5.0 ddraw=37.2 pts=47
  Self-play: 49W/52L/1D | score=8.6±28.9 inv=2.8 played=18.5 lanes=5.0 ddraw=20.2 pts=9
Step: 819200 SPS: 2427  ev=0.482  ent=0.824  grad=0.78/0.50  h=5.8 c=20.0  kl=0.0177  vl=0.1912
Step: 823296 SPS: 2426  ev=0.337  ent=0.803  grad=0.75/0.50  h=5.7 c=15.4  kl=0.0161  vl=0.2142
Step: 827392 SPS: 2425  ev=0.435  ent=0.824  grad=1.25/0.50  h=5.8 c=19.9  kl=0.0141  vl=0.1825
Step: 831488 SPS: 2423  ev=0.374  ent=0.783  grad=0.77/0.50  h=5.6 c=13.7  kl=0.0233  vl=0.2977
Step: 835584 SPS: 2422  ev=0.381  ent=0.799  grad=0.90/0.50  h=5.9 c=19.8  kl=0.0170  vl=0.1947
Step: 839680 SPS: 2422  ev=0.335  ent=0.790  grad=0.77/0.50  h=5.4 c=11.5  kl=0.0149  vl=0.2770
Step: 843776 SPS: 2422  ev=0.307  ent=0.813  grad=1.06/0.50  h=6.0 c=19.7  kl=0.0155  vl=0.2194
Step: 847872 SPS: 2422  ev=0.322  ent=0.785  grad=1.29/0.50  h=4.6 c=8.1  kl=0.0156  vl=0.3197
Step: 851968 SPS: 2423  ev=0.241  ent=0.805  grad=1.11/0.50  h=6.0 c=18.6  kl=0.0158  vl=0.2384
Step: 856064 SPS: 2422  ev=0.335  ent=0.786  grad=0.81/0.50  h=6.0 c=21.7  kl=0.0130  vl=0.3127
Step: 860160 SPS: 2421  ev=0.321  ent=0.824  grad=0.94/0.50  h=5.9 c=17.5  kl=0.0156  vl=0.2576
Step: 864256 SPS: 2421  ev=0.382  ent=0.767  grad=1.07/0.50  h=5.9 c=22.1  kl=0.0153  vl=0.2068
Step: 868352 SPS: 2419  ev=0.287  ent=0.795  grad=1.45/0.50  h=5.8 c=16.1  kl=0.0153  vl=0.2969
Step: 872448 SPS: 2418  ev=0.345  ent=0.827  grad=1.03/0.50  h=5.9 c=21.4  kl=0.0155  vl=0.1980
Step: 876544 SPS: 2418  ev=0.302  ent=0.786  grad=1.34/0.50  h=5.6 c=14.0  kl=0.0138  vl=0.2730
Step: 880640 SPS: 2418  ev=0.331  ent=0.841  grad=0.93/0.50  h=5.9 c=20.3  kl=0.0193  vl=0.1675
Step: 884736 SPS: 2416  ev=0.301  ent=0.818  grad=1.48/0.50  h=5.4 c=11.6  kl=0.0116  vl=0.3104
Step: 888832 SPS: 2416  ev=0.327  ent=0.820  grad=1.29/0.50  h=6.0 c=20.0  kl=0.0147  vl=0.2018
Step: 892928 SPS: 2415  ev=0.303  ent=0.807  grad=0.75/0.50  h=4.7 c=8.2  kl=0.0203  vl=0.3155
Step: 897024 SPS: 2413  ev=0.337  ent=0.779  grad=1.03/0.50  h=6.0 c=19.0  kl=0.0199  vl=0.2054
  vs Random: 100W/0L/0D | score=50.3±33.6 inv=2.9 played=21.7 lanes=5.0 ddraw=40.0 pts=50
  Self-play: 40W/57L/3D | score=9.6±23.9 inv=2.7 played=18.5 lanes=5.0 ddraw=20.5 pts=10
Step: 901120 SPS: 2413  ev=0.324  ent=0.781  grad=1.03/0.50  h=6.0 c=21.6  kl=0.0179  vl=0.3881
Step: 905216 SPS: 2413  ev=0.263  ent=0.797  grad=0.85/0.50  h=5.9 c=17.7  kl=0.0184  vl=0.2492
Step: 909312 SPS: 2414  ev=0.347  ent=0.789  grad=0.80/0.50  h=5.8 c=21.1  kl=0.0184  vl=0.2149
Step: 913408 SPS: 2413  ev=0.291  ent=0.793  grad=1.89/0.50  h=5.8 c=16.1  kl=0.0232  vl=0.2633
Step: 917504 SPS: 2412  ev=0.380  ent=0.826  grad=1.24/0.50  h=5.9 c=21.5  kl=0.0154  vl=0.2494
Step: 921600 SPS: 2412  ev=0.260  ent=0.766  grad=0.75/0.50  h=5.8 c=14.4  kl=0.0156  vl=0.3362
Step: 925696 SPS: 2412  ev=0.280  ent=0.785  grad=1.79/0.50  h=6.0 c=21.8  kl=0.0151  vl=0.2393
Step: 929792 SPS: 2412  ev=0.238  ent=0.762  grad=1.00/0.50  h=5.5 c=11.9  kl=0.0121  vl=0.2910
Step: 933888 SPS: 2411  ev=0.381  ent=0.772  grad=0.89/0.50  h=6.0 c=20.6  kl=0.0179  vl=0.2452
Step: 937984 SPS: 2411  ev=0.305  ent=0.793  grad=2.09/0.50  h=4.8 c=8.2  kl=0.0145  vl=0.3117
Step: 942080 SPS: 2411  ev=0.372  ent=0.767  grad=1.13/0.50  h=6.0 c=19.6  kl=0.0115  vl=0.2130
Step: 946176 SPS: 2411  ev=0.305  ent=0.782  grad=0.95/0.50  h=6.0 c=21.8  kl=0.0165  vl=0.3540
Step: 950272 SPS: 2410  ev=0.247  ent=0.770  grad=2.46/0.50  h=6.0 c=17.9  kl=0.0138  vl=0.2296
Step: 954368 SPS: 2410  ev=0.374  ent=0.780  grad=0.95/0.50  h=6.0 c=22.5  kl=0.0162  vl=0.2382
Step: 958464 SPS: 2409  ev=0.283  ent=0.781  grad=0.77/0.50  h=5.9 c=16.7  kl=0.0165  vl=0.2867
Step: 962560 SPS: 2409  ev=0.363  ent=0.791  grad=0.91/0.50  h=5.9 c=23.0  kl=0.0152  vl=0.1748
Step: 966656 SPS: 2409  ev=0.297  ent=0.759  grad=1.09/0.50  h=5.7 c=14.5  kl=0.0157  vl=0.2501
Step: 970752 SPS: 2409  ev=0.329  ent=0.749  grad=0.74/0.50  h=6.1 c=22.3  kl=0.0157  vl=0.2025
Step: 974848 SPS: 2409  ev=0.336  ent=0.770  grad=0.78/0.50  h=5.5 c=12.1  kl=0.0131  vl=0.2788
Step: 978944 SPS: 2408  ev=0.355  ent=0.759  grad=1.17/0.50  h=6.1 c=21.1  kl=0.0196  vl=0.1953
  vs Random: 99W/1L/0D | score=50.0±30.3 inv=3.1 played=21.7 lanes=5.0 ddraw=40.8 pts=50
  Self-play: 59W/40L/1D | score=14.4±25.4 inv=2.6 played=18.8 lanes=5.0 ddraw=19.7 pts=14
Step: 983040 SPS: 2407  ev=0.222  ent=0.726  grad=1.85/0.50  h=4.8 c=8.3  kl=0.0133  vl=0.3408
Step: 987136 SPS: 2405  ev=0.358  ent=0.747  grad=1.99/0.50  h=6.1 c=19.9  kl=0.0131  vl=0.1954
Step: 991232 SPS: 2403  ev=0.275  ent=0.765  grad=0.96/0.50  h=6.0 c=22.2  kl=0.0113  vl=0.3045
Step: 995328 SPS: 2400  ev=0.296  ent=0.758  grad=1.09/0.50  h=5.9 c=17.8  kl=0.0173  vl=0.2772
Step: 999424 SPS: 2400  ev=0.337  ent=0.754  grad=1.05/0.50  h=6.0 c=21.5  kl=0.0161  vl=0.2946
Step: 1003520 SPS: 2401  ev=0.227  ent=0.741  grad=2.37/0.50  h=5.8 c=16.3  kl=0.0118  vl=0.3178
Step: 1007616 SPS: 2402  ev=0.365  ent=0.770  grad=0.93/0.50  h=5.9 c=21.3  kl=0.0165  vl=0.1962
Step: 1011712 SPS: 2404  ev=0.291  ent=0.757  grad=1.35/0.50  h=5.7 c=14.4  kl=0.0131  vl=0.3177
Step: 1015808 SPS: 2404  ev=0.296  ent=0.772  grad=0.65/0.50  h=6.0 c=20.2  kl=0.0219  vl=0.2317
Step: 1019904 SPS: 2404  ev=0.329  ent=0.752  grad=0.77/0.50  h=5.5 c=11.8  kl=0.0167  vl=0.2951
Step: 1024000 SPS: 2403  ev=0.351  ent=0.744  grad=1.61/0.50  h=6.0 c=19.6  kl=0.0174  vl=0.2943
Step: 1028096 SPS: 2403  ev=0.290  ent=0.766  grad=1.25/0.50  h=4.8 c=8.3  kl=0.0141  vl=0.2715
Step: 1032192 SPS: 2403  ev=0.208  ent=0.773  grad=1.21/0.50  h=6.0 c=17.8  kl=0.0144  vl=0.2558
Step: 1036288 SPS: 2403  ev=0.290  ent=0.761  grad=2.54/0.50  h=5.9 c=19.5  kl=0.0151  vl=0.3320
Step: 1040384 SPS: 2401  ev=0.328  ent=0.736  grad=0.77/0.50  h=5.8 c=16.1  kl=0.0125  vl=0.2068
Step: 1044480 SPS: 2399  ev=0.429  ent=0.771  grad=0.76/0.50  h=5.8 c=19.2  kl=0.0153  vl=0.1958
Step: 1048576 SPS: 2397  ev=0.332  ent=0.758  grad=1.24/0.50  h=5.7 c=15.0  kl=0.0150  vl=0.2570
Step: 1052672 SPS: 2396  ev=0.351  ent=0.740  grad=0.80/0.50  h=5.8 c=19.2  kl=0.0122  vl=0.1784
Step: 1056768 SPS: 2395  ev=0.300  ent=0.757  grad=1.49/0.50  h=5.6 c=13.7  kl=0.0148  vl=0.2884
Step: 1060864 SPS: 2395  ev=0.306  ent=0.796  grad=1.09/0.50  h=5.9 c=19.5  kl=0.0144  vl=0.2464
  vs Random: 101W/1L/0D | score=49.3±29.9 inv=3.0 played=21.5 lanes=5.0 ddraw=42.7 pts=49
  Self-play: 48W/51L/1D | score=13.1±22.7 inv=2.7 played=18.6 lanes=5.0 ddraw=17.7 pts=13
Step: 1064960 SPS: 2395  ev=0.335  ent=0.756  grad=1.48/0.50  h=5.5 c=12.0  kl=0.0142  vl=0.2473
Step: 1069056 SPS: 2394  ev=0.344  ent=0.781  grad=0.72/0.50  h=5.9 c=19.2  kl=0.0157  vl=0.2236
Step: 1073152 SPS: 2393  ev=0.323  ent=0.767  grad=1.37/0.50  h=4.8 c=8.3  kl=0.0167  vl=0.2976
Step: 1077248 SPS: 2392  ev=0.294  ent=0.751  grad=1.33/0.50  h=6.0 c=18.3  kl=0.0152  vl=0.2395
Step: 1081344 SPS: 2391  ev=0.307  ent=0.786  grad=0.91/0.50  h=5.9 c=20.5  kl=0.0147  vl=0.3020
Step: 1085440 SPS: 2391  ev=0.322  ent=0.721  grad=1.77/0.50  h=6.0 c=17.7  kl=0.0179  vl=0.2384
Step: 1089536 SPS: 2391  ev=0.393  ent=0.789  grad=0.74/0.50  h=5.8 c=21.2  kl=0.0165  vl=0.1977
Step: 1093632 SPS: 2390  ev=0.322  ent=0.727  grad=1.89/0.50  h=5.9 c=16.6  kl=0.0144  vl=0.2773
Step: 1097728 SPS: 2391  ev=0.411  ent=0.754  grad=0.83/0.50  h=5.9 c=21.2  kl=0.0182  vl=0.2327
Step: 1101824 SPS: 2391  ev=0.277  ent=0.730  grad=0.72/0.50  h=5.8 c=14.9  kl=0.0156  vl=0.2593
Step: 1105920 SPS: 2392  ev=0.331  ent=0.789  grad=1.96/0.50  h=6.0 c=21.0  kl=0.0154  vl=0.2319
Step: 1110016 SPS: 2392  ev=0.301  ent=0.738  grad=0.80/0.50  h=5.5 c=12.2  kl=0.0142  vl=0.3261
Step: 1114112 SPS: 2393  ev=0.358  ent=0.748  grad=2.42/0.50  h=6.1 c=20.0  kl=0.0165  vl=0.2169
Step: 1118208 SPS: 2393  ev=0.280  ent=0.752  grad=0.72/0.50  h=4.8 c=8.4  kl=0.0148  vl=0.3068
Step: 1122304 SPS: 2394  ev=0.283  ent=0.734  grad=0.97/0.50  h=6.0 c=19.1  kl=0.0156  vl=0.2256
Step: 1126400 SPS: 2393  ev=0.243  ent=0.762  grad=1.68/0.50  h=5.9 c=20.8  kl=0.0132  vl=0.3847
Step: 1130496 SPS: 2392  ev=0.245  ent=0.709  grad=1.45/0.50  h=5.9 c=17.8  kl=0.0163  vl=0.2553
Step: 1134592 SPS: 2391  ev=0.345  ent=0.761  grad=1.39/0.50  h=5.8 c=21.3  kl=0.0138  vl=0.2191
Step: 1138688 SPS: 2390  ev=0.247  ent=0.747  grad=0.93/0.50  h=5.8 c=16.5  kl=0.0140  vl=0.2500
Step: 1142784 SPS: 2390  ev=0.331  ent=0.776  grad=0.91/0.50  h=5.8 c=20.9  kl=0.0230  vl=0.2381
  vs Random: 100W/0L/0D | score=48.2±24.2 inv=2.5 played=21.5 lanes=5.0 ddraw=41.0 pts=48
  Self-play: 42W/56L/2D | score=10.6±24.0 inv=2.6 played=18.2 lanes=5.0 ddraw=18.1 pts=11
Step: 1146880 SPS: 2390  ev=0.297  ent=0.734  grad=1.70/0.50  h=5.7 c=14.6  kl=0.0177  vl=0.3080
Step: 1150976 SPS: 2390  ev=0.321  ent=0.754  grad=0.84/0.50  h=5.8 c=20.5  kl=0.0139  vl=0.2087
Step: 1155072 SPS: 2391  ev=0.273  ent=0.748  grad=1.46/0.50  h=5.4 c=12.1  kl=0.0160  vl=0.2847
Step: 1159168 SPS: 2391  ev=0.410  ent=0.749  grad=1.19/0.50  h=5.9 c=20.3  kl=0.0153  vl=0.1913
Step: 1163264 SPS: 2390  ev=0.301  ent=0.730  grad=1.01/0.50  h=4.7 c=8.3  kl=0.0143  vl=0.3327
Step: 1167360 SPS: 2390  ev=0.366  ent=0.734  grad=1.00/0.50  h=5.9 c=19.6  kl=0.0124  vl=0.1930
Step: 1171456 SPS: 2390  ev=0.292  ent=0.736  grad=1.60/0.50  h=5.9 c=21.1  kl=0.0141  vl=0.3315
Step: 1175552 SPS: 2390  ev=0.237  ent=0.733  grad=0.75/0.50  h=5.9 c=18.1  kl=0.0191  vl=0.2558
Step: 1179648 SPS: 2389  ev=0.443  ent=0.744  grad=0.76/0.50  h=5.8 c=20.7  kl=0.0181  vl=0.1762
Step: 1183744 SPS: 2388  ev=0.270  ent=0.746  grad=0.80/0.50  h=5.8 c=16.4  kl=0.0134  vl=0.2743
Step: 1187840 SPS: 2388  ev=0.358  ent=0.762  grad=0.66/0.50  h=5.8 c=21.1  kl=0.0182  vl=0.2051
Step: 1191936 SPS: 2387  ev=0.343  ent=0.712  grad=1.20/0.50  h=5.6 c=14.6  kl=0.0130  vl=0.2113
Step: 1196032 SPS: 2388  ev=0.375  ent=0.759  grad=0.83/0.50  h=5.8 c=20.9  kl=0.0146  vl=0.1792
Step: 1200128 SPS: 2388  ev=0.289  ent=0.707  grad=0.89/0.50  h=5.5 c=12.0  kl=0.0129  vl=0.2865
Step: 1204224 SPS: 2388  ev=0.324  ent=0.733  grad=1.12/0.50  h=5.8 c=20.3  kl=0.0167  vl=0.1865
Step: 1208320 SPS: 2389  ev=0.304  ent=0.738  grad=1.23/0.50  h=4.7 c=8.4  kl=0.0156  vl=0.2754
Step: 1212416 SPS: 2389  ev=0.330  ent=0.715  grad=0.77/0.50  h=5.8 c=19.1  kl=0.0117  vl=0.1953
Step: 1216512 SPS: 2389  ev=0.294  ent=0.741  grad=0.76/0.50  h=5.8 c=20.2  kl=0.0137  vl=0.3209
Step: 1220608 SPS: 2389  ev=0.126  ent=0.661  grad=2.17/0.50  h=5.7 c=17.7  kl=0.0171  vl=0.3764
Step: 1224704 SPS: 2388  ev=0.382  ent=0.768  grad=0.72/0.50  h=5.7 c=20.1  kl=0.0182  vl=0.2081
  vs Random: 100W/1L/0D | score=53.4±29.7 inv=3.1 played=22.2 lanes=5.0 ddraw=46.0 pts=53
  Self-play: 44W/57L/0D | score=15.0±25.9 inv=2.9 played=18.9 lanes=5.0 ddraw=24.9 pts=15
Step: 1228800 SPS: 2388  ev=0.308  ent=0.708  grad=0.60/0.50  h=5.7 c=16.3  kl=0.0128  vl=0.2293
Step: 1232896 SPS: 2387  ev=0.336  ent=0.743  grad=0.88/0.50  h=5.7 c=20.6  kl=0.0150  vl=0.1863
Step: 1236992 SPS: 2388  ev=0.287  ent=0.737  grad=1.60/0.50  h=5.7 c=14.8  kl=0.0188  vl=0.2680
Step: 1241088 SPS: 2387  ev=0.362  ent=0.767  grad=0.81/0.50  h=5.9 c=21.5  kl=0.0180  vl=0.1917
Step: 1245184 SPS: 2387  ev=0.354  ent=0.695  grad=1.10/0.50  h=5.5 c=12.3  kl=0.0196  vl=0.2646
Step: 1249280 SPS: 2388  ev=0.339  ent=0.736  grad=0.81/0.50  h=5.9 c=21.3  kl=0.0152  vl=0.2123
Step: 1253376 SPS: 2388  ev=0.308  ent=0.744  grad=1.54/0.50  h=4.8 c=8.4  kl=0.0149  vl=0.3115
Step: 1257472 SPS: 2389  ev=0.344  ent=0.747  grad=0.74/0.50  h=5.9 c=20.0  kl=0.0150  vl=0.2441
Step: 1261568 SPS: 2389  ev=0.323  ent=0.770  grad=1.26/0.50  h=5.9 c=20.3  kl=0.0181  vl=0.2961
Step: 1265664 SPS: 2389  ev=0.261  ent=0.742  grad=0.59/0.50  h=5.9 c=18.9  kl=0.0155  vl=0.2286
Step: 1269760 SPS: 2388  ev=0.394  ent=0.762  grad=1.20/0.50  h=5.8 c=20.7  kl=0.0131  vl=0.1972
Step: 1273856 SPS: 2387  ev=0.347  ent=0.767  grad=0.76/0.50  h=5.8 c=17.5  kl=0.0168  vl=0.2899
Step: 1277952 SPS: 2386  ev=0.355  ent=0.770  grad=1.44/0.50  h=5.7 c=20.8  kl=0.0136  vl=0.1920
Step: 1282048 SPS: 2385  ev=0.293  ent=0.729  grad=1.98/0.50  h=5.7 c=15.4  kl=0.0139  vl=0.2609
Step: 1286144 SPS: 2385  ev=0.395  ent=0.741  grad=1.08/0.50  h=5.7 c=20.5  kl=0.0198  vl=0.1544
Step: 1290240 SPS: 2385  ev=0.286  ent=0.715  grad=1.06/0.50  h=5.5 c=12.5  kl=0.0142  vl=0.2970
Step: 1294336 SPS: 2385  ev=0.313  ent=0.696  grad=2.02/0.50  h=5.9 c=20.7  kl=0.0150  vl=0.2707
Step: 1298432 SPS: 2385  ev=0.356  ent=0.719  grad=1.04/0.50  h=4.7 c=8.5  kl=0.0136  vl=0.3072
Step: 1302528 SPS: 2384  ev=0.330  ent=0.712  grad=0.71/0.50  h=5.9 c=20.1  kl=0.0181  vl=0.2095
Step: 1306624 SPS: 2382  ev=0.259  ent=0.717  grad=0.86/0.50  h=5.7 c=20.5  kl=0.0113  vl=0.3474
  vs Random: 100W/0L/0D | score=51.5±30.6 inv=3.0 played=21.9 lanes=5.0 ddraw=45.1 pts=51
  Self-play: 52W/46L/2D | score=16.4±23.0 inv=2.7 played=18.9 lanes=4.9 ddraw=21.0 pts=16
Step: 1310720 SPS: 2382  ev=0.316  ent=0.699  grad=0.78/0.50  h=5.9 c=19.4  kl=0.0138  vl=0.2157
Step: 1314816 SPS: 2382  ev=0.452  ent=0.746  grad=0.96/0.50  h=5.7 c=21.2  kl=0.0148  vl=0.1940
Step: 1318912 SPS: 2382  ev=0.340  ent=0.689  grad=0.71/0.50  h=5.8 c=17.9  kl=0.0173  vl=0.2694
Step: 1323008 SPS: 2381  ev=0.408  ent=0.726  grad=2.07/0.50  h=5.7 c=21.4  kl=0.0170  vl=0.2011
Step: 1327104 SPS: 2381  ev=0.292  ent=0.711  grad=0.66/0.50  h=5.7 c=15.7  kl=0.0151  vl=0.2796
Step: 1331200 SPS: 2381  ev=0.374  ent=0.736  grad=1.56/0.50  h=5.8 c=21.0  kl=0.0204  vl=0.2204
Step: 1335296 SPS: 2380  ev=0.291  ent=0.734  grad=1.66/0.50  h=5.5 c=12.4  kl=0.0094  vl=0.2769
Step: 1339392 SPS: 2379  ev=0.318  ent=0.733  grad=1.00/0.50  h=5.8 c=20.8  kl=0.0109  vl=0.2199
Step: 1343488 SPS: 2380  ev=0.293  ent=0.727  grad=1.38/0.50  h=4.7 c=8.3  kl=0.0124  vl=0.2909
Step: 1347584 SPS: 2380  ev=0.292  ent=0.700  grad=1.06/0.50  h=5.9 c=20.1  kl=0.0151  vl=0.2436
Step: 1351680 SPS: 2380  ev=0.271  ent=0.719  grad=0.92/0.50  h=5.9 c=20.6  kl=0.0148  vl=0.3726
Step: 1355776 SPS: 2380  ev=0.260  ent=0.684  grad=1.86/0.50  h=5.9 c=19.4  kl=0.0144  vl=0.2506
Step: 1359872 SPS: 2379  ev=0.385  ent=0.725  grad=1.05/0.50  h=5.8 c=21.7  kl=0.0213  vl=0.2419
Step: 1363968 SPS: 2379  ev=0.384  ent=0.700  grad=1.42/0.50  h=5.9 c=17.9  kl=0.0205  vl=0.2283
Step: 1368064 SPS: 2379  ev=0.318  ent=0.730  grad=1.09/0.50  h=5.7 c=21.0  kl=0.0207  vl=0.2335
Step: 1372160 SPS: 2378  ev=0.248  ent=0.701  grad=1.35/0.50  h=5.7 c=15.5  kl=0.0133  vl=0.2871
Step: 1376256 SPS: 2378  ev=0.356  ent=0.721  grad=1.14/0.50  h=5.7 c=21.5  kl=0.0162  vl=0.2082
Step: 1380352 SPS: 2378  ev=0.389  ent=0.686  grad=0.75/0.50  h=5.4 c=12.5  kl=0.0112  vl=0.2161
Step: 1384448 SPS: 2378  ev=0.384  ent=0.721  grad=0.91/0.50  h=5.8 c=21.1  kl=0.0148  vl=0.2211
Step: 1388544 SPS: 2378  ev=0.287  ent=0.683  grad=0.83/0.50  h=4.7 c=8.4  kl=0.0099  vl=0.2588
  vs Random: 100W/0L/0D | score=58.0±28.0 inv=3.4 played=22.2 lanes=4.9 ddraw=34.5 pts=58
  Self-play: 49W/51L/0D | score=8.3±26.8 inv=2.7 played=18.3 lanes=4.9 ddraw=12.5 pts=8
Step: 1392640 SPS: 2378  ev=0.348  ent=0.692  grad=1.70/0.50  h=5.8 c=19.8  kl=0.0154  vl=0.2672
Step: 1396736 SPS: 2377  ev=0.296  ent=0.741  grad=0.94/0.50  h=5.8 c=20.5  kl=0.0133  vl=0.3263
Step: 1400832 SPS: 2378  ev=0.336  ent=0.675  grad=0.76/0.50  h=5.9 c=19.2  kl=0.0099  vl=0.2549
Step: 1404928 SPS: 2378  ev=0.341  ent=0.718  grad=1.95/0.50  h=5.8 c=21.4  kl=0.0127  vl=0.2493
Step: 1409024 SPS: 2378  ev=0.299  ent=0.692  grad=1.31/0.50  h=5.7 c=17.6  kl=0.0176  vl=0.2830
Step: 1413120 SPS: 2379  ev=0.375  ent=0.723  grad=0.79/0.50  h=5.7 c=21.6  kl=0.0168  vl=0.1905
Step: 1417216 SPS: 2379  ev=0.350  ent=0.698  grad=0.71/0.50  h=5.5 c=15.0  kl=0.0150  vl=0.2239
Step: 1421312 SPS: 2378  ev=0.380  ent=0.714  grad=0.69/0.50  h=5.7 c=21.3  kl=0.0170  vl=0.2511
Step: 1425408 SPS: 2377  ev=0.252  ent=0.695  grad=0.93/0.50  h=5.3 c=12.2  kl=0.0147  vl=0.2650
Step: 1429504 SPS: 2377  ev=0.267  ent=0.722  grad=0.77/0.50  h=5.7 c=19.6  kl=0.0168  vl=0.2264
Step: 1433600 SPS: 2376  ev=0.293  ent=0.695  grad=0.90/0.50  h=4.6 c=8.2  kl=0.0145  vl=0.3300
Step: 1437696 SPS: 2376  ev=0.266  ent=0.700  grad=0.84/0.50  h=5.7 c=18.8  kl=0.0125  vl=0.2465
Step: 1441792 SPS: 2376  ev=0.279  ent=0.738  grad=1.37/0.50  h=5.7 c=18.7  kl=0.0151  vl=0.3695
Step: 1445888 SPS: 2376  ev=0.256  ent=0.685  grad=0.69/0.50  h=5.7 c=18.0  kl=0.0161  vl=0.2893
Step: 1449984 SPS: 2376  ev=0.343  ent=0.760  grad=0.92/0.50  h=5.6 c=19.4  kl=0.0129  vl=0.2909
Step: 1454080 SPS: 2376  ev=0.335  ent=0.704  grad=0.82/0.50  h=5.6 c=16.7  kl=0.0110  vl=0.2242
Step: 1458176 SPS: 2376  ev=0.377  ent=0.721  grad=0.68/0.50  h=5.6 c=19.5  kl=0.0174  vl=0.2195
Step: 1462272 SPS: 2376  ev=0.357  ent=0.705  grad=1.05/0.50  h=5.5 c=14.5  kl=0.0139  vl=0.2694
Step: 1466368 SPS: 2376  ev=0.431  ent=0.694  grad=0.69/0.50  h=5.6 c=19.5  kl=0.0206  vl=0.1955
Step: 1470464 SPS: 2376  ev=0.328  ent=0.701  grad=0.82/0.50  h=5.2 c=11.6  kl=0.0148  vl=0.2798
  vs Random: 101W/0L/0D | score=52.6±30.7 inv=3.1 played=21.8 lanes=5.0 ddraw=34.5 pts=53
  Self-play: 49W/50L/1D | score=11.2±28.0 inv=2.8 played=18.7 lanes=4.9 ddraw=11.5 pts=11
Step: 1474560 SPS: 2376  ev=0.326  ent=0.727  grad=1.99/0.50  h=5.7 c=19.6  kl=0.0148  vl=0.2427
Step: 1478656 SPS: 2376  ev=0.310  ent=0.735  grad=1.54/0.50  h=4.6 c=8.1  kl=0.0123  vl=0.2707
Step: 1482752 SPS: 2375  ev=0.252  ent=0.750  grad=1.27/0.50  h=5.7 c=19.4  kl=0.0185  vl=0.2647
Step: 1486848 SPS: 2374  ev=0.348  ent=0.730  grad=0.97/0.50  h=5.7 c=19.7  kl=0.0160  vl=0.2565
Step: 1490944 SPS: 2374  ev=0.280  ent=0.704  grad=1.67/0.50  h=5.7 c=18.6  kl=0.0193  vl=0.3263
Step: 1495040 SPS: 2374  ev=0.399  ent=0.726  grad=0.82/0.50  h=5.7 c=20.2  kl=0.0175  vl=0.2321
Step: 1499136 SPS: 2374  ev=0.298  ent=0.693  grad=1.48/0.50  h=5.7 c=17.2  kl=0.0125  vl=0.2642
Step: 1503232 SPS: 2374  ev=0.428  ent=0.742  grad=0.85/0.50  h=5.6 c=20.6  kl=0.0151  vl=0.1721
Step: 1507328 SPS: 2374  ev=0.319  ent=0.696  grad=0.75/0.50  h=5.5 c=14.9  kl=0.0158  vl=0.3347
Step: 1511424 SPS: 2374  ev=0.384  ent=0.758  grad=0.92/0.50  h=5.6 c=20.5  kl=0.0154  vl=0.2255
Step: 1515520 SPS: 2374  ev=0.348  ent=0.739  grad=0.72/0.50  h=5.2 c=11.8  kl=0.0152  vl=0.2691
Step: 1519616 SPS: 2373  ev=0.280  ent=0.751  grad=0.78/0.50  h=5.7 c=20.0  kl=0.0119  vl=0.2333
Step: 1523712 SPS: 2373  ev=0.321  ent=0.750  grad=0.79/0.50  h=4.6 c=8.2  kl=0.0124  vl=0.2737
Step: 1527808 SPS: 2373  ev=0.326  ent=0.728  grad=1.10/0.50  h=5.6 c=19.5  kl=0.0155  vl=0.1915
Step: 1531904 SPS: 2373  ev=0.312  ent=0.715  grad=1.33/0.50  h=5.7 c=20.3  kl=0.0116  vl=0.3151
Step: 1536000 SPS: 2372  ev=0.298  ent=0.694  grad=0.70/0.50  h=5.6 c=18.2  kl=0.0147  vl=0.2549
Step: 1540096 SPS: 2371  ev=0.357  ent=0.741  grad=0.88/0.50  h=5.6 c=20.4  kl=0.0146  vl=0.1790
Step: 1544192 SPS: 2370  ev=0.287  ent=0.708  grad=0.97/0.50  h=5.6 c=16.7  kl=0.0172  vl=0.2433
Step: 1548288 SPS: 2369  ev=0.395  ent=0.751  grad=0.75/0.50  h=5.6 c=20.8  kl=0.0168  vl=0.1441
Step: 1552384 SPS: 2368  ev=0.325  ent=0.710  grad=1.56/0.50  h=5.5 c=14.8  kl=0.0146  vl=0.2733
  vs Random: 99W/1L/0D | score=51.5±31.6 inv=3.2 played=22.0 lanes=5.0 ddraw=33.8 pts=51
  Self-play: 41W/58L/1D | score=6.9±28.6 inv=2.9 played=18.4 lanes=5.0 ddraw=11.2 pts=7
Step: 1556480 SPS: 2368  ev=0.335  ent=0.747  grad=0.88/0.50  h=5.6 c=20.7  kl=0.0179  vl=0.2282
Step: 1560576 SPS: 2367  ev=0.316  ent=0.706  grad=1.26/0.50  h=5.3 c=11.9  kl=0.0120  vl=0.3107
Step: 1564672 SPS: 2366  ev=0.322  ent=0.733  grad=1.18/0.50  h=5.7 c=20.4  kl=0.0128  vl=0.2188
Step: 1568768 SPS: 2365  ev=0.265  ent=0.710  grad=0.85/0.50  h=4.6 c=8.1  kl=0.0132  vl=0.3257
Step: 1572864 SPS: 2365  ev=0.351  ent=0.695  grad=1.06/0.50  h=5.7 c=19.6  kl=0.0138  vl=0.1861
Step: 1576960 SPS: 2365  ev=0.327  ent=0.716  grad=0.75/0.50  h=5.8 c=21.1  kl=0.0119  vl=0.3282
Step: 1581056 SPS: 2364  ev=0.341  ent=0.680  grad=0.78/0.50  h=5.8 c=19.0  kl=0.0158  vl=0.2567
Step: 1585152 SPS: 2363  ev=0.439  ent=0.731  grad=0.73/0.50  h=5.7 c=21.5  kl=0.0230  vl=0.2145
Step: 1589248 SPS: 2362  ev=0.309  ent=0.689  grad=0.97/0.50  h=5.7 c=17.3  kl=0.0207  vl=0.2461
Step: 1593344 SPS: 2360  ev=0.336  ent=0.725  grad=0.72/0.50  h=5.7 c=21.9  kl=0.0175  vl=0.2216
Step: 1597440 SPS: 2359  ev=0.337  ent=0.713  grad=1.12/0.50  h=5.5 c=14.9  kl=0.0146  vl=0.2277
Step: 1601536 SPS: 2358  ev=0.344  ent=0.713  grad=1.66/0.50  h=5.7 c=21.3  kl=0.0141  vl=0.2265
Step: 1605632 SPS: 2357  ev=0.296  ent=0.698  grad=0.74/0.50  h=5.3 c=11.9  kl=0.0128  vl=0.2872
Step: 1609728 SPS: 2357  ev=0.364  ent=0.693  grad=0.83/0.50  h=5.7 c=20.9  kl=0.0126  vl=0.2202
Step: 1613824 SPS: 2356  ev=0.312  ent=0.681  grad=1.50/0.50  h=4.5 c=8.1  kl=0.0159  vl=0.3367
Step: 1617920 SPS: 2355  ev=0.374  ent=0.669  grad=0.79/0.50  h=5.7 c=20.4  kl=0.0098  vl=0.1945
Step: 1622016 SPS: 2354  ev=0.239  ent=0.703  grad=0.88/0.50  h=5.8 c=21.0  kl=0.0201  vl=0.3634
Step: 1626112 SPS: 2353  ev=0.285  ent=0.694  grad=0.91/0.50  h=5.7 c=18.9  kl=0.0123  vl=0.2495
Step: 1630208 SPS: 2352  ev=0.386  ent=0.731  grad=0.76/0.50  h=5.6 c=21.1  kl=0.0231  vl=0.2651
Step: 1634304 SPS: 2351  ev=0.284  ent=0.735  grad=1.36/0.50  h=5.6 c=17.5  kl=0.0117  vl=0.2466
  vs Random: 100W/0L/0D | score=49.7±26.2 inv=3.0 played=21.7 lanes=5.0 ddraw=34.2 pts=50
  Self-play: 46W/53L/2D | score=6.5±25.3 inv=2.7 played=18.3 lanes=4.9 ddraw=11.6 pts=7
Step: 1638400 SPS: 2350  ev=0.345  ent=0.741  grad=1.28/0.50  h=5.6 c=21.1  kl=0.0180  vl=0.2041
Step: 1642496 SPS: 2349  ev=0.272  ent=0.729  grad=1.07/0.50  h=5.5 c=15.2  kl=0.0161  vl=0.2777
Step: 1646592 SPS: 2349  ev=0.353  ent=0.742  grad=0.84/0.50  h=5.7 c=21.2  kl=0.0184  vl=0.1814
Step: 1650688 SPS: 2348  ev=0.396  ent=0.697  grad=0.80/0.50  h=5.3 c=12.1  kl=0.0178  vl=0.2521
Step: 1654784 SPS: 2347  ev=0.271  ent=0.703  grad=0.79/0.50  h=5.7 c=21.4  kl=0.0167  vl=0.2058
Step: 1658880 SPS: 2348  ev=0.326  ent=0.724  grad=1.64/0.50  h=4.6 c=8.3  kl=0.0161  vl=0.2895
Step: 1662976 SPS: 2348  ev=0.348  ent=0.705  grad=0.90/0.50  h=5.8 c=21.5  kl=0.0156  vl=0.2297
Step: 1667072 SPS: 2348  ev=0.270  ent=0.693  grad=1.27/0.50  h=5.7 c=20.9  kl=0.0173  vl=0.3490
Step: 1671168 SPS: 2346  ev=0.262  ent=0.694  grad=1.91/0.50  h=5.8 c=19.5  kl=0.0139  vl=0.2449
Step: 1675264 SPS: 2346  ev=0.436  ent=0.740  grad=0.71/0.50  h=5.6 c=21.3  kl=0.0203  vl=0.1986
Step: 1679360 SPS: 2344  ev=0.266  ent=0.692  grad=0.76/0.50  h=5.7 c=17.3  kl=0.0147  vl=0.2624
Step: 1683456 SPS: 2344  ev=0.377  ent=0.727  grad=0.69/0.50  h=5.7 c=21.8  kl=0.0187  vl=0.2179
Step: 1687552 SPS: 2343  ev=0.342  ent=0.693  grad=0.67/0.50  h=5.6 c=15.1  kl=0.0158  vl=0.2322
Step: 1691648 SPS: 2343  ev=0.347  ent=0.724  grad=1.91/0.50  h=5.7 c=21.8  kl=0.0204  vl=0.2236
Step: 1695744 SPS: 2342  ev=0.326  ent=0.682  grad=0.63/0.50  h=5.3 c=12.1  kl=0.0161  vl=0.2894
Step: 1699840 SPS: 2342  ev=0.333  ent=0.724  grad=1.20/0.50  h=5.8 c=21.2  kl=0.0188  vl=0.2198
Step: 1703936 SPS: 2342  ev=0.333  ent=0.693  grad=1.17/0.50  h=4.6 c=8.3  kl=0.0133  vl=0.2853
Step: 1708032 SPS: 2342  ev=0.296  ent=0.725  grad=1.14/0.50  h=5.8 c=21.2  kl=0.0133  vl=0.2043
Step: 1712128 SPS: 2341  ev=0.305  ent=0.713  grad=0.84/0.50  h=5.7 c=22.9  kl=0.0153  vl=0.3496
Step: 1716224 SPS: 2341  ev=0.205  ent=0.715  grad=0.87/0.50  h=5.8 c=20.1  kl=0.0149  vl=0.2708
  vs Random: 102W/0L/0D | score=50.0±26.1 inv=3.0 played=21.8 lanes=5.0 ddraw=34.1 pts=50
  Self-play: 52W/48L/0D | score=12.0±24.6 inv=2.6 played=18.4 lanes=4.9 ddraw=11.1 pts=12
Step: 1720320 SPS: 2342  ev=0.358  ent=0.760  grad=0.81/0.50  h=5.7 c=23.4  kl=0.0150  vl=0.2418
Step: 1724416 SPS: 2341  ev=0.299  ent=0.732  grad=1.00/0.50  h=5.7 c=18.2  kl=0.0148  vl=0.2673
Step: 1728512 SPS: 2340  ev=0.347  ent=0.738  grad=1.32/0.50  h=5.7 c=23.1  kl=0.0164  vl=0.2008
Step: 1732608 SPS: 2339  ev=0.279  ent=0.730  grad=0.97/0.50  h=5.5 c=15.6  kl=0.0180  vl=0.2791
Step: 1736704 SPS: 2338  ev=0.318  ent=0.743  grad=0.93/0.50  h=5.8 c=23.4  kl=0.0191  vl=0.2557
Step: 1740800 SPS: 2339  ev=0.365  ent=0.687  grad=1.32/0.50  h=5.3 c=12.7  kl=0.0179  vl=0.2934
Step: 1744896 SPS: 2339  ev=0.263  ent=0.721  grad=0.80/0.50  h=5.9 c=23.2  kl=0.0154  vl=0.2589
Step: 1748992 SPS: 2338  ev=0.280  ent=0.718  grad=1.18/0.50  h=4.6 c=8.4  kl=0.0129  vl=0.3045
Step: 1753088 SPS: 2337  ev=0.308  ent=0.741  grad=0.71/0.50  h=5.9 c=21.8  kl=0.0154  vl=0.2497
Step: 1757184 SPS: 2337  ev=0.272  ent=0.716  grad=1.25/0.50  h=5.8 c=23.0  kl=0.0154  vl=0.3700
Step: 1761280 SPS: 2336  ev=0.258  ent=0.719  grad=0.75/0.50  h=5.8 c=20.1  kl=0.0166  vl=0.2612
Step: 1765376 SPS: 2336  ev=0.401  ent=0.761  grad=1.21/0.50  h=5.7 c=23.2  kl=0.0164  vl=0.2272
Step: 1769472 SPS: 2335  ev=0.339  ent=0.726  grad=0.91/0.50  h=5.7 c=18.5  kl=0.0148  vl=0.2984
Step: 1773568 SPS: 2334  ev=0.441  ent=0.734  grad=0.95/0.50  h=5.7 c=23.8  kl=0.0145  vl=0.2253
Step: 1777664 SPS: 2333  ev=0.311  ent=0.718  grad=0.84/0.50  h=5.5 c=15.9  kl=0.0173  vl=0.3347
Step: 1781760 SPS: 2332  ev=0.369  ent=0.727  grad=0.72/0.50  h=5.7 c=23.9  kl=0.0142  vl=0.1908
Step: 1785856 SPS: 2330  ev=0.294  ent=0.698  grad=1.88/0.50  h=5.3 c=12.9  kl=0.0125  vl=0.2798
Step: 1789952 SPS: 2329  ev=0.365  ent=0.728  grad=0.84/0.50  h=5.8 c=23.0  kl=0.0157  vl=0.2445
Step: 1794048 SPS: 2329  ev=0.374  ent=0.701  grad=0.83/0.50  h=4.6 c=8.5  kl=0.0126  vl=0.2722
Step: 1798144 SPS: 2329  ev=0.331  ent=0.719  grad=1.04/0.50  h=5.8 c=22.4  kl=0.0130  vl=0.2339
  vs Random: 100W/0L/0D | score=47.6±26.3 inv=2.6 played=21.3 lanes=5.0 ddraw=43.6 pts=48
  Self-play: 44W/56L/1D | score=9.8±26.7 inv=2.4 played=18.6 lanes=5.0 ddraw=16.2 pts=10
Step: 1802240 SPS: 2327  ev=0.290  ent=0.703  grad=1.04/0.50  h=5.8 c=23.1  kl=0.0130  vl=0.3049
Step: 1806336 SPS: 2326  ev=0.310  ent=0.715  grad=0.90/0.50  h=5.8 c=20.8  kl=0.0115  vl=0.2528
Step: 1810432 SPS: 2326  ev=0.377  ent=0.696  grad=0.90/0.50  h=5.6 c=23.6  kl=0.0140  vl=0.2384
Step: 1814528 SPS: 2326  ev=0.304  ent=0.696  grad=1.52/0.50  h=5.6 c=19.0  kl=0.0125  vl=0.2493
Step: 1818624 SPS: 2326  ev=0.363  ent=0.732  grad=0.72/0.50  h=5.6 c=23.9  kl=0.0168  vl=0.2356
Step: 1822720 SPS: 2325  ev=0.278  ent=0.696  grad=1.09/0.50  h=5.5 c=16.3  kl=0.0152  vl=0.2721
Step: 1826816 SPS: 2325  ev=0.381  ent=0.695  grad=0.91/0.50  h=5.7 c=24.1  kl=0.0192  vl=0.2434
Step: 1830912 SPS: 2324  ev=0.290  ent=0.693  grad=0.80/0.50  h=5.3 c=13.1  kl=0.0221  vl=0.3165
Step: 1835008 SPS: 2323  ev=0.357  ent=0.734  grad=0.93/0.50  h=5.8 c=23.6  kl=0.0177  vl=0.2199
Step: 1839104 SPS: 2322  ev=0.262  ent=0.696  grad=1.18/0.50  h=4.7 c=8.7  kl=0.0123  vl=0.3872
Step: 1843200 SPS: 2321  ev=0.354  ent=0.696  grad=1.26/0.50  h=5.8 c=22.6  kl=0.0166  vl=0.2332
Step: 1847296 SPS: 2321  ev=0.330  ent=0.729  grad=0.83/0.50  h=5.8 c=22.7  kl=0.0114  vl=0.3172
Step: 1851392 SPS: 2321  ev=0.247  ent=0.716  grad=0.74/0.50  h=5.7 c=21.2  kl=0.0110  vl=0.2923
Step: 1855488 SPS: 2320  ev=0.401  ent=0.752  grad=0.73/0.50  h=5.8 c=23.5  kl=0.0149  vl=0.1896
Step: 1859584 SPS: 2320  ev=0.298  ent=0.716  grad=0.73/0.50  h=5.6 c=18.9  kl=0.0174  vl=0.2489
Step: 1863680 SPS: 2320  ev=0.297  ent=0.750  grad=1.20/0.50  h=5.7 c=24.3  kl=0.0162  vl=0.2147
Step: 1867776 SPS: 2320  ev=0.216  ent=0.701  grad=1.39/0.50  h=5.6 c=16.7  kl=0.0108  vl=0.2788
Step: 1871872 SPS: 2320  ev=0.399  ent=0.736  grad=0.88/0.50  h=5.8 c=24.6  kl=0.0178  vl=0.1857
Step: 1875968 SPS: 2319  ev=0.363  ent=0.733  grad=1.89/0.50  h=5.4 c=13.4  kl=0.0139  vl=0.3012
Step: 1880064 SPS: 2318  ev=0.318  ent=0.756  grad=0.79/0.50  h=5.9 c=23.8  kl=0.0162  vl=0.2104
  vs Random: 100W/0L/0D | score=45.2±21.2 inv=2.4 played=21.2 lanes=5.0 ddraw=43.0 pts=45
  Self-play: 50W/49L/1D | score=10.9±22.3 inv=2.5 played=18.3 lanes=5.0 ddraw=20.0 pts=11
Step: 1884160 SPS: 2317  ev=0.294  ent=0.683  grad=1.28/0.50  h=4.7 c=8.9  kl=0.0210  vl=0.3222
Step: 1888256 SPS: 2317  ev=0.320  ent=0.714  grad=0.87/0.50  h=5.8 c=22.9  kl=0.0140  vl=0.2105
Step: 1892352 SPS: 2315  ev=0.342  ent=0.731  grad=1.65/0.50  h=5.9 c=23.7  kl=0.0158  vl=0.3278
Step: 1896448 SPS: 2315  ev=0.321  ent=0.714  grad=1.07/0.50  h=5.7 c=21.9  kl=0.0180  vl=0.2889
Step: 1900544 SPS: 2315  ev=0.392  ent=0.725  grad=0.86/0.50  h=5.8 c=24.2  kl=0.0141  vl=0.2091
Step: 1904640 SPS: 2314  ev=0.348  ent=0.704  grad=1.54/0.50  h=5.6 c=19.8  kl=0.0159  vl=0.2563
Step: 1908736 SPS: 2315  ev=0.342  ent=0.713  grad=0.68/0.50  h=5.8 c=24.7  kl=0.0169  vl=0.2439
Step: 1912832 SPS: 2314  ev=0.274  ent=0.680  grad=0.81/0.50  h=5.5 c=16.7  kl=0.0132  vl=0.2739
Step: 1916928 SPS: 2314  ev=0.347  ent=0.707  grad=0.80/0.50  h=5.9 c=25.1  kl=0.0185  vl=0.2287
Step: 1921024 SPS: 2314  ev=0.336  ent=0.711  grad=1.44/0.50  h=5.3 c=13.4  kl=0.0135  vl=0.3049
Step: 1925120 SPS: 2314  ev=0.293  ent=0.734  grad=1.09/0.50  h=5.9 c=25.4  kl=0.0173  vl=0.2011
Step: 1929216 SPS: 2313  ev=0.327  ent=0.680  grad=0.95/0.50  h=4.6 c=8.7  kl=0.0203  vl=0.3137
Step: 1933312 SPS: 2313  ev=0.361  ent=0.690  grad=1.04/0.50  h=5.8 c=24.2  kl=0.0138  vl=0.2254
Step: 1937408 SPS: 2312  ev=0.241  ent=0.736  grad=0.73/0.50  h=5.9 c=24.1  kl=0.0166  vl=0.3653
Step: 1941504 SPS: 2311  ev=0.292  ent=0.722  grad=0.72/0.50  h=5.6 c=22.1  kl=0.0139  vl=0.2455
Step: 1945600 SPS: 2311  ev=0.408  ent=0.750  grad=0.80/0.50  h=5.8 c=24.8  kl=0.0172  vl=0.1856
Step: 1949696 SPS: 2310  ev=0.308  ent=0.719  grad=0.73/0.50  h=5.5 c=19.9  kl=0.0174  vl=0.2908
Step: 1953792 SPS: 2309  ev=0.323  ent=0.683  grad=0.74/0.50  h=5.8 c=25.3  kl=0.0185  vl=0.2596
Step: 1957888 SPS: 2309  ev=0.384  ent=0.702  grad=1.23/0.50  h=5.5 c=16.8  kl=0.0192  vl=0.2505
Step: 1961984 SPS: 2309  ev=0.427  ent=0.684  grad=0.70/0.50  h=5.7 c=25.4  kl=0.0135  vl=0.1792
  vs Random: 99W/1L/0D | score=49.4±28.2 inv=2.5 played=21.3 lanes=5.0 ddraw=38.6 pts=49
  Self-play: 46W/55L/1D | score=7.9±23.3 inv=2.7 played=18.6 lanes=5.0 ddraw=14.8 pts=8
Step: 1966080 SPS: 2308  ev=0.270  ent=0.666  grad=1.07/0.50  h=5.3 c=13.4  kl=0.0149  vl=0.3592
Step: 1970176 SPS: 2308  ev=0.263  ent=0.711  grad=1.36/0.50  h=5.8 c=25.1  kl=0.0160  vl=0.2332
Step: 1974272 SPS: 2308  ev=0.359  ent=0.702  grad=0.77/0.50  h=4.7 c=8.8  kl=0.0167  vl=0.3590
Step: 1978368 SPS: 2306  ev=0.252  ent=0.681  grad=1.81/0.50  h=5.7 c=23.9  kl=0.0156  vl=0.3109
Step: 1982464 SPS: 2306  ev=0.284  ent=0.680  grad=0.84/0.50  h=5.8 c=24.1  kl=0.0130  vl=0.3301
Step: 1986560 SPS: 2306  ev=0.301  ent=0.664  grad=1.35/0.50  h=5.6 c=22.2  kl=0.0139  vl=0.2499
Step: 1990656 SPS: 2306  ev=0.386  ent=0.690  grad=0.99/0.50  h=5.7 c=25.1  kl=0.0183  vl=0.2312
Step: 1994752 SPS: 2305  ev=0.363  ent=0.675  grad=0.73/0.50  h=5.5 c=19.3  kl=0.0124  vl=0.2163
Step: 1998848 SPS: 2305  ev=0.490  ent=0.687  grad=0.59/0.50  h=5.7 c=25.8  kl=0.0225  vl=0.1976
Step: 2002944 SPS: 2305  ev=0.292  ent=0.659  grad=0.82/0.50  h=5.5 c=16.7  kl=0.0136  vl=0.2602
Step: 2007040 SPS: 2305  ev=0.340  ent=0.688  grad=1.06/0.50  h=5.7 c=25.6  kl=0.0186  vl=0.2061
Step: 2011136 SPS: 2305  ev=0.389  ent=0.673  grad=1.73/0.50  h=5.3 c=13.4  kl=0.0156  vl=0.2910
Step: 2015232 SPS: 2305  ev=0.383  ent=0.687  grad=1.44/0.50  h=5.8 c=25.3  kl=0.0202  vl=0.2153
Step: 2019328 SPS: 2305  ev=0.341  ent=0.674  grad=0.97/0.50  h=4.7 c=8.8  kl=0.0210  vl=0.2556
Step: 2023424 SPS: 2305  ev=0.266  ent=0.675  grad=0.79/0.50  h=5.7 c=24.2  kl=0.0154  vl=0.2603
Step: 2027520 SPS: 2305  ev=0.323  ent=0.703  grad=0.99/0.50  h=5.7 c=24.8  kl=0.0139  vl=0.3222
Step: 2031616 SPS: 2306  ev=0.289  ent=0.689  grad=1.25/0.50  h=5.6 c=22.5  kl=0.0156  vl=0.2318
Step: 2035712 SPS: 2306  ev=0.367  ent=0.696  grad=0.74/0.50  h=5.7 c=25.8  kl=0.0152  vl=0.2160
Step: 2039808 SPS: 2307  ev=0.376  ent=0.689  grad=1.14/0.50  h=5.6 c=20.2  kl=0.0159  vl=0.2596
Step: 2043904 SPS: 2307  ev=0.403  ent=0.703  grad=0.70/0.50  h=5.7 c=26.9  kl=0.0184  vl=0.2220
  vs Random: 100W/0L/0D | score=49.8±27.2 inv=2.5 played=21.5 lanes=5.0 ddraw=37.6 pts=50
  Self-play: 41W/59L/0D | score=6.6±21.8 inv=2.7 played=18.3 lanes=5.0 ddraw=17.2 pts=7
Step: 2048000 SPS: 2306  ev=0.300  ent=0.675  grad=1.47/0.50  h=5.6 c=17.4  kl=0.0189  vl=0.3084
Step: 2052096 SPS: 2306  ev=0.406  ent=0.697  grad=0.90/0.50  h=5.7 c=27.0  kl=0.0169  vl=0.1897
Step: 2056192 SPS: 2306  ev=0.376  ent=0.683  grad=1.00/0.50  h=5.4 c=13.7  kl=0.0138  vl=0.2560
Step: 2060288 SPS: 2306  ev=0.333  ent=0.690  grad=0.71/0.50  h=5.8 c=26.3  kl=0.0154  vl=0.2206
Step: 2064384 SPS: 2307  ev=0.353  ent=0.705  grad=1.13/0.50  h=4.7 c=8.9  kl=0.0147  vl=0.2704
Step: 2068480 SPS: 2308  ev=0.353  ent=0.694  grad=0.82/0.50  h=5.8 c=24.8  kl=0.0198  vl=0.2261
Step: 2072576 SPS: 2308  ev=0.306  ent=0.698  grad=1.30/0.50  h=5.8 c=26.5  kl=0.0123  vl=0.3314
Step: 2076672 SPS: 2308  ev=0.211  ent=0.683  grad=1.50/0.50  h=5.7 c=22.4  kl=0.0147  vl=0.2873
Step: 2080768 SPS: 2309  ev=0.385  ent=0.696  grad=0.71/0.50  h=5.7 c=26.3  kl=0.0130  vl=0.2301
Step: 2084864 SPS: 2309  ev=0.348  ent=0.676  grad=1.08/0.50  h=5.7 c=20.0  kl=0.0141  vl=0.2435
Step: 2088960 SPS: 2309  ev=0.342  ent=0.702  grad=2.33/0.50  h=5.7 c=27.2  kl=0.0159  vl=0.2880
Step: 2093056 SPS: 2309  ev=0.398  ent=0.710  grad=1.51/0.50  h=5.6 c=17.2  kl=0.0139  vl=0.2599
Step: 2097152 SPS: 2309  ev=0.415  ent=0.686  grad=2.04/0.50  h=5.8 c=26.7  kl=0.0123  vl=0.2175
Step: 2101248 SPS: 2309  ev=0.312  ent=0.667  grad=0.88/0.50  h=5.5 c=13.7  kl=0.0182  vl=0.3274
Step: 2105344 SPS: 2309  ev=0.319  ent=0.725  grad=0.94/0.50  h=5.8 c=26.1  kl=0.0114  vl=0.2022
Step: 2109440 SPS: 2309  ev=0.378  ent=0.694  grad=0.99/0.50  h=4.8 c=9.0  kl=0.0159  vl=0.2372
Step: 2113536 SPS: 2309  ev=0.375  ent=0.708  grad=1.85/0.50  h=5.8 c=24.0  kl=0.0136  vl=0.1890
Step: 2117632 SPS: 2309  ev=0.352  ent=0.727  grad=0.83/0.50  h=5.8 c=24.9  kl=0.0132  vl=0.2502
Step: 2121728 SPS: 2309  ev=0.333  ent=0.711  grad=0.89/0.50  h=5.9 c=22.3  kl=0.0149  vl=0.1844
Step: 2125824 SPS: 2309  ev=0.354  ent=0.707  grad=0.73/0.50  h=5.8 c=25.8  kl=0.0158  vl=0.2230
  vs Random: 100W/0L/0D | score=49.3±25.9 inv=2.5 played=21.5 lanes=5.0 ddraw=44.9 pts=49
  Self-play: 51W/47L/2D | score=9.5±25.5 inv=2.8 played=18.6 lanes=5.0 ddraw=20.0 pts=9
Step: 2129920 SPS: 2308  ev=0.275  ent=0.661  grad=0.68/0.50  h=5.8 c=20.0  kl=0.0152  vl=0.2941
Step: 2134016 SPS: 2309  ev=0.361  ent=0.703  grad=0.86/0.50  h=5.8 c=26.2  kl=0.0209  vl=0.1901
Step: 2138112 SPS: 2309  ev=0.304  ent=0.651  grad=1.13/0.50  h=5.7 c=17.5  kl=0.0156  vl=0.3193
Step: 2142208 SPS: 2309  ev=0.374  ent=0.705  grad=0.82/0.50  h=5.8 c=25.8  kl=0.0152  vl=0.2258
Step: 2146304 SPS: 2310  ev=0.298  ent=0.683  grad=0.76/0.50  h=5.5 c=14.0  kl=0.0151  vl=0.2508
Step: 2150400 SPS: 2310  ev=0.330  ent=0.667  grad=0.77/0.50  h=5.9 c=25.2  kl=0.0139  vl=0.2127
Step: 2154496 SPS: 2311  ev=0.313  ent=0.674  grad=1.27/0.50  h=4.8 c=9.2  kl=0.0113  vl=0.2858
Step: 2158592 SPS: 2311  ev=0.338  ent=0.709  grad=1.05/0.50  h=5.9 c=24.1  kl=0.0117  vl=0.2150
Step: 2162688 SPS: 2311  ev=0.314  ent=0.695  grad=1.13/0.50  h=5.8 c=23.4  kl=0.0180  vl=0.3472
Step: 2166784 SPS: 2311  ev=0.296  ent=0.657  grad=0.66/0.50  h=5.8 c=22.7  kl=0.0149  vl=0.2740
Step: 2170880 SPS: 2311  ev=0.366  ent=0.708  grad=0.85/0.50  h=5.8 c=25.0  kl=0.0172  vl=0.2784
Step: 2174976 SPS: 2311  ev=0.297  ent=0.685  grad=0.81/0.50  h=5.7 c=20.3  kl=0.0131  vl=0.2589
Step: 2179072 SPS: 2312  ev=0.398  ent=0.728  grad=0.86/0.50  h=5.7 c=25.7  kl=0.0191  vl=0.2020
Step: 2183168 SPS: 2311  ev=0.350  ent=0.671  grad=1.70/0.50  h=5.6 c=17.7  kl=0.0144  vl=0.2109
Step: 2187264 SPS: 2312  ev=0.359  ent=0.686  grad=0.76/0.50  h=5.7 c=26.4  kl=0.0204  vl=0.1973
Step: 2191360 SPS: 2311  ev=0.295  ent=0.648  grad=1.27/0.50  h=5.4 c=14.0  kl=0.0175  vl=0.2824
Step: 2195456 SPS: 2312  ev=0.325  ent=0.665  grad=0.85/0.50  h=5.8 c=25.9  kl=0.0172  vl=0.2010
Step: 2199552 SPS: 2312  ev=0.252  ent=0.687  grad=1.12/0.50  h=4.8 c=9.1  kl=0.0153  vl=0.3167
Step: 2203648 SPS: 2312  ev=0.335  ent=0.699  grad=1.16/0.50  h=5.8 c=25.3  kl=0.0170  vl=0.2547
Step: 2207744 SPS: 2312  ev=0.327  ent=0.713  grad=1.47/0.50  h=5.7 c=24.8  kl=0.0174  vl=0.3469
  vs Random: 100W/0L/0D | score=54.8±33.9 inv=2.6 played=21.7 lanes=5.0 ddraw=43.6 pts=55
  Self-play: 46W/52L/2D | score=10.9±26.0 inv=2.8 played=18.9 lanes=5.0 ddraw=18.6 pts=11
Step: 2211840 SPS: 2312  ev=0.318  ent=0.684  grad=1.47/0.50  h=5.8 c=23.8  kl=0.0197  vl=0.2080
Step: 2215936 SPS: 2313  ev=0.368  ent=0.711  grad=1.49/0.50  h=5.7 c=26.3  kl=0.0135  vl=0.2542
Step: 2220032 SPS: 2313  ev=0.317  ent=0.662  grad=0.97/0.50  h=5.7 c=21.2  kl=0.0125  vl=0.2381
Step: 2224128 SPS: 2313  ev=0.379  ent=0.681  grad=1.00/0.50  h=5.7 c=26.2  kl=0.0160  vl=0.2418
Step: 2228224 SPS: 2313  ev=0.267  ent=0.641  grad=0.81/0.50  h=5.6 c=17.8  kl=0.0130  vl=0.2496
Step: 2232320 SPS: 2313  ev=0.277  ent=0.707  grad=0.84/0.50  h=5.7 c=27.1  kl=0.0153  vl=0.2207
Step: 2236416 SPS: 2313  ev=0.341  ent=0.663  grad=0.89/0.50  h=5.4 c=13.9  kl=0.0206  vl=0.3281
Step: 2240512 SPS: 2313  ev=0.249  ent=0.721  grad=1.38/0.50  h=5.7 c=26.7  kl=0.0183  vl=0.2306
Step: 2244608 SPS: 2313  ev=0.354  ent=0.681  grad=1.70/0.50  h=4.7 c=9.1  kl=0.0154  vl=0.2970
Step: 2248704 SPS: 2313  ev=0.262  ent=0.671  grad=1.06/0.50  h=5.7 c=25.8  kl=0.0175  vl=0.2485
Step: 2252800 SPS: 2313  ev=0.291  ent=0.697  grad=1.29/0.50  h=5.7 c=24.2  kl=0.0160  vl=0.3304
Step: 2256896 SPS: 2313  ev=0.315  ent=0.687  grad=1.17/0.50  h=5.8 c=23.7  kl=0.0153  vl=0.2337
Terminated
[lr1e4] done 2026-06-06 12:02:54 exit=0
