[lr5e5] lr=5e-5 gpu=0 start 2026-06-06 11:44:08
wandb: [wandb.login()] Loaded credentials for https://api.wandb.ai from /home/zzhang18/.netrc.
wandb: Currently logged in as: nchen3 (ningcong-chen) to https://api.wandb.ai. Use `wandb login --relogin` to force relogin
wandb: Tracking run with wandb version 0.25.1
wandb: Run data is saved locally in /home/zzhang18/nchen3/eco/wandb/run-20260606_114411-a9u0daim
wandb: Run `wandb offline` to turn off syncing.
wandb: Syncing run lc__lc_ppo_fixedlr_lr5e5__1__1780760651
wandb: ⭐️ View project at https://wandb.ai/ningcong-chen/ppo-eco
wandb: 🚀 View run at https://wandb.ai/ningcong-chen/ppo-eco/runs/a9u0daim
Agent params: 2,243,161
Loaded pretrained model from model/lc_ppo_from_dense_scorediff/pretrained.pkt
/home/zzhang18/nchen3/eco/game/lc/batch_stepper.py:144: NumbaTypeSafetyWarning: [1m[1m[1munsafe cast from uint64 to int64. Precision may be lost.[0m[0m[0m
  s = states[i]
Step: 4096 SPS: 493  ev=-0.227  ent=1.092  grad=3.15/0.50  h=4.4 c=8.6  kl=0.0183  vl=14.8964
Step: 8192 SPS: 811  ev=-6.725  ent=1.285  grad=0.12/0.12  h=5.2 c=10.1  kl=0.0491  vl=12.2918
Step: 12288 SPS: 1030  ev=-0.181  ent=1.136  grad=2.57/0.50  h=4.4 c=8.7  kl=0.0157  vl=9.3752
Step: 16384 SPS: 1197  ev=-7.450  ent=1.270  grad=0.34/0.34  h=5.3 c=11.0  kl=0.0754  vl=7.0163
Step: 20480 SPS: 1319  ev=-0.371  ent=1.093  grad=4.56/0.50  h=4.4 c=8.7  kl=0.0150  vl=3.9139
Step: 24576 SPS: 1426  ev=-6.521  ent=1.241  grad=0.13/0.13  h=5.5 c=11.8  kl=0.0703  vl=4.1801
Step: 28672 SPS: 1522  ev=-0.438  ent=1.131  grad=1.68/0.50  h=4.4 c=8.3  kl=0.0167  vl=2.3613
Step: 32768 SPS: 1600  ev=-3.046  ent=1.303  grad=0.81/0.50  h=5.8 c=12.9  kl=0.0483  vl=2.5854
Step: 36864 SPS: 1674  ev=-0.553  ent=1.245  grad=0.37/0.37  h=3.9 c=6.5  kl=0.0229  vl=0.9058
Step: 40960 SPS: 1726  ev=-1.208  ent=1.283  grad=0.63/0.50  h=6.0 c=13.9  kl=0.0300  vl=1.0998
Step: 45056 SPS: 1761  ev=-0.217  ent=1.328  grad=0.64/0.50  h=6.6 c=16.8  kl=0.0102  vl=0.5180
Step: 49152 SPS: 1790  ev=-0.184  ent=1.294  grad=1.35/0.50  h=6.0 c=14.3  kl=0.0153  vl=0.5990
Step: 53248 SPS: 1816  ev=0.084  ent=1.308  grad=0.22/0.22  h=6.6 c=17.1  kl=0.0076  vl=0.2440
Step: 57344 SPS: 1846  ev=0.120  ent=1.346  grad=1.73/0.50  h=6.1 c=14.3  kl=0.0193  vl=0.3286
Step: 61440 SPS: 1876  ev=0.301  ent=1.387  grad=0.34/0.34  h=6.6 c=17.4  kl=0.0029  vl=0.1824
Step: 65536 SPS: 1906  ev=0.211  ent=1.284  grad=0.37/0.37  h=6.1 c=13.8  kl=0.0035  vl=0.2980
Step: 69632 SPS: 1937  ev=0.293  ent=1.419  grad=0.58/0.50  h=6.5 c=17.3  kl=0.0021  vl=0.2038
Step: 73728 SPS: 1955  ev=0.277  ent=1.290  grad=0.77/0.50  h=5.9 c=12.1  kl=0.0019  vl=0.3182
Step: 77824 SPS: 1965  ev=0.330  ent=1.338  grad=0.57/0.50  h=6.5 c=17.3  kl=0.0028  vl=0.2203
  vs Random: 96W/4L/0D | score=26.6±35.3 inv=3.6 played=19.4 lanes=5.0 ddraw=32.1 pts=27
  Self-play: 45W/55L/0D | score=-11.7±21.8 inv=3.1 played=15.9 lanes=5.0 ddraw=28.9 pts=-12
Step: 81920 SPS: 1971  ev=0.254  ent=1.308  grad=0.24/0.24  h=5.0 c=8.3  kl=0.0035  vl=0.3102
Step: 86016 SPS: 1990  ev=0.345  ent=1.307  grad=0.27/0.27  h=6.5 c=17.0  kl=0.0018  vl=0.1883
Step: 90112 SPS: 2007  ev=0.294  ent=1.340  grad=0.64/0.50  h=6.6 c=18.0  kl=0.0008  vl=0.3099
Step: 94208 SPS: 2025  ev=0.332  ent=1.337  grad=0.50/0.50  h=6.4 c=16.4  kl=0.0020  vl=0.2371
Step: 98304 SPS: 2041  ev=0.428  ent=1.285  grad=1.32/0.50  h=6.6 c=17.8  kl=0.0020  vl=0.1615
Step: 102400 SPS: 2055  ev=0.274  ent=1.304  grad=0.83/0.50  h=6.4 c=15.7  kl=0.0145  vl=0.3164
Step: 106496 SPS: 2069  ev=0.332  ent=1.294  grad=1.03/0.50  h=6.5 c=17.4  kl=0.0097  vl=0.1617
Step: 110592 SPS: 2071  ev=0.372  ent=1.255  grad=1.14/0.50  h=6.2 c=14.3  kl=0.0091  vl=0.2749
Step: 114688 SPS: 2075  ev=0.379  ent=1.330  grad=1.50/0.50  h=6.4 c=17.2  kl=0.0145  vl=0.2404
Step: 118784 SPS: 2079  ev=0.316  ent=1.295  grad=0.90/0.50  h=5.9 c=11.9  kl=0.0117  vl=0.3305
Step: 122880 SPS: 2086  ev=0.273  ent=1.314  grad=1.35/0.50  h=6.3 c=16.6  kl=0.0099  vl=0.2271
Step: 126976 SPS: 2096  ev=0.282  ent=1.281  grad=1.23/0.50  h=5.0 c=8.3  kl=0.0114  vl=0.3129
Step: 131072 SPS: 2112  ev=0.245  ent=1.326  grad=0.98/0.50  h=6.3 c=16.3  kl=0.0114  vl=0.2716
Step: 135168 SPS: 2123  ev=0.344  ent=1.299  grad=1.95/0.50  h=6.4 c=17.3  kl=0.0094  vl=0.3181
Step: 139264 SPS: 2136  ev=0.205  ent=1.227  grad=1.20/0.50  h=6.3 c=15.9  kl=0.0084  vl=0.3335
Step: 143360 SPS: 2143  ev=0.372  ent=1.214  grad=0.92/0.50  h=6.3 c=16.9  kl=0.0112  vl=0.1895
Step: 147456 SPS: 2150  ev=0.269  ent=1.187  grad=1.45/0.50  h=6.1 c=15.0  kl=0.0077  vl=0.2556
Step: 151552 SPS: 2149  ev=0.348  ent=1.207  grad=0.82/0.50  h=6.2 c=16.6  kl=0.0110  vl=0.2253
Step: 155648 SPS: 2149  ev=0.307  ent=1.209  grad=2.12/0.50  h=6.0 c=13.7  kl=0.0100  vl=0.2831
Step: 159744 SPS: 2152  ev=0.361  ent=1.227  grad=0.93/0.50  h=6.2 c=16.8  kl=0.0087  vl=0.1786
  vs Random: 99W/0L/1D | score=29.0±26.4 inv=2.9 played=18.8 lanes=5.0 ddraw=20.2 pts=29
  Self-play: 49W/51L/0D | score=-5.0±29.9 inv=2.6 played=16.0 lanes=5.0 ddraw=13.0 pts=-5
Step: 163840 SPS: 2159  ev=0.307  ent=1.218  grad=1.06/0.50  h=5.8 c=11.8  kl=0.0071  vl=0.2989
Step: 167936 SPS: 2164  ev=0.293  ent=1.207  grad=1.53/0.50  h=6.3 c=16.8  kl=0.0070  vl=0.1988
Step: 172032 SPS: 2167  ev=0.319  ent=1.213  grad=1.06/0.50  h=5.0 c=8.3  kl=0.0088  vl=0.3106
Step: 176128 SPS: 2169  ev=0.310  ent=1.169  grad=1.06/0.50  h=6.2 c=16.7  kl=0.0081  vl=0.2519
Step: 180224 SPS: 2170  ev=0.291  ent=1.180  grad=1.34/0.50  h=6.3 c=17.4  kl=0.0074  vl=0.3439
Step: 184320 SPS: 2174  ev=0.197  ent=1.178  grad=1.00/0.50  h=6.2 c=16.2  kl=0.0080  vl=0.2797
Step: 188416 SPS: 2180  ev=0.433  ent=1.165  grad=1.08/0.50  h=6.3 c=17.4  kl=0.0081  vl=0.1962
Step: 192512 SPS: 2187  ev=0.281  ent=1.131  grad=1.81/0.50  h=6.2 c=15.5  kl=0.0088  vl=0.2957
Step: 196608 SPS: 2195  ev=0.420  ent=1.163  grad=1.00/0.50  h=6.3 c=17.5  kl=0.0102  vl=0.2119
Step: 200704 SPS: 2202  ev=0.260  ent=1.204  grad=3.10/0.50  h=6.0 c=14.0  kl=0.0095  vl=0.3518
Step: 204800 SPS: 2207  ev=0.293  ent=1.159  grad=1.71/0.50  h=6.3 c=17.3  kl=0.0090  vl=0.2148
Step: 208896 SPS: 2209  ev=0.332  ent=1.147  grad=1.15/0.50  h=5.8 c=11.9  kl=0.0076  vl=0.3025
Step: 212992 SPS: 2213  ev=0.377  ent=1.152  grad=0.98/0.50  h=6.2 c=17.4  kl=0.0109  vl=0.2366
Step: 217088 SPS: 2215  ev=0.323  ent=1.155  grad=1.53/0.50  h=4.9 c=8.2  kl=0.0076  vl=0.3149
Step: 221184 SPS: 2219  ev=0.304  ent=1.110  grad=1.52/0.50  h=6.2 c=17.1  kl=0.0089  vl=0.2444
Step: 225280 SPS: 2225  ev=0.291  ent=1.149  grad=1.38/0.50  h=6.3 c=17.4  kl=0.0069  vl=0.2865
Step: 229376 SPS: 2232  ev=0.204  ent=1.121  grad=1.47/0.50  h=6.1 c=16.3  kl=0.0093  vl=0.2572
Step: 233472 SPS: 2237  ev=0.352  ent=1.144  grad=1.19/0.50  h=6.2 c=17.1  kl=0.0102  vl=0.2355
Step: 237568 SPS: 2240  ev=0.254  ent=1.087  grad=1.28/0.50  h=6.1 c=15.3  kl=0.0091  vl=0.2724
Step: 241664 SPS: 2243  ev=0.334  ent=1.124  grad=1.13/0.50  h=6.2 c=17.3  kl=0.0084  vl=0.1927
  vs Random: 100W/0L/0D | score=41.7±29.6 inv=3.3 played=20.4 lanes=5.0 ddraw=19.8 pts=42
  Self-play: 51W/51L/0D | score=-0.9±23.4 inv=2.5 played=16.5 lanes=4.9 ddraw=9.4 pts=-1
Step: 245760 SPS: 2245  ev=0.260  ent=1.054  grad=1.20/0.50  h=6.0 c=14.0  kl=0.0069  vl=0.3128
Step: 249856 SPS: 2248  ev=0.380  ent=1.100  grad=1.04/0.50  h=6.2 c=17.3  kl=0.0103  vl=0.1721
Step: 253952 SPS: 2248  ev=0.325  ent=1.087  grad=1.62/0.50  h=5.7 c=11.8  kl=0.0068  vl=0.2515
Step: 258048 SPS: 2249  ev=0.334  ent=1.103  grad=0.88/0.50  h=6.1 c=17.0  kl=0.0077  vl=0.1959
Step: 262144 SPS: 2249  ev=0.310  ent=1.071  grad=0.98/0.50  h=4.8 c=8.0  kl=0.0064  vl=0.3112
Step: 266240 SPS: 2247  ev=0.346  ent=1.110  grad=1.13/0.50  h=6.1 c=16.9  kl=0.0091  vl=0.1910
Step: 270336 SPS: 2248  ev=0.254  ent=1.181  grad=1.53/0.50  h=6.3 c=17.4  kl=0.0090  vl=0.3231
Step: 274432 SPS: 2248  ev=0.258  ent=1.099  grad=1.64/0.50  h=6.1 c=16.3  kl=0.0091  vl=0.2953
Step: 278528 SPS: 2246  ev=0.374  ent=1.097  grad=1.10/0.50  h=6.2 c=17.3  kl=0.0062  vl=0.1895
Step: 282624 SPS: 2246  ev=0.223  ent=1.063  grad=0.86/0.50  h=6.0 c=15.5  kl=0.0091  vl=0.3002
Step: 286720 SPS: 2248  ev=0.387  ent=1.117  grad=0.96/0.50  h=6.2 c=17.6  kl=0.0077  vl=0.1903
Step: 290816 SPS: 2250  ev=0.331  ent=1.126  grad=0.99/0.50  h=5.9 c=14.1  kl=0.0087  vl=0.2832
Step: 294912 SPS: 2253  ev=0.391  ent=1.055  grad=1.72/0.50  h=6.1 c=17.6  kl=0.0103  vl=0.2378
Step: 299008 SPS: 2255  ev=0.390  ent=1.066  grad=1.15/0.50  h=5.6 c=11.9  kl=0.0082  vl=0.3053
Step: 303104 SPS: 2259  ev=0.365  ent=1.115  grad=1.32/0.50  h=6.2 c=17.6  kl=0.0099  vl=0.2464
Step: 307200 SPS: 2262  ev=0.305  ent=1.034  grad=1.11/0.50  h=4.7 c=8.0  kl=0.0059  vl=0.3019
Step: 311296 SPS: 2268  ev=0.339  ent=1.076  grad=1.00/0.50  h=6.1 c=17.0  kl=0.0088  vl=0.2092
Step: 315392 SPS: 2273  ev=0.327  ent=1.094  grad=1.40/0.50  h=6.2 c=17.7  kl=0.0083  vl=0.3059
Step: 319488 SPS: 2271  ev=0.283  ent=1.025  grad=2.07/0.50  h=6.0 c=16.4  kl=0.0081  vl=0.2763
Step: 323584 SPS: 2269  ev=0.382  ent=1.066  grad=2.14/0.50  h=6.2 c=17.6  kl=0.0099  vl=0.2259
  vs Random: 100W/0L/0D | score=47.2±24.9 inv=3.2 played=21.1 lanes=5.0 ddraw=22.9 pts=47
  Self-play: 52W/47L/1D | score=6.3±30.0 inv=2.3 played=16.9 lanes=4.9 ddraw=10.8 pts=6
Step: 327680 SPS: 2270  ev=0.282  ent=1.020  grad=2.15/0.50  h=5.9 c=15.4  kl=0.0063  vl=0.3020
Step: 331776 SPS: 2271  ev=0.401  ent=1.083  grad=0.88/0.50  h=6.2 c=17.9  kl=0.0096  vl=0.2231
Step: 335872 SPS: 2272  ev=0.321  ent=1.030  grad=1.09/0.50  h=5.8 c=14.0  kl=0.0065  vl=0.2261
Step: 339968 SPS: 2275  ev=0.331  ent=1.092  grad=1.12/0.50  h=6.1 c=17.7  kl=0.0099  vl=0.2120
Step: 344064 SPS: 2276  ev=0.261  ent=1.062  grad=0.99/0.50  h=5.5 c=11.6  kl=0.0066  vl=0.2926
Step: 348160 SPS: 2277  ev=0.224  ent=1.091  grad=1.53/0.50  h=6.1 c=17.6  kl=0.0084  vl=0.2547
Step: 352256 SPS: 2276  ev=0.303  ent=1.094  grad=1.22/0.50  h=4.7 c=7.9  kl=0.0057  vl=0.2868
Step: 356352 SPS: 2276  ev=0.357  ent=1.075  grad=1.14/0.50  h=6.0 c=16.8  kl=0.0085  vl=0.2219
Step: 360448 SPS: 2275  ev=0.301  ent=1.123  grad=1.09/0.50  h=6.2 c=17.5  kl=0.0076  vl=0.3723
Step: 364544 SPS: 2275  ev=0.265  ent=1.006  grad=1.09/0.50  h=5.9 c=16.1  kl=0.0058  vl=0.2661
Step: 368640 SPS: 2277  ev=0.435  ent=1.052  grad=1.02/0.50  h=6.1 c=17.6  kl=0.0074  vl=0.1954
Step: 372736 SPS: 2276  ev=0.293  ent=1.026  grad=1.81/0.50  h=5.8 c=15.2  kl=0.0094  vl=0.3226
Step: 376832 SPS: 2277  ev=0.440  ent=1.045  grad=0.83/0.50  h=6.1 c=17.6  kl=0.0088  vl=0.1783
Step: 380928 SPS: 2276  ev=0.354  ent=1.046  grad=1.55/0.50  h=5.7 c=13.7  kl=0.0073  vl=0.2643
Step: 385024 SPS: 2276  ev=0.442  ent=1.054  grad=1.01/0.50  h=6.1 c=17.4  kl=0.0069  vl=0.2088
Step: 389120 SPS: 2277  ev=0.323  ent=1.041  grad=1.51/0.50  h=5.4 c=11.4  kl=0.0102  vl=0.2750
Step: 393216 SPS: 2288  ev=0.333  ent=1.021  grad=0.93/0.50  h=6.0 c=17.1  kl=0.0091  vl=0.2300
Step: 397312 SPS: 2298  ev=0.328  ent=1.076  grad=1.04/0.50  h=4.6 c=7.7  kl=0.0074  vl=0.3246
Step: 401408 SPS: 2299  ev=0.341  ent=1.026  grad=1.35/0.50  h=5.9 c=16.6  kl=0.0090  vl=0.2140
Step: 405504 SPS: 2305  ev=0.342  ent=1.022  grad=1.86/0.50  h=6.1 c=17.5  kl=0.0061  vl=0.3412
  vs Random: 100W/0L/0D | score=50.4±25.8 inv=3.5 played=21.7 lanes=5.0 ddraw=22.5 pts=50
  Self-play: 49W/49L/3D | score=1.0±27.4 inv=3.0 played=17.4 lanes=4.9 ddraw=9.1 pts=1
Step: 409600 SPS: 2309  ev=0.236  ent=1.023  grad=1.52/0.50  h=5.9 c=15.9  kl=0.0069  vl=0.2675
Step: 413696 SPS: 2310  ev=0.420  ent=1.059  grad=1.03/0.50  h=6.1 c=17.5  kl=0.0092  vl=0.1539
Step: 417792 SPS: 2313  ev=0.297  ent=1.003  grad=1.46/0.50  h=5.7 c=15.1  kl=0.0076  vl=0.2666
Step: 421888 SPS: 2315  ev=0.396  ent=1.057  grad=1.45/0.50  h=6.1 c=17.3  kl=0.0086  vl=0.1880
Step: 425984 SPS: 2321  ev=0.215  ent=0.953  grad=1.25/0.50  h=5.6 c=13.3  kl=0.0062  vl=0.3263
Step: 430080 SPS: 2325  ev=0.379  ent=0.971  grad=1.12/0.50  h=6.0 c=17.3  kl=0.0079  vl=0.1938
Step: 434176 SPS: 2327  ev=0.287  ent=0.962  grad=1.90/0.50  h=5.4 c=11.3  kl=0.0066  vl=0.2675
Step: 438272 SPS: 2330  ev=0.352  ent=0.965  grad=1.73/0.50  h=6.0 c=17.2  kl=0.0080  vl=0.2141
Step: 442368 SPS: 2330  ev=0.312  ent=0.976  grad=1.37/0.50  h=4.6 c=7.8  kl=0.0066  vl=0.2861
Step: 446464 SPS: 2331  ev=0.201  ent=0.962  grad=1.12/0.50  h=5.9 c=16.7  kl=0.0066  vl=0.2550
Step: 450560 SPS: 2334  ev=0.337  ent=0.975  grad=0.94/0.50  h=6.1 c=17.9  kl=0.0066  vl=0.3410
Step: 454656 SPS: 2336  ev=0.305  ent=0.947  grad=0.98/0.50  h=5.9 c=16.2  kl=0.0086  vl=0.2547
Step: 458752 SPS: 2339  ev=0.420  ent=0.956  grad=1.43/0.50  h=6.1 c=17.7  kl=0.0069  vl=0.1979
Step: 462848 SPS: 2344  ev=0.266  ent=0.937  grad=1.86/0.50  h=5.7 c=15.3  kl=0.0056  vl=0.2614
Step: 466944 SPS: 2345  ev=0.366  ent=0.973  grad=1.42/0.50  h=6.0 c=17.9  kl=0.0074  vl=0.2108
Step: 471040 SPS: 2346  ev=0.289  ent=0.942  grad=1.93/0.50  h=5.6 c=13.8  kl=0.0071  vl=0.2851
Step: 475136 SPS: 2346  ev=0.356  ent=0.963  grad=1.21/0.50  h=6.0 c=17.5  kl=0.0071  vl=0.2262
Step: 479232 SPS: 2345  ev=0.278  ent=0.861  grad=1.65/0.50  h=5.4 c=11.4  kl=0.0074  vl=0.3858
Step: 483328 SPS: 2346  ev=0.317  ent=0.942  grad=1.72/0.50  h=5.9 c=17.4  kl=0.0080  vl=0.2566
Step: 487424 SPS: 2345  ev=0.306  ent=0.937  grad=1.21/0.50  h=4.5 c=7.7  kl=0.0063  vl=0.2681
  vs Random: 100W/0L/0D | score=52.9±29.1 inv=3.4 played=21.7 lanes=5.0 ddraw=21.6 pts=53
  Self-play: 60W/38L/2D | score=13.2±29.0 inv=2.6 played=17.6 lanes=4.8 ddraw=9.0 pts=13
Step: 491520 SPS: 2344  ev=0.253  ent=0.947  grad=0.86/0.50  h=5.9 c=17.3  kl=0.0090  vl=0.2489
Step: 495616 SPS: 2344  ev=0.304  ent=0.955  grad=0.95/0.50  h=6.1 c=18.5  kl=0.0055  vl=0.3244
Step: 499712 SPS: 2343  ev=0.189  ent=0.877  grad=0.98/0.50  h=5.8 c=16.3  kl=0.0079  vl=0.2832
Step: 503808 SPS: 2341  ev=0.447  ent=0.928  grad=1.17/0.50  h=6.0 c=18.5  kl=0.0076  vl=0.1902
Step: 507904 SPS: 2338  ev=0.238  ent=0.892  grad=1.25/0.50  h=5.7 c=15.2  kl=0.0074  vl=0.2422
Step: 512000 SPS: 2336  ev=0.362  ent=0.929  grad=1.40/0.50  h=6.0 c=18.3  kl=0.0078  vl=0.2320
Step: 516096 SPS: 2334  ev=0.288  ent=0.872  grad=1.04/0.50  h=5.6 c=13.9  kl=0.0054  vl=0.2475
Step: 520192 SPS: 2335  ev=0.324  ent=0.926  grad=1.67/0.50  h=6.0 c=18.1  kl=0.0083  vl=0.2015
Step: 524288 SPS: 2335  ev=0.326  ent=0.874  grad=1.26/0.50  h=5.4 c=11.5  kl=0.0072  vl=0.2704
Step: 528384 SPS: 2336  ev=0.369  ent=0.901  grad=1.01/0.50  h=5.9 c=17.5  kl=0.0076  vl=0.1954
Step: 532480 SPS: 2337  ev=0.369  ent=0.890  grad=2.46/0.50  h=4.6 c=7.8  kl=0.0059  vl=0.3400
Step: 536576 SPS: 2338  ev=0.294  ent=0.892  grad=0.89/0.50  h=5.8 c=16.8  kl=0.0078  vl=0.2149
Step: 540672 SPS: 2335  ev=0.301  ent=0.838  grad=1.27/0.50  h=6.1 c=18.5  kl=0.0077  vl=0.3174
Step: 544768 SPS: 2333  ev=0.355  ent=0.850  grad=1.15/0.50  h=5.7 c=16.1  kl=0.0058  vl=0.2140
Step: 548864 SPS: 2333  ev=0.418  ent=0.899  grad=1.10/0.50  h=6.0 c=18.2  kl=0.0089  vl=0.2065
Step: 552960 SPS: 2332  ev=0.340  ent=0.869  grad=2.13/0.50  h=5.6 c=15.1  kl=0.0075  vl=0.2752
Step: 557056 SPS: 2328  ev=0.369  ent=0.887  grad=1.21/0.50  h=5.9 c=18.1  kl=0.0085  vl=0.2331
Step: 561152 SPS: 2326  ev=0.305  ent=0.904  grad=0.84/0.50  h=5.6 c=13.7  kl=0.0069  vl=0.2357
Step: 565248 SPS: 2324  ev=0.384  ent=0.892  grad=1.68/0.50  h=5.9 c=17.8  kl=0.0064  vl=0.2137
Step: 569344 SPS: 2324  ev=0.252  ent=0.865  grad=1.86/0.50  h=5.4 c=11.4  kl=0.0057  vl=0.3181
  vs Random: 100W/0L/0D | score=51.6±30.0 inv=3.5 played=21.9 lanes=5.0 ddraw=25.7 pts=52
  Self-play: 53W/51L/0D | score=3.0±24.4 inv=2.8 played=18.0 lanes=5.0 ddraw=11.8 pts=3
Step: 573440 SPS: 2325  ev=0.366  ent=0.846  grad=1.77/0.50  h=5.9 c=17.6  kl=0.0085  vl=0.2504
Step: 577536 SPS: 2325  ev=0.314  ent=0.865  grad=1.09/0.50  h=4.6 c=7.7  kl=0.0063  vl=0.3400
Step: 581632 SPS: 2325  ev=0.238  ent=0.864  grad=1.14/0.50  h=5.8 c=17.1  kl=0.0071  vl=0.2582
Step: 585728 SPS: 2325  ev=0.336  ent=0.869  grad=1.37/0.50  h=6.1 c=18.8  kl=0.0083  vl=0.3164
Step: 589824 SPS: 2325  ev=0.297  ent=0.830  grad=1.29/0.50  h=5.7 c=16.2  kl=0.0065  vl=0.2393
Step: 593920 SPS: 2325  ev=0.362  ent=0.903  grad=1.06/0.50  h=6.0 c=18.7  kl=0.0072  vl=0.2277
Step: 598016 SPS: 2324  ev=0.346  ent=0.824  grad=1.10/0.50  h=5.7 c=15.1  kl=0.0086  vl=0.2781
Step: 602112 SPS: 2324  ev=0.454  ent=0.853  grad=0.88/0.50  h=5.9 c=18.7  kl=0.0058  vl=0.1828
Step: 606208 SPS: 2323  ev=0.265  ent=0.819  grad=1.23/0.50  h=5.6 c=13.6  kl=0.0064  vl=0.3359
Step: 610304 SPS: 2323  ev=0.379  ent=0.849  grad=0.96/0.50  h=5.9 c=18.2  kl=0.0078  vl=0.2214
Step: 614400 SPS: 2323  ev=0.337  ent=0.845  grad=3.38/0.50  h=5.4 c=11.4  kl=0.0061  vl=0.3299
Step: 618496 SPS: 2321  ev=0.395  ent=0.872  grad=1.15/0.50  h=5.9 c=17.6  kl=0.0096  vl=0.2005
Step: 622592 SPS: 2321  ev=0.385  ent=0.880  grad=1.11/0.50  h=4.6 c=7.8  kl=0.0083  vl=0.3181
Step: 626688 SPS: 2322  ev=0.342  ent=0.860  grad=1.38/0.50  h=5.8 c=16.9  kl=0.0061  vl=0.1996
Step: 630784 SPS: 2322  ev=0.333  ent=0.934  grad=1.00/0.50  h=6.0 c=19.1  kl=0.0074  vl=0.2737
Step: 634880 SPS: 2323  ev=0.295  ent=0.846  grad=1.04/0.50  h=5.7 c=16.1  kl=0.0069  vl=0.2430
Step: 638976 SPS: 2323  ev=0.378  ent=0.845  grad=1.04/0.50  h=6.0 c=18.7  kl=0.0071  vl=0.2209
Step: 643072 SPS: 2324  ev=0.241  ent=0.858  grad=1.37/0.50  h=5.7 c=15.1  kl=0.0093  vl=0.2997
Step: 647168 SPS: 2323  ev=0.396  ent=0.896  grad=0.91/0.50  h=5.9 c=18.4  kl=0.0081  vl=0.2103
Step: 651264 SPS: 2322  ev=0.280  ent=0.843  grad=1.37/0.50  h=5.6 c=13.6  kl=0.0056  vl=0.2970
  vs Random: 99W/1L/0D | score=50.6±29.4 inv=3.2 played=22.2 lanes=5.0 ddraw=33.1 pts=51
  Self-play: 47W/52L/1D | score=5.2±24.9 inv=2.9 played=18.3 lanes=5.0 ddraw=17.5 pts=5
Step: 655360 SPS: 2323  ev=0.381  ent=0.891  grad=0.89/0.50  h=5.9 c=18.1  kl=0.0078  vl=0.2420
Step: 659456 SPS: 2323  ev=0.310  ent=0.845  grad=1.72/0.50  h=5.4 c=11.2  kl=0.0058  vl=0.3082
Step: 663552 SPS: 2322  ev=0.329  ent=0.849  grad=1.12/0.50  h=5.8 c=17.5  kl=0.0074  vl=0.1665
Step: 667648 SPS: 2321  ev=0.295  ent=0.859  grad=1.60/0.50  h=4.5 c=7.5  kl=0.0057  vl=0.3247
Step: 671744 SPS: 2319  ev=0.302  ent=0.833  grad=1.01/0.50  h=5.7 c=16.7  kl=0.0066  vl=0.2337
Step: 675840 SPS: 2319  ev=0.328  ent=0.873  grad=1.21/0.50  h=6.0 c=18.6  kl=0.0053  vl=0.2692
Step: 679936 SPS: 2321  ev=0.248  ent=0.812  grad=1.50/0.50  h=5.6 c=15.7  kl=0.0069  vl=0.2638
Step: 684032 SPS: 2322  ev=0.350  ent=0.862  grad=1.05/0.50  h=5.9 c=18.0  kl=0.0069  vl=0.1972
Step: 688128 SPS: 2323  ev=0.315  ent=0.828  grad=1.34/0.50  h=5.6 c=14.6  kl=0.0077  vl=0.2807
Step: 692224 SPS: 2323  ev=0.363  ent=0.845  grad=1.30/0.50  h=5.8 c=18.0  kl=0.0072  vl=0.2586
Step: 696320 SPS: 2322  ev=0.265  ent=0.815  grad=1.07/0.50  h=5.5 c=13.5  kl=0.0060  vl=0.3271
Step: 700416 SPS: 2321  ev=0.426  ent=0.845  grad=0.87/0.50  h=5.8 c=18.0  kl=0.0055  vl=0.1591
Step: 704512 SPS: 2320  ev=0.274  ent=0.791  grad=1.12/0.50  h=5.3 c=11.4  kl=0.0073  vl=0.3062
Step: 708608 SPS: 2322  ev=0.368  ent=0.836  grad=1.00/0.50  h=5.8 c=17.9  kl=0.0073  vl=0.1992
Step: 712704 SPS: 2321  ev=0.305  ent=0.832  grad=0.94/0.50  h=4.5 c=7.6  kl=0.0099  vl=0.2820
Step: 716800 SPS: 2321  ev=0.338  ent=0.854  grad=1.28/0.50  h=5.7 c=16.9  kl=0.0074  vl=0.2401
Step: 720896 SPS: 2321  ev=0.331  ent=0.821  grad=0.82/0.50  h=5.9 c=18.8  kl=0.0075  vl=0.2772
Step: 724992 SPS: 2322  ev=0.290  ent=0.806  grad=0.93/0.50  h=5.7 c=16.0  kl=0.0075  vl=0.2570
Step: 729088 SPS: 2323  ev=0.438  ent=0.818  grad=0.88/0.50  h=5.9 c=18.9  kl=0.0083  vl=0.1719
Step: 733184 SPS: 2323  ev=0.360  ent=0.790  grad=1.75/0.50  h=5.6 c=14.9  kl=0.0084  vl=0.2350
  vs Random: 100W/1L/0D | score=51.2±27.4 inv=3.2 played=22.0 lanes=5.0 ddraw=27.4 pts=51
  Self-play: 54W/46L/0D | score=10.6±25.2 inv=3.1 played=18.8 lanes=5.0 ddraw=9.7 pts=11
Step: 737280 SPS: 2324  ev=0.328  ent=0.842  grad=1.14/0.50  h=5.8 c=18.1  kl=0.0060  vl=0.2308
Step: 741376 SPS: 2323  ev=0.304  ent=0.817  grad=1.29/0.50  h=5.5 c=13.5  kl=0.0065  vl=0.2846
Step: 745472 SPS: 2324  ev=0.400  ent=0.860  grad=0.99/0.50  h=5.7 c=17.7  kl=0.0072  vl=0.1796
Step: 749568 SPS: 2323  ev=0.324  ent=0.814  grad=0.82/0.50  h=5.3 c=11.1  kl=0.0075  vl=0.3160
Step: 753664 SPS: 2323  ev=0.322  ent=0.873  grad=0.82/0.50  h=5.7 c=17.7  kl=0.0070  vl=0.2010
Step: 757760 SPS: 2323  ev=0.297  ent=0.813  grad=1.02/0.50  h=4.5 c=7.5  kl=0.0072  vl=0.2978
Step: 761856 SPS: 2322  ev=0.253  ent=0.858  grad=0.98/0.50  h=5.7 c=17.2  kl=0.0079  vl=0.2889
Step: 765952 SPS: 2322  ev=0.276  ent=0.860  grad=1.13/0.50  h=5.8 c=18.8  kl=0.0089  vl=0.3218
Step: 770048 SPS: 2321  ev=0.322  ent=0.843  grad=1.12/0.50  h=5.7 c=16.3  kl=0.0072  vl=0.2581
Step: 774144 SPS: 2321  ev=0.444  ent=0.852  grad=1.40/0.50  h=5.8 c=18.7  kl=0.0075  vl=0.1659
Step: 778240 SPS: 2322  ev=0.279  ent=0.839  grad=1.06/0.50  h=5.6 c=15.2  kl=0.0082  vl=0.3181
Step: 782336 SPS: 2324  ev=0.385  ent=0.871  grad=1.41/0.50  h=5.7 c=18.2  kl=0.0065  vl=0.2285
Step: 786432 SPS: 2325  ev=0.282  ent=0.824  grad=1.46/0.50  h=5.5 c=13.7  kl=0.0057  vl=0.3083
Step: 790528 SPS: 2327  ev=0.349  ent=0.904  grad=1.04/0.50  h=5.7 c=18.2  kl=0.0067  vl=0.2104
Step: 794624 SPS: 2328  ev=0.330  ent=0.826  grad=1.56/0.50  h=5.3 c=11.4  kl=0.0067  vl=0.3126
Step: 798720 SPS: 2328  ev=0.337  ent=0.887  grad=0.88/0.50  h=5.7 c=18.0  kl=0.0058  vl=0.2014
Step: 802816 SPS: 2327  ev=0.320  ent=0.836  grad=1.80/0.50  h=4.5 c=7.7  kl=0.0062  vl=0.3087
Step: 806912 SPS: 2326  ev=0.335  ent=0.863  grad=0.96/0.50  h=5.6 c=17.4  kl=0.0062  vl=0.2358
Step: 811008 SPS: 2325  ev=0.297  ent=0.854  grad=1.09/0.50  h=5.7 c=18.7  kl=0.0045  vl=0.3032
Step: 815104 SPS: 2325  ev=0.338  ent=0.821  grad=1.10/0.50  h=5.6 c=16.6  kl=0.0064  vl=0.2049
  vs Random: 100W/0L/0D | score=59.6±28.5 inv=3.4 played=22.8 lanes=5.0 ddraw=28.0 pts=60
  Self-play: 45W/57L/0D | score=7.0±22.3 inv=2.7 played=18.3 lanes=5.0 ddraw=10.1 pts=7
Step: 819200 SPS: 2325  ev=0.381  ent=0.857  grad=1.01/0.50  h=5.7 c=18.4  kl=0.0055  vl=0.2042
Step: 823296 SPS: 2325  ev=0.255  ent=0.804  grad=0.81/0.50  h=5.5 c=15.5  kl=0.0072  vl=0.3037
Step: 827392 SPS: 2325  ev=0.334  ent=0.866  grad=1.02/0.50  h=5.6 c=18.5  kl=0.0078  vl=0.2291
Step: 831488 SPS: 2324  ev=0.290  ent=0.813  grad=0.93/0.50  h=5.5 c=14.0  kl=0.0059  vl=0.2849
Step: 835584 SPS: 2325  ev=0.385  ent=0.858  grad=0.97/0.50  h=5.7 c=18.3  kl=0.0073  vl=0.2001
Step: 839680 SPS: 2322  ev=0.323  ent=0.807  grad=1.86/0.50  h=5.3 c=11.5  kl=0.0071  vl=0.3798
Step: 843776 SPS: 2322  ev=0.277  ent=0.821  grad=1.20/0.50  h=5.7 c=18.2  kl=0.0070  vl=0.2606
Step: 847872 SPS: 2321  ev=0.341  ent=0.815  grad=1.16/0.50  h=4.5 c=7.7  kl=0.0053  vl=0.2912
Step: 851968 SPS: 2321  ev=0.243  ent=0.844  grad=1.02/0.50  h=5.7 c=17.9  kl=0.0074  vl=0.2213
Step: 856064 SPS: 2321  ev=0.361  ent=0.808  grad=0.96/0.50  h=5.8 c=18.6  kl=0.0084  vl=0.3355
Step: 860160 SPS: 2321  ev=0.231  ent=0.770  grad=1.04/0.50  h=5.6 c=16.8  kl=0.0066  vl=0.2907
Step: 864256 SPS: 2320  ev=0.402  ent=0.879  grad=1.67/0.50  h=5.7 c=18.6  kl=0.0067  vl=0.2097
Step: 868352 SPS: 2320  ev=0.338  ent=0.829  grad=2.05/0.50  h=5.5 c=15.6  kl=0.0058  vl=0.2556
Step: 872448 SPS: 2319  ev=0.373  ent=0.889  grad=1.18/0.50  h=5.7 c=18.6  kl=0.0070  vl=0.2146
Step: 876544 SPS: 2319  ev=0.366  ent=0.812  grad=1.55/0.50  h=5.5 c=13.8  kl=0.0078  vl=0.2882
Step: 880640 SPS: 2320  ev=0.397  ent=0.859  grad=1.27/0.50  h=5.7 c=18.4  kl=0.0080  vl=0.2329
Step: 884736 SPS: 2322  ev=0.310  ent=0.808  grad=1.64/0.50  h=5.3 c=11.5  kl=0.0075  vl=0.2688
Step: 888832 SPS: 2323  ev=0.317  ent=0.870  grad=0.86/0.50  h=5.6 c=18.1  kl=0.0067  vl=0.2176
Step: 892928 SPS: 2324  ev=0.237  ent=0.852  grad=1.43/0.50  h=4.4 c=7.6  kl=0.0063  vl=0.3278
Step: 897024 SPS: 2325  ev=0.321  ent=0.851  grad=1.02/0.50  h=5.7 c=17.7  kl=0.0102  vl=0.2465
  vs Random: 101W/0L/0D | score=55.2±27.3 inv=3.2 played=22.1 lanes=5.0 ddraw=25.8 pts=55
  Self-play: 55W/45L/0D | score=12.3±25.4 inv=2.7 played=18.7 lanes=5.0 ddraw=12.0 pts=12
Step: 901120 SPS: 2324  ev=0.346  ent=0.889  grad=0.97/0.50  h=5.9 c=18.4  kl=0.0072  vl=0.3121
Step: 905216 SPS: 2324  ev=0.323  ent=0.815  grad=0.97/0.50  h=5.6 c=16.6  kl=0.0069  vl=0.2518
Step: 909312 SPS: 2324  ev=0.443  ent=0.883  grad=1.10/0.50  h=5.8 c=18.3  kl=0.0082  vl=0.2333
Step: 913408 SPS: 2323  ev=0.210  ent=0.836  grad=0.95/0.50  h=5.5 c=15.3  kl=0.0072  vl=0.3226
Step: 917504 SPS: 2322  ev=0.346  ent=0.856  grad=0.95/0.50  h=5.7 c=17.9  kl=0.0065  vl=0.2117
Step: 921600 SPS: 2322  ev=0.358  ent=0.808  grad=1.12/0.50  h=5.4 c=13.6  kl=0.0067  vl=0.2723
Step: 925696 SPS: 2323  ev=0.372  ent=0.892  grad=1.37/0.50  h=5.7 c=17.9  kl=0.0068  vl=0.2022
Step: 929792 SPS: 2322  ev=0.280  ent=0.830  grad=1.15/0.50  h=5.2 c=11.4  kl=0.0065  vl=0.3151
Step: 933888 SPS: 2322  ev=0.296  ent=0.853  grad=1.12/0.50  h=5.7 c=18.1  kl=0.0060  vl=0.2140
Step: 937984 SPS: 2322  ev=0.320  ent=0.881  grad=1.17/0.50  h=4.4 c=7.6  kl=0.0080  vl=0.3260
Step: 942080 SPS: 2322  ev=0.337  ent=0.869  grad=0.92/0.50  h=5.7 c=17.3  kl=0.0078  vl=0.2338
Step: 946176 SPS: 2321  ev=0.259  ent=0.835  grad=1.30/0.50  h=5.8 c=18.7  kl=0.0080  vl=0.4057
Step: 950272 SPS: 2320  ev=0.208  ent=0.857  grad=0.83/0.50  h=5.6 c=16.5  kl=0.0067  vl=0.2646
Step: 954368 SPS: 2320  ev=0.396  ent=0.897  grad=1.04/0.50  h=5.7 c=18.7  kl=0.0076  vl=0.1699
Step: 958464 SPS: 2320  ev=0.277  ent=0.840  grad=1.13/0.50  h=5.6 c=15.5  kl=0.0062  vl=0.2185
Step: 962560 SPS: 2320  ev=0.372  ent=0.878  grad=1.13/0.50  h=5.6 c=18.7  kl=0.0072  vl=0.2092
Step: 966656 SPS: 2320  ev=0.270  ent=0.867  grad=1.06/0.50  h=5.5 c=13.8  kl=0.0067  vl=0.3145
Step: 970752 SPS: 2319  ev=0.389  ent=0.867  grad=0.90/0.50  h=5.6 c=18.4  kl=0.0060  vl=0.1754
Step: 974848 SPS: 2317  ev=0.273  ent=0.834  grad=0.91/0.50  h=5.2 c=11.3  kl=0.0080  vl=0.3265
Step: 978944 SPS: 2316  ev=0.259  ent=0.842  grad=0.82/0.50  h=5.7 c=17.9  kl=0.0071  vl=0.2065
  vs Random: 100W/0L/0D | score=58.9±30.6 inv=3.0 played=22.4 lanes=5.0 ddraw=21.9 pts=59
  Self-play: 51W/49L/0D | score=9.0±30.1 inv=2.9 played=18.7 lanes=5.0 ddraw=10.3 pts=9
Step: 983040 SPS: 2316  ev=0.227  ent=0.880  grad=1.06/0.50  h=4.5 c=7.6  kl=0.0059  vl=0.3230
Step: 987136 SPS: 2317  ev=0.290  ent=0.851  grad=0.91/0.50  h=5.6 c=17.2  kl=0.0066  vl=0.2703
Step: 991232 SPS: 2317  ev=0.317  ent=0.887  grad=1.34/0.50  h=5.8 c=18.4  kl=0.0057  vl=0.3118
Step: 995328 SPS: 2316  ev=0.262  ent=0.824  grad=1.04/0.50  h=5.6 c=16.3  kl=0.0079  vl=0.2582
Step: 999424 SPS: 2315  ev=0.381  ent=0.871  grad=0.93/0.50  h=5.7 c=18.7  kl=0.0072  vl=0.2273
Step: 1003520 SPS: 2316  ev=0.323  ent=0.833  grad=0.97/0.50  h=5.5 c=15.3  kl=0.0105  vl=0.2354
Step: 1007616 SPS: 2317  ev=0.367  ent=0.835  grad=1.37/0.50  h=5.6 c=18.4  kl=0.0092  vl=0.2302
Step: 1011712 SPS: 2317  ev=0.338  ent=0.828  grad=1.02/0.50  h=5.5 c=13.4  kl=0.0063  vl=0.2705
Step: 1015808 SPS: 2315  ev=0.410  ent=0.869  grad=0.91/0.50  h=5.6 c=17.9  kl=0.0065  vl=0.1629
Step: 1019904 SPS: 2314  ev=0.279  ent=0.809  grad=1.93/0.50  h=5.3 c=11.1  kl=0.0069  vl=0.3134
Step: 1024000 SPS: 2314  ev=0.406  ent=0.864  grad=1.03/0.50  h=5.6 c=17.3  kl=0.0083  vl=0.2217
Step: 1028096 SPS: 2314  ev=0.292  ent=0.828  grad=1.41/0.50  h=4.5 c=7.6  kl=0.0072  vl=0.3249
Step: 1032192 SPS: 2314  ev=0.255  ent=0.827  grad=1.93/0.50  h=5.6 c=16.8  kl=0.0081  vl=0.2475
Step: 1036288 SPS: 2315  ev=0.278  ent=0.853  grad=1.38/0.50  h=5.8 c=18.5  kl=0.0065  vl=0.3851
Step: 1040384 SPS: 2317  ev=0.275  ent=0.863  grad=1.25/0.50  h=5.6 c=16.4  kl=0.0098  vl=0.2314
Step: 1044480 SPS: 2317  ev=0.407  ent=0.802  grad=1.07/0.50  h=5.7 c=18.3  kl=0.0072  vl=0.2145
Step: 1048576 SPS: 2318  ev=0.285  ent=0.820  grad=0.91/0.50  h=5.6 c=15.2  kl=0.0074  vl=0.2640
Step: 1052672 SPS: 2317  ev=0.410  ent=0.837  grad=1.83/0.50  h=5.6 c=18.1  kl=0.0070  vl=0.2086
Step: 1056768 SPS: 2316  ev=0.342  ent=0.805  grad=1.26/0.50  h=5.5 c=13.6  kl=0.0066  vl=0.2305
Step: 1060864 SPS: 2316  ev=0.339  ent=0.847  grad=0.90/0.50  h=5.6 c=18.0  kl=0.0078  vl=0.2426
  vs Random: 100W/0L/0D | score=56.7±30.9 inv=3.2 played=22.3 lanes=5.0 ddraw=25.6 pts=57
  Self-play: 56W/42L/2D | score=13.6±26.5 inv=2.4 played=18.6 lanes=4.9 ddraw=13.7 pts=14
Step: 1064960 SPS: 2315  ev=0.330  ent=0.845  grad=1.00/0.50  h=5.3 c=11.1  kl=0.0084  vl=0.2795
Step: 1069056 SPS: 2314  ev=0.284  ent=0.822  grad=0.85/0.50  h=5.6 c=17.4  kl=0.0063  vl=0.2066
Step: 1073152 SPS: 2315  ev=0.291  ent=0.767  grad=0.93/0.50  h=4.5 c=7.7  kl=0.0063  vl=0.3210
Step: 1077248 SPS: 2315  ev=0.343  ent=0.798  grad=1.20/0.50  h=5.7 c=16.8  kl=0.0063  vl=0.2009
Step: 1081344 SPS: 2316  ev=0.355  ent=0.847  grad=2.60/0.50  h=5.9 c=18.3  kl=0.0061  vl=0.3356
Step: 1085440 SPS: 2317  ev=0.197  ent=0.820  grad=0.90/0.50  h=5.6 c=15.8  kl=0.0059  vl=0.3260
Step: 1089536 SPS: 2318  ev=0.403  ent=0.838  grad=0.96/0.50  h=5.7 c=18.0  kl=0.0056  vl=0.1881
Step: 1093632 SPS: 2319  ev=0.323  ent=0.818  grad=1.10/0.50  h=5.6 c=14.7  kl=0.0054  vl=0.2657
Step: 1097728 SPS: 2319  ev=0.383  ent=0.837  grad=1.01/0.50  h=5.5 c=17.3  kl=0.0068  vl=0.2046
Step: 1101824 SPS: 2319  ev=0.288  ent=0.826  grad=2.39/0.50  h=5.5 c=13.2  kl=0.0076  vl=0.3364
Step: 1105920 SPS: 2318  ev=0.379  ent=0.854  grad=1.49/0.50  h=5.6 c=17.2  kl=0.0081  vl=0.1669
Step: 1110016 SPS: 2317  ev=0.322  ent=0.827  grad=1.61/0.50  h=5.3 c=11.1  kl=0.0059  vl=0.3321
Step: 1114112 SPS: 2317  ev=0.383  ent=0.867  grad=0.96/0.50  h=5.6 c=17.3  kl=0.0081  vl=0.2334
Step: 1118208 SPS: 2317  ev=0.339  ent=0.793  grad=0.99/0.50  h=4.5 c=7.6  kl=0.0048  vl=0.2801
Step: 1122304 SPS: 2317  ev=0.330  ent=0.823  grad=1.04/0.50  h=5.6 c=17.1  kl=0.0072  vl=0.2108
Step: 1126400 SPS: 2318  ev=0.266  ent=0.820  grad=1.14/0.50  h=5.8 c=18.8  kl=0.0060  vl=0.4115
Step: 1130496 SPS: 2319  ev=0.323  ent=0.822  grad=1.39/0.50  h=5.6 c=16.0  kl=0.0069  vl=0.2833
Step: 1134592 SPS: 2319  ev=0.457  ent=0.810  grad=1.22/0.50  h=5.7 c=18.4  kl=0.0060  vl=0.2347
Step: 1138688 SPS: 2319  ev=0.362  ent=0.832  grad=0.94/0.50  h=5.6 c=14.9  kl=0.0056  vl=0.2385
Step: 1142784 SPS: 2320  ev=0.368  ent=0.830  grad=1.46/0.50  h=5.7 c=17.7  kl=0.0091  vl=0.2635
  vs Random: 101W/0L/0D | score=56.5±36.5 inv=2.9 played=21.8 lanes=4.9 ddraw=24.8 pts=56
  Self-play: 53W/45L/2D | score=10.8±24.0 inv=2.3 played=18.0 lanes=4.9 ddraw=12.2 pts=11
Step: 1146880 SPS: 2320  ev=0.302  ent=0.823  grad=2.20/0.50  h=5.5 c=13.3  kl=0.0067  vl=0.2796
Step: 1150976 SPS: 2319  ev=0.386  ent=0.814  grad=0.80/0.50  h=5.6 c=17.6  kl=0.0073  vl=0.1980
Step: 1155072 SPS: 2319  ev=0.404  ent=0.819  grad=2.17/0.50  h=5.2 c=10.9  kl=0.0064  vl=0.2384
Step: 1159168 SPS: 2319  ev=0.395  ent=0.804  grad=0.89/0.50  h=5.6 c=17.0  kl=0.0069  vl=0.1903
Step: 1163264 SPS: 2319  ev=0.297  ent=0.827  grad=0.93/0.50  h=4.5 c=7.6  kl=0.0066  vl=0.3541
Step: 1167360 SPS: 2319  ev=0.303  ent=0.796  grad=1.19/0.50  h=5.6 c=16.9  kl=0.0065  vl=0.2840
Step: 1171456 SPS: 2319  ev=0.273  ent=0.802  grad=1.66/0.50  h=5.8 c=18.4  kl=0.0058  vl=0.3124
Step: 1175552 SPS: 2320  ev=0.311  ent=0.823  grad=1.34/0.50  h=5.6 c=16.1  kl=0.0064  vl=0.2627
Step: 1179648 SPS: 2320  ev=0.414  ent=0.820  grad=1.13/0.50  h=5.7 c=18.5  kl=0.0078  vl=0.2299
Step: 1183744 SPS: 2321  ev=0.314  ent=0.802  grad=2.32/0.50  h=5.6 c=14.9  kl=0.0051  vl=0.2894
Step: 1187840 SPS: 2322  ev=0.388  ent=0.791  grad=0.83/0.50  h=5.6 c=17.8  kl=0.0071  vl=0.2450
Step: 1191936 SPS: 2322  ev=0.287  ent=0.778  grad=0.98/0.50  h=5.4 c=13.4  kl=0.0065  vl=0.3734
Step: 1196032 SPS: 2322  ev=0.414  ent=0.826  grad=1.03/0.50  h=5.6 c=17.7  kl=0.0060  vl=0.1851
Step: 1200128 SPS: 2322  ev=0.269  ent=0.778  grad=1.35/0.50  h=5.3 c=11.3  kl=0.0078  vl=0.3266
Step: 1204224 SPS: 2322  ev=0.355  ent=0.791  grad=0.92/0.50  h=5.6 c=17.4  kl=0.0058  vl=0.2305
Step: 1208320 SPS: 2322  ev=0.306  ent=0.825  grad=1.33/0.50  h=4.5 c=7.7  kl=0.0084  vl=0.3203
Step: 1212416 SPS: 2323  ev=0.295  ent=0.823  grad=0.78/0.50  h=5.6 c=17.1  kl=0.0069  vl=0.1865
Step: 1216512 SPS: 2323  ev=0.306  ent=0.793  grad=2.23/0.50  h=5.8 c=18.5  kl=0.0076  vl=0.3435
Step: 1220608 SPS: 2322  ev=0.245  ent=0.781  grad=1.20/0.50  h=5.5 c=16.2  kl=0.0069  vl=0.2492
Step: 1224704 SPS: 2320  ev=0.347  ent=0.774  grad=1.21/0.50  h=5.6 c=18.1  kl=0.0059  vl=0.2349
  vs Random: 99W/1L/0D | score=55.1±33.9 inv=2.9 played=22.1 lanes=5.0 ddraw=27.2 pts=55
  Self-play: 48W/52L/0D | score=9.4±26.6 inv=2.4 played=17.8 lanes=4.9 ddraw=12.5 pts=9
Step: 1228800 SPS: 2319  ev=0.402  ent=0.799  grad=1.15/0.50  h=5.5 c=15.0  kl=0.0092  vl=0.2352
Step: 1232896 SPS: 2319  ev=0.377  ent=0.785  grad=1.24/0.50  h=5.5 c=18.0  kl=0.0072  vl=0.1904
Step: 1236992 SPS: 2319  ev=0.394  ent=0.774  grad=1.04/0.50  h=5.4 c=13.5  kl=0.0061  vl=0.2765
Step: 1241088 SPS: 2319  ev=0.368  ent=0.789  grad=1.05/0.50  h=5.5 c=17.6  kl=0.0081  vl=0.2322
Step: 1245184 SPS: 2318  ev=0.287  ent=0.783  grad=0.95/0.50  h=5.2 c=11.3  kl=0.0064  vl=0.2840
Step: 1249280 SPS: 2317  ev=0.344  ent=0.776  grad=0.99/0.50  h=5.5 c=17.5  kl=0.0061  vl=0.1997
Step: 1253376 SPS: 2317  ev=0.261  ent=0.782  grad=1.15/0.50  h=4.4 c=7.7  kl=0.0059  vl=0.2965
Step: 1257472 SPS: 2317  ev=0.332  ent=0.810  grad=1.36/0.50  h=5.5 c=17.1  kl=0.0066  vl=0.1901
Step: 1261568 SPS: 2316  ev=0.283  ent=0.738  grad=1.44/0.50  h=5.7 c=18.2  kl=0.0080  vl=0.3076
Step: 1265664 SPS: 2317  ev=0.268  ent=0.786  grad=1.66/0.50  h=5.5 c=16.1  kl=0.0083  vl=0.2951
Step: 1269760 SPS: 2317  ev=0.399  ent=0.804  grad=1.02/0.50  h=5.6 c=18.2  kl=0.0075  vl=0.2617
Step: 1273856 SPS: 2318  ev=0.262  ent=0.801  grad=0.93/0.50  h=5.5 c=15.0  kl=0.0073  vl=0.2888
Step: 1277952 SPS: 2318  ev=0.315  ent=0.814  grad=1.33/0.50  h=5.5 c=17.8  kl=0.0065  vl=0.2470
Step: 1282048 SPS: 2317  ev=0.328  ent=0.764  grad=0.85/0.50  h=5.4 c=13.4  kl=0.0074  vl=0.2974
Step: 1286144 SPS: 2317  ev=0.351  ent=0.808  grad=1.04/0.50  h=5.4 c=17.8  kl=0.0066  vl=0.2262
Step: 1290240 SPS: 2318  ev=0.336  ent=0.783  grad=1.52/0.50  h=5.2 c=11.0  kl=0.0082  vl=0.2945
Step: 1294336 SPS: 2319  ev=0.376  ent=0.814  grad=1.01/0.50  h=5.4 c=17.5  kl=0.0061  vl=0.1828
Step: 1298432 SPS: 2320  ev=0.310  ent=0.782  grad=1.61/0.50  h=4.4 c=7.5  kl=0.0072  vl=0.3244
Step: 1302528 SPS: 2321  ev=0.254  ent=0.791  grad=1.00/0.50  h=5.5 c=16.9  kl=0.0053  vl=0.2775
Step: 1306624 SPS: 2320  ev=0.310  ent=0.790  grad=2.17/0.50  h=5.7 c=17.8  kl=0.0055  vl=0.3473
  vs Random: 100W/0L/0D | score=59.5±26.9 inv=3.0 played=22.5 lanes=5.0 ddraw=29.1 pts=59
  Self-play: 53W/45L/2D | score=13.2±21.6 inv=2.4 played=18.6 lanes=4.9 ddraw=13.9 pts=13
Step: 1310720 SPS: 2319  ev=0.337  ent=0.762  grad=1.09/0.50  h=5.5 c=15.7  kl=0.0056  vl=0.2090
Step: 1314816 SPS: 2319  ev=0.394  ent=0.793  grad=1.48/0.50  h=5.5 c=17.6  kl=0.0073  vl=0.2639
Step: 1318912 SPS: 2318  ev=0.277  ent=0.757  grad=1.39/0.50  h=5.5 c=15.0  kl=0.0063  vl=0.2469
Step: 1323008 SPS: 2319  ev=0.416  ent=0.759  grad=1.00/0.50  h=5.4 c=17.3  kl=0.0054  vl=0.1694
Step: 1327104 SPS: 2320  ev=0.362  ent=0.775  grad=0.94/0.50  h=5.4 c=13.2  kl=0.0070  vl=0.2371
Step: 1331200 SPS: 2320  ev=0.367  ent=0.784  grad=0.90/0.50  h=5.4 c=17.1  kl=0.0057  vl=0.2589
Step: 1335296 SPS: 2320  ev=0.369  ent=0.766  grad=0.99/0.50  h=5.2 c=10.9  kl=0.0079  vl=0.2539
Step: 1339392 SPS: 2320  ev=0.290  ent=0.759  grad=1.00/0.50  h=5.4 c=17.1  kl=0.0068  vl=0.2270
Step: 1343488 SPS: 2319  ev=0.312  ent=0.782  grad=0.98/0.50  h=4.3 c=7.4  kl=0.0069  vl=0.3421
Step: 1347584 SPS: 2319  ev=0.273  ent=0.766  grad=0.80/0.50  h=5.4 c=16.8  kl=0.0062  vl=0.2155
Step: 1351680 SPS: 2318  ev=0.311  ent=0.810  grad=1.44/0.50  h=5.6 c=17.8  kl=0.0060  vl=0.3205
Step: 1355776 SPS: 2318  ev=0.254  ent=0.723  grad=1.36/0.50  h=5.5 c=15.8  kl=0.0063  vl=0.3183
Step: 1359872 SPS: 2318  ev=0.385  ent=0.744  grad=1.16/0.50  h=5.5 c=17.7  kl=0.0069  vl=0.2222
Step: 1363968 SPS: 2318  ev=0.313  ent=0.734  grad=1.07/0.50  h=5.4 c=14.6  kl=0.0058  vl=0.2759
Step: 1368064 SPS: 2318  ev=0.406  ent=0.773  grad=0.93/0.50  h=5.4 c=17.4  kl=0.0082  vl=0.2110
Step: 1372160 SPS: 2319  ev=0.308  ent=0.756  grad=1.98/0.50  h=5.4 c=13.2  kl=0.0073  vl=0.2767
Step: 1376256 SPS: 2319  ev=0.418  ent=0.786  grad=1.16/0.50  h=5.5 c=17.8  kl=0.0063  vl=0.2120
Step: 1380352 SPS: 2320  ev=0.283  ent=0.729  grad=1.13/0.50  h=5.2 c=11.0  kl=0.0084  vl=0.2722
Step: 1384448 SPS: 2320  ev=0.320  ent=0.758  grad=1.38/0.50  h=5.5 c=17.1  kl=0.0071  vl=0.2342
Step: 1388544 SPS: 2321  ev=0.331  ent=0.755  grad=1.38/0.50  h=4.4 c=7.5  kl=0.0064  vl=0.2424
  vs Random: 99W/1L/0D | score=63.5±33.9 inv=3.1 played=22.9 lanes=5.0 ddraw=31.9 pts=64
  Self-play: 58W/42L/1D | score=15.2±26.0 inv=3.0 played=19.5 lanes=5.0 ddraw=18.2 pts=15
Step: 1392640 SPS: 2320  ev=0.279  ent=0.761  grad=1.01/0.50  h=5.5 c=16.5  kl=0.0057  vl=0.2802
Step: 1396736 SPS: 2320  ev=0.282  ent=0.742  grad=1.04/0.50  h=5.6 c=17.6  kl=0.0057  vl=0.3433
Step: 1400832 SPS: 2320  ev=0.291  ent=0.718  grad=1.41/0.50  h=5.5 c=15.9  kl=0.0076  vl=0.2589
Step: 1404928 SPS: 2320  ev=0.429  ent=0.743  grad=1.11/0.50  h=5.5 c=17.8  kl=0.0059  vl=0.2152
Step: 1409024 SPS: 2319  ev=0.327  ent=0.721  grad=0.96/0.50  h=5.5 c=14.8  kl=0.0054  vl=0.2848
Step: 1413120 SPS: 2319  ev=0.389  ent=0.748  grad=0.92/0.50  h=5.4 c=17.9  kl=0.0064  vl=0.2135
Step: 1417216 SPS: 2318  ev=0.356  ent=0.746  grad=0.83/0.50  h=5.4 c=13.2  kl=0.0068  vl=0.2783
Step: 1421312 SPS: 2318  ev=0.322  ent=0.757  grad=0.89/0.50  h=5.4 c=18.0  kl=0.0080  vl=0.2376
Step: 1425408 SPS: 2319  ev=0.262  ent=0.722  grad=1.50/0.50  h=5.2 c=10.9  kl=0.0087  vl=0.3049
Step: 1429504 SPS: 2319  ev=0.412  ent=0.749  grad=1.01/0.50  h=5.4 c=17.3  kl=0.0081  vl=0.2084
Step: 1433600 SPS: 2319  ev=0.234  ent=0.757  grad=1.23/0.50  h=4.4 c=7.6  kl=0.0058  vl=0.3190
Step: 1437696 SPS: 2319  ev=0.324  ent=0.764  grad=1.29/0.50  h=5.4 c=16.9  kl=0.0075  vl=0.2477
Step: 1441792 SPS: 2319  ev=0.253  ent=0.758  grad=1.68/0.50  h=5.7 c=18.8  kl=0.0045  vl=0.3857
Step: 1445888 SPS: 2319  ev=0.284  ent=0.734  grad=1.07/0.50  h=5.5 c=16.3  kl=0.0053  vl=0.2718
Step: 1449984 SPS: 2319  ev=0.384  ent=0.779  grad=1.30/0.50  h=5.5 c=19.0  kl=0.0065  vl=0.2248
Step: 1454080 SPS: 2319  ev=0.327  ent=0.726  grad=1.38/0.50  h=5.5 c=15.0  kl=0.0044  vl=0.2308
Step: 1458176 SPS: 2320  ev=0.372  ent=0.780  grad=1.01/0.50  h=5.4 c=18.3  kl=0.0086  vl=0.2724
Step: 1462272 SPS: 2320  ev=0.336  ent=0.747  grad=2.15/0.50  h=5.4 c=13.1  kl=0.0046  vl=0.2794
Step: 1466368 SPS: 2321  ev=0.341  ent=0.798  grad=1.76/0.50  h=5.4 c=17.9  kl=0.0073  vl=0.2513
Step: 1470464 SPS: 2320  ev=0.332  ent=0.748  grad=1.10/0.50  h=5.1 c=10.7  kl=0.0084  vl=0.2516
  vs Random: 99W/1L/0D | score=49.5±28.3 inv=3.2 played=21.9 lanes=5.0 ddraw=40.8 pts=50
  Self-play: 46W/53L/1D | score=10.8±24.2 inv=2.8 played=18.7 lanes=5.0 ddraw=27.3 pts=11
Step: 1474560 SPS: 2320  ev=0.251  ent=0.746  grad=0.82/0.50  h=5.4 c=17.1  kl=0.0054  vl=0.2342
Step: 1478656 SPS: 2320  ev=0.248  ent=0.720  grad=0.88/0.50  h=4.3 c=7.4  kl=0.0062  vl=0.3330
Step: 1482752 SPS: 2320  ev=0.330  ent=0.784  grad=1.32/0.50  h=5.4 c=16.8  kl=0.0070  vl=0.2318
Step: 1486848 SPS: 2319  ev=0.301  ent=0.776  grad=1.04/0.50  h=5.6 c=18.5  kl=0.0085  vl=0.3669
Step: 1490944 SPS: 2319  ev=0.255  ent=0.739  grad=0.84/0.50  h=5.4 c=15.9  kl=0.0067  vl=0.2996
Step: 1495040 SPS: 2319  ev=0.347  ent=0.760  grad=1.11/0.50  h=5.5 c=18.3  kl=0.0090  vl=0.2347
Step: 1499136 SPS: 2319  ev=0.249  ent=0.731  grad=0.85/0.50  h=5.4 c=14.8  kl=0.0070  vl=0.2971
Step: 1503232 SPS: 2320  ev=0.337  ent=0.786  grad=0.94/0.50  h=5.4 c=18.2  kl=0.0071  vl=0.2643
Step: 1507328 SPS: 2320  ev=0.330  ent=0.768  grad=0.91/0.50  h=5.3 c=13.1  kl=0.0071  vl=0.2736
Step: 1511424 SPS: 2319  ev=0.389  ent=0.778  grad=1.23/0.50  h=5.4 c=17.8  kl=0.0083  vl=0.2110
Step: 1515520 SPS: 2317  ev=0.312  ent=0.776  grad=1.75/0.50  h=5.2 c=11.0  kl=0.0069  vl=0.3225
Step: 1519616 SPS: 2316  ev=0.281  ent=0.794  grad=0.90/0.50  h=5.4 c=17.2  kl=0.0075  vl=0.2245
Step: 1523712 SPS: 2315  ev=0.267  ent=0.772  grad=0.82/0.50  h=4.4 c=7.6  kl=0.0075  vl=0.3386
Step: 1527808 SPS: 2315  ev=0.347  ent=0.768  grad=1.38/0.50  h=5.4 c=16.7  kl=0.0085  vl=0.2481
Step: 1531904 SPS: 2315  ev=0.321  ent=0.742  grad=1.15/0.50  h=5.6 c=17.8  kl=0.0048  vl=0.2957
Step: 1536000 SPS: 2315  ev=0.359  ent=0.766  grad=0.86/0.50  h=5.4 c=15.8  kl=0.0045  vl=0.2388
Step: 1540096 SPS: 2315  ev=0.366  ent=0.733  grad=0.97/0.50  h=5.5 c=17.8  kl=0.0076  vl=0.1999
Step: 1544192 SPS: 2315  ev=0.315  ent=0.764  grad=1.06/0.50  h=5.4 c=14.6  kl=0.0067  vl=0.2621
Step: 1548288 SPS: 2313  ev=0.423  ent=0.772  grad=1.34/0.50  h=5.4 c=17.3  kl=0.0059  vl=0.2318
Step: 1552384 SPS: 2313  ev=0.287  ent=0.719  grad=0.98/0.50  h=5.4 c=13.0  kl=0.0077  vl=0.2848
  vs Random: 100W/0L/0D | score=65.3±32.1 inv=3.4 played=23.0 lanes=5.0 ddraw=31.3 pts=65
  Self-play: 58W/41L/2D | score=15.9±23.1 inv=2.7 played=19.1 lanes=4.9 ddraw=16.7 pts=16
Step: 1556480 SPS: 2313  ev=0.335  ent=0.774  grad=0.92/0.50  h=5.4 c=17.1  kl=0.0083  vl=0.2013
Step: 1560576 SPS: 2312  ev=0.269  ent=0.706  grad=1.25/0.50  h=5.2 c=11.1  kl=0.0056  vl=0.3300
Step: 1564672 SPS: 2311  ev=0.390  ent=0.777  grad=0.77/0.50  h=5.4 c=17.1  kl=0.0064  vl=0.2018
Step: 1568768 SPS: 2310  ev=0.345  ent=0.768  grad=1.33/0.50  h=4.5 c=7.8  kl=0.0061  vl=0.2577
Step: 1572864 SPS: 2309  ev=0.263  ent=0.754  grad=0.81/0.50  h=5.5 c=16.7  kl=0.0069  vl=0.2900
Step: 1576960 SPS: 2307  ev=0.327  ent=0.754  grad=1.16/0.50  h=5.6 c=17.8  kl=0.0050  vl=0.3277
Step: 1581056 SPS: 2308  ev=0.298  ent=0.746  grad=0.98/0.50  h=5.5 c=16.0  kl=0.0052  vl=0.2598
Step: 1585152 SPS: 2308  ev=0.414  ent=0.760  grad=1.01/0.50  h=5.5 c=17.9  kl=0.0060  vl=0.2285
Step: 1589248 SPS: 2307  ev=0.352  ent=0.760  grad=1.00/0.50  h=5.5 c=15.1  kl=0.0077  vl=0.2812
Step: 1593344 SPS: 2307  ev=0.456  ent=0.756  grad=0.92/0.50  h=5.5 c=18.2  kl=0.0071  vl=0.2356
Step: 1597440 SPS: 2305  ev=0.353  ent=0.776  grad=0.97/0.50  h=5.4 c=13.5  kl=0.0078  vl=0.2454
Step: 1601536 SPS: 2304  ev=0.379  ent=0.766  grad=1.23/0.50  h=5.4 c=18.0  kl=0.0071  vl=0.1813
Step: 1605632 SPS: 2302  ev=0.400  ent=0.770  grad=1.32/0.50  h=5.3 c=11.2  kl=0.0067  vl=0.2187
Step: 1609728 SPS: 2301  ev=0.302  ent=0.742  grad=0.88/0.50  h=5.4 c=17.4  kl=0.0081  vl=0.2845
Step: 1613824 SPS: 2300  ev=0.341  ent=0.786  grad=1.16/0.50  h=4.5 c=7.7  kl=0.0062  vl=0.2754
Step: 1617920 SPS: 2299  ev=0.345  ent=0.758  grad=0.92/0.50  h=5.5 c=17.1  kl=0.0060  vl=0.2280
Step: 1622016 SPS: 2299  ev=0.301  ent=0.781  grad=0.85/0.50  h=5.6 c=18.2  kl=0.0081  vl=0.3318
Step: 1626112 SPS: 2298  ev=0.250  ent=0.754  grad=0.91/0.50  h=5.5 c=16.2  kl=0.0081  vl=0.2746
Step: 1630208 SPS: 2298  ev=0.444  ent=0.777  grad=1.17/0.50  h=5.5 c=18.2  kl=0.0068  vl=0.1973
Step: 1634304 SPS: 2298  ev=0.323  ent=0.766  grad=0.89/0.50  h=5.5 c=15.1  kl=0.0057  vl=0.2243
  vs Random: 100W/0L/0D | score=54.2±28.7 inv=2.8 played=21.9 lanes=5.0 ddraw=31.2 pts=54
  Self-play: 52W/45L/4D | score=15.1±28.0 inv=2.6 played=18.7 lanes=4.9 ddraw=15.9 pts=15
Step: 1638400 SPS: 2297  ev=0.374  ent=0.741  grad=1.27/0.50  h=5.4 c=18.1  kl=0.0053  vl=0.1997
Step: 1642496 SPS: 2297  ev=0.354  ent=0.753  grad=1.21/0.50  h=5.4 c=13.4  kl=0.0068  vl=0.2491
Step: 1646592 SPS: 2296  ev=0.264  ent=0.792  grad=1.01/0.50  h=5.4 c=18.0  kl=0.0084  vl=0.2142
Step: 1650688 SPS: 2295  ev=0.308  ent=0.742  grad=1.01/0.50  h=5.2 c=11.3  kl=0.0068  vl=0.2745
Step: 1654784 SPS: 2294  ev=0.343  ent=0.716  grad=0.99/0.50  h=5.5 c=17.8  kl=0.0061  vl=0.2103
Step: 1658880 SPS: 2293  ev=0.336  ent=0.742  grad=0.80/0.50  h=4.5 c=7.7  kl=0.0078  vl=0.2982
Step: 1662976 SPS: 2291  ev=0.290  ent=0.782  grad=0.76/0.50  h=5.6 c=17.2  kl=0.0082  vl=0.2633
Step: 1667072 SPS: 2291  ev=0.290  ent=0.785  grad=1.02/0.50  h=5.6 c=18.5  kl=0.0071  vl=0.4047
Step: 1671168 SPS: 2292  ev=0.265  ent=0.735  grad=1.38/0.50  h=5.5 c=16.1  kl=0.0053  vl=0.2460
Step: 1675264 SPS: 2292  ev=0.353  ent=0.733  grad=0.78/0.50  h=5.5 c=17.9  kl=0.0054  vl=0.2372
Step: 1679360 SPS: 2291  ev=0.330  ent=0.740  grad=0.81/0.50  h=5.5 c=15.1  kl=0.0067  vl=0.2180
Step: 1683456 SPS: 2291  ev=0.331  ent=0.749  grad=0.80/0.50  h=5.4 c=18.1  kl=0.0065  vl=0.2502
Step: 1687552 SPS: 2291  ev=0.300  ent=0.736  grad=1.08/0.50  h=5.5 c=13.6  kl=0.0067  vl=0.3303
Step: 1691648 SPS: 2291  ev=0.338  ent=0.737  grad=1.24/0.50  h=5.5 c=18.2  kl=0.0064  vl=0.2315
Step: 1695744 SPS: 2292  ev=0.364  ent=0.727  grad=1.48/0.50  h=5.3 c=11.4  kl=0.0084  vl=0.2554
Step: 1699840 SPS: 2292  ev=0.378  ent=0.768  grad=0.76/0.50  h=5.5 c=18.0  kl=0.0055  vl=0.2050
Step: 1703936 SPS: 2292  ev=0.360  ent=0.748  grad=1.46/0.50  h=4.5 c=7.8  kl=0.0068  vl=0.2710
Step: 1708032 SPS: 2292  ev=0.324  ent=0.727  grad=1.59/0.50  h=5.5 c=17.2  kl=0.0062  vl=0.2355
Step: 1712128 SPS: 2291  ev=0.343  ent=0.754  grad=0.94/0.50  h=5.7 c=18.4  kl=0.0062  vl=0.3336
Step: 1716224 SPS: 2289  ev=0.210  ent=0.708  grad=1.89/0.50  h=5.5 c=16.2  kl=0.0058  vl=0.2828
  vs Random: 100W/0L/0D | score=52.8±25.3 inv=2.9 played=22.0 lanes=5.0 ddraw=34.5 pts=53
  Self-play: 55W/43L/3D | score=14.9±24.5 inv=2.7 played=18.8 lanes=4.9 ddraw=17.4 pts=15
Step: 1720320 SPS: 2289  ev=0.446  ent=0.756  grad=1.46/0.50  h=5.5 c=18.2  kl=0.0063  vl=0.2187
Step: 1724416 SPS: 2289  ev=0.352  ent=0.767  grad=1.57/0.50  h=5.5 c=15.0  kl=0.0067  vl=0.2602
Step: 1728512 SPS: 2287  ev=0.377  ent=0.744  grad=1.37/0.50  h=5.5 c=18.0  kl=0.0063  vl=0.2422
Step: 1732608 SPS: 2287  ev=0.258  ent=0.693  grad=0.88/0.50  h=5.4 c=13.3  kl=0.0053  vl=0.3198
Step: 1736704 SPS: 2287  ev=0.296  ent=0.742  grad=0.84/0.50  h=5.5 c=17.7  kl=0.0059  vl=0.2151
Step: 1740800 SPS: 2287  ev=0.351  ent=0.719  grad=0.90/0.50  h=5.3 c=11.1  kl=0.0063  vl=0.2506
Step: 1744896 SPS: 2286  ev=0.322  ent=0.733  grad=1.44/0.50  h=5.5 c=17.6  kl=0.0059  vl=0.2294
Step: 1748992 SPS: 2286  ev=0.253  ent=0.704  grad=1.47/0.50  h=4.5 c=7.7  kl=0.0049  vl=0.3656
Step: 1753088 SPS: 2285  ev=0.319  ent=0.726  grad=1.23/0.50  h=5.5 c=17.1  kl=0.0061  vl=0.2522
Step: 1757184 SPS: 2284  ev=0.338  ent=0.777  grad=1.76/0.50  h=5.7 c=17.9  kl=0.0060  vl=0.3393
Step: 1761280 SPS: 2283  ev=0.330  ent=0.710  grad=1.13/0.50  h=5.5 c=16.1  kl=0.0077  vl=0.2391
Step: 1765376 SPS: 2281  ev=0.382  ent=0.733  grad=0.80/0.50  h=5.5 c=17.9  kl=0.0053  vl=0.2530
Step: 1769472 SPS: 2281  ev=0.363  ent=0.690  grad=0.89/0.50  h=5.4 c=15.1  kl=0.0059  vl=0.2202
Step: 1773568 SPS: 2280  ev=0.405  ent=0.760  grad=1.06/0.50  h=5.5 c=18.1  kl=0.0064  vl=0.1540
Step: 1777664 SPS: 2280  ev=0.347  ent=0.713  grad=0.96/0.50  h=5.4 c=13.5  kl=0.0057  vl=0.2509
Step: 1781760 SPS: 2280  ev=0.348  ent=0.723  grad=0.94/0.50  h=5.5 c=18.0  kl=0.0061  vl=0.2386
Step: 1785856 SPS: 2280  ev=0.342  ent=0.779  grad=1.35/0.50  h=5.2 c=11.1  kl=0.0047  vl=0.3097
Step: 1789952 SPS: 2280  ev=0.329  ent=0.680  grad=0.89/0.50  h=5.5 c=17.6  kl=0.0076  vl=0.2385
Step: 1794048 SPS: 2280  ev=0.375  ent=0.753  grad=2.06/0.50  h=4.4 c=7.6  kl=0.0057  vl=0.3863
Step: 1798144 SPS: 2280  ev=0.291  ent=0.704  grad=0.93/0.50  h=5.6 c=16.9  kl=0.0048  vl=0.2160
  vs Random: 101W/0L/0D | score=51.7±28.1 inv=2.8 played=21.8 lanes=5.0 ddraw=37.2 pts=52
  Self-play: 54W/45L/1D | score=17.2±24.9 inv=2.5 played=19.0 lanes=5.0 ddraw=18.4 pts=17
Step: 1802240 SPS: 2280  ev=0.286  ent=0.727  grad=1.44/0.50  h=5.7 c=17.7  kl=0.0082  vl=0.4150
Step: 1806336 SPS: 2280  ev=0.285  ent=0.712  grad=0.88/0.50  h=5.5 c=15.9  kl=0.0068  vl=0.2385
Step: 1810432 SPS: 2279  ev=0.402  ent=0.742  grad=1.08/0.50  h=5.5 c=17.4  kl=0.0062  vl=0.2224
Step: 1814528 SPS: 2279  ev=0.286  ent=0.679  grad=0.89/0.50  h=5.4 c=14.7  kl=0.0051  vl=0.3074
Step: 1818624 SPS: 2278  ev=0.423  ent=0.753  grad=0.89/0.50  h=5.5 c=17.5  kl=0.0072  vl=0.1832
Step: 1822720 SPS: 2278  ev=0.296  ent=0.739  grad=0.74/0.50  h=5.4 c=13.1  kl=0.0068  vl=0.2856
Step: 1826816 SPS: 2277  ev=0.361  ent=0.765  grad=0.85/0.50  h=5.5 c=17.3  kl=0.0080  vl=0.2189
Step: 1830912 SPS: 2277  ev=0.317  ent=0.720  grad=1.15/0.50  h=5.2 c=11.0  kl=0.0061  vl=0.2916
Step: 1835008 SPS: 2277  ev=0.335  ent=0.731  grad=1.46/0.50  h=5.5 c=17.2  kl=0.0052  vl=0.2117
Step: 1839104 SPS: 2277  ev=0.381  ent=0.778  grad=1.44/0.50  h=4.5 c=7.7  kl=0.0058  vl=0.2642
Step: 1843200 SPS: 2276  ev=0.272  ent=0.712  grad=0.86/0.50  h=5.5 c=17.1  kl=0.0062  vl=0.2873
Step: 1847296 SPS: 2276  ev=0.374  ent=0.747  grad=0.95/0.50  h=5.6 c=17.6  kl=0.0082  vl=0.2869
Step: 1851392 SPS: 2275  ev=0.283  ent=0.742  grad=1.07/0.50  h=5.5 c=16.0  kl=0.0076  vl=0.2726
Step: 1855488 SPS: 2275  ev=0.374  ent=0.769  grad=1.22/0.50  h=5.5 c=17.5  kl=0.0066  vl=0.1935
Step: 1859584 SPS: 2275  ev=0.274  ent=0.726  grad=0.99/0.50  h=5.4 c=14.9  kl=0.0079  vl=0.2791
Step: 1863680 SPS: 2275  ev=0.344  ent=0.739  grad=1.24/0.50  h=5.5 c=17.9  kl=0.0065  vl=0.2430
Step: 1867776 SPS: 2275  ev=0.234  ent=0.736  grad=1.51/0.50  h=5.4 c=13.4  kl=0.0056  vl=0.3343
Step: 1871872 SPS: 2275  ev=0.382  ent=0.728  grad=0.87/0.50  h=5.5 c=17.6  kl=0.0077  vl=0.2141
Step: 1875968 SPS: 2274  ev=0.278  ent=0.743  grad=1.04/0.50  h=5.2 c=11.1  kl=0.0068  vl=0.3307
Step: 1880064 SPS: 2273  ev=0.375  ent=0.728  grad=0.73/0.50  h=5.5 c=17.6  kl=0.0073  vl=0.2930
  vs Random: 100W/0L/0D | score=52.6±30.7 inv=3.2 played=22.2 lanes=4.9 ddraw=39.0 pts=53
  Self-play: 50W/51L/0D | score=15.1±24.0 inv=2.5 played=18.6 lanes=4.9 ddraw=24.2 pts=15
Step: 1884160 SPS: 2272  ev=0.355  ent=0.756  grad=1.74/0.50  h=4.5 c=7.8  kl=0.0056  vl=0.2991
Step: 1888256 SPS: 2273  ev=0.377  ent=0.773  grad=1.03/0.50  h=5.5 c=17.2  kl=0.0039  vl=0.1825
Step: 1892352 SPS: 2273  ev=0.338  ent=0.763  grad=0.89/0.50  h=5.6 c=17.6  kl=0.0056  vl=0.3346
Step: 1896448 SPS: 2273  ev=0.243  ent=0.725  grad=0.84/0.50  h=5.5 c=16.2  kl=0.0067  vl=0.2843
Step: 1900544 SPS: 2272  ev=0.353  ent=0.769  grad=1.14/0.50  h=5.5 c=17.7  kl=0.0065  vl=0.2463
Step: 1904640 SPS: 2272  ev=0.298  ent=0.724  grad=1.05/0.50  h=5.5 c=15.1  kl=0.0072  vl=0.2470
Step: 1908736 SPS: 2271  ev=0.382  ent=0.794  grad=1.20/0.50  h=5.4 c=17.4  kl=0.0073  vl=0.2061
Step: 1912832 SPS: 2271  ev=0.305  ent=0.742  grad=0.86/0.50  h=5.4 c=13.3  kl=0.0075  vl=0.2714
Step: 1916928 SPS: 2270  ev=0.338  ent=0.791  grad=0.94/0.50  h=5.5 c=17.3  kl=0.0080  vl=0.1753
Step: 1921024 SPS: 2269  ev=0.288  ent=0.775  grad=1.01/0.50  h=5.3 c=11.3  kl=0.0080  vl=0.2990
Step: 1925120 SPS: 2268  ev=0.364  ent=0.765  grad=0.93/0.50  h=5.5 c=17.4  kl=0.0065  vl=0.2070
Step: 1929216 SPS: 2267  ev=0.354  ent=0.773  grad=1.09/0.50  h=4.5 c=7.8  kl=0.0061  vl=0.2759
Step: 1933312 SPS: 2267  ev=0.304  ent=0.725  grad=0.73/0.50  h=5.5 c=16.9  kl=0.0073  vl=0.2439
Step: 1937408 SPS: 2267  ev=0.352  ent=0.755  grad=1.09/0.50  h=5.6 c=17.4  kl=0.0084  vl=0.3236
Step: 1941504 SPS: 2267  ev=0.343  ent=0.723  grad=0.95/0.50  h=5.5 c=16.1  kl=0.0057  vl=0.2840
Step: 1945600 SPS: 2268  ev=0.444  ent=0.771  grad=0.75/0.50  h=5.5 c=17.6  kl=0.0055  vl=0.2161
Step: 1949696 SPS: 2268  ev=0.340  ent=0.700  grad=1.43/0.50  h=5.5 c=14.9  kl=0.0073  vl=0.2669
Step: 1953792 SPS: 2269  ev=0.356  ent=0.720  grad=0.78/0.50  h=5.5 c=17.3  kl=0.0062  vl=0.2307
Step: 1957888 SPS: 2269  ev=0.248  ent=0.693  grad=1.00/0.50  h=5.5 c=13.4  kl=0.0075  vl=0.2887
Step: 1961984 SPS: 2268  ev=0.292  ent=0.743  grad=1.13/0.50  h=5.5 c=17.8  kl=0.0078  vl=0.2714
  vs Random: 100W/0L/0D | score=58.5±33.9 inv=3.0 played=22.0 lanes=5.0 ddraw=37.9 pts=59
  Self-play: 49W/52L/0D | score=13.6±25.2 inv=2.7 played=18.9 lanes=5.0 ddraw=21.3 pts=14
Step: 1966080 SPS: 2267  ev=0.255  ent=0.705  grad=0.86/0.50  h=5.3 c=11.3  kl=0.0085  vl=0.3233
Step: 1970176 SPS: 2266  ev=0.397  ent=0.732  grad=1.83/0.50  h=5.5 c=17.9  kl=0.0058  vl=0.2007
Step: 1974272 SPS: 2266  ev=0.316  ent=0.700  grad=0.93/0.50  h=4.6 c=7.9  kl=0.0058  vl=0.2858
Step: 1978368 SPS: 2266  ev=0.352  ent=0.720  grad=1.61/0.50  h=5.5 c=17.7  kl=0.0065  vl=0.2617
Step: 1982464 SPS: 2266  ev=0.262  ent=0.740  grad=1.86/0.50  h=5.6 c=17.9  kl=0.0066  vl=0.3366
Step: 1986560 SPS: 2266  ev=0.286  ent=0.695  grad=1.13/0.50  h=5.5 c=16.7  kl=0.0064  vl=0.2534
Step: 1990656 SPS: 2266  ev=0.370  ent=0.717  grad=1.25/0.50  h=5.5 c=18.0  kl=0.0080  vl=0.2092
Step: 1994752 SPS: 2266  ev=0.305  ent=0.706  grad=1.05/0.50  h=5.5 c=15.3  kl=0.0068  vl=0.3249
Step: 1998848 SPS: 2266  ev=0.372  ent=0.712  grad=1.19/0.50  h=5.5 c=18.2  kl=0.0077  vl=0.1884
Step: 2002944 SPS: 2266  ev=0.272  ent=0.718  grad=0.94/0.50  h=5.5 c=13.8  kl=0.0060  vl=0.2836
Step: 2007040 SPS: 2267  ev=0.414  ent=0.779  grad=1.25/0.50  h=5.5 c=18.2  kl=0.0074  vl=0.1847
Step: 2011136 SPS: 2267  ev=0.285  ent=0.703  grad=1.14/0.50  h=5.3 c=11.4  kl=0.0068  vl=0.3105
Step: 2015232 SPS: 2267  ev=0.326  ent=0.714  grad=1.53/0.50  h=5.5 c=18.0  kl=0.0094  vl=0.2308
Step: 2019328 SPS: 2267  ev=0.328  ent=0.735  grad=1.00/0.50  h=4.7 c=8.0  kl=0.0064  vl=0.2208
Step: 2023424 SPS: 2267  ev=0.297  ent=0.736  grad=0.87/0.50  h=5.5 c=17.9  kl=0.0057  vl=0.2789
Step: 2027520 SPS: 2267  ev=0.314  ent=0.722  grad=1.10/0.50  h=5.7 c=18.4  kl=0.0066  vl=0.3665
Step: 2031616 SPS: 2267  ev=0.262  ent=0.701  grad=1.03/0.50  h=5.5 c=16.8  kl=0.0074  vl=0.2337
Step: 2035712 SPS: 2268  ev=0.412  ent=0.729  grad=0.85/0.50  h=5.6 c=18.5  kl=0.0073  vl=0.2106
Step: 2039808 SPS: 2268  ev=0.335  ent=0.709  grad=0.77/0.50  h=5.6 c=15.6  kl=0.0067  vl=0.2076
Step: 2043904 SPS: 2268  ev=0.388  ent=0.734  grad=1.16/0.50  h=5.5 c=18.3  kl=0.0081  vl=0.2118
  vs Random: 100W/0L/0D | score=57.1±26.2 inv=2.9 played=22.4 lanes=5.0 ddraw=37.1 pts=57
  Self-play: 53W/47L/1D | score=18.8±27.6 inv=2.7 played=18.9 lanes=4.9 ddraw=21.4 pts=19
Step: 2048000 SPS: 2269  ev=0.255  ent=0.707  grad=0.96/0.50  h=5.5 c=13.8  kl=0.0096  vl=0.2758
Step: 2052096 SPS: 2269  ev=0.387  ent=0.750  grad=1.94/0.50  h=5.5 c=18.7  kl=0.0101  vl=0.2299
Step: 2056192 SPS: 2269  ev=0.284  ent=0.734  grad=1.21/0.50  h=5.3 c=11.5  kl=0.0079  vl=0.2896
Step: 2060288 SPS: 2270  ev=0.287  ent=0.742  grad=0.94/0.50  h=5.5 c=18.5  kl=0.0093  vl=0.2601
Step: 2064384 SPS: 2270  ev=0.343  ent=0.743  grad=0.92/0.50  h=4.6 c=7.9  kl=0.0065  vl=0.2862
Step: 2068480 SPS: 2270  ev=0.379  ent=0.723  grad=0.91/0.50  h=5.5 c=18.0  kl=0.0051  vl=0.2381
Step: 2072576 SPS: 2270  ev=0.321  ent=0.779  grad=1.03/0.50  h=5.6 c=18.5  kl=0.0064  vl=0.3383
Step: 2076672 SPS: 2270  ev=0.354  ent=0.713  grad=1.32/0.50  h=5.5 c=17.1  kl=0.0074  vl=0.2623
Step: 2080768 SPS: 2270  ev=0.382  ent=0.739  grad=0.96/0.50  h=5.5 c=18.8  kl=0.0071  vl=0.2485
Step: 2084864 SPS: 2270  ev=0.285  ent=0.718  grad=1.45/0.50  h=5.5 c=15.7  kl=0.0062  vl=0.2225
Step: 2088960 SPS: 2270  ev=0.410  ent=0.766  grad=1.16/0.50  h=5.4 c=18.7  kl=0.0070  vl=0.2108
Step: 2093056 SPS: 2270  ev=0.233  ent=0.694  grad=0.99/0.50  h=5.4 c=13.9  kl=0.0045  vl=0.2842
Step: 2097152 SPS: 2270  ev=0.329  ent=0.745  grad=1.22/0.50  h=5.5 c=18.7  kl=0.0058  vl=0.1921
Step: 2101248 SPS: 2270  ev=0.352  ent=0.718  grad=0.88/0.50  h=5.3 c=11.5  kl=0.0061  vl=0.2612
Step: 2105344 SPS: 2270  ev=0.312  ent=0.751  grad=1.28/0.50  h=5.5 c=18.4  kl=0.0073  vl=0.2598
Step: 2109440 SPS: 2271  ev=0.336  ent=0.726  grad=0.94/0.50  h=4.6 c=7.9  kl=0.0067  vl=0.2360
Step: 2113536 SPS: 2271  ev=0.322  ent=0.689  grad=0.74/0.50  h=5.5 c=18.0  kl=0.0075  vl=0.2306
Step: 2117632 SPS: 2271  ev=0.361  ent=0.763  grad=1.02/0.50  h=5.7 c=18.8  kl=0.0066  vl=0.3208
Step: 2121728 SPS: 2272  ev=0.290  ent=0.724  grad=1.53/0.50  h=5.5 c=17.0  kl=0.0069  vl=0.2898
Step: 2125824 SPS: 2272  ev=0.393  ent=0.806  grad=1.44/0.50  h=5.5 c=18.7  kl=0.0092  vl=0.2409
  vs Random: 100W/0L/0D | score=51.5±28.9 inv=2.6 played=21.7 lanes=5.0 ddraw=42.5 pts=51
  Self-play: 53W/46L/1D | score=17.1±29.0 inv=2.9 played=18.8 lanes=4.9 ddraw=25.9 pts=17
Step: 2129920 SPS: 2272  ev=0.302  ent=0.734  grad=0.93/0.50  h=5.5 c=15.8  kl=0.0061  vl=0.2795
Step: 2134016 SPS: 2272  ev=0.347  ent=0.724  grad=1.16/0.50  h=5.5 c=18.9  kl=0.0057  vl=0.1945
Step: 2138112 SPS: 2272  ev=0.242  ent=0.764  grad=0.94/0.50  h=5.5 c=14.0  kl=0.0077  vl=0.2994
Step: 2142208 SPS: 2272  ev=0.326  ent=0.726  grad=1.51/0.50  h=5.5 c=18.9  kl=0.0064  vl=0.2260
Step: 2146304 SPS: 2272  ev=0.350  ent=0.748  grad=1.01/0.50  h=5.3 c=11.6  kl=0.0062  vl=0.2743
Step: 2150400 SPS: 2272  ev=0.325  ent=0.704  grad=1.24/0.50  h=5.5 c=19.0  kl=0.0062  vl=0.2326
Step: 2154496 SPS: 2272  ev=0.358  ent=0.686  grad=0.91/0.50  h=4.6 c=8.0  kl=0.0055  vl=0.2968
Step: 2158592 SPS: 2272  ev=0.279  ent=0.707  grad=0.80/0.50  h=5.5 c=18.3  kl=0.0060  vl=0.2665
Step: 2162688 SPS: 2272  ev=0.319  ent=0.739  grad=1.58/0.50  h=5.7 c=19.0  kl=0.0071  vl=0.3079
Step: 2166784 SPS: 2272  ev=0.347  ent=0.689  grad=0.96/0.50  h=5.5 c=17.4  kl=0.0075  vl=0.2246
Step: 2170880 SPS: 2273  ev=0.364  ent=0.700  grad=1.06/0.50  h=5.6 c=19.4  kl=0.0054  vl=0.2054
Step: 2174976 SPS: 2273  ev=0.249  ent=0.702  grad=1.12/0.50  h=5.5 c=15.9  kl=0.0058  vl=0.2323
Step: 2179072 SPS: 2274  ev=0.398  ent=0.718  grad=0.94/0.50  h=5.5 c=19.6  kl=0.0063  vl=0.1832
Step: 2183168 SPS: 2274  ev=0.366  ent=0.692  grad=1.03/0.50  h=5.5 c=14.2  kl=0.0082  vl=0.2573
Step: 2187264 SPS: 2275  ev=0.366  ent=0.674  grad=0.92/0.50  h=5.4 c=19.5  kl=0.0065  vl=0.2321
Step: 2191360 SPS: 2275  ev=0.295  ent=0.718  grad=0.85/0.50  h=5.3 c=11.6  kl=0.0081  vl=0.2657
Step: 2195456 SPS: 2275  ev=0.387  ent=0.720  grad=0.94/0.50  h=5.5 c=19.3  kl=0.0070  vl=0.1920
Step: 2199552 SPS: 2276  ev=0.319  ent=0.710  grad=0.88/0.50  h=4.5 c=7.9  kl=0.0050  vl=0.3069
Step: 2203648 SPS: 2276  ev=0.285  ent=0.737  grad=1.00/0.50  h=5.4 c=18.7  kl=0.0064  vl=0.2318
Step: 2207744 SPS: 2276  ev=0.301  ent=0.741  grad=2.29/0.50  h=5.7 c=19.5  kl=0.0061  vl=0.3586
  vs Random: 100W/0L/0D | score=54.8±25.0 inv=2.8 played=22.1 lanes=4.9 ddraw=34.2 pts=55
  Self-play: 50W/50L/0D | score=13.4±21.0 inv=2.3 played=18.5 lanes=4.9 ddraw=18.6 pts=13
Step: 2211840 SPS: 2277  ev=0.244  ent=0.686  grad=1.00/0.50  h=5.4 c=17.8  kl=0.0067  vl=0.2586
Step: 2215936 SPS: 2276  ev=0.340  ent=0.700  grad=1.10/0.50  h=5.6 c=19.7  kl=0.0091  vl=0.2435
Step: 2220032 SPS: 2276  ev=0.244  ent=0.760  grad=1.05/0.50  h=5.4 c=16.0  kl=0.0075  vl=0.2659
Step: 2224128 SPS: 2276  ev=0.384  ent=0.718  grad=1.07/0.50  h=5.5 c=20.0  kl=0.0063  vl=0.2424
Step: 2228224 SPS: 2276  ev=0.277  ent=0.729  grad=1.51/0.50  h=5.4 c=14.1  kl=0.0073  vl=0.2652
Step: 2232320 SPS: 2276  ev=0.423  ent=0.732  grad=1.24/0.50  h=5.5 c=20.0  kl=0.0091  vl=0.2163
Terminated
[lr5e5] done 2026-06-06 12:02:54 exit=0
