wandb: [wandb.login()] Loaded credentials for https://api.wandb.ai from /home/zzhang18/.netrc.
wandb: Currently logged in as: nchen3 (ningcong-chen) to https://api.wandb.ai. Use `wandb login --relogin` to force relogin
wandb: Tracking run with wandb version 0.25.1
wandb: Run data is saved locally in /home/zzhang18/nchen3/eco/wandb/run-20260408_012357-glik38th
wandb: Run `wandb offline` to turn off syncing.
wandb: Syncing run lc__lc_ppo_from_dense_scorediff__1__1775625837
wandb: ⭐️ View project at https://wandb.ai/ningcong-chen/ppo-eco
wandb: 🚀 View run at https://wandb.ai/ningcong-chen/ppo-eco/runs/glik38th
Agent params: 2,243,161
Loaded pretrained model from model/lc_ppo_from_dense_scorediff/pretrained.pkt
Step: 4096 SPS: 1691  ev=-0.059  ent=1.581  grad=0.67/0.50  h=5.0 c=10.7  kl=0.0526  vl=4.0713
Step: 8192 SPS: 1898  ev=0.578  ent=1.486  grad=0.92/0.50  h=4.7 c=9.9  kl=0.0341  vl=3.0597
Step: 12288 SPS: 1969  ev=-1.304  ent=1.983  grad=0.57/0.50  h=3.9 c=7.0  kl=0.0293  vl=12.9009
Step: 16384 SPS: 1987  ev=-0.121  ent=1.848  grad=0.50/0.50  h=5.2 c=11.9  kl=0.0147  vl=4.0543
Step: 20480 SPS: 1961  ev=0.749  ent=1.509  grad=0.48/0.48  h=5.0 c=10.7  kl=0.0119  vl=1.2063
Step: 24576 SPS: 1949  ev=0.065  ent=1.831  grad=0.64/0.50  h=4.6 c=9.3  kl=0.0628  vl=5.1468
Step: 28672 SPS: 1952  ev=-2.513  ent=1.954  grad=0.18/0.18  h=5.6 c=13.3  kl=0.0462  vl=6.3660
Step: 32768 SPS: 1926  ev=0.263  ent=1.476  grad=0.34/0.34  h=5.4 c=12.4  kl=0.0047  vl=1.8646
Step: 36864 SPS: 1909  ev=0.725  ent=1.596  grad=1.02/0.50  h=5.0 c=10.8  kl=0.0179  vl=0.8566
Step: 40960 SPS: 1921  ev=-4.377  ent=1.899  grad=0.05/0.05  h=5.7 c=13.7  kl=0.0414  vl=2.7914
Step: 45056 SPS: 1919  ev=-4.830  ent=1.747  grad=0.16/0.16  h=5.8 c=14.1  kl=0.0199  vl=2.8051
Step: 49152 SPS: 1909  ev=-0.140  ent=1.669  grad=0.27/0.27  h=5.4 c=12.6  kl=0.0116  vl=1.1701
Step: 53248 SPS: 1902  ev=0.160  ent=1.940  grad=0.34/0.34  h=5.6 c=13.4  kl=0.0135  vl=0.3850
Step: 57344 SPS: 1901  ev=-11.689  ent=1.787  grad=0.38/0.38  h=6.1 c=15.4  kl=0.0104  vl=1.0134
Step: 61440 SPS: 1901  ev=-4.736  ent=1.705  grad=0.29/0.29  h=5.9 c=14.5  kl=0.0117  vl=0.7630
Step: 65536 SPS: 1888  ev=-0.528  ent=1.780  grad=0.94/0.50  h=5.5 c=13.2  kl=0.0075  vl=0.1766
Step: 69632 SPS: 1881  ev=-2.225  ent=1.801  grad=0.06/0.06  h=6.0 c=15.3  kl=0.0105  vl=0.1286
Step: 73728 SPS: 1877  ev=-10.139  ent=1.721  grad=0.23/0.23  h=6.2 c=16.1  kl=0.0147  vl=0.1157
Step: 77824 SPS: 1863  ev=-0.658  ent=1.837  grad=0.82/0.50  h=6.0 c=15.3  kl=0.0094  vl=0.1044
  vs Random: 98W/3L/0D | score=32.3±30.6 inv=4.2 played=19.9 lanes=5.0 ddraw=19.6 pts=32
  Self-play: 43W/56L/1D | score=-13.6±29.9 inv=3.7 played=16.4 lanes=5.0 ddraw=12.4 pts=-14
Step: 81920 SPS: 1607  ev=-0.001  ent=1.878  grad=0.37/0.37  h=6.1 c=15.8  kl=0.0018  vl=0.0540
Step: 86016 SPS: 1608  ev=0.021  ent=1.838  grad=0.13/0.13  h=6.4 c=17.4  kl=0.0018  vl=0.0279
Step: 90112 SPS: 1611  ev=-0.025  ent=1.815  grad=0.05/0.05  h=6.5 c=18.0  kl=0.0016  vl=0.0205
Step: 94208 SPS: 1615  ev=-0.017  ent=1.853  grad=0.13/0.13  h=6.4 c=17.2  kl=0.0011  vl=0.0034
Step: 98304 SPS: 1617  ev=-1.142  ent=1.800  grad=0.02/0.02  h=6.2 c=16.7  kl=0.0027  vl=0.0017
Step: 102400 SPS: 1621  ev=-0.007  ent=1.848  grad=0.88/0.50  h=6.6 c=18.9  kl=0.0014  vl=0.0453
Step: 106496 SPS: 1625  ev=-0.059  ent=1.814  grad=0.31/0.31  h=6.6 c=18.9  kl=0.0017  vl=0.0218
Step: 110592 SPS: 1627  ev=-0.679  ent=1.838  grad=0.41/0.41  h=6.5 c=18.2  kl=0.0040  vl=0.0024
Step: 114688 SPS: 1630  ev=-0.008  ent=1.884  grad=0.11/0.11  h=6.6 c=18.8  kl=0.0017  vl=0.0007
Step: 118784 SPS: 1632  ev=0.008  ent=1.880  grad=1.96/0.50  h=6.7 c=20.0  kl=0.0096  vl=0.0514
Step: 122880 SPS: 1635  ev=-0.022  ent=1.808  grad=0.17/0.17  h=6.6 c=19.4  kl=0.0051  vl=0.0023
Step: 126976 SPS: 1637  ev=0.018  ent=1.930  grad=0.67/0.50  h=6.4 c=18.8  kl=0.0039  vl=0.0474
Step: 131072 SPS: 1639  ev=-0.027  ent=1.932  grad=0.50/0.50  h=6.4 c=19.0  kl=0.0066  vl=0.0032
Step: 135168 SPS: 1644  ev=-0.015  ent=1.894  grad=1.76/0.50  h=6.5 c=19.5  kl=0.0166  vl=0.0511
Step: 139264 SPS: 1652  ev=-0.051  ent=1.932  grad=0.92/0.50  h=6.5 c=20.9  kl=0.0110  vl=0.0202
Step: 143360 SPS: 1660  ev=0.195  ent=1.890  grad=0.19/0.19  h=6.5 c=21.0  kl=0.0204  vl=0.0046
Step: 147456 SPS: 1661  ev=-0.064  ent=1.895  grad=0.08/0.08  h=6.5 c=22.9  kl=0.0038  vl=0.0021
Step: 151552 SPS: 1660  ev=-1.001  ent=1.851  grad=0.25/0.25  h=6.6 c=25.2  kl=0.0016  vl=0.0008
Step: 155648 SPS: 1661  ev=0.042  ent=1.932  grad=0.59/0.50  h=6.7 c=25.6  kl=0.0058  vl=0.0485
Step: 159744 SPS: 1662  ev=0.044  ent=1.884  grad=0.09/0.09  h=6.6 c=25.1  kl=0.0122  vl=0.0043
  vs Random: 98W/2L/0D | score=34.1±35.5 inv=4.2 played=20.0 lanes=5.0 ddraw=16.4 pts=34
  Self-play: 42W/57L/1D | score=-6.5±25.5 inv=3.0 played=16.0 lanes=4.9 ddraw=10.7 pts=-6
Step: 163840 SPS: 1557  ev=0.235  ent=1.913  grad=0.21/0.21  h=6.5 c=24.2  kl=0.0128  vl=0.0033
Step: 167936 SPS: 1563  ev=0.114  ent=2.001  grad=0.90/0.50  h=6.4 c=26.5  kl=0.0201  vl=0.0150
Step: 172032 SPS: 1566  ev=-0.084  ent=1.962  grad=0.24/0.24  h=6.4 c=26.7  kl=0.0085  vl=0.0009
Step: 176128 SPS: 1569  ev=-0.001  ent=1.991  grad=0.11/0.11  h=6.4 c=27.4  kl=0.0048  vl=0.0005
Step: 180224 SPS: 1572  ev=0.035  ent=1.957  grad=0.06/0.06  h=6.4 c=27.2  kl=0.0074  vl=0.0004
Step: 184320 SPS: 1574  ev=0.006  ent=1.921  grad=0.33/0.33  h=6.5 c=29.5  kl=0.0061  vl=0.0014
Step: 188416 SPS: 1577  ev=0.016  ent=1.842  grad=0.08/0.08  h=6.4 c=28.8  kl=0.0028  vl=0.0003
Step: 192512 SPS: 1580  ev=0.316  ent=1.886  grad=0.11/0.11  h=6.5 c=28.6  kl=0.0025  vl=0.0002
Step: 196608 SPS: 1583  ev=-0.379  ent=1.837  grad=4.90/0.50  h=6.5 c=29.3  kl=0.0410  vl=0.2723
Step: 200704 SPS: 1588  ev=-0.022  ent=1.883  grad=0.93/0.50  h=6.7 c=29.8  kl=0.0174  vl=0.1132
Step: 204800 SPS: 1597  ev=0.308  ent=1.918  grad=2.54/0.50  h=6.7 c=30.8  kl=0.0368  vl=0.1895
Step: 208896 SPS: 1603  ev=-0.163  ent=1.892  grad=0.16/0.16  h=6.7 c=29.4  kl=0.0229  vl=0.0132
Step: 212992 SPS: 1608  ev=0.005  ent=1.992  grad=0.12/0.12  h=6.6 c=29.5  kl=0.0138  vl=0.0015
Step: 217088 SPS: 1613  ev=0.104  ent=1.962  grad=0.41/0.41  h=6.7 c=30.3  kl=0.0111  vl=0.0040
Step: 221184 SPS: 1616  ev=0.095  ent=1.958  grad=0.36/0.36  h=6.7 c=30.7  kl=0.0236  vl=0.0426
Step: 225280 SPS: 1621  ev=0.122  ent=1.891  grad=0.04/0.04  h=6.6 c=31.1  kl=0.0160  vl=0.0374
Step: 229376 SPS: 1623  ev=0.114  ent=1.867  grad=0.58/0.50  h=6.6 c=32.2  kl=0.0118  vl=0.0059
Step: 233472 SPS: 1625  ev=-0.148  ent=1.839  grad=0.08/0.08  h=6.6 c=31.9  kl=0.0199  vl=0.0014
Step: 237568 SPS: 1625  ev=0.440  ent=1.882  grad=0.19/0.19  h=6.5 c=32.4  kl=0.0074  vl=0.0010
Step: 241664 SPS: 1626  ev=-0.432  ent=1.958  grad=0.11/0.11  h=6.6 c=33.7  kl=0.0012  vl=0.0003
  vs Random: 100W/1L/0D | score=37.1±26.4 inv=4.2 played=20.3 lanes=5.0 ddraw=15.7 pts=37
  Self-play: 51W/50L/1D | score=-11.9±27.2 inv=3.3 played=15.7 lanes=4.9 ddraw=12.2 pts=-12
Step: 245760 SPS: 1556  ev=0.019  ent=1.946  grad=0.06/0.06  h=6.7 c=34.8  kl=0.0190  vl=0.0003
Step: 249856 SPS: 1558  ev=-0.129  ent=1.939  grad=0.11/0.11  h=6.6 c=34.2  kl=0.0085  vl=0.0005
Step: 253952 SPS: 1561  ev=0.025  ent=1.909  grad=0.46/0.46  h=6.6 c=34.3  kl=0.0083  vl=0.0029
Step: 258048 SPS: 1565  ev=-0.613  ent=1.911  grad=0.14/0.14  h=6.6 c=34.3  kl=0.0173  vl=0.0008
Step: 262144 SPS: 1568  ev=-0.008  ent=1.900  grad=0.27/0.27  h=6.7 c=34.3  kl=0.0024  vl=0.0271
Step: 266240 SPS: 1570  ev=0.375  ent=1.947  grad=0.13/0.13  h=6.7 c=35.5  kl=0.0012  vl=0.0006
Step: 270336 SPS: 1574  ev=0.007  ent=1.990  grad=0.52/0.50  h=6.7 c=33.6  kl=0.0155  vl=0.0576
Step: 274432 SPS: 1579  ev=0.058  ent=1.913  grad=0.22/0.22  h=6.7 c=35.3  kl=0.0147  vl=0.0310
Step: 278528 SPS: 1585  ev=0.268  ent=1.924  grad=0.05/0.05  h=6.6 c=33.3  kl=0.0283  vl=0.0036
Step: 282624 SPS: 1590  ev=-0.420  ent=1.871  grad=0.29/0.29  h=6.6 c=33.8  kl=0.0131  vl=0.0078
Step: 286720 SPS: 1596  ev=-0.036  ent=1.841  grad=0.35/0.35  h=6.6 c=32.6  kl=0.0312  vl=0.0639
Step: 290816 SPS: 1601  ev=0.039  ent=1.805  grad=0.10/0.10  h=6.7 c=33.7  kl=0.0157  vl=0.0016
Step: 294912 SPS: 1602  ev=0.038  ent=1.824  grad=0.51/0.50  h=6.7 c=33.6  kl=0.0033  vl=0.0038
Step: 299008 SPS: 1607  ev=0.031  ent=1.916  grad=0.28/0.28  h=6.7 c=33.8  kl=0.0261  vl=0.0147
Step: 303104 SPS: 1609  ev=-0.086  ent=1.866  grad=0.03/0.03  h=6.6 c=32.7  kl=0.0058  vl=0.0006
Step: 307200 SPS: 1611  ev=0.057  ent=1.833  grad=0.06/0.06  h=6.6 c=33.2  kl=0.0081  vl=0.0003
Step: 311296 SPS: 1612  ev=-0.007  ent=1.827  grad=0.02/0.02  h=6.7 c=34.8  kl=0.0019  vl=0.0001
Step: 315392 SPS: 1613  ev=-0.216  ent=1.809  grad=0.04/0.04  h=6.8 c=33.9  kl=0.0014  vl=0.0001
Step: 319488 SPS: 1615  ev=-0.189  ent=1.861  grad=0.04/0.04  h=6.8 c=33.7  kl=0.0010  vl=0.0001
Step: 323584 SPS: 1616  ev=0.009  ent=1.877  grad=0.60/0.50  h=6.8 c=34.2  kl=0.0117  vl=0.0581
  vs Random: 101W/0L/0D | score=30.0±31.7 inv=4.1 played=19.5 lanes=5.0 ddraw=11.7 pts=30
  Self-play: 49W/51L/0D | score=-15.0±31.9 inv=3.1 played=15.7 lanes=5.0 ddraw=10.3 pts=-15
Step: 327680 SPS: 1572  ev=0.003  ent=1.859  grad=2.35/0.50  h=6.8 c=34.8  kl=0.0403  vl=0.1241
Step: 331776 SPS: 1576  ev=0.113  ent=1.793  grad=0.28/0.28  h=6.8 c=34.3  kl=0.0403  vl=0.0267
Step: 335872 SPS: 1579  ev=0.252  ent=1.783  grad=0.26/0.26  h=6.6 c=33.0  kl=0.0174  vl=0.0282
Step: 339968 SPS: 1581  ev=0.224  ent=1.785  grad=0.46/0.46  h=6.6 c=32.3  kl=0.0141  vl=0.0106
Step: 344064 SPS: 1585  ev=0.261  ent=1.809  grad=0.31/0.31  h=6.7 c=35.6  kl=0.0152  vl=0.0046
Step: 348160 SPS: 1588  ev=-0.992  ent=1.779  grad=0.20/0.20  h=6.6 c=33.1  kl=0.0226  vl=0.0014
Step: 352256 SPS: 1590  ev=-0.035  ent=1.760  grad=0.14/0.14  h=6.6 c=33.1  kl=0.0125  vl=0.0009
Step: 356352 SPS: 1593  ev=0.053  ent=1.918  grad=0.08/0.08  h=6.7 c=38.6  kl=0.0184  vl=0.0010
Step: 360448 SPS: 1594  ev=0.020  ent=1.917  grad=0.12/0.12  h=6.6 c=37.3  kl=0.0044  vl=0.0013
Step: 364544 SPS: 1598  ev=0.100  ent=1.915  grad=0.22/0.22  h=6.7 c=37.4  kl=0.0273  vl=0.0026
Step: 368640 SPS: 1602  ev=0.111  ent=1.910  grad=0.07/0.07  h=6.7 c=37.9  kl=0.0124  vl=0.0006
Step: 372736 SPS: 1603  ev=0.057  ent=1.886  grad=0.04/0.04  h=6.7 c=36.2  kl=0.0087  vl=0.0010
Step: 376832 SPS: 1606  ev=0.041  ent=1.838  grad=0.11/0.11  h=6.7 c=37.3  kl=0.0126  vl=0.0028
Step: 380928 SPS: 1609  ev=0.080  ent=1.837  grad=0.25/0.25  h=6.7 c=36.3  kl=0.0138  vl=0.0021
Step: 385024 SPS: 1611  ev=-0.430  ent=1.771  grad=0.15/0.15  h=6.7 c=36.2  kl=0.0186  vl=0.0010
Step: 389120 SPS: 1612  ev=-0.033  ent=1.752  grad=0.00/0.00  h=6.7 c=38.1  kl=0.0205  vl=0.0002
Step: 393216 SPS: 1614  ev=0.198  ent=1.805  grad=0.06/0.06  h=6.7 c=38.3  kl=0.0208  vl=0.0376
Step: 397312 SPS: 1617  ev=0.094  ent=1.874  grad=0.05/0.05  h=6.7 c=37.0  kl=0.0136  vl=0.0146
Step: 401408 SPS: 1619  ev=-1.670  ent=1.795  grad=0.02/0.02  h=6.6 c=35.1  kl=0.0204  vl=0.0007
Step: 405504 SPS: 1621  ev=0.191  ent=1.877  grad=0.09/0.09  h=6.7 c=37.4  kl=0.0125  vl=0.0010
  vs Random: 98W/2L/0D | score=32.1±31.0 inv=4.0 played=20.1 lanes=5.0 ddraw=14.9 pts=32
  Self-play: 50W/50L/0D | score=-8.9±32.2 inv=3.1 played=16.3 lanes=5.0 ddraw=12.7 pts=-9
Step: 409600 SPS: 1580  ev=0.190  ent=1.904  grad=0.22/0.22  h=6.7 c=37.1  kl=0.0233  vl=0.0031
Step: 413696 SPS: 1581  ev=0.297  ent=1.889  grad=0.01/0.01  h=6.6 c=37.1  kl=0.0191  vl=0.0034
Step: 417792 SPS: 1582  ev=0.179  ent=1.835  grad=0.04/0.04  h=6.6 c=37.3  kl=0.0185  vl=0.0310
Step: 421888 SPS: 1583  ev=0.185  ent=1.841  grad=0.03/0.03  h=6.7 c=38.1  kl=0.0079  vl=0.0022
Step: 425984 SPS: 1586  ev=-0.280  ent=1.851  grad=0.08/0.08  h=6.8 c=39.4  kl=0.0253  vl=0.0019
Step: 430080 SPS: 1586  ev=0.307  ent=1.914  grad=0.04/0.04  h=6.7 c=42.0  kl=0.0107  vl=0.0075
Step: 434176 SPS: 1586  ev=0.002  ent=1.790  grad=0.06/0.06  h=6.7 c=41.7  kl=0.0122  vl=0.0080
Step: 438272 SPS: 1587  ev=0.082  ent=1.868  grad=0.05/0.05  h=6.7 c=41.1  kl=0.0063  vl=0.0007
Step: 442368 SPS: 1588  ev=0.311  ent=1.905  grad=0.18/0.18  h=6.8 c=42.1  kl=0.0046  vl=0.0139
Step: 446464 SPS: 1589  ev=0.326  ent=1.786  grad=0.05/0.05  h=6.8 c=39.1  kl=0.0064  vl=0.0056
Step: 450560 SPS: 1590  ev=0.152  ent=1.843  grad=0.14/0.14  h=6.6 c=38.4  kl=0.0056  vl=0.0286
Step: 454656 SPS: 1591  ev=0.313  ent=1.760  grad=0.13/0.13  h=6.7 c=38.1  kl=0.0050  vl=0.0081
Step: 458752 SPS: 1594  ev=-0.963  ent=1.844  grad=0.20/0.20  h=6.7 c=38.9  kl=0.0144  vl=0.0036
Step: 462848 SPS: 1594  ev=0.276  ent=1.819  grad=0.07/0.07  h=6.7 c=40.0  kl=0.0149  vl=0.0037
Step: 466944 SPS: 1595  ev=0.171  ent=1.825  grad=0.00/0.00  h=6.7 c=39.0  kl=0.0013  vl=0.0004
Step: 471040 SPS: 1596  ev=0.354  ent=1.835  grad=0.02/0.02  h=6.8 c=41.1  kl=0.0015  vl=0.0007
Step: 475136 SPS: 1598  ev=0.173  ent=1.864  grad=0.06/0.06  h=6.8 c=40.8  kl=0.0259  vl=0.0011
Step: 479232 SPS: 1600  ev=0.317  ent=1.813  grad=0.04/0.04  h=6.7 c=39.6  kl=0.0377  vl=0.0378
Step: 483328 SPS: 1602  ev=0.191  ent=1.865  grad=0.15/0.15  h=6.7 c=39.8  kl=0.0105  vl=0.0013
Step: 487424 SPS: 1604  ev=0.502  ent=1.864  grad=0.19/0.19  h=6.8 c=39.1  kl=0.0279  vl=0.0038
  vs Random: 100W/1L/0D | score=37.4±29.4 inv=4.2 played=20.0 lanes=4.8 ddraw=13.2 pts=37
  Self-play: 49W/51L/0D | score=-9.5±31.0 inv=3.0 played=15.7 lanes=4.9 ddraw=12.0 pts=-9
Step: 491520 SPS: 1571  ev=0.247  ent=1.813  grad=0.08/0.08  h=6.7 c=38.6  kl=0.0188  vl=0.0155
Step: 495616 SPS: 1572  ev=0.368  ent=1.885  grad=0.06/0.06  h=6.8 c=38.2  kl=0.0129  vl=0.0034
Step: 499712 SPS: 1574  ev=0.144  ent=1.829  grad=0.06/0.06  h=6.7 c=37.0  kl=0.0059  vl=0.0004
Step: 503808 SPS: 1577  ev=-1.167  ent=1.833  grad=2.73/0.50  h=6.7 c=41.8  kl=0.3841  vl=0.0039
Step: 507904 SPS: 1580  ev=0.049  ent=1.817  grad=0.67/0.50  h=6.8 c=45.3  kl=0.0575  vl=0.0097
Step: 512000 SPS: 1583  ev=0.426  ent=1.822  grad=0.91/0.50  h=6.7 c=43.0  kl=0.0209  vl=0.0105
Step: 516096 SPS: 1586  ev=0.183  ent=1.874  grad=1.08/0.50  h=6.7 c=43.4  kl=0.0322  vl=0.0007
Step: 520192 SPS: 1588  ev=0.025  ent=1.895  grad=0.86/0.50  h=6.7 c=44.1  kl=0.0140  vl=0.0017
Step: 524288 SPS: 1590  ev=0.304  ent=1.787  grad=0.81/0.50  h=6.7 c=45.2  kl=0.0145  vl=0.0762
Step: 528384 SPS: 1592  ev=0.384  ent=1.916  grad=0.51/0.50  h=6.8 c=46.7  kl=0.0176  vl=0.0074
Step: 532480 SPS: 1594  ev=-0.022  ent=1.922  grad=0.92/0.50  h=6.8 c=44.2  kl=0.0144  vl=0.0013
Step: 536576 SPS: 1596  ev=0.629  ent=1.980  grad=0.88/0.50  h=6.7 c=46.8  kl=0.0150  vl=0.0015
Step: 540672 SPS: 1599  ev=-0.065  ent=1.904  grad=0.61/0.50  h=6.7 c=45.2  kl=0.0150  vl=0.0027
Step: 544768 SPS: 1600  ev=-0.101  ent=1.959  grad=0.59/0.50  h=6.8 c=46.2  kl=0.0140  vl=0.0016
Step: 548864 SPS: 1602  ev=0.273  ent=1.938  grad=0.70/0.50  h=6.7 c=45.5  kl=0.0137  vl=0.0212
Step: 552960 SPS: 1603  ev=0.421  ent=1.924  grad=0.46/0.46  h=6.8 c=45.9  kl=0.0127  vl=0.0343
Step: 557056 SPS: 1606  ev=0.186  ent=1.869  grad=0.78/0.50  h=6.7 c=47.1  kl=0.0129  vl=0.0061
Step: 561152 SPS: 1607  ev=-0.386  ent=1.936  grad=0.88/0.50  h=6.7 c=47.7  kl=0.0100  vl=0.0022
Step: 565248 SPS: 1609  ev=-0.267  ent=1.985  grad=0.70/0.50  h=6.7 c=48.1  kl=0.0124  vl=0.0026
Step: 569344 SPS: 1611  ev=0.336  ent=1.929  grad=0.82/0.50  h=6.7 c=48.7  kl=0.0126  vl=0.0279
  vs Random: 100W/1L/0D | score=33.2±28.2 inv=2.6 played=19.2 lanes=5.0 ddraw=18.2 pts=33
  Self-play: 54W/45L/2D | score=-3.5±28.8 inv=2.2 played=16.2 lanes=5.0 ddraw=19.0 pts=-3
Step: 573440 SPS: 1577  ev=0.098  ent=1.911  grad=0.86/0.50  h=6.7 c=48.0  kl=0.0185  vl=0.0005
Step: 577536 SPS: 1578  ev=-0.156  ent=1.883  grad=0.52/0.50  h=6.7 c=48.0  kl=0.0149  vl=0.0025
Step: 581632 SPS: 1580  ev=0.313  ent=1.888  grad=0.68/0.50  h=6.6 c=49.3  kl=0.0154  vl=0.0070
Step: 585728 SPS: 1583  ev=0.470  ent=1.859  grad=0.79/0.50  h=6.6 c=49.3  kl=0.0181  vl=0.0023
Step: 589824 SPS: 1585  ev=0.328  ent=1.928  grad=0.65/0.50  h=6.6 c=48.9  kl=0.0156  vl=0.0270
Step: 593920 SPS: 1586  ev=0.208  ent=1.957  grad=0.67/0.50  h=6.6 c=48.5  kl=0.0134  vl=0.0003
Step: 598016 SPS: 1588  ev=0.293  ent=1.908  grad=0.58/0.50  h=6.5 c=49.7  kl=0.0104  vl=0.0027
Step: 602112 SPS: 1590  ev=0.418  ent=1.930  grad=0.88/0.50  h=6.6 c=51.8  kl=0.0160  vl=0.0048
Step: 606208 SPS: 1592  ev=0.062  ent=1.921  grad=0.67/0.50  h=6.6 c=48.3  kl=0.0128  vl=0.0026
Step: 610304 SPS: 1595  ev=-0.077  ent=1.928  grad=1.00/0.50  h=6.6 c=48.2  kl=0.0111  vl=0.0007
Step: 614400 SPS: 1596  ev=0.199  ent=1.982  grad=0.72/0.50  h=6.5 c=49.6  kl=0.0158  vl=0.0387
Step: 618496 SPS: 1598  ev=0.541  ent=1.863  grad=0.64/0.50  h=6.5 c=52.5  kl=0.0147  vl=0.0031
Step: 622592 SPS: 1600  ev=-0.508  ent=1.822  grad=0.54/0.50  h=6.6 c=48.9  kl=0.0102  vl=0.0033
Step: 626688 SPS: 1602  ev=-0.169  ent=1.834  grad=0.82/0.50  h=6.6 c=50.7  kl=0.0157  vl=0.0077
Step: 630784 SPS: 1603  ev=0.081  ent=1.865  grad=0.58/0.50  h=6.6 c=52.4  kl=0.0110  vl=0.0039
Step: 634880 SPS: 1604  ev=-0.293  ent=1.867  grad=0.57/0.50  h=6.6 c=50.2  kl=0.0111  vl=0.0007
Step: 638976 SPS: 1605  ev=0.020  ent=1.874  grad=0.77/0.50  h=6.5 c=45.6  kl=0.0136  vl=0.0005
Step: 643072 SPS: 1606  ev=-0.069  ent=1.816  grad=0.55/0.50  h=6.6 c=51.3  kl=0.0133  vl=0.0010
Step: 647168 SPS: 1608  ev=-0.054  ent=1.836  grad=0.59/0.50  h=6.6 c=49.6  kl=0.0130  vl=0.0026
Step: 651264 SPS: 1609  ev=0.144  ent=1.880  grad=0.88/0.50  h=6.5 c=46.9  kl=0.0103  vl=0.0014
  vs Random: 99W/1L/0D | score=28.9±22.2 inv=1.6 played=18.3 lanes=5.0 ddraw=24.9 pts=29
  Self-play: 55W/47L/0D | score=-2.5±27.5 inv=1.5 played=15.6 lanes=5.0 ddraw=30.5 pts=-2
Step: 655360 SPS: 1572  ev=-0.227  ent=1.904  grad=0.49/0.49  h=6.5 c=49.0  kl=0.0156  vl=0.0009
Step: 659456 SPS: 1574  ev=0.237  ent=1.819  grad=0.61/0.50  h=6.6 c=50.5  kl=0.0125  vl=0.0007
Step: 663552 SPS: 1575  ev=0.193  ent=1.829  grad=0.79/0.50  h=6.6 c=47.9  kl=0.0111  vl=0.0004
Step: 667648 SPS: 1577  ev=-1.258  ent=1.879  grad=0.67/0.50  h=6.6 c=48.3  kl=0.0134  vl=0.0010
Step: 671744 SPS: 1578  ev=0.242  ent=1.874  grad=0.58/0.50  h=6.5 c=51.0  kl=0.0145  vl=0.0006
Step: 675840 SPS: 1580  ev=0.210  ent=1.856  grad=0.95/0.50  h=6.5 c=48.7  kl=0.0110  vl=0.0008
Step: 679936 SPS: 1581  ev=-1.139  ent=1.886  grad=0.78/0.50  h=6.5 c=48.1  kl=0.0107  vl=0.0011
Step: 684032 SPS: 1583  ev=-6.941  ent=1.825  grad=0.78/0.50  h=6.5 c=48.9  kl=0.0117  vl=0.0001
Step: 688128 SPS: 1584  ev=-0.321  ent=1.798  grad=0.52/0.50  h=6.6 c=51.2  kl=0.0131  vl=0.0004
Step: 692224 SPS: 1585  ev=-1.241  ent=1.883  grad=0.77/0.50  h=6.5 c=47.3  kl=0.0108  vl=0.0001
Step: 696320 SPS: 1587  ev=-0.487  ent=1.784  grad=0.86/0.50  h=6.4 c=48.7  kl=0.0107  vl=0.0010
Step: 700416 SPS: 1589  ev=-0.580  ent=1.845  grad=0.43/0.43  h=6.5 c=48.1  kl=0.0132  vl=0.0018
Step: 704512 SPS: 1589  ev=-0.226  ent=1.780  grad=0.65/0.50  h=6.5 c=48.1  kl=0.0137  vl=0.0002
Step: 708608 SPS: 1590  ev=0.037  ent=1.823  grad=0.78/0.50  h=6.4 c=47.2  kl=0.0143  vl=0.0002
Step: 712704 SPS: 1592  ev=-2.548  ent=1.797  grad=0.75/0.50  h=6.5 c=49.7  kl=0.0101  vl=0.0001
Step: 716800 SPS: 1593  ev=-0.091  ent=1.743  grad=0.73/0.50  h=6.5 c=49.3  kl=0.0102  vl=0.0001
Step: 720896 SPS: 1594  ev=0.158  ent=1.715  grad=0.81/0.50  h=6.4 c=45.7  kl=0.0119  vl=0.0001
Step: 724992 SPS: 1596  ev=0.147  ent=1.768  grad=0.78/0.50  h=6.4 c=51.7  kl=0.0104  vl=0.0014
Step: 729088 SPS: 1597  ev=0.444  ent=1.739  grad=0.53/0.50  h=6.5 c=50.8  kl=0.0104  vl=0.0004
Step: 733184 SPS: 1598  ev=0.041  ent=1.744  grad=0.56/0.50  h=6.4 c=44.4  kl=0.0150  vl=0.0009
  vs Random: 101W/0L/0D | score=32.6±25.2 inv=1.7 played=18.7 lanes=5.0 ddraw=34.4 pts=33
  Self-play: 47W/54L/0D | score=-2.9±26.3 inv=1.2 played=15.5 lanes=5.0 ddraw=58.0 pts=-3
Step: 737280 SPS: 1557  ev=-10.401  ent=1.728  grad=0.48/0.48  h=6.3 c=49.5  kl=0.0100  vl=0.0011
Step: 741376 SPS: 1559  ev=0.061  ent=1.724  grad=0.24/0.24  h=6.4 c=52.2  kl=0.0121  vl=0.0240
Step: 745472 SPS: 1560  ev=0.054  ent=1.703  grad=0.70/0.50  h=6.4 c=44.6  kl=0.0134  vl=0.0537
Step: 749568 SPS: 1561  ev=-0.404  ent=1.852  grad=0.53/0.50  h=6.4 c=49.3  kl=0.0173  vl=0.0007
Step: 753664 SPS: 1562  ev=-4.106  ent=1.689  grad=0.47/0.47  h=6.3 c=51.9  kl=0.0130  vl=0.0003
Step: 757760 SPS: 1564  ev=0.001  ent=1.720  grad=0.64/0.50  h=6.4 c=49.1  kl=0.0110  vl=0.0002
Step: 761856 SPS: 1565  ev=-1.088  ent=1.689  grad=0.42/0.42  h=6.3 c=47.7  kl=0.0119  vl=0.0003
Step: 765952 SPS: 1566  ev=-0.345  ent=1.688  grad=0.56/0.50  h=6.3 c=51.4  kl=0.0128  vl=0.0002
Step: 770048 SPS: 1567  ev=-8.311  ent=1.660  grad=0.44/0.44  h=6.4 c=49.3  kl=0.0140  vl=0.0002
Step: 774144 SPS: 1568  ev=0.092  ent=1.718  grad=0.65/0.50  h=6.4 c=47.8  kl=0.0126  vl=0.0006
Step: 778240 SPS: 1569  ev=-1.805  ent=1.727  grad=0.48/0.48  h=6.4 c=52.4  kl=0.0141  vl=0.0002
Step: 782336 SPS: 1570  ev=-0.412  ent=1.660  grad=0.48/0.48  h=6.4 c=48.5  kl=0.0142  vl=0.0002
Step: 786432 SPS: 1571  ev=0.284  ent=1.718  grad=0.55/0.50  h=6.4 c=47.0  kl=0.0118  vl=0.0006
Step: 790528 SPS: 1572  ev=0.007  ent=1.673  grad=0.74/0.50  h=6.3 c=48.4  kl=0.0112  vl=0.0002
Step: 794624 SPS: 1573  ev=0.357  ent=1.663  grad=0.42/0.42  h=6.3 c=50.1  kl=0.0138  vl=0.0003
Step: 798720 SPS: 1574  ev=0.102  ent=1.621  grad=0.54/0.50  h=6.4 c=48.1  kl=0.0105  vl=0.0003
Step: 802816 SPS: 1575  ev=-0.637  ent=1.698  grad=0.62/0.50  h=6.4 c=48.6  kl=0.0121  vl=0.0001
Step: 806912 SPS: 1576  ev=-4.525  ent=1.739  grad=0.91/0.50  h=6.3 c=49.4  kl=0.0108  vl=0.0001
Step: 811008 SPS: 1578  ev=-0.006  ent=1.658  grad=1.08/0.50  h=6.3 c=47.8  kl=0.0133  vl=0.0001
Step: 815104 SPS: 1578  ev=0.087  ent=1.649  grad=0.54/0.50  h=6.3 c=46.3  kl=0.0103  vl=0.0002
  vs Random: 101W/1L/0D | score=34.4±24.8 inv=1.6 played=18.9 lanes=5.0 ddraw=32.4 pts=34
  Self-play: 54W/46L/1D | score=-2.8±25.9 inv=1.3 played=15.5 lanes=5.0 ddraw=35.2 pts=-3
Step: 819200 SPS: 1549  ev=0.068  ent=1.651  grad=0.49/0.49  h=6.3 c=49.1  kl=0.0103  vl=0.0005
Step: 823296 SPS: 1551  ev=-7.231  ent=1.711  grad=0.51/0.50  h=6.4 c=48.1  kl=0.0123  vl=0.0003
Step: 827392 SPS: 1552  ev=-2.081  ent=1.658  grad=0.83/0.50  h=6.4 c=47.8  kl=0.0100  vl=0.0001
Step: 831488 SPS: 1553  ev=0.007  ent=1.714  grad=0.38/0.38  h=6.4 c=50.7  kl=0.0172  vl=0.0404
Step: 835584 SPS: 1554  ev=0.255  ent=1.664  grad=0.51/0.50  h=6.4 c=48.7  kl=0.0100  vl=0.0010
Step: 839680 SPS: 1555  ev=-5.319  ent=1.721  grad=0.55/0.50  h=6.4 c=47.0  kl=0.0137  vl=0.0004
Step: 843776 SPS: 1557  ev=0.032  ent=1.700  grad=0.69/0.50  h=6.4 c=50.3  kl=0.0137  vl=0.0004
Step: 847872 SPS: 1558  ev=-0.017  ent=1.681  grad=0.95/0.50  h=6.4 c=50.8  kl=0.0125  vl=0.0002
Step: 851968 SPS: 1559  ev=0.023  ent=1.645  grad=0.77/0.50  h=6.4 c=48.2  kl=0.0137  vl=0.0003
Step: 856064 SPS: 1560  ev=-0.396  ent=1.631  grad=0.95/0.50  h=6.3 c=50.6  kl=0.0104  vl=0.0002
Step: 860160 SPS: 1561  ev=-0.719  ent=1.648  grad=0.65/0.50  h=6.3 c=49.3  kl=0.0136  vl=0.0002
Step: 864256 SPS: 1562  ev=-0.687  ent=1.595  grad=0.65/0.50  h=6.4 c=46.1  kl=0.0120  vl=0.0001
Step: 868352 SPS: 1564  ev=-0.006  ent=1.690  grad=0.66/0.50  h=6.4 c=49.0  kl=0.0109  vl=0.0001
Step: 872448 SPS: 1565  ev=-0.853  ent=1.602  grad=0.45/0.45  h=6.4 c=51.3  kl=0.0184  vl=0.0008
Step: 876544 SPS: 1566  ev=-2.672  ent=1.679  grad=0.43/0.43  h=6.4 c=47.9  kl=0.0112  vl=0.0008
Step: 880640 SPS: 1567  ev=-3.438  ent=1.675  grad=0.33/0.33  h=6.4 c=46.4  kl=0.0105  vl=0.0004
Step: 884736 SPS: 1568  ev=-1.650  ent=1.646  grad=0.70/0.50  h=6.3 c=50.0  kl=0.0136  vl=0.0001
Step: 888832 SPS: 1569  ev=0.269  ent=1.588  grad=0.64/0.50  h=6.4 c=50.2  kl=0.0141  vl=0.0001
Step: 892928 SPS: 1570  ev=0.248  ent=1.657  grad=0.62/0.50  h=6.3 c=46.4  kl=0.0157  vl=0.0002
Step: 897024 SPS: 1570  ev=0.216  ent=1.633  grad=0.24/0.24  h=6.3 c=50.0  kl=0.0116  vl=0.0100
  vs Random: 101W/0L/0D | score=37.1±21.8 inv=1.7 played=19.5 lanes=5.0 ddraw=25.4 pts=37
  Self-play: 50W/52L/1D | score=-7.8±25.7 inv=1.1 played=14.9 lanes=5.0 ddraw=24.1 pts=-8
Step: 901120 SPS: 1547  ev=-2.158  ent=1.613  grad=0.61/0.50  h=6.3 c=49.7  kl=0.0124  vl=0.0002
Step: 905216 SPS: 1548  ev=-0.137  ent=1.648  grad=0.71/0.50  h=6.3 c=47.2  kl=0.0110  vl=0.0001
Step: 909312 SPS: 1550  ev=0.062  ent=1.628  grad=0.72/0.50  h=6.3 c=48.9  kl=0.0101  vl=0.0004
Step: 913408 SPS: 1551  ev=0.212  ent=1.580  grad=0.35/0.35  h=6.3 c=48.5  kl=0.0145  vl=0.0096
Step: 917504 SPS: 1552  ev=-0.312  ent=1.591  grad=0.57/0.50  h=6.4 c=48.6  kl=0.0113  vl=0.0004
Step: 921600 SPS: 1553  ev=0.078  ent=1.602  grad=0.79/0.50  h=6.3 c=47.7  kl=0.0112  vl=0.0002
Step: 925696 SPS: 1554  ev=0.240  ent=1.605  grad=0.74/0.50  h=6.3 c=49.0  kl=0.0116  vl=0.0005
Step: 929792 SPS: 1554  ev=-0.435  ent=1.577  grad=0.75/0.50  h=6.3 c=48.7  kl=0.0131  vl=0.0002
Step: 933888 SPS: 1555  ev=-0.916  ent=1.586  grad=0.44/0.44  h=6.3 c=47.7  kl=0.0109  vl=0.0004
Step: 937984 SPS: 1556  ev=-0.646  ent=1.595  grad=0.45/0.45  h=6.3 c=50.3  kl=0.0114  vl=0.0009
Step: 942080 SPS: 1557  ev=0.022  ent=1.599  grad=0.59/0.50  h=6.3 c=48.1  kl=0.0111  vl=0.0046
Step: 946176 SPS: 1558  ev=-0.785  ent=1.570  grad=0.47/0.47  h=6.3 c=46.7  kl=0.0123  vl=0.0005
Step: 950272 SPS: 1559  ev=0.018  ent=1.631  grad=0.46/0.46  h=6.3 c=49.8  kl=0.0129  vl=0.0006
Step: 954368 SPS: 1559  ev=-5.494  ent=1.537  grad=0.52/0.50  h=6.3 c=47.9  kl=0.0123  vl=0.0004
Step: 958464 SPS: 1560  ev=0.194  ent=1.617  grad=0.50/0.50  h=6.4 c=48.7  kl=0.0106  vl=0.0039
Step: 962560 SPS: 1561  ev=0.032  ent=1.568  grad=0.39/0.39  h=6.3 c=50.3  kl=0.0121  vl=0.0371
Step: 966656 SPS: 1562  ev=0.362  ent=1.556  grad=0.65/0.50  h=6.3 c=48.3  kl=0.0144  vl=0.0011
Step: 970752 SPS: 1562  ev=0.659  ent=1.581  grad=0.61/0.50  h=6.3 c=47.6  kl=0.0119  vl=0.0002
Step: 974848 SPS: 1563  ev=-1.547  ent=1.602  grad=0.68/0.50  h=6.3 c=49.5  kl=0.0108  vl=0.0002
Step: 978944 SPS: 1564  ev=0.331  ent=1.520  grad=0.18/0.18  h=6.3 c=47.2  kl=0.0115  vl=0.0100
  vs Random: 100W/0L/0D | score=34.3±22.8 inv=1.7 played=19.2 lanes=5.0 ddraw=28.7 pts=34
  Self-play: 50W/48L/2D | score=-4.7±28.6 inv=1.4 played=15.9 lanes=5.0 ddraw=26.1 pts=-5
Step: 983040 SPS: 1543  ev=-0.600  ent=1.534  grad=0.60/0.50  h=6.3 c=48.4  kl=0.0101  vl=0.0013
Step: 987136 SPS: 1544  ev=0.378  ent=1.607  grad=0.48/0.48  h=6.3 c=49.4  kl=0.0109  vl=0.0035
Step: 991232 SPS: 1544  ev=0.479  ent=1.527  grad=0.20/0.20  h=6.4 c=49.6  kl=0.0110  vl=0.0039
Step: 995328 SPS: 1545  ev=-2.716  ent=1.589  grad=0.41/0.41  h=6.3 c=48.9  kl=0.0117  vl=0.0024
Step: 999424 SPS: 1546  ev=-12.708  ent=1.567  grad=0.56/0.50  h=6.3 c=50.1  kl=0.0116  vl=0.0007
Step: 1003520 SPS: 1547  ev=0.115  ent=1.524  grad=0.81/0.50  h=6.4 c=48.5  kl=0.0123  vl=0.0006
Step: 1007616 SPS: 1548  ev=0.166  ent=1.564  grad=0.42/0.42  h=6.3 c=47.5  kl=0.0101  vl=0.0027
Step: 1011712 SPS: 1548  ev=-0.638  ent=1.599  grad=0.58/0.50  h=6.3 c=47.1  kl=0.0104  vl=0.0002
Step: 1015808 SPS: 1549  ev=-1.309  ent=1.601  grad=0.65/0.50  h=6.3 c=47.5  kl=0.0117  vl=0.0005
Step: 1019904 SPS: 1550  ev=-3.713  ent=1.555  grad=0.34/0.34  h=6.3 c=48.2  kl=0.0105  vl=0.0011
Step: 1024000 SPS: 1552  ev=0.049  ent=1.513  grad=0.71/0.50  h=6.3 c=47.6  kl=0.0127  vl=0.0003
Step: 1028096 SPS: 1553  ev=0.272  ent=1.499  grad=0.85/0.50  h=6.3 c=49.7  kl=0.0109  vl=0.0001
Step: 1032192 SPS: 1554  ev=-1.758  ent=1.502  grad=0.59/0.50  h=6.3 c=48.1  kl=0.0102  vl=0.0002
Step: 1036288 SPS: 1555  ev=0.238  ent=1.521  grad=0.55/0.50  h=6.3 c=48.2  kl=0.0103  vl=0.0002
Step: 1040384 SPS: 1556  ev=-2.258  ent=1.493  grad=0.57/0.50  h=6.3 c=50.9  kl=0.0108  vl=0.0002
Step: 1044480 SPS: 1557  ev=0.043  ent=1.491  grad=0.69/0.50  h=6.3 c=48.6  kl=0.0103  vl=0.0001
Step: 1048576 SPS: 1558  ev=-0.820  ent=1.498  grad=0.37/0.37  h=6.4 c=50.2  kl=0.0159  vl=0.0012
Step: 1052672 SPS: 1559  ev=0.187  ent=1.510  grad=0.50/0.50  h=6.3 c=51.1  kl=0.0118  vl=0.0014
Step: 1056768 SPS: 1560  ev=0.233  ent=1.458  grad=0.64/0.50  h=6.3 c=48.9  kl=0.0116  vl=0.0002
Step: 1060864 SPS: 1561  ev=0.091  ent=1.508  grad=0.67/0.50  h=6.2 c=47.7  kl=0.0101  vl=0.0021
  vs Random: 100W/1L/0D | score=27.3±20.3 inv=1.3 played=17.9 lanes=5.0 ddraw=39.3 pts=27
  Self-play: 51W/48L/1D | score=-4.2±24.3 inv=1.2 played=15.3 lanes=5.0 ddraw=55.9 pts=-4
Step: 1064960 SPS: 1532  ev=0.416  ent=1.542  grad=0.45/0.45  h=6.2 c=49.7  kl=0.0133  vl=0.0003
Step: 1069056 SPS: 1533  ev=0.130  ent=1.547  grad=0.67/0.50  h=6.3 c=49.4  kl=0.0127  vl=0.0004
Step: 1073152 SPS: 1534  ev=-1.931  ent=1.507  grad=0.67/0.50  h=6.3 c=49.3  kl=0.0111  vl=0.0004
Step: 1077248 SPS: 1535  ev=-0.090  ent=1.528  grad=0.16/0.16  h=6.3 c=49.7  kl=0.0105  vl=0.0054
Step: 1081344 SPS: 1536  ev=0.455  ent=1.526  grad=0.83/0.50  h=6.2 c=50.1  kl=0.0104  vl=0.0002
Step: 1085440 SPS: 1536  ev=0.634  ent=1.560  grad=0.30/0.30  h=6.2 c=49.0  kl=0.0141  vl=0.0012
Step: 1089536 SPS: 1537  ev=0.361  ent=1.500  grad=0.41/0.41  h=6.2 c=48.8  kl=0.0110  vl=0.0030
Step: 1093632 SPS: 1538  ev=-1.007  ent=1.556  grad=0.44/0.44  h=6.2 c=49.3  kl=0.0119  vl=0.0007
Step: 1097728 SPS: 1539  ev=-0.184  ent=1.546  grad=0.44/0.44  h=6.2 c=47.9  kl=0.0109  vl=0.0032
Step: 1101824 SPS: 1540  ev=-0.259  ent=1.544  grad=0.68/0.50  h=6.2 c=48.3  kl=0.0111  vl=0.0004
Step: 1105920 SPS: 1540  ev=-2.205  ent=1.524  grad=0.52/0.50  h=6.2 c=50.5  kl=0.0179  vl=0.0008
Step: 1110016 SPS: 1541  ev=0.015  ent=1.559  grad=0.62/0.50  h=6.3 c=48.9  kl=0.0110  vl=0.0013
Step: 1114112 SPS: 1542  ev=0.554  ent=1.561  grad=0.67/0.50  h=6.2 c=48.9  kl=0.0105  vl=0.0003
Step: 1118208 SPS: 1543  ev=0.324  ent=1.580  grad=0.62/0.50  h=6.2 c=50.7  kl=0.0133  vl=0.0007
Step: 1122304 SPS: 1544  ev=-1.175  ent=1.619  grad=0.79/0.50  h=6.3 c=49.8  kl=0.0110  vl=0.0002
Step: 1126400 SPS: 1545  ev=0.707  ent=1.573  grad=0.28/0.28  h=6.2 c=49.5  kl=0.0130  vl=0.0090
Step: 1130496 SPS: 1545  ev=0.291  ent=1.549  grad=0.46/0.46  h=6.2 c=48.5  kl=0.0159  vl=0.0034
Step: 1134592 SPS: 1546  ev=-4.795  ent=1.597  grad=0.47/0.47  h=6.2 c=50.1  kl=0.0143  vl=0.0005
Step: 1138688 SPS: 1547  ev=-0.963  ent=1.674  grad=0.69/0.50  h=6.2 c=50.5  kl=0.0125  vl=0.0002
Step: 1142784 SPS: 1548  ev=-1.317  ent=1.600  grad=0.45/0.45  h=6.3 c=52.0  kl=0.0110  vl=0.0007
  vs Random: 96W/4L/0D | score=22.9±25.3 inv=1.2 played=17.5 lanes=5.0 ddraw=41.2 pts=23
  Self-play: 51W/49L/0D | score=-3.0±20.3 inv=0.9 played=15.0 lanes=5.0 ddraw=79.4 pts=-3
Step: 1146880 SPS: 1516  ev=0.429  ent=1.572  grad=0.48/0.48  h=6.3 c=51.4  kl=0.0121  vl=0.0004
Step: 1150976 SPS: 1517  ev=-0.438  ent=1.648  grad=0.66/0.50  h=6.3 c=51.4  kl=0.0114  vl=0.0003
Step: 1155072 SPS: 1518  ev=-0.609  ent=1.670  grad=0.53/0.50  h=6.3 c=51.3  kl=0.0138  vl=0.0004
Step: 1159168 SPS: 1518  ev=0.485  ent=1.604  grad=0.39/0.39  h=6.3 c=51.7  kl=0.0137  vl=0.0002
Step: 1163264 SPS: 1520  ev=-0.412  ent=1.544  grad=0.56/0.50  h=6.2 c=50.9  kl=0.0111  vl=0.0001
Step: 1167360 SPS: 1520  ev=0.336  ent=1.613  grad=0.32/0.32  h=6.3 c=50.7  kl=0.0100  vl=0.0062
Step: 1171456 SPS: 1521  ev=0.425  ent=1.641  grad=0.21/0.21  h=6.3 c=51.8  kl=0.0128  vl=0.0141
Step: 1175552 SPS: 1522  ev=0.205  ent=1.567  grad=0.66/0.50  h=6.2 c=51.2  kl=0.0124  vl=0.0489
Step: 1179648 SPS: 1523  ev=-0.115  ent=1.581  grad=0.40/0.40  h=6.2 c=50.9  kl=0.0151  vl=0.0165
Step: 1183744 SPS: 1524  ev=0.297  ent=1.561  grad=0.36/0.36  h=6.2 c=51.2  kl=0.0153  vl=0.0350
Step: 1187840 SPS: 1525  ev=-1.410  ent=1.591  grad=0.47/0.47  h=6.2 c=50.4  kl=0.0116  vl=0.0034
Step: 1191936 SPS: 1526  ev=0.072  ent=1.585  grad=0.52/0.50  h=6.2 c=50.3  kl=0.0114  vl=0.0014
Step: 1196032 SPS: 1527  ev=0.047  ent=1.547  grad=0.73/0.50  h=6.2 c=51.4  kl=0.0158  vl=0.0009
Step: 1200128 SPS: 1527  ev=0.231  ent=1.631  grad=0.67/0.50  h=6.2 c=49.7  kl=0.0094  vl=0.0002
Step: 1204224 SPS: 1528  ev=0.205  ent=1.571  grad=0.52/0.50  h=6.2 c=50.3  kl=0.0102  vl=0.0008
Step: 1208320 SPS: 1529  ev=0.083  ent=1.627  grad=0.55/0.50  h=6.2 c=50.9  kl=0.0138  vl=0.0014
Step: 1212416 SPS: 1530  ev=0.150  ent=1.588  grad=0.61/0.50  h=6.3 c=49.8  kl=0.0111  vl=0.0003
Step: 1216512 SPS: 1531  ev=0.144  ent=1.530  grad=0.36/0.36  h=6.2 c=49.7  kl=0.0116  vl=0.0013
Step: 1220608 SPS: 1531  ev=-0.142  ent=1.560  grad=0.63/0.50  h=6.2 c=51.3  kl=0.0109  vl=0.0002
Step: 1224704 SPS: 1531  ev=0.249  ent=1.563  grad=0.66/0.50  h=6.2 c=49.9  kl=0.0155  vl=0.0015
  vs Random: 101W/1L/0D | score=21.8±17.7 inv=1.2 played=17.7 lanes=5.0 ddraw=39.9 pts=22
  Self-play: 52W/48L/0D | score=-1.8±25.2 inv=1.0 played=15.7 lanes=5.0 ddraw=55.5 pts=-2
Step: 1228800 SPS: 1508  ev=-1.823  ent=1.589  grad=0.72/0.50  h=6.3 c=51.1  kl=0.0101  vl=0.0001
Step: 1232896 SPS: 1509  ev=0.276  ent=1.511  grad=0.49/0.49  h=6.1 c=49.3  kl=0.0143  vl=0.0446
Step: 1236992 SPS: 1510  ev=0.049  ent=1.619  grad=0.91/0.50  h=6.2 c=48.4  kl=0.0110  vl=0.0001
Step: 1241088 SPS: 1511  ev=0.063  ent=1.577  grad=0.60/0.50  h=6.2 c=51.7  kl=0.0102  vl=0.0005
Step: 1245184 SPS: 1512  ev=0.353  ent=1.573  grad=0.37/0.37  h=6.2 c=50.5  kl=0.0117  vl=0.0048
Step: 1249280 SPS: 1512  ev=0.482  ent=1.577  grad=0.54/0.50  h=6.2 c=48.9  kl=0.0118  vl=0.0003
Step: 1253376 SPS: 1513  ev=-1.793  ent=1.555  grad=0.44/0.44  h=6.1 c=49.1  kl=0.0107  vl=0.0013
Step: 1257472 SPS: 1514  ev=0.143  ent=1.611  grad=0.53/0.50  h=6.1 c=50.6  kl=0.0182  vl=0.0005
Step: 1261568 SPS: 1515  ev=-1.540  ent=1.645  grad=0.77/0.50  h=6.2 c=49.8  kl=0.0113  vl=0.0002
Step: 1265664 SPS: 1516  ev=0.330  ent=1.630  grad=0.33/0.33  h=6.2 c=50.1  kl=0.0134  vl=0.0270
Step: 1269760 SPS: 1517  ev=0.090  ent=1.604  grad=0.62/0.50  h=6.1 c=50.1  kl=0.0140  vl=0.0011
Step: 1273856 SPS: 1517  ev=0.162  ent=1.682  grad=0.51/0.50  h=6.2 c=51.1  kl=0.0109  vl=0.0008
Step: 1277952 SPS: 1518  ev=0.185  ent=1.655  grad=0.68/0.50  h=6.2 c=51.8  kl=0.0102  vl=0.0007
Step: 1282048 SPS: 1519  ev=0.112  ent=1.622  grad=0.52/0.50  h=6.2 c=52.6  kl=0.0109  vl=0.0004
Step: 1286144 SPS: 1520  ev=0.394  ent=1.623  grad=0.42/0.42  h=6.2 c=52.8  kl=0.0125  vl=0.0033
Step: 1290240 SPS: 1521  ev=0.593  ent=1.565  grad=0.48/0.48  h=6.2 c=51.5  kl=0.0112  vl=0.0142
Step: 1294336 SPS: 1522  ev=0.367  ent=1.611  grad=0.88/0.50  h=6.1 c=51.0  kl=0.0105  vl=0.0002
Step: 1298432 SPS: 1523  ev=-1.749  ent=1.630  grad=0.36/0.36  h=6.1 c=53.1  kl=0.0146  vl=0.0025
Step: 1302528 SPS: 1524  ev=-2.527  ent=1.578  grad=0.72/0.50  h=6.1 c=50.4  kl=0.0121  vl=0.0003
Step: 1306624 SPS: 1524  ev=-0.542  ent=1.635  grad=0.80/0.50  h=6.1 c=50.8  kl=0.0139  vl=0.0001
  vs Random: 98W/1L/1D | score=21.2±17.9 inv=0.8 played=17.4 lanes=5.0 ddraw=45.9 pts=21
  Self-play: 52W/47L/1D | score=2.3±24.4 inv=0.9 played=16.1 lanes=5.0 ddraw=86.3 pts=2
Step: 1310720 SPS: 1494  ev=0.021  ent=1.585  grad=0.37/0.37  h=6.1 c=52.0  kl=0.0155  vl=0.0016
Step: 1314816 SPS: 1495  ev=0.079  ent=1.634  grad=0.38/0.38  h=6.1 c=51.6  kl=0.0112  vl=0.0015
Step: 1318912 SPS: 1496  ev=0.324  ent=1.552  grad=0.41/0.41  h=6.1 c=50.8  kl=0.0174  vl=0.0037
Step: 1323008 SPS: 1497  ev=0.233  ent=1.656  grad=0.31/0.31  h=6.2 c=51.5  kl=0.0111  vl=0.0030
Step: 1327104 SPS: 1498  ev=-15.433  ent=1.555  grad=0.53/0.50  h=6.1 c=50.6  kl=0.0122  vl=0.0004
Step: 1331200 SPS: 1498  ev=-0.204  ent=1.603  grad=0.64/0.50  h=6.2 c=51.8  kl=0.0126  vl=0.0002
Step: 1335296 SPS: 1499  ev=-0.655  ent=1.641  grad=0.57/0.50  h=6.2 c=51.8  kl=0.0128  vl=0.0001
Step: 1339392 SPS: 1500  ev=-0.778  ent=1.544  grad=0.62/0.50  h=6.2 c=52.7  kl=0.0122  vl=0.0012
Step: 1343488 SPS: 1501  ev=-0.085  ent=1.536  grad=0.56/0.50  h=6.2 c=52.7  kl=0.0123  vl=0.0009
Step: 1347584 SPS: 1502  ev=0.380  ent=1.572  grad=0.74/0.50  h=6.2 c=52.4  kl=0.0106  vl=0.0002
Step: 1351680 SPS: 1503  ev=-0.024  ent=1.570  grad=0.49/0.49  h=6.2 c=51.9  kl=0.0103  vl=0.0003
Step: 1355776 SPS: 1504  ev=-0.789  ent=1.594  grad=0.59/0.50  h=6.2 c=51.5  kl=0.0119  vl=0.0002
Step: 1359872 SPS: 1505  ev=-0.277  ent=1.589  grad=0.68/0.50  h=6.2 c=53.4  kl=0.0122  vl=0.0000
Step: 1363968 SPS: 1506  ev=-0.095  ent=1.493  grad=0.41/0.41  h=6.2 c=51.9  kl=0.0169  vl=0.0005
Step: 1368064 SPS: 1506  ev=0.113  ent=1.548  grad=0.43/0.43  h=6.2 c=52.2  kl=0.0103  vl=0.0016
Step: 1372160 SPS: 1507  ev=0.489  ent=1.605  grad=0.50/0.50  h=6.2 c=53.5  kl=0.0127  vl=0.0157
Step: 1376256 SPS: 1508  ev=-17.362  ent=1.622  grad=0.47/0.47  h=6.2 c=53.1  kl=0.0116  vl=0.0001
Step: 1380352 SPS: 1509  ev=0.365  ent=1.621  grad=0.46/0.46  h=6.1 c=50.3  kl=0.0131  vl=0.0070
Step: 1384448 SPS: 1509  ev=0.276  ent=1.614  grad=0.50/0.50  h=6.1 c=51.9  kl=0.0135  vl=0.0002
Step: 1388544 SPS: 1510  ev=0.141  ent=1.592  grad=0.75/0.50  h=6.2 c=52.6  kl=0.0111  vl=0.0000
  vs Random: 100W/0L/0D | score=27.5±18.8 inv=0.8 played=18.0 lanes=5.0 ddraw=35.4 pts=28
  Self-play: 52W/47L/1D | score=1.2±20.7 inv=0.8 played=15.5 lanes=5.0 ddraw=54.5 pts=1
Step: 1392640 SPS: 1491  ev=0.226  ent=1.597  grad=0.31/0.31  h=6.2 c=50.5  kl=0.0140  vl=0.0314
Step: 1396736 SPS: 1492  ev=-3.502  ent=1.642  grad=0.82/0.50  h=6.2 c=51.1  kl=0.0115  vl=0.0002
Step: 1400832 SPS: 1492  ev=0.072  ent=1.609  grad=0.41/0.41  h=6.2 c=51.8  kl=0.0113  vl=0.0014
Step: 1404928 SPS: 1493  ev=-5.697  ent=1.560  grad=0.54/0.50  h=6.2 c=51.7  kl=0.0124  vl=0.0003
Step: 1409024 SPS: 1494  ev=-2.361  ent=1.610  grad=0.82/0.50  h=6.2 c=51.4  kl=0.0111  vl=0.0002
Step: 1413120 SPS: 1495  ev=-9.709  ent=1.614  grad=0.84/0.50  h=6.1 c=51.3  kl=0.0101  vl=0.0001
Step: 1417216 SPS: 1496  ev=-1.038  ent=1.592  grad=0.54/0.50  h=6.2 c=52.7  kl=0.0117  vl=0.0002
Step: 1421312 SPS: 1496  ev=0.257  ent=1.575  grad=0.78/0.50  h=6.2 c=52.7  kl=0.0118  vl=0.0001
Step: 1425408 SPS: 1497  ev=0.102  ent=1.628  grad=0.38/0.38  h=6.1 c=51.6  kl=0.0130  vl=0.0006
Step: 1429504 SPS: 1498  ev=-1.476  ent=1.560  grad=0.46/0.46  h=6.2 c=52.6  kl=0.0191  vl=0.0004
Step: 1433600 SPS: 1498  ev=0.110  ent=1.606  grad=0.27/0.27  h=6.2 c=54.3  kl=0.0117  vl=0.0386
Step: 1437696 SPS: 1499  ev=0.058  ent=1.611  grad=0.72/0.50  h=6.1 c=51.0  kl=0.0117  vl=0.0001
Step: 1441792 SPS: 1500  ev=0.145  ent=1.636  grad=0.43/0.43  h=6.1 c=53.1  kl=0.0110  vl=0.0007
Step: 1445888 SPS: 1501  ev=-1.099  ent=1.681  grad=0.48/0.48  h=6.2 c=54.1  kl=0.0110  vl=0.0002
Step: 1449984 SPS: 1501  ev=0.166  ent=1.604  grad=0.44/0.44  h=6.2 c=53.9  kl=0.0123  vl=0.0007
Step: 1454080 SPS: 1502  ev=0.477  ent=1.626  grad=0.84/0.50  h=6.2 c=54.7  kl=0.0105  vl=0.0001
Step: 1458176 SPS: 1503  ev=-4.962  ent=1.666  grad=0.69/0.50  h=6.1 c=54.9  kl=0.0114  vl=0.0001
Step: 1462272 SPS: 1503  ev=0.587  ent=1.543  grad=0.63/0.50  h=6.1 c=50.8  kl=0.0112  vl=0.0001
Step: 1466368 SPS: 1505  ev=-0.577  ent=1.632  grad=0.72/0.50  h=6.1 c=53.2  kl=0.0111  vl=0.0008
Step: 1470464 SPS: 1505  ev=0.174  ent=1.624  grad=0.40/0.40  h=6.0 c=52.1  kl=0.0108  vl=0.0008
  vs Random: 100W/0L/0D | score=27.1±20.3 inv=0.8 played=17.8 lanes=5.0 ddraw=26.9 pts=27
  Self-play: 49W/50L/1D | score=-4.1±26.5 inv=0.7 played=15.1 lanes=5.0 ddraw=38.4 pts=-4
Step: 1474560 SPS: 1491  ev=0.031  ent=1.643  grad=0.57/0.50  h=6.1 c=53.2  kl=0.0128  vl=0.0006
Step: 1478656 SPS: 1491  ev=0.303  ent=1.568  grad=0.47/0.47  h=6.1 c=53.0  kl=0.0122  vl=0.0011
Step: 1482752 SPS: 1493  ev=-0.629  ent=1.628  grad=0.50/0.50  h=6.1 c=52.9  kl=0.0109  vl=0.0023
Step: 1486848 SPS: 1493  ev=0.167  ent=1.650  grad=0.41/0.41  h=6.2 c=55.0  kl=0.0144  vl=0.0407
Step: 1490944 SPS: 1494  ev=0.180  ent=1.643  grad=0.52/0.50  h=6.1 c=52.9  kl=0.0076  vl=0.0002
Step: 1495040 SPS: 1494  ev=0.210  ent=1.650  grad=0.55/0.50  h=6.1 c=52.5  kl=0.0103  vl=0.0008
Step: 1499136 SPS: 1495  ev=0.202  ent=1.631  grad=0.68/0.50  h=6.1 c=55.9  kl=0.0136  vl=0.0225
Step: 1503232 SPS: 1496  ev=0.171  ent=1.576  grad=0.50/0.50  h=6.1 c=52.3  kl=0.0109  vl=0.0003
Step: 1507328 SPS: 1496  ev=-1.741  ent=1.616  grad=0.32/0.32  h=6.1 c=51.5  kl=0.0111  vl=0.0021
Step: 1511424 SPS: 1497  ev=-0.513  ent=1.606  grad=0.61/0.50  h=6.1 c=54.5  kl=0.0127  vl=0.0010
Step: 1515520 SPS: 1498  ev=-3.674  ent=1.622  grad=0.29/0.29  h=6.1 c=52.5  kl=0.0131  vl=0.0016
Step: 1519616 SPS: 1498  ev=-1.639  ent=1.658  grad=0.44/0.44  h=6.2 c=54.2  kl=0.0172  vl=0.0003
Step: 1523712 SPS: 1499  ev=-0.136  ent=1.555  grad=0.57/0.50  h=6.1 c=53.0  kl=0.0108  vl=0.0003
Step: 1527808 SPS: 1500  ev=0.245  ent=1.655  grad=0.40/0.40  h=6.0 c=51.8  kl=0.0119  vl=0.0107
Step: 1531904 SPS: 1500  ev=0.481  ent=1.599  grad=0.30/0.30  h=6.2 c=54.3  kl=0.0135  vl=0.0017
Step: 1536000 SPS: 1501  ev=0.564  ent=1.602  grad=0.33/0.33  h=6.0 c=50.3  kl=0.0120  vl=0.0009
Step: 1540096 SPS: 1502  ev=0.259  ent=1.651  grad=0.56/0.50  h=6.0 c=52.0  kl=0.0105  vl=0.0023
Step: 1544192 SPS: 1502  ev=-0.169  ent=1.640  grad=0.54/0.50  h=6.1 c=53.2  kl=0.0136  vl=0.0017
Step: 1548288 SPS: 1503  ev=0.187  ent=1.583  grad=0.22/0.22  h=6.0 c=51.2  kl=0.0097  vl=0.0039
Step: 1552384 SPS: 1503  ev=-3.320  ent=1.631  grad=0.21/0.21  h=6.1 c=51.8  kl=0.0158  vl=0.0014
  vs Random: 100W/0L/0D | score=24.9±18.5 inv=0.6 played=17.5 lanes=5.0 ddraw=31.4 pts=25
  Self-play: 49W/51L/0D | score=-7.1±24.7 inv=0.6 played=14.5 lanes=5.0 ddraw=48.8 pts=-7
Step: 1556480 SPS: 1488  ev=0.127  ent=1.609  grad=0.84/0.50  h=6.0 c=51.9  kl=0.0135  vl=0.0003
Step: 1560576 SPS: 1488  ev=-0.978  ent=1.616  grad=0.55/0.50  h=6.0 c=50.6  kl=0.0138  vl=0.0013
Step: 1564672 SPS: 1489  ev=-0.643  ent=1.556  grad=0.63/0.50  h=6.0 c=52.2  kl=0.0120  vl=0.0001
Step: 1568768 SPS: 1490  ev=-4.284  ent=1.523  grad=0.49/0.49  h=6.0 c=51.8  kl=0.0109  vl=0.0003
Step: 1572864 SPS: 1490  ev=-1.948  ent=1.562  grad=0.44/0.44  h=6.0 c=51.9  kl=0.0145  vl=0.0002
Step: 1576960 SPS: 1491  ev=-19.351  ent=1.601  grad=0.64/0.50  h=6.0 c=53.8  kl=0.0111  vl=0.0002
Step: 1581056 SPS: 1492  ev=-3.222  ent=1.551  grad=0.69/0.50  h=6.0 c=50.6  kl=0.0100  vl=0.0001
Step: 1585152 SPS: 1493  ev=-3.208  ent=1.659  grad=0.67/0.50  h=6.0 c=53.3  kl=0.0137  vl=0.0001
Step: 1589248 SPS: 1493  ev=-1.169  ent=1.578  grad=0.43/0.43  h=6.0 c=53.0  kl=0.0152  vl=0.0002
Step: 1593344 SPS: 1494  ev=0.393  ent=1.538  grad=0.65/0.50  h=6.1 c=52.0  kl=0.0104  vl=0.0001
Step: 1597440 SPS: 1495  ev=0.380  ent=1.633  grad=0.76/0.50  h=6.0 c=51.4  kl=0.0111  vl=0.0002
Step: 1601536 SPS: 1495  ev=-0.340  ent=1.551  grad=0.43/0.43  h=6.0 c=52.0  kl=0.0160  vl=0.0001
Step: 1605632 SPS: 1496  ev=0.037  ent=1.553  grad=0.39/0.39  h=6.1 c=53.6  kl=0.0102  vl=0.0482
Step: 1609728 SPS: 1496  ev=0.556  ent=1.624  grad=0.47/0.47  h=6.0 c=51.8  kl=0.0132  vl=0.0001
Step: 1613824 SPS: 1497  ev=0.514  ent=1.639  grad=0.49/0.49  h=6.1 c=53.2  kl=0.0159  vl=0.0005
Step: 1617920 SPS: 1497  ev=-1.074  ent=1.560  grad=0.53/0.50  h=6.0 c=52.4  kl=0.0105  vl=0.0001
Step: 1622016 SPS: 1498  ev=-3.694  ent=1.612  grad=0.73/0.50  h=6.0 c=49.3  kl=0.0100  vl=0.0000
Step: 1626112 SPS: 1499  ev=0.115  ent=1.597  grad=0.96/0.50  h=6.1 c=55.0  kl=0.0118  vl=0.0001
Step: 1630208 SPS: 1500  ev=0.008  ent=1.617  grad=0.69/0.50  h=6.0 c=52.3  kl=0.0121  vl=0.0001
Step: 1634304 SPS: 1500  ev=0.083  ent=1.675  grad=0.67/0.50  h=6.0 c=49.7  kl=0.0160  vl=0.0001
  vs Random: 99W/1L/0D | score=22.0±17.5 inv=0.5 played=17.3 lanes=5.0 ddraw=28.4 pts=22
  Self-play: 44W/55L/1D | score=-7.0±25.8 inv=0.7 played=14.3 lanes=5.0 ddraw=50.7 pts=-7
Step: 1638400 SPS: 1485  ev=0.073  ent=1.629  grad=0.48/0.48  h=6.0 c=52.3  kl=0.0116  vl=0.0061
Step: 1642496 SPS: 1486  ev=-1.849  ent=1.554  grad=0.19/0.19  h=6.0 c=53.5  kl=0.0107  vl=0.0028
Step: 1646592 SPS: 1486  ev=0.029  ent=1.677  grad=0.35/0.35  h=6.0 c=49.6  kl=0.0131  vl=0.0006
Step: 1650688 SPS: 1487  ev=0.224  ent=1.618  grad=0.59/0.50  h=6.0 c=52.0  kl=0.0104  vl=0.0006
Step: 1654784 SPS: 1488  ev=-0.187  ent=1.628  grad=0.95/0.50  h=6.0 c=52.5  kl=0.0103  vl=0.0001
Step: 1658880 SPS: 1489  ev=-0.048  ent=1.604  grad=0.92/0.50  h=6.0 c=49.9  kl=0.0106  vl=0.0001
Step: 1662976 SPS: 1489  ev=0.339  ent=1.660  grad=0.52/0.50  h=6.0 c=50.6  kl=0.0109  vl=0.0006
Step: 1667072 SPS: 1490  ev=-2.671  ent=1.542  grad=0.39/0.39  h=6.0 c=52.4  kl=0.0141  vl=0.0009
Step: 1671168 SPS: 1491  ev=0.136  ent=1.611  grad=0.58/0.50  h=6.0 c=51.4  kl=0.0140  vl=0.0628
Step: 1675264 SPS: 1491  ev=0.125  ent=1.613  grad=0.54/0.50  h=5.9 c=51.0  kl=0.0127  vl=0.0002
Step: 1679360 SPS: 1492  ev=0.241  ent=1.668  grad=0.80/0.50  h=5.9 c=49.9  kl=0.0106  vl=0.0001
Step: 1683456 SPS: 1493  ev=0.401  ent=1.729  grad=0.74/0.50  h=6.0 c=52.0  kl=0.0140  vl=0.0002
Step: 1687552 SPS: 1493  ev=-0.502  ent=1.640  grad=0.40/0.40  h=6.0 c=49.4  kl=0.0154  vl=0.0007
