[lr1e3] lr=1e-3 gpu=1 start 2026-06-06 11:44:08
wandb: [wandb.login()] Loaded credentials for https://api.wandb.ai from /home/zzhang18/.netrc.
wandb: Currently logged in as: nchen3 (ningcong-chen) to https://api.wandb.ai. Use `wandb login --relogin` to force relogin
wandb: Tracking run with wandb version 0.25.1
wandb: Run data is saved locally in /home/zzhang18/nchen3/eco/wandb/run-20260606_114411-zvo2ilgx
wandb: Run `wandb offline` to turn off syncing.
wandb: Syncing run lc__lc_ppo_fixedlr_lr1e3__1__1780760651
wandb: ⭐️ View project at https://wandb.ai/ningcong-chen/ppo-eco
wandb: 🚀 View run at https://wandb.ai/ningcong-chen/ppo-eco/runs/zvo2ilgx
Agent params: 2,243,161
Loaded pretrained model from model/lc_ppo_from_dense_scorediff/pretrained.pkt
/home/zzhang18/nchen3/eco/game/lc/batch_stepper.py:144: NumbaTypeSafetyWarning: [1m[1m[1munsafe cast from uint64 to int64. Precision may be lost.[0m[0m[0m
  s = states[i]
Step: 4096 SPS: 500  ev=-0.202  ent=1.096  grad=1.97/0.50  h=4.4 c=8.6  kl=0.7883  vl=15.1862
Step: 8192 SPS: 807  ev=-12.279  ent=1.382  grad=0.22/0.22  h=6.2 c=14.4  kl=0.6911  vl=11.6732
Step: 12288 SPS: 1013  ev=-0.186  ent=1.192  grad=1.33/0.50  h=5.2 c=16.7  kl=0.0239  vl=1.6736
Step: 16384 SPS: 1157  ev=-1.193  ent=1.440  grad=1.02/0.50  h=6.2 c=19.9  kl=0.6496  vl=0.8284
Step: 20480 SPS: 1263  ev=0.103  ent=1.405  grad=0.32/0.32  h=5.5 c=16.1  kl=0.0202  vl=0.3956
Step: 24576 SPS: 1352  ev=0.209  ent=1.576  grad=0.82/0.50  h=6.3 c=23.6  kl=0.0138  vl=0.2047
Step: 28672 SPS: 1431  ev=0.222  ent=1.452  grad=0.93/0.50  h=5.4 c=13.6  kl=0.0204  vl=0.3177
Step: 32768 SPS: 1500  ev=0.324  ent=1.510  grad=2.52/0.50  h=6.1 c=23.9  kl=0.0238  vl=0.2845
Step: 36864 SPS: 1552  ev=0.274  ent=1.489  grad=2.07/0.50  h=4.8 c=9.1  kl=0.0276  vl=0.3165
Step: 40960 SPS: 1588  ev=0.418  ent=1.534  grad=1.82/0.50  h=6.0 c=23.6  kl=0.0308  vl=0.2185
Step: 45056 SPS: 1622  ev=0.282  ent=1.532  grad=2.00/0.50  h=6.4 c=28.8  kl=0.0142  vl=0.5080
Step: 49152 SPS: 1651  ev=0.280  ent=1.466  grad=0.86/0.50  h=6.0 c=23.4  kl=0.0152  vl=0.2810
Step: 53248 SPS: 1682  ev=0.374  ent=1.500  grad=2.26/0.50  h=6.4 c=26.7  kl=0.0178  vl=0.2502
Step: 57344 SPS: 1710  ev=0.277  ent=1.464  grad=0.62/0.50  h=5.9 c=21.4  kl=0.0191  vl=0.3256
Step: 61440 SPS: 1734  ev=0.416  ent=1.516  grad=3.12/0.50  h=6.3 c=33.4  kl=0.0160  vl=0.2425
Step: 65536 SPS: 1750  ev=0.332  ent=1.423  grad=1.08/0.50  h=5.8 c=19.3  kl=0.0204  vl=0.3016
Step: 69632 SPS: 1761  ev=0.465  ent=1.518  grad=2.71/0.50  h=6.4 c=33.0  kl=0.0133  vl=0.2571
Step: 73728 SPS: 1764  ev=0.232  ent=1.453  grad=1.01/0.50  h=5.5 c=14.5  kl=0.0046  vl=0.5375
Step: 77824 SPS: 1785  ev=0.465  ent=1.553  grad=0.77/0.50  h=6.2 c=31.8  kl=0.0182  vl=0.1927
  vs Random: 94W/5L/1D | score=9.2±34.2 inv=2.5 played=15.7 lanes=5.0 ddraw=31.6 pts=9
  Self-play: 46W/54L/0D | score=-18.7±29.6 inv=2.4 played=14.2 lanes=5.0 ddraw=47.1 pts=-19
Step: 81920 SPS: 1803  ev=0.407  ent=1.464  grad=0.96/0.50  h=4.7 c=9.0  kl=0.0107  vl=0.3522
Step: 86016 SPS: 1819  ev=0.311  ent=1.485  grad=0.91/0.50  h=6.1 c=28.6  kl=0.0206  vl=0.2843
Step: 90112 SPS: 1824  ev=0.369  ent=1.461  grad=2.10/0.50  h=6.5 c=37.3  kl=0.0499  vl=0.3474
Step: 94208 SPS: 1834  ev=0.402  ent=1.451  grad=1.19/0.50  h=6.0 c=24.9  kl=0.0212  vl=0.2102
Step: 98304 SPS: 1837  ev=0.561  ent=1.393  grad=0.27/0.27  h=6.5 c=35.6  kl=0.0365  vl=0.1195
Step: 102400 SPS: 1845  ev=0.349  ent=1.408  grad=1.02/0.50  h=5.8 c=22.3  kl=0.3978  vl=0.2471
Step: 106496 SPS: 1859  ev=0.578  ent=1.384  grad=1.24/0.50  h=6.4 c=29.6  kl=0.2063  vl=0.1546
Step: 110592 SPS: 1870  ev=0.435  ent=1.342  grad=0.81/0.50  h=5.4 c=17.9  kl=0.1519  vl=0.2218
Step: 114688 SPS: 1880  ev=0.445  ent=1.263  grad=0.77/0.50  h=6.0 c=29.3  kl=0.1648  vl=0.1736
Step: 118784 SPS: 1889  ev=0.280  ent=1.261  grad=1.79/0.50  h=4.9 c=13.3  kl=0.1516  vl=0.2629
Step: 122880 SPS: 1896  ev=0.358  ent=1.246  grad=0.39/0.39  h=5.6 c=27.6  kl=0.1454  vl=0.1931
Step: 126976 SPS: 1896  ev=0.312  ent=1.248  grad=0.74/0.50  h=4.3 c=8.5  kl=0.1733  vl=0.2483
Step: 131072 SPS: 1897  ev=0.206  ent=1.252  grad=0.57/0.50  h=5.3 c=26.4  kl=0.1764  vl=0.2797
Step: 135168 SPS: 1904  ev=0.235  ent=1.195  grad=1.86/0.50  h=5.7 c=35.4  kl=0.1436  vl=0.2994
Step: 139264 SPS: 1910  ev=0.260  ent=1.140  grad=1.41/0.50  h=5.0 c=23.6  kl=0.2529  vl=0.2691
Step: 143360 SPS: 1911  ev=0.340  ent=1.196  grad=0.70/0.50  h=5.5 c=33.4  kl=0.1501  vl=0.2005
Step: 147456 SPS: 1913  ev=0.245  ent=1.124  grad=0.75/0.50  h=4.8 c=20.6  kl=0.1869  vl=0.2542
Step: 151552 SPS: 1914  ev=0.417  ent=1.109  grad=0.45/0.45  h=5.2 c=30.7  kl=0.1284  vl=0.1569
Step: 155648 SPS: 1916  ev=0.326  ent=0.993  grad=1.56/0.50  h=4.5 c=15.5  kl=0.1782  vl=0.2385
Step: 159744 SPS: 1921  ev=0.370  ent=1.063  grad=0.93/0.50  h=5.2 c=27.7  kl=0.2385  vl=0.1939
  vs Random: 93W/6L/1D | score=5.5±24.9 inv=1.4 played=14.8 lanes=5.0 ddraw=37.7 pts=6
  Self-play: 64W/35L/1D | score=1.2±26.4 inv=1.9 played=15.6 lanes=5.0 ddraw=69.7 pts=1
Step: 163840 SPS: 1920  ev=0.235  ent=0.981  grad=2.26/0.50  h=4.2 c=12.0  kl=0.2052  vl=0.3058
Step: 167936 SPS: 1923  ev=0.249  ent=1.039  grad=1.14/0.50  h=4.9 c=25.7  kl=0.1807  vl=0.2601
Step: 172032 SPS: 1928  ev=0.268  ent=1.034  grad=0.58/0.50  h=3.6 c=7.9  kl=0.1669  vl=0.3442
Step: 176128 SPS: 1934  ev=0.254  ent=1.051  grad=1.33/0.50  h=4.6 c=23.1  kl=0.2318  vl=0.2760
Step: 180224 SPS: 1938  ev=0.287  ent=0.961  grad=0.81/0.50  h=5.3 c=31.3  kl=0.2151  vl=0.3062
Step: 184320 SPS: 1942  ev=0.220  ent=1.069  grad=1.93/0.50  h=4.6 c=21.8  kl=0.1895  vl=0.3022
Step: 188416 SPS: 1946  ev=0.309  ent=1.004  grad=1.95/0.50  h=5.3 c=32.7  kl=0.2958  vl=0.2468
Step: 192512 SPS: 1947  ev=0.199  ent=0.983  grad=0.88/0.50  h=4.4 c=19.1  kl=0.2535  vl=0.3285
Step: 196608 SPS: 1953  ev=0.293  ent=1.008  grad=0.45/0.45  h=5.2 c=32.0  kl=0.2578  vl=0.2666
Step: 200704 SPS: 1955  ev=0.278  ent=0.927  grad=1.92/0.50  h=4.2 c=16.0  kl=0.1218  vl=0.2334
Step: 204800 SPS: 1960  ev=0.352  ent=0.938  grad=1.67/0.50  h=4.9 c=28.8  kl=0.3239  vl=0.2314
Step: 208896 SPS: 1962  ev=0.266  ent=0.925  grad=0.72/0.50  h=3.9 c=11.7  kl=0.2942  vl=0.2841
Step: 212992 SPS: 1965  ev=0.362  ent=0.870  grad=0.78/0.50  h=4.7 c=25.7  kl=0.2210  vl=0.1794
Step: 217088 SPS: 1967  ev=0.270  ent=0.859  grad=0.43/0.43  h=3.5 c=7.6  kl=0.2683  vl=0.2656
Step: 221184 SPS: 1967  ev=0.299  ent=0.878  grad=0.93/0.50  h=4.3 c=23.3  kl=0.1990  vl=0.2597
Step: 225280 SPS: 1970  ev=0.248  ent=0.837  grad=1.99/0.50  h=4.9 c=31.5  kl=0.2118  vl=0.3561
Step: 229376 SPS: 1971  ev=0.179  ent=0.841  grad=2.26/0.50  h=4.2 c=22.3  kl=0.1701  vl=0.3155
Step: 233472 SPS: 1973  ev=0.418  ent=0.813  grad=0.72/0.50  h=4.7 c=32.9  kl=0.2348  vl=0.1469
Step: 237568 SPS: 1974  ev=0.315  ent=0.805  grad=0.99/0.50  h=4.1 c=19.3  kl=0.2227  vl=0.2554
Step: 241664 SPS: 1978  ev=0.387  ent=0.845  grad=0.37/0.37  h=4.7 c=30.9  kl=0.1817  vl=0.1842
  vs Random: 95W/5L/0D | score=10.6±24.6 inv=3.0 played=17.3 lanes=4.8 ddraw=29.5 pts=11
  Self-play: 42W/57L/1D | score=-9.8±29.2 inv=2.7 played=15.5 lanes=4.8 ddraw=31.6 pts=-10
Step: 245760 SPS: 1980  ev=0.303  ent=0.805  grad=1.12/0.50  h=3.9 c=16.1  kl=0.2061  vl=0.2961
Step: 249856 SPS: 1981  ev=0.338  ent=0.811  grad=0.84/0.50  h=4.5 c=28.5  kl=0.2368  vl=0.1972
Step: 253952 SPS: 1978  ev=0.296  ent=0.767  grad=1.13/0.50  h=3.5 c=11.7  kl=0.2083  vl=0.3204
Step: 258048 SPS: 1980  ev=0.424  ent=0.778  grad=0.47/0.47  h=4.3 c=26.2  kl=0.1807  vl=0.2008
Step: 262144 SPS: 1984  ev=0.298  ent=0.777  grad=0.97/0.50  h=3.2 c=7.8  kl=0.1320  vl=0.3413
Step: 266240 SPS: 1988  ev=0.357  ent=0.729  grad=1.24/0.50  h=4.2 c=22.5  kl=0.1666  vl=0.2029
Step: 270336 SPS: 1988  ev=0.240  ent=0.734  grad=1.71/0.50  h=5.0 c=33.7  kl=0.1528  vl=0.3453
Step: 274432 SPS: 1991  ev=0.360  ent=0.634  grad=0.32/0.32  h=3.9 c=20.2  kl=0.1701  vl=0.1885
Step: 278528 SPS: 1994  ev=0.484  ent=0.725  grad=0.54/0.50  h=5.0 c=31.9  kl=0.1994  vl=0.1556
Step: 282624 SPS: 1994  ev=0.361  ent=0.690  grad=0.44/0.44  h=3.8 c=17.7  kl=0.1231  vl=0.2593
Step: 286720 SPS: 1994  ev=0.452  ent=0.738  grad=0.59/0.50  h=4.8 c=28.7  kl=0.2112  vl=0.1649
Step: 290816 SPS: 1994  ev=0.390  ent=0.702  grad=1.55/0.50  h=3.6 c=15.6  kl=0.1029  vl=0.3072
Step: 294912 SPS: 1995  ev=0.487  ent=0.733  grad=0.89/0.50  h=4.6 c=27.0  kl=0.2278  vl=0.1977
Step: 299008 SPS: 1993  ev=0.345  ent=0.618  grad=0.35/0.35  h=3.5 c=11.9  kl=0.1623  vl=0.2354
Step: 303104 SPS: 1993  ev=0.337  ent=0.673  grad=0.63/0.50  h=4.4 c=24.4  kl=0.1476  vl=0.1774
Step: 307200 SPS: 1992  ev=0.343  ent=0.650  grad=0.40/0.40  h=3.1 c=7.7  kl=0.1618  vl=0.2734
Step: 311296 SPS: 1992  ev=0.422  ent=0.632  grad=0.59/0.50  h=4.0 c=22.9  kl=0.1608  vl=0.2073
Step: 315392 SPS: 1992  ev=0.339  ent=0.673  grad=1.09/0.50  h=5.2 c=33.6  kl=0.1436  vl=0.3585
Step: 319488 SPS: 1996  ev=0.366  ent=0.645  grad=0.52/0.50  h=4.0 c=20.8  kl=0.1369  vl=0.1974
Step: 323584 SPS: 2003  ev=0.442  ent=0.699  grad=1.38/0.50  h=5.1 c=31.7  kl=0.1456  vl=0.1934
  vs Random: 92W/7L/1D | score=8.1±24.3 inv=2.0 played=15.4 lanes=4.6 ddraw=25.0 pts=8
  Self-play: 56W/43L/1D | score=-5.2±25.7 inv=2.3 played=15.1 lanes=4.8 ddraw=24.6 pts=-5
Step: 327680 SPS: 2008  ev=0.277  ent=0.705  grad=0.71/0.50  h=3.9 c=18.4  kl=0.1988  vl=0.2879
Step: 331776 SPS: 2014  ev=0.479  ent=0.708  grad=0.54/0.50  h=5.0 c=30.0  kl=0.1723  vl=0.1869
Step: 335872 SPS: 2017  ev=0.352  ent=0.729  grad=0.51/0.50  h=3.9 c=15.7  kl=0.1097  vl=0.2636
Step: 339968 SPS: 2021  ev=0.555  ent=0.705  grad=0.41/0.41  h=4.8 c=28.5  kl=0.3165  vl=0.1545
Step: 344064 SPS: 2019  ev=0.389  ent=0.666  grad=0.36/0.36  h=3.7 c=12.6  kl=0.1604  vl=0.2470
Step: 348160 SPS: 2024  ev=0.437  ent=0.658  grad=0.35/0.35  h=4.5 c=29.0  kl=0.1486  vl=0.1739
Step: 352256 SPS: 2029  ev=0.387  ent=0.673  grad=0.89/0.50  h=3.5 c=8.1  kl=0.2893  vl=0.2666
Step: 356352 SPS: 2033  ev=0.417  ent=0.677  grad=0.86/0.50  h=4.3 c=26.6  kl=0.1299  vl=0.1972
Step: 360448 SPS: 2036  ev=0.461  ent=0.736  grad=0.90/0.50  h=5.3 c=37.2  kl=0.1806  vl=0.2469
Step: 364544 SPS: 2040  ev=0.400  ent=0.664  grad=0.72/0.50  h=4.0 c=23.0  kl=0.1648  vl=0.2841
Step: 368640 SPS: 2043  ev=0.478  ent=0.646  grad=0.70/0.50  h=5.2 c=35.0  kl=0.1732  vl=0.1812
Step: 372736 SPS: 2047  ev=0.290  ent=0.672  grad=0.28/0.28  h=3.9 c=20.5  kl=0.2155  vl=0.2571
Step: 376832 SPS: 2048  ev=0.457  ent=0.686  grad=1.33/0.50  h=5.0 c=34.3  kl=0.1503  vl=0.2087
Step: 380928 SPS: 2051  ev=0.433  ent=0.659  grad=0.39/0.39  h=3.6 c=16.2  kl=0.1296  vl=0.2276
Step: 385024 SPS: 2057  ev=0.498  ent=0.636  grad=0.85/0.50  h=4.8 c=32.3  kl=0.1341  vl=0.1773
Step: 389120 SPS: 2061  ev=0.395  ent=0.681  grad=1.72/0.50  h=3.5 c=12.4  kl=0.0978  vl=0.2593
Step: 393216 SPS: 2062  ev=0.478  ent=0.665  grad=0.34/0.34  h=4.6 c=30.5  kl=0.1544  vl=0.1869
Step: 397312 SPS: 2060  ev=0.412  ent=0.667  grad=0.65/0.50  h=3.4 c=8.1  kl=0.1406  vl=0.2939
Step: 401408 SPS: 2061  ev=0.390  ent=0.689  grad=0.49/0.49  h=4.4 c=28.8  kl=0.1333  vl=0.2401
Step: 405504 SPS: 2062  ev=0.400  ent=0.645  grad=1.06/0.50  h=5.3 c=43.7  kl=0.1847  vl=0.3043
  vs Random: 96W/4L/0D | score=0.8±18.9 inv=1.1 played=12.7 lanes=4.3 ddraw=23.0 pts=1
  Self-play: 48W/53L/0D | score=-11.7±17.0 inv=1.1 played=13.0 lanes=4.6 ddraw=20.0 pts=-12
Step: 409600 SPS: 2063  ev=0.264  ent=0.608  grad=1.62/0.50  h=4.2 c=25.4  kl=0.2083  vl=0.3497
Step: 413696 SPS: 2062  ev=0.465  ent=0.629  grad=0.36/0.36  h=5.2 c=37.9  kl=0.1445  vl=0.1979
Step: 417792 SPS: 2059  ev=0.320  ent=0.635  grad=0.43/0.43  h=3.9 c=21.1  kl=0.1284  vl=0.2765
Step: 421888 SPS: 2058  ev=0.395  ent=0.615  grad=1.12/0.50  h=4.9 c=34.1  kl=0.1776  vl=0.2344
Step: 425984 SPS: 2057  ev=0.395  ent=0.625  grad=0.38/0.38  h=3.7 c=17.2  kl=0.1188  vl=0.2008
Step: 430080 SPS: 2059  ev=0.407  ent=0.612  grad=1.00/0.50  h=4.9 c=29.2  kl=0.1963  vl=0.1960
Step: 434176 SPS: 2060  ev=0.396  ent=0.602  grad=0.61/0.50  h=3.6 c=13.0  kl=0.1142  vl=0.2817
Step: 438272 SPS: 2062  ev=0.480  ent=0.601  grad=0.48/0.48  h=4.8 c=28.1  kl=0.1131  vl=0.1513
Step: 442368 SPS: 2060  ev=0.412  ent=0.678  grad=0.45/0.45  h=3.3 c=8.4  kl=0.1185  vl=0.2485
Step: 446464 SPS: 2059  ev=0.361  ent=0.599  grad=0.34/0.34  h=4.6 c=24.1  kl=0.1492  vl=0.1658
Step: 450560 SPS: 2058  ev=0.419  ent=0.625  grad=0.27/0.27  h=5.6 c=40.1  kl=0.1389  vl=0.2701
Step: 454656 SPS: 2057  ev=0.391  ent=0.556  grad=0.69/0.50  h=4.4 c=24.5  kl=0.1609  vl=0.1994
Step: 458752 SPS: 2054  ev=0.564  ent=0.586  grad=0.68/0.50  h=5.5 c=39.1  kl=0.0847  vl=0.1311
Step: 462848 SPS: 2052  ev=0.419  ent=0.561  grad=0.38/0.38  h=4.1 c=22.4  kl=0.1532  vl=0.2256
Step: 466944 SPS: 2052  ev=0.463  ent=0.603  grad=1.07/0.50  h=5.2 c=35.3  kl=0.1161  vl=0.2738
Step: 471040 SPS: 2052  ev=0.523  ent=0.618  grad=1.03/0.50  h=3.7 c=17.9  kl=0.1052  vl=0.1972
Step: 475136 SPS: 2055  ev=0.528  ent=0.657  grad=0.45/0.45  h=4.9 c=31.2  kl=0.1675  vl=0.1348
Step: 479232 SPS: 2055  ev=0.367  ent=0.634  grad=0.78/0.50  h=3.5 c=12.9  kl=0.1343  vl=0.2601
Step: 483328 SPS: 2055  ev=0.406  ent=0.615  grad=0.41/0.41  h=4.6 c=27.0  kl=0.1440  vl=0.1702
Step: 487424 SPS: 2055  ev=0.389  ent=0.601  grad=0.75/0.50  h=3.3 c=8.4  kl=0.1642  vl=0.2626
  vs Random: 94W/6L/0D | score=1.4±18.3 inv=0.6 played=13.1 lanes=4.5 ddraw=30.3 pts=1
  Self-play: 53W/45L/2D | score=-5.3±15.0 inv=0.8 played=13.2 lanes=4.6 ddraw=23.3 pts=-5
Step: 491520 SPS: 2056  ev=0.392  ent=0.562  grad=0.54/0.50  h=4.3 c=23.8  kl=0.1380  vl=0.1896
Step: 495616 SPS: 2056  ev=0.384  ent=0.618  grad=0.86/0.50  h=5.3 c=39.1  kl=0.0830  vl=0.2412
Step: 499712 SPS: 2056  ev=0.394  ent=0.591  grad=0.81/0.50  h=4.2 c=22.4  kl=0.1813  vl=0.2409
Step: 503808 SPS: 2056  ev=0.466  ent=0.579  grad=0.85/0.50  h=5.3 c=34.5  kl=0.1231  vl=0.1863
Step: 507904 SPS: 2056  ev=0.466  ent=0.555  grad=1.13/0.50  h=3.9 c=19.8  kl=0.1445  vl=0.1865
Step: 512000 SPS: 2054  ev=0.529  ent=0.564  grad=0.22/0.22  h=5.3 c=33.1  kl=0.2024  vl=0.2164
Step: 516096 SPS: 2054  ev=0.417  ent=0.577  grad=1.40/0.50  h=3.5 c=16.1  kl=0.1711  vl=0.2156
Step: 520192 SPS: 2055  ev=0.478  ent=0.540  grad=0.49/0.49  h=5.1 c=29.2  kl=0.0897  vl=0.2165
Step: 524288 SPS: 2055  ev=0.454  ent=0.536  grad=0.49/0.49  h=3.2 c=12.1  kl=0.1280  vl=0.2515
Step: 528384 SPS: 2056  ev=0.383  ent=0.507  grad=0.70/0.50  h=4.8 c=27.4  kl=0.1752  vl=0.2532
Step: 532480 SPS: 2057  ev=0.359  ent=0.526  grad=0.53/0.50  h=2.9 c=8.2  kl=0.1196  vl=0.2152
Step: 536576 SPS: 2057  ev=0.328  ent=0.488  grad=0.72/0.50  h=4.3 c=24.2  kl=0.1549  vl=0.2301
Step: 540672 SPS: 2056  ev=0.367  ent=0.555  grad=0.82/0.50  h=5.5 c=39.7  kl=0.1272  vl=0.2959
Step: 544768 SPS: 2056  ev=0.395  ent=0.506  grad=0.51/0.50  h=3.9 c=22.6  kl=0.1226  vl=0.1991
Step: 548864 SPS: 2057  ev=0.527  ent=0.541  grad=0.47/0.47  h=5.3 c=35.7  kl=0.1156  vl=0.1415
Step: 552960 SPS: 2057  ev=0.366  ent=0.499  grad=0.57/0.50  h=3.7 c=20.3  kl=0.1320  vl=0.2545
Step: 557056 SPS: 2056  ev=0.521  ent=0.512  grad=0.51/0.50  h=5.1 c=33.6  kl=0.1229  vl=0.1404
Step: 561152 SPS: 2056  ev=0.476  ent=0.515  grad=0.71/0.50  h=3.5 c=16.2  kl=0.1386  vl=0.2094
Step: 565248 SPS: 2056  ev=0.535  ent=0.485  grad=0.36/0.36  h=4.9 c=30.9  kl=0.1494  vl=0.1527
Step: 569344 SPS: 2056  ev=0.475  ent=0.514  grad=0.86/0.50  h=3.4 c=12.6  kl=0.1369  vl=0.2181
  vs Random: 96W/3L/1D | score=4.5±20.6 inv=0.6 played=13.0 lanes=4.4 ddraw=23.4 pts=4
  Self-play: 49W/51L/0D | score=-11.3±18.0 inv=0.7 played=12.9 lanes=4.8 ddraw=19.3 pts=-11
Step: 573440 SPS: 2057  ev=0.440  ent=0.478  grad=0.32/0.32  h=4.8 c=27.5  kl=0.1302  vl=0.2063
Step: 577536 SPS: 2055  ev=0.501  ent=0.498  grad=0.56/0.50  h=3.3 c=8.2  kl=0.1183  vl=0.2699
Step: 581632 SPS: 2054  ev=0.468  ent=0.477  grad=0.23/0.23  h=4.6 c=25.4  kl=0.1302  vl=0.1725
Step: 585728 SPS: 2054  ev=0.373  ent=0.524  grad=0.62/0.50  h=5.5 c=40.9  kl=0.0977  vl=0.2121
Step: 589824 SPS: 2054  ev=0.437  ent=0.497  grad=0.42/0.42  h=4.3 c=23.7  kl=0.5983  vl=0.2195
Step: 593920 SPS: 2053  ev=0.557  ent=0.492  grad=0.57/0.50  h=5.3 c=38.3  kl=0.1009  vl=0.1645
Step: 598016 SPS: 2054  ev=0.391  ent=0.481  grad=0.52/0.50  h=4.0 c=20.2  kl=0.1311  vl=0.2553
Step: 602112 SPS: 2054  ev=0.524  ent=0.514  grad=0.42/0.42  h=5.2 c=35.1  kl=0.2201  vl=0.1660
Step: 606208 SPS: 2056  ev=0.415  ent=0.471  grad=0.46/0.46  h=3.8 c=16.7  kl=0.1304  vl=0.2908
Step: 610304 SPS: 2056  ev=0.491  ent=0.480  grad=0.30/0.30  h=5.0 c=32.7  kl=0.1633  vl=0.2023
Step: 614400 SPS: 2057  ev=0.345  ent=0.488  grad=0.50/0.50  h=3.7 c=12.9  kl=0.1591  vl=0.3080
Step: 618496 SPS: 2057  ev=0.449  ent=0.501  grad=0.34/0.34  h=4.7 c=28.1  kl=0.1133  vl=0.2908
Step: 622592 SPS: 2058  ev=0.406  ent=0.525  grad=0.22/0.22  h=3.4 c=8.4  kl=0.1034  vl=0.2663
Step: 626688 SPS: 2058  ev=0.401  ent=0.447  grad=0.29/0.29  h=4.7 c=27.3  kl=0.1080  vl=0.1911
Step: 630784 SPS: 2058  ev=0.421  ent=0.476  grad=0.91/0.50  h=5.7 c=43.8  kl=0.1468  vl=0.2450
Step: 634880 SPS: 2057  ev=0.335  ent=0.426  grad=0.30/0.30  h=4.5 c=24.8  kl=0.1156  vl=0.2196
Step: 638976 SPS: 2057  ev=0.510  ent=0.521  grad=0.59/0.50  h=5.5 c=42.8  kl=0.1258  vl=0.1396
Step: 643072 SPS: 2057  ev=0.408  ent=0.473  grad=0.33/0.33  h=4.3 c=20.2  kl=0.1170  vl=0.2981
Step: 647168 SPS: 2057  ev=0.490  ent=0.510  grad=0.76/0.50  h=5.4 c=39.4  kl=0.1112  vl=0.1913
Step: 651264 SPS: 2058  ev=0.422  ent=0.480  grad=0.85/0.50  h=4.2 c=17.2  kl=0.1441  vl=0.2557
  vs Random: 95W/5L/0D | score=2.4±16.8 inv=0.4 played=13.6 lanes=4.7 ddraw=28.3 pts=2
  Self-play: 41W/56L/3D | score=-11.0±17.4 inv=0.7 played=13.5 lanes=4.8 ddraw=23.1 pts=-11
Step: 655360 SPS: 2058  ev=0.563  ent=0.524  grad=0.27/0.27  h=5.2 c=35.9  kl=0.1288  vl=0.1904
Step: 659456 SPS: 2058  ev=0.354  ent=0.496  grad=0.63/0.50  h=4.0 c=13.1  kl=0.1222  vl=0.3174
Step: 663552 SPS: 2057  ev=0.411  ent=0.518  grad=0.20/0.20  h=5.0 c=32.6  kl=0.1177  vl=0.2408
Step: 667648 SPS: 2057  ev=0.409  ent=0.510  grad=0.34/0.34  h=3.6 c=8.3  kl=0.1045  vl=0.2279
Step: 671744 SPS: 2057  ev=0.406  ent=0.452  grad=1.06/0.50  h=4.6 c=28.0  kl=0.2015  vl=0.2253
Step: 675840 SPS: 2056  ev=0.349  ent=0.504  grad=0.35/0.35  h=5.5 c=45.6  kl=0.1055  vl=0.3196
Step: 679936 SPS: 2057  ev=0.334  ent=0.444  grad=0.43/0.43  h=4.2 c=23.2  kl=0.1599  vl=0.2451
Step: 684032 SPS: 2058  ev=0.487  ent=0.461  grad=0.26/0.26  h=5.3 c=40.2  kl=0.1615  vl=0.2180
Step: 688128 SPS: 2059  ev=0.379  ent=0.465  grad=0.26/0.26  h=4.1 c=20.9  kl=0.1609  vl=0.2712
Step: 692224 SPS: 2060  ev=0.368  ent=0.470  grad=0.57/0.50  h=5.1 c=37.8  kl=0.1076  vl=0.3012
Step: 696320 SPS: 2060  ev=0.390  ent=0.459  grad=0.28/0.28  h=3.9 c=16.8  kl=0.1533  vl=0.2940
Step: 700416 SPS: 2060  ev=0.475  ent=0.499  grad=0.36/0.36  h=5.0 c=34.1  kl=0.2145  vl=0.2048
Step: 704512 SPS: 2059  ev=0.378  ent=0.449  grad=1.08/0.50  h=3.7 c=12.7  kl=0.1692  vl=0.2438
Step: 708608 SPS: 2058  ev=0.416  ent=0.461  grad=0.93/0.50  h=4.7 c=32.4  kl=0.1432  vl=0.2172
Step: 712704 SPS: 2057  ev=0.404  ent=0.477  grad=0.63/0.50  h=3.5 c=8.4  kl=0.1004  vl=0.2377
Step: 716800 SPS: 2056  ev=0.426  ent=0.470  grad=0.31/0.31  h=4.5 c=29.3  kl=0.1074  vl=0.1405
Step: 720896 SPS: 2056  ev=0.447  ent=0.479  grad=0.32/0.32  h=5.4 c=47.6  kl=0.1221  vl=0.2205
Step: 724992 SPS: 2056  ev=0.415  ent=0.444  grad=0.37/0.37  h=4.2 c=25.4  kl=0.1347  vl=0.2282
Step: 729088 SPS: 2056  ev=0.367  ent=0.510  grad=0.37/0.37  h=5.3 c=42.4  kl=0.1298  vl=0.2120
Step: 733184 SPS: 2055  ev=0.391  ent=0.433  grad=0.23/0.23  h=4.0 c=21.7  kl=0.1092  vl=0.2545
  vs Random: 102W/1L/0D | score=4.5±18.7 inv=0.6 played=14.5 lanes=4.8 ddraw=32.5 pts=4
  Self-play: 45W/54L/1D | score=-11.4±18.8 inv=0.7 played=13.3 lanes=4.9 ddraw=28.4 pts=-11
Step: 737280 SPS: 2055  ev=0.464  ent=0.475  grad=0.22/0.22  h=5.3 c=40.1  kl=0.1451  vl=0.1320
Step: 741376 SPS: 2055  ev=0.482  ent=0.449  grad=0.51/0.50  h=3.9 c=18.1  kl=0.1209  vl=0.2062
Step: 745472 SPS: 2056  ev=0.405  ent=0.469  grad=0.50/0.50  h=5.1 c=37.0  kl=0.1217  vl=0.1471
Step: 749568 SPS: 2056  ev=0.342  ent=0.445  grad=0.43/0.43  h=3.7 c=13.4  kl=0.1382  vl=0.2682
Step: 753664 SPS: 2057  ev=0.443  ent=0.452  grad=0.54/0.50  h=4.9 c=32.9  kl=0.1478  vl=0.1669
Step: 757760 SPS: 2057  ev=0.421  ent=0.431  grad=0.69/0.50  h=3.5 c=8.7  kl=0.1424  vl=0.2418
Step: 761856 SPS: 2058  ev=0.417  ent=0.464  grad=0.91/0.50  h=4.5 c=30.4  kl=0.1457  vl=0.2032
Step: 765952 SPS: 2058  ev=0.422  ent=0.441  grad=0.34/0.34  h=5.5 c=50.7  kl=0.1720  vl=0.3071
Step: 770048 SPS: 2058  ev=0.418  ent=0.440  grad=0.28/0.28  h=4.2 c=26.6  kl=0.1001  vl=0.2047
Step: 774144 SPS: 2058  ev=0.466  ent=0.452  grad=0.26/0.26  h=5.3 c=45.7  kl=0.1591  vl=0.2037
Step: 778240 SPS: 2058  ev=0.383  ent=0.427  grad=0.23/0.23  h=4.1 c=22.4  kl=0.1142  vl=0.2294
Step: 782336 SPS: 2059  ev=0.501  ent=0.447  grad=0.20/0.20  h=5.2 c=42.3  kl=0.2123  vl=0.2063
Step: 786432 SPS: 2058  ev=0.413  ent=0.441  grad=0.52/0.50  h=3.9 c=18.1  kl=0.1908  vl=0.2703
Step: 790528 SPS: 2058  ev=0.462  ent=0.441  grad=0.33/0.33  h=5.0 c=38.8  kl=0.1511  vl=0.2122
Step: 794624 SPS: 2057  ev=0.328  ent=0.421  grad=0.48/0.48  h=3.7 c=14.2  kl=0.1604  vl=0.3042
Step: 798720 SPS: 2057  ev=0.427  ent=0.427  grad=0.26/0.26  h=4.7 c=35.3  kl=0.1793  vl=0.2079
Step: 802816 SPS: 2057  ev=0.410  ent=0.434  grad=0.46/0.46  h=3.5 c=8.9  kl=0.1542  vl=0.2196
Step: 806912 SPS: 2057  ev=0.459  ent=0.409  grad=0.49/0.49  h=4.6 c=32.3  kl=0.1087  vl=0.1762
Step: 811008 SPS: 2055  ev=0.312  ent=0.392  grad=0.88/0.50  h=5.5 c=51.3  kl=0.1581  vl=0.3355
Step: 815104 SPS: 2054  ev=0.415  ent=0.366  grad=0.22/0.22  h=4.4 c=28.6  kl=0.1604  vl=0.2472
  vs Random: 98W/3L/1D | score=8.1±16.2 inv=0.7 played=15.3 lanes=4.8 ddraw=28.4 pts=8
  Self-play: 45W/54L/1D | score=-10.8±19.7 inv=0.9 played=14.0 lanes=4.9 ddraw=18.6 pts=-11
Step: 819200 SPS: 2051  ev=0.541  ent=0.436  grad=0.34/0.34  h=5.5 c=48.9  kl=0.1429  vl=0.1499
Step: 823296 SPS: 2050  ev=0.330  ent=0.378  grad=0.71/0.50  h=4.2 c=24.2  kl=0.1021  vl=0.2956
Step: 827392 SPS: 2050  ev=0.496  ent=0.394  grad=0.21/0.21  h=5.2 c=45.0  kl=0.1433  vl=0.1681
Step: 831488 SPS: 2050  ev=0.409  ent=0.393  grad=0.67/0.50  h=4.0 c=19.2  kl=0.1690  vl=0.2526
Step: 835584 SPS: 2050  ev=0.511  ent=0.397  grad=0.38/0.38  h=4.9 c=39.4  kl=0.1119  vl=0.1605
Step: 839680 SPS: 2049  ev=0.388  ent=0.411  grad=0.81/0.50  h=3.9 c=14.4  kl=0.0730  vl=0.2170
Step: 843776 SPS: 2047  ev=0.390  ent=0.373  grad=0.34/0.34  h=4.7 c=35.3  kl=0.1123  vl=0.2080
Step: 847872 SPS: 2046  ev=0.421  ent=0.360  grad=0.28/0.28  h=3.5 c=8.9  kl=0.0915  vl=0.2580
Step: 851968 SPS: 2046  ev=0.354  ent=0.358  grad=0.24/0.24  h=4.4 c=31.6  kl=0.1368  vl=0.2511
Step: 856064 SPS: 2046  ev=0.364  ent=0.422  grad=0.42/0.42  h=5.6 c=52.7  kl=0.1054  vl=0.3211
Step: 860160 SPS: 2047  ev=0.390  ent=0.392  grad=0.57/0.50  h=4.3 c=28.6  kl=0.1078  vl=0.2011
Step: 864256 SPS: 2048  ev=0.456  ent=0.404  grad=0.38/0.38  h=5.5 c=49.1  kl=0.0901  vl=0.1872
Step: 868352 SPS: 2049  ev=0.359  ent=0.389  grad=0.65/0.50  h=4.1 c=24.1  kl=0.1371  vl=0.1899
Step: 872448 SPS: 2049  ev=0.525  ent=0.414  grad=0.26/0.26  h=5.3 c=45.0  kl=0.1368  vl=0.1795
Step: 876544 SPS: 2048  ev=0.333  ent=0.385  grad=0.37/0.37  h=3.9 c=19.5  kl=0.1310  vl=0.2901
Step: 880640 SPS: 2047  ev=0.439  ent=0.398  grad=0.22/0.22  h=4.9 c=41.2  kl=0.1166  vl=0.2245
Step: 884736 SPS: 2046  ev=0.254  ent=0.364  grad=0.63/0.50  h=3.6 c=14.2  kl=0.1121  vl=0.2843
Step: 888832 SPS: 2047  ev=0.449  ent=0.379  grad=0.32/0.32  h=4.6 c=36.9  kl=0.2000  vl=0.2219
Step: 892928 SPS: 2047  ev=0.463  ent=0.404  grad=0.38/0.38  h=3.5 c=9.0  kl=0.1056  vl=0.2179
Step: 897024 SPS: 2048  ev=0.429  ent=0.367  grad=0.24/0.24  h=4.3 c=33.3  kl=0.1238  vl=0.2358
  vs Random: 96W/5L/0D | score=4.4±17.8 inv=0.6 played=14.4 lanes=4.7 ddraw=28.1 pts=4
  Self-play: 52W/46L/2D | score=-4.9±18.0 inv=0.7 played=14.3 lanes=4.8 ddraw=20.9 pts=-5
Step: 901120 SPS: 2048  ev=0.384  ent=0.418  grad=0.22/0.22  h=5.6 c=54.9  kl=0.1131  vl=0.3272
Step: 905216 SPS: 2049  ev=0.434  ent=0.410  grad=0.84/0.50  h=4.1 c=28.8  kl=0.1227  vl=0.1706
Step: 909312 SPS: 2049  ev=0.410  ent=0.389  grad=0.29/0.29  h=5.5 c=49.4  kl=0.1348  vl=0.1799
Step: 913408 SPS: 2048  ev=0.331  ent=0.381  grad=0.56/0.50  h=3.9 c=24.8  kl=0.1812  vl=0.2569
Step: 917504 SPS: 2047  ev=0.435  ent=0.391  grad=0.21/0.21  h=5.2 c=47.8  kl=0.1519  vl=0.1761
Step: 921600 SPS: 2046  ev=0.368  ent=0.390  grad=0.25/0.25  h=4.0 c=19.7  kl=0.1086  vl=0.2288
Step: 925696 SPS: 2046  ev=0.483  ent=0.417  grad=0.51/0.50  h=4.9 c=42.5  kl=0.1690  vl=0.1783
Step: 929792 SPS: 2046  ev=0.478  ent=0.402  grad=0.43/0.43  h=3.8 c=14.3  kl=0.0837  vl=0.1473
Step: 933888 SPS: 2046  ev=0.390  ent=0.419  grad=0.39/0.39  h=4.7 c=37.4  kl=0.1445  vl=0.2932
Step: 937984 SPS: 2046  ev=0.451  ent=0.422  grad=0.54/0.50  h=3.6 c=8.9  kl=0.1013  vl=0.2380
Step: 942080 SPS: 2047  ev=0.433  ent=0.405  grad=0.24/0.24  h=4.5 c=32.7  kl=0.1468  vl=0.2019
Step: 946176 SPS: 2047  ev=0.341  ent=0.432  grad=0.34/0.34  h=5.6 c=55.4  kl=0.1106  vl=0.2694
Step: 950272 SPS: 2047  ev=0.342  ent=0.370  grad=0.30/0.30  h=4.2 c=28.8  kl=0.1336  vl=0.2473
Step: 954368 SPS: 2048  ev=0.507  ent=0.426  grad=0.24/0.24  h=5.6 c=50.7  kl=0.1520  vl=0.1467
Step: 958464 SPS: 2048  ev=0.381  ent=0.379  grad=0.44/0.44  h=4.2 c=23.7  kl=0.1086  vl=0.2324
Step: 962560 SPS: 2049  ev=0.470  ent=0.441  grad=0.29/0.29  h=5.4 c=46.8  kl=0.1510  vl=0.1876
Step: 966656 SPS: 2048  ev=0.367  ent=0.406  grad=0.55/0.50  h=4.1 c=19.1  kl=0.0968  vl=0.3003
Step: 970752 SPS: 2048  ev=0.410  ent=0.434  grad=0.53/0.50  h=5.1 c=41.6  kl=0.1281  vl=0.2114
Step: 974848 SPS: 2048  ev=0.398  ent=0.411  grad=0.39/0.39  h=3.9 c=14.2  kl=0.1104  vl=0.3114
Step: 978944 SPS: 2048  ev=0.415  ent=0.420  grad=0.33/0.33  h=4.8 c=37.0  kl=0.1262  vl=0.2181
  vs Random: 97W/2L/1D | score=7.8±18.0 inv=0.5 played=14.1 lanes=4.4 ddraw=28.0 pts=8
  Self-play: 53W/47L/0D | score=-5.9±17.3 inv=0.8 played=13.8 lanes=4.7 ddraw=19.8 pts=-6
Step: 983040 SPS: 2048  ev=0.359  ent=0.422  grad=0.69/0.50  h=3.7 c=9.1  kl=0.0838  vl=0.2384
Step: 987136 SPS: 2048  ev=0.405  ent=0.410  grad=0.38/0.38  h=4.4 c=33.2  kl=0.1576  vl=0.2227
Step: 991232 SPS: 2049  ev=0.470  ent=0.442  grad=0.41/0.41  h=5.6 c=55.7  kl=0.1393  vl=0.1878
Step: 995328 SPS: 2050  ev=0.327  ent=0.384  grad=0.27/0.27  h=4.2 c=28.3  kl=0.3778  vl=0.2880
Step: 999424 SPS: 2050  ev=0.493  ent=0.402  grad=0.39/0.39  h=5.5 c=51.3  kl=0.1575  vl=0.1975
Step: 1003520 SPS: 2050  ev=0.454  ent=0.407  grad=0.35/0.35  h=4.2 c=24.2  kl=0.1361  vl=0.1774
Step: 1007616 SPS: 2050  ev=0.569  ent=0.398  grad=0.82/0.50  h=5.2 c=46.0  kl=0.2760  vl=0.1693
Step: 1011712 SPS: 2050  ev=0.449  ent=0.394  grad=0.27/0.27  h=4.0 c=19.7  kl=0.0939  vl=0.1818
Step: 1015808 SPS: 2048  ev=0.440  ent=0.419  grad=0.53/0.50  h=5.0 c=42.0  kl=0.1220  vl=0.1858
Step: 1019904 SPS: 2047  ev=0.384  ent=0.399  grad=0.80/0.50  h=3.9 c=14.7  kl=0.1094  vl=0.2489
Step: 1024000 SPS: 2048  ev=0.449  ent=0.393  grad=0.31/0.31  h=4.7 c=37.0  kl=0.1050  vl=0.1914
Step: 1028096 SPS: 2049  ev=0.398  ent=0.372  grad=0.26/0.26  h=3.9 c=9.4  kl=0.1203  vl=0.2989
Step: 1032192 SPS: 2049  ev=0.409  ent=0.371  grad=0.67/0.50  h=4.6 c=33.7  kl=0.1551  vl=0.2007
Step: 1036288 SPS: 2049  ev=0.487  ent=0.420  grad=0.95/0.50  h=5.4 c=58.1  kl=0.1232  vl=0.2207
Step: 1040384 SPS: 2049  ev=0.417  ent=0.345  grad=0.19/0.19  h=4.2 c=29.8  kl=0.1030  vl=0.2163
Step: 1044480 SPS: 2048  ev=0.508  ent=0.411  grad=0.25/0.25  h=5.4 c=53.1  kl=0.1925  vl=0.2555
Step: 1048576 SPS: 2048  ev=0.403  ent=0.359  grad=0.35/0.35  h=4.1 c=24.6  kl=0.0992  vl=0.2330
Step: 1052672 SPS: 2048  ev=0.463  ent=0.373  grad=0.35/0.35  h=5.2 c=47.8  kl=0.1068  vl=0.1603
Step: 1056768 SPS: 2048  ev=0.351  ent=0.389  grad=0.63/0.50  h=4.0 c=19.0  kl=0.1272  vl=0.2783
Step: 1060864 SPS: 2048  ev=0.517  ent=0.371  grad=0.41/0.41  h=4.9 c=43.6  kl=0.1111  vl=0.1395
  vs Random: 96W/4L/0D | score=7.5±18.6 inv=0.7 played=14.1 lanes=4.3 ddraw=22.3 pts=8
  Self-play: 45W/56L/0D | score=-9.3±18.2 inv=0.8 played=13.6 lanes=4.7 ddraw=12.9 pts=-9
Step: 1064960 SPS: 2047  ev=0.399  ent=0.376  grad=0.38/0.38  h=4.0 c=14.3  kl=0.1130  vl=0.1865
Step: 1069056 SPS: 2047  ev=0.450  ent=0.373  grad=0.81/0.50  h=4.8 c=39.1  kl=0.1453  vl=0.2331
Step: 1073152 SPS: 2048  ev=0.436  ent=0.398  grad=0.28/0.28  h=3.8 c=9.2  kl=0.1202  vl=0.2486
Step: 1077248 SPS: 2048  ev=0.393  ent=0.383  grad=0.26/0.26  h=4.4 c=34.8  kl=0.1106  vl=0.2053
Step: 1081344 SPS: 2049  ev=0.339  ent=0.395  grad=0.33/0.33  h=5.5 c=59.4  kl=0.1285  vl=0.3209
Step: 1085440 SPS: 2049  ev=0.383  ent=0.352  grad=0.39/0.39  h=4.3 c=28.7  kl=0.1513  vl=0.2036
Step: 1089536 SPS: 2049  ev=0.429  ent=0.403  grad=0.31/0.31  h=5.4 c=53.1  kl=0.1073  vl=0.2165
Step: 1093632 SPS: 2049  ev=0.423  ent=0.370  grad=0.23/0.23  h=4.1 c=24.1  kl=0.1229  vl=0.2163
Step: 1097728 SPS: 2049  ev=0.441  ent=0.381  grad=0.34/0.34  h=5.1 c=48.4  kl=0.1079  vl=0.2129
Step: 1101824 SPS: 2049  ev=0.361  ent=0.396  grad=0.35/0.35  h=4.0 c=19.9  kl=0.0994  vl=0.2639
Step: 1105920 SPS: 2048  ev=0.458  ent=0.368  grad=0.30/0.30  h=4.9 c=43.5  kl=0.1784  vl=0.1752
Step: 1110016 SPS: 2047  ev=0.411  ent=0.382  grad=0.59/0.50  h=4.0 c=15.0  kl=0.1946  vl=0.2239
Step: 1114112 SPS: 2048  ev=0.347  ent=0.355  grad=0.58/0.50  h=4.7 c=39.7  kl=0.1459  vl=0.3023
Step: 1118208 SPS: 2049  ev=0.428  ent=0.363  grad=0.26/0.26  h=3.9 c=9.6  kl=0.1482  vl=0.2475
Step: 1122304 SPS: 2049  ev=0.382  ent=0.326  grad=0.51/0.50  h=4.5 c=35.5  kl=0.1470  vl=0.2714
Step: 1126400 SPS: 2049  ev=0.277  ent=0.394  grad=0.73/0.50  h=5.5 c=60.1  kl=0.1354  vl=0.3057
Step: 1130496 SPS: 2050  ev=0.360  ent=0.317  grad=0.34/0.34  h=4.3 c=31.1  kl=0.1006  vl=0.1802
Step: 1134592 SPS: 2049  ev=0.448  ent=0.363  grad=0.42/0.42  h=5.4 c=56.4  kl=0.1610  vl=0.2205
Step: 1138688 SPS: 2049  ev=0.385  ent=0.331  grad=0.31/0.31  h=4.2 c=26.4  kl=0.1094  vl=0.1881
Step: 1142784 SPS: 2049  ev=0.417  ent=0.357  grad=0.48/0.48  h=5.2 c=50.6  kl=0.1122  vl=0.2297
  vs Random: 97W/3L/0D | score=13.4±18.6 inv=0.5 played=14.7 lanes=4.3 ddraw=25.8 pts=13
  Self-play: 55W/45L/1D | score=-5.1±23.3 inv=0.8 played=14.0 lanes=4.6 ddraw=13.9 pts=-5
Step: 1146880 SPS: 2049  ev=0.323  ent=0.378  grad=0.26/0.26  h=4.2 c=21.0  kl=0.1396  vl=0.2838
Step: 1150976 SPS: 2049  ev=0.385  ent=0.369  grad=0.21/0.21  h=5.0 c=45.0  kl=0.1190  vl=0.1468
Step: 1155072 SPS: 2049  ev=0.362  ent=0.362  grad=0.38/0.38  h=4.1 c=15.5  kl=0.0968  vl=0.2700
Step: 1159168 SPS: 2050  ev=0.426  ent=0.347  grad=0.30/0.30  h=4.8 c=41.2  kl=0.1165  vl=0.2297
Step: 1163264 SPS: 2050  ev=0.378  ent=0.343  grad=0.25/0.25  h=3.9 c=9.8  kl=0.0935  vl=0.2613
Step: 1167360 SPS: 2051  ev=0.354  ent=0.304  grad=0.98/0.50  h=4.5 c=35.5  kl=0.0911  vl=0.2522
Step: 1171456 SPS: 2051  ev=0.390  ent=0.350  grad=0.43/0.43  h=5.4 c=60.8  kl=0.0944  vl=0.2553
Step: 1175552 SPS: 2052  ev=0.432  ent=0.345  grad=0.24/0.24  h=4.3 c=31.6  kl=0.1233  vl=0.2071
Step: 1179648 SPS: 2051  ev=0.466  ent=0.359  grad=0.25/0.25  h=5.3 c=55.7  kl=0.0951  vl=0.2011
Step: 1183744 SPS: 2051  ev=0.331  ent=0.342  grad=0.37/0.37  h=4.2 c=26.7  kl=0.1553  vl=0.2594
Step: 1187840 SPS: 2051  ev=0.498  ent=0.355  grad=0.26/0.26  h=5.0 c=50.2  kl=0.1124  vl=0.1907
Step: 1191936 SPS: 2051  ev=0.442  ent=0.314  grad=0.22/0.22  h=4.2 c=21.4  kl=0.0674  vl=0.2174
Step: 1196032 SPS: 2051  ev=0.418  ent=0.346  grad=0.26/0.26  h=4.8 c=46.1  kl=0.1291  vl=0.1689
Step: 1200128 SPS: 2051  ev=0.374  ent=0.316  grad=0.56/0.50  h=4.1 c=15.9  kl=0.1012  vl=0.3208
Step: 1204224 SPS: 2051  ev=0.377  ent=0.332  grad=0.21/0.21  h=4.6 c=41.7  kl=0.0941  vl=0.2036
Step: 1208320 SPS: 2052  ev=0.388  ent=0.355  grad=0.38/0.38  h=3.9 c=9.8  kl=0.0706  vl=0.2854
Step: 1212416 SPS: 2052  ev=0.320  ent=0.342  grad=0.25/0.25  h=4.4 c=36.9  kl=0.0615  vl=0.2308
Step: 1216512 SPS: 2052  ev=0.360  ent=0.343  grad=0.30/0.30  h=5.1 c=61.0  kl=0.1126  vl=0.2635
Step: 1220608 SPS: 2053  ev=0.338  ent=0.307  grad=0.26/0.26  h=4.2 c=31.5  kl=0.0996  vl=0.2920
Step: 1224704 SPS: 2053  ev=0.442  ent=0.314  grad=0.38/0.38  h=4.9 c=53.2  kl=0.1379  vl=0.2505
  vs Random: 98W/2L/0D | score=16.6±22.6 inv=0.8 played=15.7 lanes=4.3 ddraw=23.1 pts=17
  Self-play: 41W/57L/2D | score=-14.0±25.1 inv=1.1 played=14.2 lanes=4.7 ddraw=11.2 pts=-14
Step: 1228800 SPS: 2053  ev=0.361  ent=0.306  grad=0.26/0.26  h=4.1 c=27.0  kl=0.0731  vl=0.2620
Step: 1232896 SPS: 2053  ev=0.461  ent=0.330  grad=0.21/0.21  h=4.7 c=49.5  kl=0.1987  vl=0.1776
Step: 1236992 SPS: 2053  ev=0.342  ent=0.315  grad=0.61/0.50  h=4.0 c=21.5  kl=0.1218  vl=0.3204
Step: 1241088 SPS: 2053  ev=0.398  ent=0.312  grad=0.50/0.50  h=4.6 c=44.0  kl=0.0988  vl=0.1755
Step: 1245184 SPS: 2053  ev=0.331  ent=0.333  grad=0.32/0.32  h=3.8 c=15.6  kl=0.0856  vl=0.3182
Step: 1249280 SPS: 2053  ev=0.396  ent=0.308  grad=0.18/0.18  h=4.3 c=39.9  kl=0.5313  vl=0.2217
Step: 1253376 SPS: 2053  ev=0.396  ent=0.324  grad=0.49/0.49  h=3.7 c=9.7  kl=0.3921  vl=0.2657
Step: 1257472 SPS: 2053  ev=0.318  ent=0.292  grad=0.28/0.28  h=4.1 c=36.0  kl=0.1070  vl=0.2676
Step: 1261568 SPS: 2052  ev=0.373  ent=0.333  grad=0.42/0.42  h=5.0 c=57.0  kl=0.1332  vl=0.3060
Step: 1265664 SPS: 2052  ev=0.288  ent=0.314  grad=0.26/0.26  h=4.1 c=31.6  kl=0.1595  vl=0.2826
Step: 1269760 SPS: 2052  ev=0.443  ent=0.301  grad=0.29/0.29  h=4.9 c=54.4  kl=0.1028  vl=0.1963
Step: 1273856 SPS: 2052  ev=0.405  ent=0.299  grad=0.73/0.50  h=3.9 c=26.9  kl=0.1308  vl=0.2218
Step: 1277952 SPS: 2051  ev=0.479  ent=0.298  grad=0.23/0.23  h=4.7 c=49.2  kl=0.1742  vl=0.1750
Step: 1282048 SPS: 2051  ev=0.419  ent=0.322  grad=0.25/0.25  h=3.9 c=22.2  kl=0.0834  vl=0.2113
Step: 1286144 SPS: 2049  ev=0.504  ent=0.308  grad=0.19/0.19  h=4.5 c=46.3  kl=0.0927  vl=0.1564
Step: 1290240 SPS: 2048  ev=0.409  ent=0.284  grad=0.40/0.40  h=3.9 c=16.5  kl=0.1085  vl=0.2419
Step: 1294336 SPS: 2048  ev=0.383  ent=0.304  grad=0.33/0.33  h=4.3 c=41.4  kl=0.0972  vl=0.2204
Step: 1298432 SPS: 2047  ev=0.396  ent=0.300  grad=0.41/0.41  h=3.8 c=9.9  kl=0.1037  vl=0.3402
Step: 1302528 SPS: 2048  ev=0.468  ent=0.321  grad=0.53/0.50  h=4.2 c=36.5  kl=0.1167  vl=0.1759
Step: 1306624 SPS: 2047  ev=0.325  ent=0.315  grad=0.46/0.46  h=5.1 c=56.8  kl=0.0791  vl=0.3798
  vs Random: 100W/0L/1D | score=14.2±21.1 inv=1.0 played=15.7 lanes=4.5 ddraw=25.5 pts=14
  Self-play: 47W/52L/1D | score=-10.4±24.3 inv=1.1 played=14.4 lanes=4.6 ddraw=10.9 pts=-10
Step: 1310720 SPS: 2046  ev=0.349  ent=0.286  grad=0.22/0.22  h=4.1 c=32.7  kl=0.0843  vl=0.2562
Step: 1314816 SPS: 2046  ev=0.382  ent=0.321  grad=0.23/0.23  h=4.8 c=52.6  kl=0.1330  vl=0.1947
Step: 1318912 SPS: 2045  ev=0.326  ent=0.279  grad=0.25/0.25  h=3.9 c=27.2  kl=0.2324  vl=0.2897
Step: 1323008 SPS: 2045  ev=0.404  ent=0.297  grad=0.42/0.42  h=4.6 c=47.5  kl=0.1122  vl=0.1950
Step: 1327104 SPS: 2043  ev=0.389  ent=0.324  grad=0.26/0.26  h=3.8 c=21.3  kl=0.0903  vl=0.2194
Step: 1331200 SPS: 2042  ev=0.429  ent=0.311  grad=0.36/0.36  h=4.4 c=43.9  kl=0.1574  vl=0.2200
Step: 1335296 SPS: 2041  ev=0.382  ent=0.306  grad=0.47/0.47  h=3.7 c=15.6  kl=0.0975  vl=0.2620
Step: 1339392 SPS: 2041  ev=0.329  ent=0.281  grad=0.54/0.50  h=4.1 c=39.8  kl=0.1198  vl=0.2448
Step: 1343488 SPS: 2041  ev=0.279  ent=0.303  grad=0.35/0.35  h=3.5 c=9.5  kl=0.1140  vl=0.2352
Step: 1347584 SPS: 2040  ev=0.355  ent=0.280  grad=0.24/0.24  h=4.0 c=35.2  kl=0.1307  vl=0.2326
Step: 1351680 SPS: 2039  ev=0.303  ent=0.298  grad=0.26/0.26  h=5.1 c=57.6  kl=0.0715  vl=0.3509
Step: 1355776 SPS: 2039  ev=0.309  ent=0.275  grad=0.28/0.28  h=4.0 c=30.9  kl=0.1882  vl=0.2287
Step: 1359872 SPS: 2038  ev=0.414  ent=0.288  grad=0.47/0.47  h=4.8 c=53.7  kl=0.0713  vl=0.2441
Step: 1363968 SPS: 2037  ev=0.407  ent=0.300  grad=0.19/0.19  h=3.9 c=26.3  kl=0.0818  vl=0.1946
Step: 1368064 SPS: 2036  ev=0.423  ent=0.283  grad=0.55/0.50  h=4.6 c=49.0  kl=0.1001  vl=0.2184
Step: 1372160 SPS: 2036  ev=0.368  ent=0.283  grad=0.26/0.26  h=3.8 c=21.4  kl=0.1164  vl=0.2523
Step: 1376256 SPS: 2036  ev=0.371  ent=0.274  grad=0.52/0.50  h=4.2 c=45.4  kl=0.1219  vl=0.2228
Step: 1380352 SPS: 2035  ev=0.379  ent=0.302  grad=0.36/0.36  h=3.7 c=15.6  kl=0.1370  vl=0.2680
Step: 1384448 SPS: 2035  ev=0.423  ent=0.304  grad=0.38/0.38  h=4.1 c=40.0  kl=0.0964  vl=0.1940
Step: 1388544 SPS: 2035  ev=0.389  ent=0.307  grad=0.30/0.30  h=3.6 c=9.5  kl=0.0676  vl=0.2624
  vs Random: 99W/1L/0D | score=16.0±21.6 inv=0.7 played=15.7 lanes=4.4 ddraw=26.3 pts=16
  Self-play: 50W/49L/1D | score=-12.4±23.3 inv=0.9 played=13.8 lanes=4.6 ddraw=10.6 pts=-12
Step: 1392640 SPS: 2035  ev=0.336  ent=0.296  grad=0.21/0.21  h=3.9 c=35.8  kl=0.1274  vl=0.2327
Step: 1396736 SPS: 2034  ev=0.367  ent=0.323  grad=0.36/0.36  h=4.9 c=56.7  kl=0.1215  vl=0.3464
Step: 1400832 SPS: 2034  ev=0.275  ent=0.271  grad=0.20/0.20  h=3.7 c=30.8  kl=0.1009  vl=0.2960
Step: 1404928 SPS: 2033  ev=0.446  ent=0.287  grad=0.30/0.30  h=4.5 c=51.9  kl=0.1112  vl=0.1793
Step: 1409024 SPS: 2032  ev=0.351  ent=0.271  grad=0.26/0.26  h=3.5 c=26.3  kl=0.0828  vl=0.2226
Step: 1413120 SPS: 2032  ev=0.415  ent=0.296  grad=0.30/0.30  h=4.2 c=48.3  kl=0.1112  vl=0.1945
Step: 1417216 SPS: 2032  ev=0.361  ent=0.298  grad=0.21/0.21  h=3.5 c=21.1  kl=0.1215  vl=0.2533
Step: 1421312 SPS: 2032  ev=0.447  ent=0.282  grad=0.21/0.21  h=4.0 c=44.1  kl=0.1019  vl=0.1900
Step: 1425408 SPS: 2032  ev=0.401  ent=0.300  grad=0.60/0.50  h=3.5 c=15.4  kl=0.1483  vl=0.2762
Step: 1429504 SPS: 2032  ev=0.436  ent=0.289  grad=0.41/0.41  h=3.7 c=39.5  kl=0.1025  vl=0.2416
Step: 1433600 SPS: 2032  ev=0.448  ent=0.334  grad=0.24/0.24  h=3.5 c=9.3  kl=0.1363  vl=0.2081
Step: 1437696 SPS: 2032  ev=0.368  ent=0.289  grad=0.40/0.40  h=3.8 c=35.4  kl=0.0860  vl=0.2228
Step: 1441792 SPS: 2032  ev=0.357  ent=0.286  grad=0.26/0.26  h=5.0 c=58.3  kl=0.1109  vl=0.2690
Step: 1445888 SPS: 2032  ev=0.350  ent=0.283  grad=0.19/0.19  h=3.8 c=31.6  kl=0.0891  vl=0.2069
Step: 1449984 SPS: 2031  ev=0.449  ent=0.293  grad=0.31/0.31  h=4.7 c=54.8  kl=0.0722  vl=0.2165
Step: 1454080 SPS: 2029  ev=0.362  ent=0.303  grad=0.31/0.31  h=3.8 c=26.5  kl=0.0846  vl=0.1533
Step: 1458176 SPS: 2028  ev=0.440  ent=0.293  grad=0.27/0.27  h=4.5 c=50.2  kl=0.1201  vl=0.1928
Step: 1462272 SPS: 2027  ev=0.351  ent=0.275  grad=0.24/0.24  h=3.7 c=21.2  kl=0.0856  vl=0.2814
Step: 1466368 SPS: 2026  ev=0.354  ent=0.286  grad=0.28/0.28  h=4.2 c=45.4  kl=0.0745  vl=0.1991
Step: 1470464 SPS: 2025  ev=0.403  ent=0.307  grad=0.26/0.26  h=3.6 c=15.5  kl=0.0949  vl=0.2704
  vs Random: 100W/1L/0D | score=12.0±20.3 inv=0.5 played=15.7 lanes=4.6 ddraw=25.1 pts=12
  Self-play: 51W/48L/1D | score=-7.4±21.7 inv=0.8 played=14.4 lanes=4.8 ddraw=13.5 pts=-7
Step: 1474560 SPS: 2024  ev=0.399  ent=0.287  grad=0.32/0.32  h=4.1 c=41.3  kl=0.0930  vl=0.1998
Step: 1478656 SPS: 2022  ev=0.422  ent=0.291  grad=0.33/0.33  h=3.5 c=9.5  kl=0.1252  vl=0.2782
Step: 1482752 SPS: 2021  ev=0.332  ent=0.283  grad=0.23/0.23  h=3.9 c=37.6  kl=0.1128  vl=0.2637
Step: 1486848 SPS: 2019  ev=0.383  ent=0.281  grad=0.24/0.24  h=4.8 c=62.5  kl=0.1136  vl=0.2395
Step: 1490944 SPS: 2018  ev=0.355  ent=0.273  grad=0.32/0.32  h=3.8 c=32.7  kl=0.1119  vl=0.2402
Step: 1495040 SPS: 2016  ev=0.458  ent=0.282  grad=0.33/0.33  h=4.6 c=57.3  kl=0.1345  vl=0.1892
Step: 1499136 SPS: 2015  ev=0.425  ent=0.301  grad=0.22/0.22  h=3.9 c=27.4  kl=0.0745  vl=0.2259
Step: 1503232 SPS: 2014  ev=0.484  ent=0.314  grad=0.30/0.30  h=4.5 c=52.7  kl=0.1079  vl=0.1874
Step: 1507328 SPS: 2013  ev=0.381  ent=0.300  grad=0.22/0.22  h=3.8 c=21.9  kl=0.1183  vl=0.2599
Step: 1511424 SPS: 2012  ev=0.449  ent=0.297  grad=0.25/0.25  h=4.3 c=48.1  kl=0.0843  vl=0.1887
Step: 1515520 SPS: 2011  ev=0.401  ent=0.303  grad=0.23/0.23  h=3.8 c=15.7  kl=0.0884  vl=0.2556
Step: 1519616 SPS: 2010  ev=0.440  ent=0.306  grad=0.42/0.42  h=4.0 c=42.6  kl=0.1137  vl=0.2587
Step: 1523712 SPS: 2009  ev=0.335  ent=0.301  grad=0.20/0.20  h=3.6 c=9.6  kl=0.0723  vl=0.2921
Step: 1527808 SPS: 2009  ev=0.358  ent=0.294  grad=0.25/0.25  h=4.0 c=38.0  kl=0.0730  vl=0.2286
Step: 1531904 SPS: 2008  ev=0.385  ent=0.312  grad=0.30/0.30  h=4.9 c=61.3  kl=0.1128  vl=0.3076
Step: 1536000 SPS: 2007  ev=0.312  ent=0.269  grad=0.61/0.50  h=3.9 c=33.1  kl=0.0889  vl=0.2871
Step: 1540096 SPS: 2006  ev=0.470  ent=0.289  grad=0.25/0.25  h=4.7 c=56.4  kl=0.1233  vl=0.1777
Step: 1544192 SPS: 2005  ev=0.406  ent=0.276  grad=0.24/0.24  h=3.9 c=27.1  kl=0.3066  vl=0.2362
Step: 1548288 SPS: 2004  ev=0.424  ent=0.313  grad=0.28/0.28  h=4.6 c=51.1  kl=0.0981  vl=0.1888
Step: 1552384 SPS: 2004  ev=0.299  ent=0.308  grad=0.34/0.34  h=3.8 c=21.8  kl=0.1472  vl=0.2576
  vs Random: 100W/0L/0D | score=14.1±18.7 inv=0.8 played=16.5 lanes=4.8 ddraw=27.3 pts=14
  Self-play: 60W/40L/0D | score=-1.1±17.7 inv=0.7 played=14.4 lanes=4.6 ddraw=12.0 pts=-1
Step: 1556480 SPS: 2002  ev=0.380  ent=0.296  grad=0.19/0.19  h=4.2 c=46.2  kl=0.1104  vl=0.1976
Step: 1560576 SPS: 2001  ev=0.331  ent=0.312  grad=0.30/0.30  h=3.8 c=15.8  kl=0.1177  vl=0.2635
Step: 1564672 SPS: 2000  ev=0.349  ent=0.293  grad=0.28/0.28  h=3.9 c=41.1  kl=0.1099  vl=0.1805
Step: 1568768 SPS: 1999  ev=0.282  ent=0.325  grad=0.60/0.50  h=3.5 c=9.6  kl=0.1071  vl=0.3134
Step: 1572864 SPS: 1998  ev=0.273  ent=0.281  grad=0.23/0.23  h=3.7 c=36.8  kl=0.1163  vl=0.2452
Step: 1576960 SPS: 1997  ev=0.381  ent=0.286  grad=0.25/0.25  h=4.8 c=60.4  kl=0.1657  vl=0.2756
Step: 1581056 SPS: 1996  ev=0.299  ent=0.273  grad=0.27/0.27  h=3.7 c=32.3  kl=0.1260  vl=0.3064
Step: 1585152 SPS: 1995  ev=0.438  ent=0.295  grad=0.32/0.32  h=4.7 c=55.3  kl=0.0790  vl=0.1855
Step: 1589248 SPS: 1994  ev=0.310  ent=0.284  grad=0.44/0.44  h=3.7 c=27.2  kl=0.0901  vl=0.2449
Step: 1593344 SPS: 1994  ev=0.359  ent=0.291  grad=0.30/0.30  h=4.4 c=50.2  kl=0.1051  vl=0.1812
Step: 1597440 SPS: 1993  ev=0.408  ent=0.287  grad=0.30/0.30  h=3.7 c=22.2  kl=0.1041  vl=0.2120
Step: 1601536 SPS: 1992  ev=0.351  ent=0.289  grad=0.39/0.39  h=4.2 c=45.1  kl=0.1144  vl=0.2065
Step: 1605632 SPS: 1991  ev=0.404  ent=0.313  grad=0.33/0.33  h=3.7 c=16.4  kl=0.1315  vl=0.2151
Step: 1609728 SPS: 1990  ev=0.311  ent=0.280  grad=0.29/0.29  h=3.9 c=42.7  kl=0.1286  vl=0.2402
Step: 1613824 SPS: 1990  ev=0.383  ent=0.310  grad=0.36/0.36  h=3.6 c=9.9  kl=0.1117  vl=0.3232
Step: 1617920 SPS: 1989  ev=0.318  ent=0.297  grad=0.25/0.25  h=3.8 c=37.5  kl=0.1375  vl=0.2219
Step: 1622016 SPS: 1988  ev=0.334  ent=0.308  grad=0.41/0.41  h=4.9 c=61.5  kl=0.1466  vl=0.3703
Step: 1626112 SPS: 1986  ev=0.284  ent=0.292  grad=0.22/0.22  h=3.7 c=32.4  kl=0.1367  vl=0.2555
Step: 1630208 SPS: 1985  ev=0.372  ent=0.313  grad=0.22/0.22  h=4.6 c=57.2  kl=0.1644  vl=0.2292
Step: 1634304 SPS: 1984  ev=0.342  ent=0.283  grad=0.22/0.22  h=3.7 c=28.2  kl=0.0571  vl=0.2187
  vs Random: 99W/0L/1D | score=12.3±18.2 inv=0.8 played=16.4 lanes=4.9 ddraw=26.6 pts=12
  Self-play: 54W/46L/1D | score=-5.2±23.5 inv=1.0 played=14.5 lanes=4.7 ddraw=13.0 pts=-5
Step: 1638400 SPS: 1984  ev=0.400  ent=0.299  grad=0.39/0.39  h=4.2 c=53.0  kl=0.0897  vl=0.2232
Step: 1642496 SPS: 1983  ev=0.333  ent=0.309  grad=0.35/0.35  h=3.7 c=22.1  kl=0.1258  vl=0.2716
Step: 1646592 SPS: 1981  ev=0.462  ent=0.307  grad=0.37/0.37  h=4.0 c=48.3  kl=0.1153  vl=0.1632
Step: 1650688 SPS: 1980  ev=0.364  ent=0.317  grad=0.53/0.50  h=3.7 c=16.6  kl=0.0927  vl=0.2740
Step: 1654784 SPS: 1980  ev=0.314  ent=0.304  grad=0.22/0.22  h=3.8 c=43.1  kl=0.1501  vl=0.2169
Step: 1658880 SPS: 1979  ev=0.344  ent=0.315  grad=0.23/0.23  h=3.5 c=9.9  kl=0.3617  vl=0.2678
Step: 1662976 SPS: 1979  ev=0.329  ent=0.286  grad=0.21/0.21  h=3.8 c=38.4  kl=0.1068  vl=0.1967
Step: 1667072 SPS: 1979  ev=0.356  ent=0.319  grad=0.51/0.50  h=5.0 c=60.9  kl=0.1163  vl=0.3100
Step: 1671168 SPS: 1979  ev=0.304  ent=0.282  grad=0.27/0.27  h=3.8 c=32.8  kl=0.1118  vl=0.2715
Step: 1675264 SPS: 1979  ev=0.410  ent=0.279  grad=0.18/0.18  h=4.8 c=56.5  kl=0.1227  vl=0.2214
Step: 1679360 SPS: 1979  ev=0.337  ent=0.298  grad=0.29/0.29  h=3.8 c=28.0  kl=0.1177  vl=0.2842
Step: 1683456 SPS: 1979  ev=0.436  ent=0.301  grad=0.22/0.22  h=4.4 c=51.3  kl=0.1092  vl=0.1775
Step: 1687552 SPS: 1980  ev=0.321  ent=0.300  grad=0.37/0.37  h=3.8 c=22.3  kl=0.0775  vl=0.2717
Step: 1691648 SPS: 1980  ev=0.383  ent=0.289  grad=0.16/0.16  h=4.1 c=47.9  kl=0.0933  vl=0.1891
Step: 1695744 SPS: 1980  ev=0.342  ent=0.302  grad=0.33/0.33  h=3.7 c=16.3  kl=0.0674  vl=0.2472
Step: 1699840 SPS: 1981  ev=0.320  ent=0.275  grad=0.61/0.50  h=3.9 c=42.7  kl=0.0691  vl=0.2574
Step: 1703936 SPS: 1981  ev=0.353  ent=0.292  grad=0.45/0.45  h=3.5 c=9.8  kl=0.0999  vl=0.2936
Step: 1708032 SPS: 1981  ev=0.393  ent=0.298  grad=0.31/0.31  h=4.0 c=37.7  kl=0.0998  vl=0.2360
Step: 1712128 SPS: 1981  ev=0.369  ent=0.316  grad=0.17/0.17  h=4.9 c=61.2  kl=0.1075  vl=0.3153
Step: 1716224 SPS: 1982  ev=0.363  ent=0.267  grad=0.36/0.36  h=3.9 c=32.8  kl=0.0936  vl=0.1893
  vs Random: 98W/2L/0D | score=13.6±20.2 inv=1.0 played=16.3 lanes=4.8 ddraw=25.6 pts=14
  Self-play: 46W/51L/3D | score=-9.4±20.3 inv=1.0 played=14.1 lanes=4.7 ddraw=12.2 pts=-9
Step: 1720320 SPS: 1982  ev=0.454  ent=0.281  grad=0.32/0.32  h=4.8 c=57.6  kl=0.1402  vl=0.1989
Step: 1724416 SPS: 1982  ev=0.351  ent=0.289  grad=0.21/0.21  h=3.8 c=27.7  kl=0.0658  vl=0.2239
Step: 1728512 SPS: 1982  ev=0.422  ent=0.318  grad=0.32/0.32  h=4.4 c=51.9  kl=0.1071  vl=0.2090
Step: 1732608 SPS: 1981  ev=0.374  ent=0.296  grad=0.34/0.34  h=3.7 c=22.2  kl=0.0862  vl=0.2143
Step: 1736704 SPS: 1979  ev=0.501  ent=0.291  grad=0.21/0.21  h=4.1 c=49.1  kl=0.0979  vl=0.1594
Step: 1740800 SPS: 1978  ev=0.262  ent=0.294  grad=0.24/0.24  h=3.7 c=16.4  kl=0.0837  vl=0.2902
Step: 1744896 SPS: 1976  ev=0.284  ent=0.281  grad=0.19/0.19  h=4.0 c=44.0  kl=0.0864  vl=0.2346
Step: 1748992 SPS: 1974  ev=0.361  ent=0.284  grad=0.26/0.26  h=3.6 c=9.9  kl=0.0775  vl=0.2262
Step: 1753088 SPS: 1973  ev=0.346  ent=0.287  grad=0.22/0.22  h=3.9 c=38.6  kl=0.1628  vl=0.2297
Step: 1757184 SPS: 1971  ev=0.343  ent=0.324  grad=0.60/0.50  h=5.0 c=62.1  kl=0.0931  vl=0.2913
Step: 1761280 SPS: 1969  ev=0.328  ent=0.276  grad=0.22/0.22  h=3.9 c=32.9  kl=0.0700  vl=0.2275
Step: 1765376 SPS: 1967  ev=0.482  ent=0.284  grad=0.19/0.19  h=4.9 c=56.4  kl=0.0813  vl=0.1906
Step: 1769472 SPS: 1965  ev=0.318  ent=0.291  grad=0.17/0.17  h=3.8 c=27.7  kl=0.0945  vl=0.2427
Step: 1773568 SPS: 1963  ev=0.377  ent=0.318  grad=0.45/0.45  h=4.6 c=52.3  kl=0.0849  vl=0.2213
Step: 1777664 SPS: 1961  ev=0.378  ent=0.312  grad=0.23/0.23  h=3.8 c=22.0  kl=0.0991  vl=0.2328
Step: 1781760 SPS: 1959  ev=0.415  ent=0.299  grad=0.22/0.22  h=4.3 c=47.8  kl=0.0831  vl=0.1911
Step: 1785856 SPS: 1957  ev=0.304  ent=0.328  grad=0.21/0.21  h=3.9 c=16.3  kl=0.0823  vl=0.2651
Step: 1789952 SPS: 1956  ev=0.360  ent=0.293  grad=0.30/0.30  h=4.1 c=43.6  kl=0.0879  vl=0.2402
Step: 1794048 SPS: 1954  ev=0.361  ent=0.319  grad=0.21/0.21  h=3.7 c=9.9  kl=0.0828  vl=0.2295
Step: 1798144 SPS: 1953  ev=0.273  ent=0.265  grad=0.22/0.22  h=4.1 c=39.0  kl=0.7158  vl=0.2485
  vs Random: 98W/2L/0D | score=10.8±18.3 inv=0.7 played=15.8 lanes=4.9 ddraw=28.8 pts=11
  Self-play: 64W/37L/0D | score=-0.7±18.3 inv=0.7 played=14.4 lanes=4.7 ddraw=13.1 pts=-1
Step: 1802240 SPS: 1951  ev=0.344  ent=0.329  grad=0.25/0.25  h=5.3 c=64.0  kl=0.0850  vl=0.2855
Step: 1806336 SPS: 1950  ev=0.349  ent=0.261  grad=0.30/0.30  h=4.0 c=33.8  kl=0.1272  vl=0.2345
Step: 1810432 SPS: 1948  ev=0.403  ent=0.316  grad=0.19/0.19  h=5.1 c=59.5  kl=0.1373  vl=0.2533
Step: 1814528 SPS: 1946  ev=0.258  ent=0.273  grad=0.33/0.33  h=3.9 c=27.8  kl=0.1206  vl=0.2840
Step: 1818624 SPS: 1945  ev=0.476  ent=0.282  grad=0.20/0.20  h=4.8 c=53.1  kl=0.1139  vl=0.1357
Step: 1822720 SPS: 1943  ev=0.417  ent=0.320  grad=0.19/0.19  h=4.1 c=22.1  kl=0.0924  vl=0.2082
Step: 1826816 SPS: 1941  ev=0.388  ent=0.295  grad=0.30/0.30  h=4.6 c=48.3  kl=0.1897  vl=0.2348
Step: 1830912 SPS: 1940  ev=0.351  ent=0.333  grad=0.45/0.45  h=4.1 c=16.5  kl=0.1363  vl=0.3087
Step: 1835008 SPS: 1938  ev=0.351  ent=0.301  grad=0.39/0.39  h=4.3 c=43.9  kl=0.1292  vl=0.2734
Terminated
[lr1e3] done 2026-06-06 12:02:54 exit=0
